read_data C3_10.data
Reading data file ...
  triclinic box = (0 0 0) to (17.35 17.35 17.35) with tilt (1.0623811e-15 1.0623811e-15 1.0623811e-15)
  1 by 1 by 1 MPI processor grid
  reading atoms ...
  500 atoms
  read_data CPU = 0.004 seconds

mass 1 58.6934  # Ni
mass 2 55.845   # Fe
mass 3 51.9961  # Cr

pair_style metatomic pet-mad-latest.pt device cpu

This is the PET-MAD v1.0.2 model
================================

A universal interatomic potential for advanced materials modeling

Model authors
-------------

- Arslan Mazitov (arslan.mazitov@epfl.ch)
- Filippo Bigi
- Matthias Kellner
- Paolo Pegolo
- Davide Tisi
- Guillaume Fraux
- Sergey Pozdnyakov
- Philip Loche
- Michele Ceriotti (michele.ceriotti@epfl.ch)

Model references
----------------

Please cite the following references when using this model:
- about this specific model:
  * http://arxiv.org/abs/2503.14118
- about the architecture of this model:
  * LLPR (uncertainty method):
    https://iopscience.iop.org/article/10.1088/2632-2153/ad805f
  * LPR (if using per-atom uncertainty):
    https://pubs.acs.org/doi/10.1021/acs.jctc.3c00704
  * https://arxiv.org/abs/2305.19302v3

WARNING: the model declared support for unknown device 'cuda', it will be ignored (src/ML-METATOMIC/pair_metatomic.cpp:216)
Running simulation on cpu device with float32 data
pair_coeff * * 28 26 24

neighbor 2.0 bin
neigh_modify delay 0 check yes
timestep 0.001

thermo 10
thermo_style custom step lx ly lz pe press fmax vol

# --- ЭТАПЫ МИНИМИЗАЦИИ ---
min_style cg
minimize 1.0e-8 1.0e-9 1000 5000

CITE-CITE-CITE-CITE-CITE-CITE-CITE-CITE-CITE-CITE-CITE-CITE-CITE

Your simulation uses code contributions which should be cited:

- LLPR (uncertainty method): https://iopscience.iop.org/article/10.1088/2632-2153/ad805f
- LPR (if using per-atom uncertainty): https://pubs.acs.org/doi/10.1021/acs.jctc.3c00704
- https://arxiv.org/abs/2305.19302v3
- http://arxiv.org/abs/2503.14118
CITE-CITE-CITE-CITE-CITE-CITE-CITE-CITE-CITE-CITE-CITE-CITE-CITE

Neighbor list info ...
  update: every = 1 steps, delay = 0 steps, check = yes
  max neighbors/atom: 2000, page size: 100000
  master list distance cutoff = 11
  ghost atom cutoff = 11
  binsize = 5.5, bins = 4 4 4
  1 neighbor lists, perpetual/occasional/extra = 1 0 0
  (1) pair metatomic, perpetual
      attributes: full, newton on, ghost
      pair build: full/bin/ghost
      stencil: full/ghost/bin/3d
      bin: standard
Per MPI rank memory allocation (min/avg/max) = 19.8 | 19.8 | 19.8 Mbytes
   Step           Lx             Ly             Lz           PotEng         Press           Fmax          Volume    
         0   17.35          17.35          17.35         -3774.2434      13433.92       1.1863217      5222.7404    
        10   17.35          17.35          17.35         -3779.7058      15642.116      0.0059882924   5222.7404    
        11   17.35          17.35          17.35         -3779.7058      15644.769      0.0037588775   5222.7404    
Loop time of 49.99 on 8 procs for 11 steps with 500 atoms

767.3% CPU use with 1 MPI tasks x 8 OpenMP threads

Minimization stats:
  Stopping criterion = energy tolerance
  Energy initial, next-to-last, final = 
     -3774.24340820312  -3779.70581054688  -3779.70581054688
  Force two-norm initial, final = 10.204824 0.027548852
  Force max component initial, final = 1.1863217 0.0037588775
  Final line search alpha, max atom move = 1 0.0037588775
  Iterations, force evaluations = 11 22

MPI task timing breakdown:
Section |  min time  |  avg time  |  max time  |%varavg| %total
---------------------------------------------------------------
Pair    | 49.989     | 49.989     | 49.989     |   0.0 |100.00
Neigh   | 0          | 0          | 0          |   0.0 |  0.00
Comm    | 0.00056342 | 0.00056342 | 0.00056342 |   0.0 |  0.00
Output  | 2.8553e-05 | 2.8553e-05 | 2.8553e-05 |   0.0 |  0.00
Modify  | 0          | 0          | 0          |   0.0 |  0.00
Other   |            | 0.0003981  |            |       |  0.00

Nlocal:            500 ave         500 max         500 min
Histogram: 1 0 0 0 0 0 0 0 0 0
Nghost:           5584 ave        5584 max        5584 min
Histogram: 1 0 0 0 0 0 0 0 0 0
Neighs:              0 ave           0 max           0 min
Histogram: 1 0 0 0 0 0 0 0 0 0
FullNghs:       277000 ave      277000 max      277000 min
Histogram: 1 0 0 0 0 0 0 0 0 0

Total # of neighbors = 277000
Ave neighs/atom = 554
Neighbor list builds = 0
Dangerous builds = 0

# Релаксация ячейки aniso
fix 1 all box/relax aniso 0.0 vmax 0.0001
min_style cg
minimize 1.0e-10 1.0e-11 1000 5000
WARNING: Energy due to 3 extra global DOFs will be included in minimizer energies
 (src/min.cpp:222)
Per MPI rank memory allocation (min/avg/max) = 19.8 | 19.8 | 19.8 Mbytes
   Step           Lx             Ly             Lz           PotEng         Press           Fmax          Volume    
        11   17.35          17.35          17.35         -3779.7056      15644.743      0.0037605613   5222.7404    
        20   17.365615      17.35998       17.362229     -3779.7981      9505.0281      0.0077773854   5234.1342    
        30   17.382965      17.367944      17.373961     -3779.8477      3550.4487      0.015067548    5245.3093    
        40   17.400315      17.366154      17.379912     -3779.8611      120.06517      0.019873187    5251.8017    
        46   17.40899       17.358949      17.37919      -3779.8635     -0.1710226      0.022966668    5252.022     
Loop time of 110.7 on 8 procs for 35 steps with 500 atoms

784.0% CPU use with 1 MPI tasks x 8 OpenMP threads

Minimization stats:
  Stopping criterion = linesearch alpha is zero
  Energy initial, next-to-last, final = 
     -3779.70556640625  -3779.86352539062  -3779.86352539062
  Force two-norm initial, final = 89.40633 1.49172
  Force max component initial, final = 61.363007 1.0938466
  Final line search alpha, max atom move = 5.579873e-09 6.1035249e-09
  Iterations, force evaluations = 35 49

MPI task timing breakdown:
Section |  min time  |  avg time  |  max time  |%varavg| %total
---------------------------------------------------------------
Pair    | 110.69     | 110.69     | 110.69     |   0.0 |100.00
Neigh   | 0          | 0          | 0          |   0.0 |  0.00
Comm    | 0.00096277 | 0.00096277 | 0.00096277 |   0.0 |  0.00
Output  | 0.00013994 | 0.00013994 | 0.00013994 |   0.0 |  0.00
Modify  | 0          | 0          | 0          |   0.0 |  0.00
Other   |            | 0.003894   |            |       |  0.00

Nlocal:            500 ave         500 max         500 min
Histogram: 1 0 0 0 0 0 0 0 0 0
Nghost:           5584 ave        5584 max        5584 min
Histogram: 1 0 0 0 0 0 0 0 0 0
Neighs:              0 ave           0 max           0 min
Histogram: 1 0 0 0 0 0 0 0 0 0
FullNghs:       273782 ave      273782 max      273782 min
Histogram: 1 0 0 0 0 0 0 0 0 0

Total # of neighbors = 273782
Ave neighs/atom = 547.564
Neighbor list builds = 0
Dangerous builds = 0
unfix 1

# Промежуточная минимизация атомов
min_style cg
minimize 1.0e-10 1.0e-11 1000 5000
Per MPI rank memory allocation (min/avg/max) = 19.8 | 19.8 | 19.8 Mbytes
   Step           Lx             Ly             Lz           PotEng         Press           Fmax          Volume    
        46   17.40899       17.358949      17.37919      -3779.8635     -0.17131959     0.022966668    5252.022     
        49   17.40899       17.358949      17.37919      -3779.8662      207.06859      0.0051734466   5252.022     
Loop time of 15.7817 on 8 procs for 3 steps with 500 atoms

785.2% CPU use with 1 MPI tasks x 8 OpenMP threads

Minimization stats:
  Stopping criterion = energy tolerance
  Energy initial, next-to-last, final = 
     -3779.86352539062   -3779.8662109375   -3779.8662109375
  Force two-norm initial, final = 0.23981086 0.031415887
  Force max component initial, final = 0.022966668 0.0051734466
  Final line search alpha, max atom move = 1 0.0051734466
  Iterations, force evaluations = 3 6

MPI task timing breakdown:
Section |  min time  |  avg time  |  max time  |%varavg| %total
---------------------------------------------------------------
Pair    | 15.781     | 15.781     | 15.781     |   0.0 |100.00
Neigh   | 0          | 0          | 0          |   0.0 |  0.00
Comm    | 0.00017898 | 0.00017898 | 0.00017898 |   0.0 |  0.00
Output  | 0          | 0          | 0          |   0.0 |  0.00
Modify  | 0          | 0          | 0          |   0.0 |  0.00
Other   |            | 0.0002009  |            |       |  0.00

Nlocal:            500 ave         500 max         500 min
Histogram: 1 0 0 0 0 0 0 0 0 0
Nghost:           5584 ave        5584 max        5584 min
Histogram: 1 0 0 0 0 0 0 0 0 0
Neighs:              0 ave           0 max           0 min
Histogram: 1 0 0 0 0 0 0 0 0 0
FullNghs:       271684 ave      271684 max      271684 min
Histogram: 1 0 0 0 0 0 0 0 0 0

Total # of neighbors = 271684
Ave neighs/atom = 543.368
Neighbor list builds = 0
Dangerous builds = 0

# Релаксация ячейки iso
fix 2 all box/relax iso 0.0 vmax 0.0001
min_style cg
minimize 1.0e-10 1.0e-11 1000 5000
WARNING: Energy due to 1 extra global DOFs will be included in minimizer energies
 (src/min.cpp:222)
Per MPI rank memory allocation (min/avg/max) = 19.8 | 19.8 | 19.8 Mbytes
   Step           Lx             Ly             Lz           PotEng         Press           Fmax          Volume    
        49   17.40899       17.358949      17.37919      -3779.866       207.06957      0.0051739272   5252.022     
        50   17.409426      17.359383      17.379625     -3779.8662      0.17233398     0.0052130967   5252.4164    
        51   17.409509      17.359466      17.379708     -3779.8662     -39.273797      0.0051725656   5252.4914    
Loop time of 60.6556 on 8 procs for 2 steps with 500 atoms

784.6% CPU use with 1 MPI tasks x 8 OpenMP threads

Minimization stats:
  Stopping criterion = energy tolerance
  Energy initial, next-to-last, final = 
     -3779.86596679688   -3779.8662109375   -3779.8662109375
  Force two-norm initial, final = 2.0365984 0.38742247
  Force max component initial, final = 2.036356 0.38624796
  Final line search alpha, max atom move = 2.880978e-05 1.1127719e-05
  Iterations, force evaluations = 2 26

MPI task timing breakdown:
Section |  min time  |  avg time  |  max time  |%varavg| %total
---------------------------------------------------------------
Pair    | 60.653     | 60.653     | 60.653     |   0.0 |100.00
Neigh   | 0          | 0          | 0          |   0.0 |  0.00
Comm    | 0.00049187 | 0.00049187 | 0.00049187 |   0.0 |  0.00
Output  | 3.3541e-05 | 3.3541e-05 | 3.3541e-05 |   0.0 |  0.00
Modify  | 0          | 0          | 0          |   0.0 |  0.00
Other   |            | 0.001932   |            |       |  0.00

Nlocal:            500 ave         500 max         500 min
Histogram: 1 0 0 0 0 0 0 0 0 0
Nghost:           5584 ave        5584 max        5584 min
Histogram: 1 0 0 0 0 0 0 0 0 0
Neighs:              0 ave           0 max           0 min
Histogram: 1 0 0 0 0 0 0 0 0 0
FullNghs:       271674 ave      271674 max      271674 min
Histogram: 1 0 0 0 0 0 0 0 0 0

Total # of neighbors = 271674
Ave neighs/atom = 543.348
Neighbor list builds = 0
Dangerous builds = 0
unfix 2

variable lat_const equal "lx/5"
variable eatom equal "pe/count(all)"
variable teng equal "pe"
variable natoms equal "count(all)"

print "Lattice parameter (lx/5) = ${lat_const} A"
Lattice parameter (lx/5) = 3.48190172481502 A
print "Total Potential Energy (PE) = ${teng} eV"
Total Potential Energy (PE) = -3779.8662109375 eV
print "Number of atoms = ${natoms}"
Number of atoms = 500
print "Cohesive energy (PE/N) = ${eatom} eV"
Cohesive energy (PE/N) = -7.559732421875 eV
print "Minimization completed."
Minimization completed.

write_data C3_10_minimized.data
System init for write_data ...
Total wall time: 0:04:06
