read_data C3_mpack_12.data
Reading data file ...
  triclinic box = (0 0 0) to (17.6 17.6 17.6) with tilt (1.0776892e-15 1.0776892e-15 1.0776892e-15)
  1 by 2 by 2 MPI processor grid
  reading atoms ...
  500 atoms
  read_data CPU = 0.015 seconds

mass 1 58.6934  # Ni
mass 2 55.845   # Fe
mass 3 51.9961  # Cr

pair_style eam/alloy
pair_coeff * * FeNiCr_bonny.eam.alloy Ni Fe Cr

neighbor 2.0 bin
neigh_modify delay 0 check yes
timestep 0.001

thermo 10
thermo_style custom step lx ly lz pe press fmax vol

# --- ЭТАПЫ МИНИМИЗАЦИИ ---
min_style cg
minimize 1.0e-8 1.0e-9 1000 5000

CITE-CITE-CITE-CITE-CITE-CITE-CITE-CITE-CITE-CITE-CITE-CITE-CITE

Your simulation uses code contributions which should be cited:

- Type Label Framework: https://doi.org/10.1021/acs.jpcb.3c08419

@Article{Gissinger24,
 author = {Jacob R. Gissinger, Ilia Nikiforov, Yaser Afshar, Brendon Waters, Moon-ki Choi, Daniel S. Karls, Alexander Stukowski, Wonpil Im, Hendrik Heinz, Axel Kohlmeyer, and Ellad B. Tadmor},
 title = {Type Label Framework for Bonded Force Fields in LAMMPS},
 journal = {J. Phys. Chem. B},
 year =    2024,
 volume =  128,
 number =  13,
 pages =   {3282–-3297}
}

CITE-CITE-CITE-CITE-CITE-CITE-CITE-CITE-CITE-CITE-CITE-CITE-CITE

Neighbor list info ...
  update: every = 1 steps, delay = 0 steps, check = yes
  max neighbors/atom: 2000, page size: 100000
  master list distance cutoff = 7.6
  ghost atom cutoff = 7.6
  binsize = 3.8, bins = 5 5 5
  1 neighbor lists, perpetual/occasional/extra = 1 0 0
  (1) pair eam/alloy, perpetual
      attributes: half, newton on
      pair build: half/bin/atomonly/newton/tri
      stencil: half/bin/3d/tri
      bin: standard
Per MPI rank memory allocation (min/avg/max) = 4.524 | 4.524 | 4.524 Mbytes
   Step           Lx             Ly             Lz           PotEng         Press           Fmax          Volume    
         0   17.6           17.6           17.6          -2124.9087     -4138.5387      0.84381098     5451.776     
        10   17.6           17.6           17.6          -2127.4631     -4421.1871      0.0081596381   5451.776     
        16   17.6           17.6           17.6          -2127.4642     -4415.174       0.0011134339   5451.776     
Loop time of 0.0558778 on 4 procs for 16 steps with 500 atoms

73.8% CPU use with 4 MPI tasks x 1 OpenMP threads

Minimization stats:
  Stopping criterion = energy tolerance
  Energy initial, next-to-last, final = 
      -2124.9087319155  -2127.46416407586  -2127.46417843725
  Force two-norm initial, final = 8.6948861 0.011631718
  Force max component initial, final = 0.84381098 0.0011134339
  Final line search alpha, max atom move = 1 0.0011134339
  Iterations, force evaluations = 16 32

MPI task timing breakdown:
Section |  min time  |  avg time  |  max time  |%varavg| %total
---------------------------------------------------------------
Pair    | 0.044587   | 0.04465    | 0.044705   |   0.0 | 79.91
Neigh   | 0          | 0          | 0          |   0.0 |  0.00
Comm    | 0.0018634  | 0.0019201  | 0.001971   |   0.1 |  3.44
Output  | 2.8554e-05 | 0.00027745 | 0.0010227  |   0.0 |  0.50
Modify  | 0          | 0          | 0          |   0.0 |  0.00
Other   |            | 0.009031   |            |       | 16.16

Nlocal:            125 ave         145 max         105 min
Histogram: 1 0 0 0 0 2 0 0 0 1
Nghost:           1737 ave        1757 max        1717 min
Histogram: 1 0 0 0 0 2 0 0 0 1
Neighs:          11000 ave       12806 max        9231 min
Histogram: 1 0 0 0 1 1 0 0 0 1

Total # of neighbors = 44000
Ave neighs/atom = 88
Neighbor list builds = 0
Dangerous builds = 0

# Релаксация ячейки aniso
fix 1 all box/relax aniso 0.0 vmax 0.0001
min_style cg
minimize 1.0e-10 1.0e-11 1000 5000
WARNING: Energy due to 3 extra global DOFs will be included in minimizer energies
 (src/min.cpp:219)
Per MPI rank memory allocation (min/avg/max) = 4.524 | 4.524 | 4.524 Mbytes
   Step           Lx             Ly             Lz           PotEng         Press           Fmax          Volume    
        16   17.6           17.6           17.6          -2127.4642     -4415.174       0.0011134339   5451.776     
        20   17.594913      17.59296       17.593727     -2127.4767     -2507.6272      0.004120228    5446.0781    
        30   17.596935      17.576218      17.584835     -2127.4836     -35.90363       0.010997333    5438.7707    
        40   17.598625      17.574267      17.583715     -2127.4842     -3.153953       0.0018734067   5438.343     
        45   17.598608      17.573922      17.583907     -2127.4842      10.757218      0.0012112489   5438.2904    
Loop time of 0.0708422 on 4 procs for 29 steps with 500 atoms

81.0% CPU use with 4 MPI tasks x 1 OpenMP threads

Minimization stats:
  Stopping criterion = energy tolerance
  Energy initial, next-to-last, final = 
     -2127.46417843725  -2127.48423752353  -2127.48423764236
  Force two-norm initial, final = 26.182044 0.064850014
  Force max component initial, final = 16.899405 0.037220972
  Final line search alpha, max atom move = 0.050745212 0.0018887862
  Iterations, force evaluations = 29 44

MPI task timing breakdown:
Section |  min time  |  avg time  |  max time  |%varavg| %total
---------------------------------------------------------------
Pair    | 0.048959   | 0.049205   | 0.049449   |   0.1 | 69.46
Neigh   | 0          | 0          | 0          |   0.0 |  0.00
Comm    | 0.0051957  | 0.0094683  | 0.014489   |   4.4 | 13.37
Output  | 9.5458e-05 | 0.00025886 | 0.00074751 |   0.0 |  0.37
Modify  | 0          | 0          | 0          |   0.0 |  0.00
Other   |            | 0.01191    |            |       | 16.81

Nlocal:            125 ave         139 max         104 min
Histogram: 1 0 0 0 1 0 0 0 0 2
Nghost:           1737 ave        1758 max        1723 min
Histogram: 2 0 0 0 0 1 0 0 0 1
Neighs:          11000 ave       12210 max        9139 min
Histogram: 1 0 0 0 1 0 0 0 0 2

Total # of neighbors = 44000
Ave neighs/atom = 88
Neighbor list builds = 0
Dangerous builds = 0
unfix 1

# Промежуточная минимизация атомов
min_style cg
minimize 1.0e-10 1.0e-11 1000 5000
Per MPI rank memory allocation (min/avg/max) = 4.524 | 4.524 | 4.524 Mbytes
   Step           Lx             Ly             Lz           PotEng         Press           Fmax          Volume    
        45   17.598608      17.573922      17.583907     -2127.4842      10.757218      0.0012112489   5438.2904    
        50   17.598608      17.573922      17.583907     -2127.4843      6.7363173      0.00029089227  5438.2904    
        54   17.598608      17.573922      17.583907     -2127.4843      6.7996576      0.00010791414  5438.2904    
Loop time of 0.0213648 on 4 procs for 9 steps with 500 atoms

83.2% CPU use with 4 MPI tasks x 1 OpenMP threads

Minimization stats:
  Stopping criterion = energy tolerance
  Energy initial, next-to-last, final = 
     -2127.48423764236  -2127.48426264659  -2127.48426278999
  Force two-norm initial, final = 0.014062177 0.0010943552
  Force max component initial, final = 0.0012112489 0.00010791414
  Final line search alpha, max atom move = 1 0.00010791414
  Iterations, force evaluations = 9 18

MPI task timing breakdown:
Section |  min time  |  avg time  |  max time  |%varavg| %total
---------------------------------------------------------------
Pair    | 0.018586   | 0.018615   | 0.018653   |   0.0 | 87.13
Neigh   | 0          | 0          | 0          |   0.0 |  0.00
Comm    | 0.0012799  | 0.0013544  | 0.0014363  |   0.2 |  6.34
Output  | 2.6568e-05 | 0.00010269 | 0.00032946 |   0.0 |  0.48
Modify  | 0          | 0          | 0          |   0.0 |  0.00
Other   |            | 0.001293   |            |       |  6.05

Nlocal:            125 ave         140 max         103 min
Histogram: 1 0 0 0 1 0 0 0 0 2
Nghost:           1737 ave        1759 max        1722 min
Histogram: 2 0 0 0 0 1 0 0 0 1
Neighs:          11000 ave       12288 max        9061 min
Histogram: 1 0 0 0 1 0 0 0 0 2

Total # of neighbors = 44000
Ave neighs/atom = 88
Neighbor list builds = 0
Dangerous builds = 0

# Релаксация ячейки iso
fix 2 all box/relax iso 0.0 vmax 0.0001
min_style cg
minimize 1.0e-10 1.0e-11 1000 5000
WARNING: Energy due to 1 extra global DOFs will be included in minimizer energies
 (src/min.cpp:219)
Per MPI rank memory allocation (min/avg/max) = 4.524 | 4.524 | 4.524 Mbytes
   Step           Lx             Ly             Lz           PotEng         Press           Fmax          Volume    
        54   17.598608      17.573922      17.583907     -2127.4843      6.7996576      0.00010791414  5438.2904    
        55   17.59863       17.573944      17.583928     -2127.4843     -0.0068826558   0.00011001137  5438.3104    
Loop time of 0.0031507 on 4 procs for 1 steps with 500 atoms

73.7% CPU use with 4 MPI tasks x 1 OpenMP threads

Minimization stats:
  Stopping criterion = energy tolerance
  Energy initial, next-to-last, final = 
     -2127.48426278999  -2127.48426278999  -2127.48426283251
  Force two-norm initial, final = 0.06924917 0.0011062857
  Force max component initial, final = 0.069240522 0.00011001137
  Final line search alpha, max atom move = 0.001444241 1.5888293e-07
  Iterations, force evaluations = 1 2

MPI task timing breakdown:
Section |  min time  |  avg time  |  max time  |%varavg| %total
---------------------------------------------------------------
Pair    | 0.0022953  | 0.0023495  | 0.0024549  |   0.1 | 74.57
Neigh   | 0          | 0          | 0          |   0.0 |  0.00
Comm    | 0.00021124 | 0.00031721 | 0.0003696  |   0.0 | 10.07
Output  | 0          | 0          | 0          |   0.0 |  0.00
Modify  | 0          | 0          | 0          |   0.0 |  0.00
Other   |            | 0.000484   |            |       | 15.36

Nlocal:            125 ave         140 max         103 min
Histogram: 1 0 0 0 1 0 0 0 0 2
Nghost:           1737 ave        1759 max        1722 min
Histogram: 2 0 0 0 0 1 0 0 0 1
Neighs:          11000 ave       12288 max        9061 min
Histogram: 1 0 0 0 1 0 0 0 0 2

Total # of neighbors = 44000
Ave neighs/atom = 88
Neighbor list builds = 0
Dangerous builds = 0
unfix 2

variable lat_const equal "lx/5"
variable eatom equal "pe/count(all)"
variable teng equal "pe"
variable natoms equal "count(all)"

print "Lattice parameter (lx/5) = ${lat_const} A"
Lattice parameter (lx/5) = 3.51972595949055 A
print "Total Potential Energy (PE) = ${teng} eV"
Total Potential Energy (PE) = -2127.48426283251 eV
print "Number of atoms = ${natoms}"
Number of atoms = 500
print "Cohesive energy (PE/N) = ${eatom} eV"
Cohesive energy (PE/N) = -4.25496852566503 eV
print "Minimization completed."
Minimization completed.

write_data C3_mpack_12_minimized.data
System init for write_data ...
Total wall time: 0:00:00
