read_data C3_mpack_1.data
Reading data file ...
  triclinic box = (0 0 0) to (17.6 17.6 17.6) with tilt (1.0776892e-15 1.0776892e-15 1.0776892e-15)
  1 by 2 by 2 MPI processor grid
  reading atoms ...
  500 atoms
  read_data CPU = 0.007 seconds

mass 1 58.6934  # Ni
mass 2 55.845   # Fe
mass 3 51.9961  # Cr

pair_style eam/alloy
pair_coeff * * FeNiCr_bonny.eam.alloy Ni Fe Cr

neighbor 2.0 bin
neigh_modify delay 0 check yes
timestep 0.001

thermo 10
thermo_style custom step lx ly lz pe press fmax vol

# --- ЭТАПЫ МИНИМИЗАЦИИ ---
min_style cg
minimize 1.0e-8 1.0e-9 1000 5000

CITE-CITE-CITE-CITE-CITE-CITE-CITE-CITE-CITE-CITE-CITE-CITE-CITE

Your simulation uses code contributions which should be cited:

- Type Label Framework: https://doi.org/10.1021/acs.jpcb.3c08419

@Article{Gissinger24,
 author = {Jacob R. Gissinger, Ilia Nikiforov, Yaser Afshar, Brendon Waters, Moon-ki Choi, Daniel S. Karls, Alexander Stukowski, Wonpil Im, Hendrik Heinz, Axel Kohlmeyer, and Ellad B. Tadmor},
 title = {Type Label Framework for Bonded Force Fields in LAMMPS},
 journal = {J. Phys. Chem. B},
 year =    2024,
 volume =  128,
 number =  13,
 pages =   {3282–-3297}
}

CITE-CITE-CITE-CITE-CITE-CITE-CITE-CITE-CITE-CITE-CITE-CITE-CITE

Neighbor list info ...
  update: every = 1 steps, delay = 0 steps, check = yes
  max neighbors/atom: 2000, page size: 100000
  master list distance cutoff = 7.6
  ghost atom cutoff = 7.6
  binsize = 3.8, bins = 5 5 5
  1 neighbor lists, perpetual/occasional/extra = 1 0 0
  (1) pair eam/alloy, perpetual
      attributes: half, newton on
      pair build: half/bin/atomonly/newton/tri
      stencil: half/bin/3d/tri
      bin: standard
Per MPI rank memory allocation (min/avg/max) = 4.524 | 4.524 | 4.524 Mbytes
   Step           Lx             Ly             Lz           PotEng         Press           Fmax          Volume    
         0   17.6           17.6           17.6          -2125.0133     -3799.622       0.73018782     5451.776     
        10   17.6           17.6           17.6          -2127.5795     -4144.9726      0.0089029429   5451.776     
        16   17.6           17.6           17.6          -2127.5807     -4141.2302      0.00116719     5451.776     
Loop time of 0.0192266 on 4 procs for 16 steps with 500 atoms

79.9% CPU use with 4 MPI tasks x 1 OpenMP threads

Minimization stats:
  Stopping criterion = energy tolerance
  Energy initial, next-to-last, final = 
     -2125.01328220459  -2127.58063684566  -2127.58065584108
  Force two-norm initial, final = 8.6683564 0.013622301
  Force max component initial, final = 0.73018782 0.00116719
  Final line search alpha, max atom move = 1 0.00116719
  Iterations, force evaluations = 16 32

MPI task timing breakdown:
Section |  min time  |  avg time  |  max time  |%varavg| %total
---------------------------------------------------------------
Pair    | 0.016171   | 0.016209   | 0.016224   |   0.0 | 84.31
Neigh   | 0          | 0          | 0          |   0.0 |  0.00
Comm    | 0.00155    | 0.0020674  | 0.0022533  |   0.7 | 10.75
Output  | 2.3062e-05 | 3.8963e-05 | 8.6544e-05 |   0.0 |  0.20
Modify  | 0          | 0          | 0          |   0.0 |  0.00
Other   |            | 0.0009112  |            |       |  4.74

Nlocal:            125 ave         145 max         105 min
Histogram: 1 0 0 0 0 2 0 0 0 1
Nghost:           1737 ave        1757 max        1717 min
Histogram: 1 0 0 0 0 2 0 0 0 1
Neighs:          11000 ave       12763 max        9283 min
Histogram: 1 0 0 0 2 0 0 0 0 1

Total # of neighbors = 44000
Ave neighs/atom = 88
Neighbor list builds = 0
Dangerous builds = 0

# Релаксация ячейки aniso
fix 1 all box/relax aniso 0.0 vmax 0.0001
min_style cg
minimize 1.0e-10 1.0e-11 1000 5000
WARNING: Energy due to 3 extra global DOFs will be included in minimizer energies
 (src/min.cpp:219)
Per MPI rank memory allocation (min/avg/max) = 4.524 | 4.524 | 4.524 Mbytes
   Step           Lx             Ly             Lz           PotEng         Press           Fmax          Volume    
        16   17.6           17.6           17.6          -2127.5807     -4141.2302      0.00116719     5451.776     
        20   17.595837      17.59296       17.594125     -2127.5919     -2372.1461      0.0034796621   5446.4875    
        30   17.599235      17.575798      17.585238     -2127.5993      1.1433809      0.009997667    5439.4765    
        40   17.60595       17.569423      17.584042     -2127.6001     -9.4644952      0.0040443627   5439.2082    
        43   17.606057      17.569347      17.584018     -2127.6001     -8.5587932      0.0024782056   5439.2101    
Loop time of 0.0289544 on 4 procs for 27 steps with 500 atoms

64.5% CPU use with 4 MPI tasks x 1 OpenMP threads

Minimization stats:
  Stopping criterion = energy tolerance
  Energy initial, next-to-last, final = 
     -2127.58065584108  -2127.60014496425  -2127.60014509526
  Force two-norm initial, final = 24.78522 0.05866564
  Force max component initial, final = 16.931242 0.031638756
  Final line search alpha, max atom move = 0.0057045808 0.00018048584
  Iterations, force evaluations = 27 37

MPI task timing breakdown:
Section |  min time  |  avg time  |  max time  |%varavg| %total
---------------------------------------------------------------
Pair    | 0.023101   | 0.023154   | 0.023226   |   0.0 | 79.97
Neigh   | 0          | 0          | 0          |   0.0 |  0.00
Comm    | 0.0024937  | 0.0026269  | 0.002745   |   0.2 |  9.07
Output  | 5.5077e-05 | 9.9104e-05 | 0.0002295  |   0.0 |  0.34
Modify  | 0          | 0          | 0          |   0.0 |  0.00
Other   |            | 0.003075   |            |       | 10.62

Nlocal:            125 ave         128 max         120 min
Histogram: 1 0 0 0 0 0 1 0 1 1
Nghost:           1737 ave        1742 max        1734 min
Histogram: 1 1 0 1 0 0 0 0 0 1
Neighs:          11000 ave       11247 max       10595 min
Histogram: 1 0 0 0 0 1 0 0 0 2

Total # of neighbors = 44000
Ave neighs/atom = 88
Neighbor list builds = 0
Dangerous builds = 0
unfix 1

# Промежуточная минимизация атомов
min_style cg
minimize 1.0e-10 1.0e-11 1000 5000
Per MPI rank memory allocation (min/avg/max) = 4.524 | 4.524 | 4.524 Mbytes
   Step           Lx             Ly             Lz           PotEng         Press           Fmax          Volume    
        43   17.606057      17.569347      17.584018     -2127.6001     -8.5587932      0.0024782056   5439.2101    
        50   17.606057      17.569347      17.584018     -2127.6002     -7.3598699      0.00035578497  5439.2101    
        52   17.606057      17.569347      17.584018     -2127.6002     -6.0865616      0.00013463886  5439.2101    
Loop time of 0.0659982 on 4 procs for 9 steps with 500 atoms

54.5% CPU use with 4 MPI tasks x 1 OpenMP threads

Minimization stats:
  Stopping criterion = energy tolerance
  Energy initial, next-to-last, final = 
     -2127.60014509526   -2127.6002169454  -2127.60021715235
  Force two-norm initial, final = 0.029839271 0.0016167155
  Force max component initial, final = 0.0024782056 0.00013463886
  Final line search alpha, max atom move = 1 0.00013463886
  Iterations, force evaluations = 9 18

MPI task timing breakdown:
Section |  min time  |  avg time  |  max time  |%varavg| %total
---------------------------------------------------------------
Pair    | 0.029517   | 0.03046    | 0.03223    |   0.6 | 46.15
Neigh   | 0          | 0          | 0          |   0.0 |  0.00
Comm    | 0.0026945  | 0.0042762  | 0.0052467  |   1.6 |  6.48
Output  | 2.7109e-05 | 4.7621e-05 | 0.00010818 |   0.0 |  0.07
Modify  | 0          | 0          | 0          |   0.0 |  0.00
Other   |            | 0.03121    |            |       | 47.30

Nlocal:            125 ave         128 max         120 min
Histogram: 1 0 0 0 0 0 1 0 1 1
Nghost:           1737 ave        1742 max        1734 min
Histogram: 1 1 0 1 0 0 0 0 0 1
Neighs:          11000 ave       11254 max       10595 min
Histogram: 1 0 0 0 0 1 0 0 0 2

Total # of neighbors = 44000
Ave neighs/atom = 88
Neighbor list builds = 0
Dangerous builds = 0

# Релаксация ячейки iso
fix 2 all box/relax iso 0.0 vmax 0.0001
min_style cg
minimize 1.0e-10 1.0e-11 1000 5000
WARNING: Energy due to 1 extra global DOFs will be included in minimizer energies
 (src/min.cpp:219)
Per MPI rank memory allocation (min/avg/max) = 4.524 | 4.524 | 4.524 Mbytes
   Step           Lx             Ly             Lz           PotEng         Press           Fmax          Volume    
        52   17.606057      17.569347      17.584018     -2127.6002     -6.0865616      0.00013463886  5439.2101    
        53   17.606038      17.569328      17.583998     -2127.6002     -0.00046249915  0.00013865881  5439.1922    
Loop time of 0.0014619 on 4 procs for 1 steps with 500 atoms

45.9% CPU use with 4 MPI tasks x 1 OpenMP threads

Minimization stats:
  Stopping criterion = energy tolerance
  Energy initial, next-to-last, final = 
     -2127.60021715235  -2127.60021715235  -2127.60021718651
  Force two-norm initial, final = 0.062010667 0.0016420708
  Force max component initial, final = 0.061989588 0.00013865881
  Final line search alpha, max atom move = 0.0016131741 2.2368081e-07
  Iterations, force evaluations = 1 2

MPI task timing breakdown:
Section |  min time  |  avg time  |  max time  |%varavg| %total
---------------------------------------------------------------
Pair    | 0.0012022  | 0.001205   | 0.0012086  |   0.0 | 82.42
Neigh   | 0          | 0          | 0          |   0.0 |  0.00
Comm    | 9.9911e-05 | 0.00010296 | 0.00010604 |   0.0 |  7.04
Output  | 0          | 0          | 0          |   0.0 |  0.00
Modify  | 0          | 0          | 0          |   0.0 |  0.00
Other   |            | 0.000154   |            |       | 10.53

Nlocal:            125 ave         129 max         120 min
Histogram: 1 0 0 0 1 0 0 1 0 1
Nghost:           1737 ave        1742 max        1733 min
Histogram: 1 0 1 0 0 1 0 0 0 1
Neighs:          11000 ave       11339 max       10595 min
Histogram: 1 0 0 1 0 0 0 0 1 1

Total # of neighbors = 44000
Ave neighs/atom = 88
Neighbor list builds = 0
Dangerous builds = 0
unfix 2

variable lat_const equal "lx/5"
variable eatom equal "pe/count(all)"
variable teng equal "pe"
variable natoms equal "count(all)"

print "Lattice parameter (lx/5) = ${lat_const} A"
Lattice parameter (lx/5) = 3.52120755768694 A
print "Total Potential Energy (PE) = ${teng} eV"
Total Potential Energy (PE) = -2127.60021718651 eV
print "Number of atoms = ${natoms}"
Number of atoms = 500
print "Cohesive energy (PE/N) = ${eatom} eV"
Cohesive energy (PE/N) = -4.25520043437303 eV
print "Minimization completed."
Minimization completed.

write_data C3_mpack_1_minimized.data
System init for write_data ...
Total wall time: 0:00:00
