read_data C3_mpack_3.data
Reading data file ...
  triclinic box = (0 0 0) to (17.6 17.6 17.6) with tilt (1.0776892e-15 1.0776892e-15 1.0776892e-15)
  1 by 2 by 2 MPI processor grid
  reading atoms ...
  500 atoms
  read_data CPU = 0.008 seconds

mass 1 58.6934  # Ni
mass 2 55.845   # Fe
mass 3 51.9961  # Cr

pair_style eam/alloy
pair_coeff * * FeNiCr_bonny.eam.alloy Ni Fe Cr

neighbor 2.0 bin
neigh_modify delay 0 check yes
timestep 0.001

thermo 10
thermo_style custom step lx ly lz pe press fmax vol

# --- ЭТАПЫ МИНИМИЗАЦИИ ---
min_style cg
minimize 1.0e-8 1.0e-9 1000 5000

CITE-CITE-CITE-CITE-CITE-CITE-CITE-CITE-CITE-CITE-CITE-CITE-CITE

Your simulation uses code contributions which should be cited:

- Type Label Framework: https://doi.org/10.1021/acs.jpcb.3c08419

@Article{Gissinger24,
 author = {Jacob R. Gissinger, Ilia Nikiforov, Yaser Afshar, Brendon Waters, Moon-ki Choi, Daniel S. Karls, Alexander Stukowski, Wonpil Im, Hendrik Heinz, Axel Kohlmeyer, and Ellad B. Tadmor},
 title = {Type Label Framework for Bonded Force Fields in LAMMPS},
 journal = {J. Phys. Chem. B},
 year =    2024,
 volume =  128,
 number =  13,
 pages =   {3282–-3297}
}

CITE-CITE-CITE-CITE-CITE-CITE-CITE-CITE-CITE-CITE-CITE-CITE-CITE

Neighbor list info ...
  update: every = 1 steps, delay = 0 steps, check = yes
  max neighbors/atom: 2000, page size: 100000
  master list distance cutoff = 7.6
  ghost atom cutoff = 7.6
  binsize = 3.8, bins = 5 5 5
  1 neighbor lists, perpetual/occasional/extra = 1 0 0
  (1) pair eam/alloy, perpetual
      attributes: half, newton on
      pair build: half/bin/atomonly/newton/tri
      stencil: half/bin/3d/tri
      bin: standard
Per MPI rank memory allocation (min/avg/max) = 4.524 | 4.524 | 4.524 Mbytes
   Step           Lx             Ly             Lz           PotEng         Press           Fmax          Volume    
         0   17.6           17.6           17.6          -2125.7964     -4236.9586      0.74978542     5451.776     
        10   17.6           17.6           17.6          -2128.3964     -4010.6581      0.0064164414   5451.776     
        16   17.6           17.6           17.6          -2128.3972     -4009.0196      0.0011897026   5451.776     
Loop time of 0.0323073 on 4 procs for 16 steps with 500 atoms

71.3% CPU use with 4 MPI tasks x 1 OpenMP threads

Minimization stats:
  Stopping criterion = energy tolerance
  Energy initial, next-to-last, final = 
     -2125.79635135368  -2128.39715535421  -2128.39717072969
  Force two-norm initial, final = 8.6942002 0.011990703
  Force max component initial, final = 0.74978542 0.0011897026
  Final line search alpha, max atom move = 1 0.0011897026
  Iterations, force evaluations = 16 32

MPI task timing breakdown:
Section |  min time  |  avg time  |  max time  |%varavg| %total
---------------------------------------------------------------
Pair    | 0.02633    | 0.026733   | 0.027134   |   0.2 | 82.75
Neigh   | 0          | 0          | 0          |   0.0 |  0.00
Comm    | 0.0025774  | 0.0037999  | 0.0049211  |   1.4 | 11.76
Output  | 2.9081e-05 | 4.801e-05  | 0.00010424 |   0.0 |  0.15
Modify  | 0          | 0          | 0          |   0.0 |  0.00
Other   |            | 0.001726   |            |       |  5.34

Nlocal:            125 ave         145 max         105 min
Histogram: 1 0 0 0 0 2 0 0 0 1
Nghost:           1737 ave        1757 max        1717 min
Histogram: 1 0 0 0 0 2 0 0 0 1
Neighs:          11000 ave       12786 max        9295 min
Histogram: 1 0 0 0 2 0 0 0 0 1

Total # of neighbors = 44000
Ave neighs/atom = 88
Neighbor list builds = 0
Dangerous builds = 0

# Релаксация ячейки aniso
fix 1 all box/relax aniso 0.0 vmax 0.0001
min_style cg
minimize 1.0e-10 1.0e-11 1000 5000
WARNING: Energy due to 3 extra global DOFs will be included in minimizer energies
 (src/min.cpp:219)
Per MPI rank memory allocation (min/avg/max) = 4.524 | 4.524 | 4.524 Mbytes
   Step           Lx             Ly             Lz           PotEng         Press           Fmax          Volume    
        16   17.6           17.6           17.6          -2128.3972     -4009.0196      0.0011897026   5451.776     
        20   17.595033      17.593946      17.59296      -2128.4081     -2131.7131      0.0038332758   5446.1833    
        30   17.597571      17.58656       17.577226     -2128.4132      34.658469      0.0093324008   5439.813     
        40   17.598586      17.586339      17.575794     -2128.4137      0.12238923     0.0019260785   5439.6154    
        43   17.59858       17.586327      17.575776     -2128.4137      1.5092929      0.0012864281   5439.6041    
Loop time of 0.0855091 on 4 procs for 27 steps with 500 atoms

64.4% CPU use with 4 MPI tasks x 1 OpenMP threads

Minimization stats:
  Stopping criterion = energy tolerance
  Energy initial, next-to-last, final = 
     -2128.39717072969  -2128.41373606677  -2128.41373609013
  Force two-norm initial, final = 23.791981 0.016069414
  Force max component initial, final = 15.585518 0.0075526463
  Final line search alpha, max atom move = 0.0065738857 4.9650233e-05
  Iterations, force evaluations = 27 41

MPI task timing breakdown:
Section |  min time  |  avg time  |  max time  |%varavg| %total
---------------------------------------------------------------
Pair    | 0.059066   | 0.060704   | 0.064782   |   1.0 | 70.99
Neigh   | 0          | 0          | 0          |   0.0 |  0.00
Comm    | 0.0057535  | 0.013066   | 0.016028   |   3.7 | 15.28
Output  | 8.4962e-05 | 0.00014806 | 0.00033653 |   0.0 |  0.17
Modify  | 0          | 0          | 0          |   0.0 |  0.00
Other   |            | 0.01159    |            |       | 13.56

Nlocal:            125 ave         136 max         111 min
Histogram: 1 0 0 0 1 0 0 0 1 1
Nghost:           1737 ave        1751 max        1726 min
Histogram: 1 0 1 0 0 1 0 0 0 1
Neighs:          11000 ave       12016 max        9786 min
Histogram: 1 0 0 1 0 0 0 1 0 1

Total # of neighbors = 44000
Ave neighs/atom = 88
Neighbor list builds = 0
Dangerous builds = 0
unfix 1

# Промежуточная минимизация атомов
min_style cg
minimize 1.0e-10 1.0e-11 1000 5000
Per MPI rank memory allocation (min/avg/max) = 4.524 | 4.524 | 4.524 Mbytes
   Step           Lx             Ly             Lz           PotEng         Press           Fmax          Volume    
        43   17.59858       17.586327      17.575776     -2128.4137      1.5092929      0.0012864281   5439.6041    
        50   17.59858       17.586327      17.575776     -2128.4138     -1.3340959      0.00013804226  5439.6041    
        51   17.59858       17.586327      17.575776     -2128.4138     -0.75697404     0.00010531     5439.6041    
Loop time of 0.0179778 on 4 procs for 8 steps with 500 atoms

86.5% CPU use with 4 MPI tasks x 1 OpenMP threads

Minimization stats:
  Stopping criterion = energy tolerance
  Energy initial, next-to-last, final = 
     -2128.41373609013  -2128.41375555189  -2128.41375571547
  Force two-norm initial, final = 0.012877208 0.0012647215
  Force max component initial, final = 0.0012864281 0.00010531
  Final line search alpha, max atom move = 1 0.00010531
  Iterations, force evaluations = 8 16

MPI task timing breakdown:
Section |  min time  |  avg time  |  max time  |%varavg| %total
---------------------------------------------------------------
Pair    | 0.013183   | 0.01321    | 0.013225   |   0.0 | 73.48
Neigh   | 0          | 0          | 0          |   0.0 |  0.00
Comm    | 0.001206   | 0.0026043  | 0.003938   |   2.6 | 14.49
Output  | 2.3839e-05 | 5.9753e-05 | 0.00016725 |   0.0 |  0.33
Modify  | 0          | 0          | 0          |   0.0 |  0.00
Other   |            | 0.002104   |            |       | 11.70

Nlocal:            125 ave         135 max         111 min
Histogram: 1 0 0 0 0 1 0 0 1 1
Nghost:           1737 ave        1751 max        1727 min
Histogram: 1 1 0 0 0 1 0 0 0 1
Neighs:          11000 ave       11927 max        9786 min
Histogram: 1 0 0 0 1 0 0 0 1 1

Total # of neighbors = 44000
Ave neighs/atom = 88
Neighbor list builds = 0
Dangerous builds = 0

# Релаксация ячейки iso
fix 2 all box/relax iso 0.0 vmax 0.0001
min_style cg
minimize 1.0e-10 1.0e-11 1000 5000
WARNING: Energy due to 1 extra global DOFs will be included in minimizer energies
 (src/min.cpp:219)
Per MPI rank memory allocation (min/avg/max) = 4.524 | 4.524 | 4.524 Mbytes
   Step           Lx             Ly             Lz           PotEng         Press           Fmax          Volume    
        51   17.59858       17.586327      17.575776     -2128.4138     -0.75697404     0.00010531     5439.6041    
        52   17.598578      17.586325      17.575774     -2128.4138      0.019749313    0.00010559904  5439.6019    
Loop time of 0.0084169 on 4 procs for 1 steps with 500 atoms

63.9% CPU use with 4 MPI tasks x 1 OpenMP threads

Minimization stats:
  Stopping criterion = energy tolerance
  Energy initial, next-to-last, final = 
     -2128.41375571547  -2128.41375571547  -2128.41375571603
  Force two-norm initial, final = 0.0078131258 0.0012819299
  Force max component initial, final = 0.0077100853 0.00020115464
  Final line search alpha, max atom move = 0.012970025 2.6089808e-06
  Iterations, force evaluations = 1 2

MPI task timing breakdown:
Section |  min time  |  avg time  |  max time  |%varavg| %total
---------------------------------------------------------------
Pair    | 0.002636   | 0.0027366  | 0.0030123  |   0.3 | 32.51
Neigh   | 0          | 0          | 0          |   0.0 |  0.00
Comm    | 0.00070637 | 0.002435   | 0.0043391  |   3.5 | 28.93
Output  | 0          | 0          | 0          |   0.0 |  0.00
Modify  | 0          | 0          | 0          |   0.0 |  0.00
Other   |            | 0.003245   |            |       | 38.56

Nlocal:            125 ave         135 max         111 min
Histogram: 1 0 0 0 0 1 0 0 1 1
Nghost:           1737 ave        1751 max        1727 min
Histogram: 1 1 0 0 0 1 0 0 0 1
Neighs:          11000 ave       11927 max        9786 min
Histogram: 1 0 0 0 1 0 0 0 1 1

Total # of neighbors = 44000
Ave neighs/atom = 88
Neighbor list builds = 0
Dangerous builds = 0
unfix 2

variable lat_const equal "lx/5"
variable eatom equal "pe/count(all)"
variable teng equal "pe"
variable natoms equal "count(all)"

print "Lattice parameter (lx/5) = ${lat_const} A"
Lattice parameter (lx/5) = 3.51971555271098 A
print "Total Potential Energy (PE) = ${teng} eV"
Total Potential Energy (PE) = -2128.41375571603 eV
print "Number of atoms = ${natoms}"
Number of atoms = 500
print "Cohesive energy (PE/N) = ${eatom} eV"
Cohesive energy (PE/N) = -4.25682751143206 eV
print "Minimization completed."
Minimization completed.

write_data C3_mpack_3_minimized.data
System init for write_data ...
Total wall time: 0:00:00
