read_data C3_mpack_2.data
Reading data file ...
  triclinic box = (0 0 0) to (17.6 17.6 17.6) with tilt (1.0776892e-15 1.0776892e-15 1.0776892e-15)
  1 by 2 by 2 MPI processor grid
  reading atoms ...
  500 atoms
  read_data CPU = 0.019 seconds

mass 1 58.6934  # Ni
mass 2 55.845   # Fe
mass 3 51.9961  # Cr

pair_style eam/alloy
pair_coeff * * FeNiCr_bonny.eam.alloy Ni Fe Cr

neighbor 2.0 bin
neigh_modify delay 0 check yes
timestep 0.001

thermo 10
thermo_style custom step lx ly lz pe press fmax vol

# --- ЭТАПЫ МИНИМИЗАЦИИ ---
min_style cg
minimize 1.0e-8 1.0e-9 1000 5000

CITE-CITE-CITE-CITE-CITE-CITE-CITE-CITE-CITE-CITE-CITE-CITE-CITE

Your simulation uses code contributions which should be cited:

- Type Label Framework: https://doi.org/10.1021/acs.jpcb.3c08419

@Article{Gissinger24,
 author = {Jacob R. Gissinger, Ilia Nikiforov, Yaser Afshar, Brendon Waters, Moon-ki Choi, Daniel S. Karls, Alexander Stukowski, Wonpil Im, Hendrik Heinz, Axel Kohlmeyer, and Ellad B. Tadmor},
 title = {Type Label Framework for Bonded Force Fields in LAMMPS},
 journal = {J. Phys. Chem. B},
 year =    2024,
 volume =  128,
 number =  13,
 pages =   {3282–-3297}
}

CITE-CITE-CITE-CITE-CITE-CITE-CITE-CITE-CITE-CITE-CITE-CITE-CITE

Neighbor list info ...
  update: every = 1 steps, delay = 0 steps, check = yes
  max neighbors/atom: 2000, page size: 100000
  master list distance cutoff = 7.6
  ghost atom cutoff = 7.6
  binsize = 3.8, bins = 5 5 5
  1 neighbor lists, perpetual/occasional/extra = 1 0 0
  (1) pair eam/alloy, perpetual
      attributes: half, newton on
      pair build: half/bin/atomonly/newton/tri
      stencil: half/bin/3d/tri
      bin: standard
Per MPI rank memory allocation (min/avg/max) = 4.524 | 4.524 | 4.524 Mbytes
   Step           Lx             Ly             Lz           PotEng         Press           Fmax          Volume    
         0   17.6           17.6           17.6          -2125.2488     -3477.5398      0.71459468     5451.776     
        10   17.6           17.6           17.6          -2127.897      -3292.6747      0.0061598197   5451.776     
        16   17.6           17.6           17.6          -2127.8978     -3279.4797      0.0010156177   5451.776     
Loop time of 0.0486997 on 4 procs for 16 steps with 500 atoms

66.7% CPU use with 4 MPI tasks x 1 OpenMP threads

Minimization stats:
  Stopping criterion = energy tolerance
  Energy initial, next-to-last, final = 
     -2125.24877870232  -2127.89776597224  -2127.89778057244
  Force two-norm initial, final = 8.6813927 0.012161605
  Force max component initial, final = 0.71459468 0.0010156177
  Final line search alpha, max atom move = 1 0.0010156177
  Iterations, force evaluations = 16 32

MPI task timing breakdown:
Section |  min time  |  avg time  |  max time  |%varavg| %total
---------------------------------------------------------------
Pair    | 0.024721   | 0.025664   | 0.028225   |   0.9 | 52.70
Neigh   | 0          | 0          | 0          |   0.0 |  0.00
Comm    | 0.0061507  | 0.0091355  | 0.010504   |   1.9 | 18.76
Output  | 3.1077e-05 | 5.1632e-05 | 0.00011139 |   0.0 |  0.11
Modify  | 0          | 0          | 0          |   0.0 |  0.00
Other   |            | 0.01385    |            |       | 28.44

Nlocal:            125 ave         145 max         105 min
Histogram: 1 0 0 0 0 2 0 0 0 1
Nghost:           1737 ave        1757 max        1717 min
Histogram: 1 0 0 0 0 2 0 0 0 1
Neighs:          11000 ave       12702 max        9248 min
Histogram: 1 0 0 0 0 2 0 0 0 1

Total # of neighbors = 44000
Ave neighs/atom = 88
Neighbor list builds = 0
Dangerous builds = 0

# Релаксация ячейки aniso
fix 1 all box/relax aniso 0.0 vmax 0.0001
min_style cg
minimize 1.0e-10 1.0e-11 1000 5000
WARNING: Energy due to 3 extra global DOFs will be included in minimizer energies
 (src/min.cpp:219)
Per MPI rank memory allocation (min/avg/max) = 4.524 | 4.524 | 4.524 Mbytes
   Step           Lx             Ly             Lz           PotEng         Press           Fmax          Volume    
        16   17.6           17.6           17.6          -2127.8978     -3279.4797      0.0010156177   5451.776     
        20   17.593012      17.595095      17.59296      -2127.9064     -1308.946       0.00363149     5445.9135    
        30   17.584181      17.60131       17.581959     -2127.9089      64.186551      0.0043047762   5441.6977    
        38   17.584059      17.600852      17.582962     -2127.9089      1.65588        0.0019807833   5441.8287    
Loop time of 0.0610673 on 4 procs for 22 steps with 500 atoms

69.4% CPU use with 4 MPI tasks x 1 OpenMP threads

Minimization stats:
  Stopping criterion = energy tolerance
  Energy initial, next-to-last, final = 
     -2127.89778057244  -2127.90894476094  -2127.90894486479
  Force two-norm initial, final = 19.473649 0.024393385
  Force max component initial, final = 12.145283 0.0065943508
  Final line search alpha, max atom move = 0.0018291849 1.2062287e-05
  Iterations, force evaluations = 22 34

MPI task timing breakdown:
Section |  min time  |  avg time  |  max time  |%varavg| %total
---------------------------------------------------------------
Pair    | 0.044319   | 0.046661   | 0.052739   |   1.6 | 76.41
Neigh   | 0          | 0          | 0          |   0.0 |  0.00
Comm    | 0.0050154  | 0.01115    | 0.013543   |   3.4 | 18.26
Output  | 5.388e-05  | 8.8202e-05 | 0.0001904  |   0.0 |  0.14
Modify  | 0          | 0          | 0          |   0.0 |  0.00
Other   |            | 0.003168   |            |       |  5.19

Nlocal:            125 ave         146 max         112 min
Histogram: 1 1 0 0 1 0 0 0 0 1
Nghost:           1737 ave        1750 max        1716 min
Histogram: 1 0 0 0 0 1 0 0 1 1
Neighs:          11000 ave       12840 max        9848 min
Histogram: 1 1 0 0 1 0 0 0 0 1

Total # of neighbors = 44000
Ave neighs/atom = 88
Neighbor list builds = 0
Dangerous builds = 0
unfix 1

# Промежуточная минимизация атомов
min_style cg
minimize 1.0e-10 1.0e-11 1000 5000
Per MPI rank memory allocation (min/avg/max) = 4.524 | 4.524 | 4.524 Mbytes
   Step           Lx             Ly             Lz           PotEng         Press           Fmax          Volume    
        38   17.584059      17.600852      17.582962     -2127.9089      1.65588        0.0019807833   5441.8287    
        40   17.584059      17.600852      17.582962     -2127.909       3.3164272      0.0012631476   5441.8287    
        47   17.584059      17.600852      17.582962     -2127.909      -6.3095311      0.00011708392  5441.8287    
Loop time of 0.0149109 on 4 procs for 9 steps with 500 atoms

98.7% CPU use with 4 MPI tasks x 1 OpenMP threads

Minimization stats:
  Stopping criterion = energy tolerance
  Energy initial, next-to-last, final = 
     -2127.90894486479  -2127.90898987864  -2127.90899004779
  Force two-norm initial, final = 0.022325204 0.0012234739
  Force max component initial, final = 0.0019807833 0.00011708392
  Final line search alpha, max atom move = 1 0.00011708392
  Iterations, force evaluations = 9 18

MPI task timing breakdown:
Section |  min time  |  avg time  |  max time  |%varavg| %total
---------------------------------------------------------------
Pair    | 0.013109   | 0.013155   | 0.013201   |   0.0 | 88.22
Neigh   | 0          | 0          | 0          |   0.0 |  0.00
Comm    | 0.00099387 | 0.001032   | 0.0010712  |   0.1 |  6.92
Output  | 2.1807e-05 | 3.7766e-05 | 8.4561e-05 |   0.0 |  0.25
Modify  | 0          | 0          | 0          |   0.0 |  0.00
Other   |            | 0.0006863  |            |       |  4.60

Nlocal:            125 ave         146 max         112 min
Histogram: 1 1 0 0 1 0 0 0 0 1
Nghost:           1737 ave        1750 max        1716 min
Histogram: 1 0 0 0 0 1 0 0 1 1
Neighs:          11000 ave       12840 max        9848 min
Histogram: 1 1 0 0 1 0 0 0 0 1

Total # of neighbors = 44000
Ave neighs/atom = 88
Neighbor list builds = 0
Dangerous builds = 0

# Релаксация ячейки iso
fix 2 all box/relax iso 0.0 vmax 0.0001
min_style cg
minimize 1.0e-10 1.0e-11 1000 5000
WARNING: Energy due to 1 extra global DOFs will be included in minimizer energies
 (src/min.cpp:219)
Per MPI rank memory allocation (min/avg/max) = 4.524 | 4.524 | 4.524 Mbytes
   Step           Lx             Ly             Lz           PotEng         Press           Fmax          Volume    
        47   17.584059      17.600852      17.582962     -2127.909      -6.3095311      0.00011708392  5441.8287    
        48   17.584039      17.600832      17.582942     -2127.909      -0.0028170993   0.00011290137  5441.8101    
Loop time of 0.0164232 on 4 procs for 1 steps with 500 atoms

70.3% CPU use with 4 MPI tasks x 1 OpenMP threads

Minimization stats:
  Stopping criterion = energy tolerance
  Energy initial, next-to-last, final = 
     -2127.90899004779  -2127.90899004779  -2127.90899008446
  Force two-norm initial, final = 0.064303035 0.0012489098
  Force max component initial, final = 0.064291395 0.00011290137
  Final line search alpha, max atom move = 0.0015554181 1.7560883e-07
  Iterations, force evaluations = 1 2

MPI task timing breakdown:
Section |  min time  |  avg time  |  max time  |%varavg| %total
---------------------------------------------------------------
Pair    | 0.014579   | 0.014652   | 0.01483    |   0.1 | 89.21
Neigh   | 0          | 0          | 0          |   0.0 |  0.00
Comm    | 0.00020436 | 0.00038355 | 0.00045615 |   0.0 |  2.34
Output  | 0          | 0          | 0          |   0.0 |  0.00
Modify  | 0          | 0          | 0          |   0.0 |  0.00
Other   |            | 0.001388   |            |       |  8.45

Nlocal:            125 ave         146 max         111 min
Histogram: 1 1 0 0 1 0 0 0 0 1
Nghost:           1737 ave        1751 max        1716 min
Histogram: 1 0 0 0 0 1 0 0 1 1
Neighs:          11000 ave       12840 max        9758 min
Histogram: 1 1 0 0 1 0 0 0 0 1

Total # of neighbors = 44000
Ave neighs/atom = 88
Neighbor list builds = 0
Dangerous builds = 0
unfix 2

variable lat_const equal "lx/5"
variable eatom equal "pe/count(all)"
variable teng equal "pe"
variable natoms equal "count(all)"

print "Lattice parameter (lx/5) = ${lat_const} A"
Lattice parameter (lx/5) = 3.51680785247221 A
print "Total Potential Energy (PE) = ${teng} eV"
Total Potential Energy (PE) = -2127.90899008446 eV
print "Number of atoms = ${natoms}"
Number of atoms = 500
print "Cohesive energy (PE/N) = ${eatom} eV"
Cohesive energy (PE/N) = -4.25581798016891 eV
print "Minimization completed."
Minimization completed.

write_data C3_mpack_2_minimized.data
System init for write_data ...
Total wall time: 0:00:00
