read_data C3_mpack_10.data
Reading data file ...
  triclinic box = (0 0 0) to (17.6 17.6 17.6) with tilt (1.0776892e-15 1.0776892e-15 1.0776892e-15)
  1 by 2 by 2 MPI processor grid
  reading atoms ...
  500 atoms
  read_data CPU = 0.008 seconds

mass 1 58.6934  # Ni
mass 2 55.845   # Fe
mass 3 51.9961  # Cr

pair_style eam/alloy
pair_coeff * * FeNiCr_bonny.eam.alloy Ni Fe Cr

neighbor 2.0 bin
neigh_modify delay 0 check yes
timestep 0.001

thermo 10
thermo_style custom step lx ly lz pe press fmax vol

# --- ЭТАПЫ МИНИМИЗАЦИИ ---
min_style cg
minimize 1.0e-8 1.0e-9 1000 5000

CITE-CITE-CITE-CITE-CITE-CITE-CITE-CITE-CITE-CITE-CITE-CITE-CITE

Your simulation uses code contributions which should be cited:

- Type Label Framework: https://doi.org/10.1021/acs.jpcb.3c08419

@Article{Gissinger24,
 author = {Jacob R. Gissinger, Ilia Nikiforov, Yaser Afshar, Brendon Waters, Moon-ki Choi, Daniel S. Karls, Alexander Stukowski, Wonpil Im, Hendrik Heinz, Axel Kohlmeyer, and Ellad B. Tadmor},
 title = {Type Label Framework for Bonded Force Fields in LAMMPS},
 journal = {J. Phys. Chem. B},
 year =    2024,
 volume =  128,
 number =  13,
 pages =   {3282–-3297}
}

CITE-CITE-CITE-CITE-CITE-CITE-CITE-CITE-CITE-CITE-CITE-CITE-CITE

Neighbor list info ...
  update: every = 1 steps, delay = 0 steps, check = yes
  max neighbors/atom: 2000, page size: 100000
  master list distance cutoff = 7.6
  ghost atom cutoff = 7.6
  binsize = 3.8, bins = 5 5 5
  1 neighbor lists, perpetual/occasional/extra = 1 0 0
  (1) pair eam/alloy, perpetual
      attributes: half, newton on
      pair build: half/bin/atomonly/newton/tri
      stencil: half/bin/3d/tri
      bin: standard
Per MPI rank memory allocation (min/avg/max) = 4.524 | 4.524 | 4.524 Mbytes
   Step           Lx             Ly             Lz           PotEng         Press           Fmax          Volume    
         0   17.6           17.6           17.6          -2125.7333     -3488.2015      0.82655379     5451.776     
        10   17.6           17.6           17.6          -2128.2301     -3666.7879      0.0043026776   5451.776     
        15   17.6           17.6           17.6          -2128.2304     -3666.8744      0.001308386    5451.776     
Loop time of 0.0219773 on 4 procs for 15 steps with 500 atoms

93.5% CPU use with 4 MPI tasks x 1 OpenMP threads

Minimization stats:
  Stopping criterion = energy tolerance
  Energy initial, next-to-last, final = 
      -2125.7333406025  -2128.23036874026   -2128.2303882591
  Force two-norm initial, final = 8.4910138 0.0136009
  Force max component initial, final = 0.82655379 0.001308386
  Final line search alpha, max atom move = 1 0.001308386
  Iterations, force evaluations = 15 30

MPI task timing breakdown:
Section |  min time  |  avg time  |  max time  |%varavg| %total
---------------------------------------------------------------
Pair    | 0.016366   | 0.016609   | 0.016924   |   0.2 | 75.57
Neigh   | 0          | 0          | 0          |   0.0 |  0.00
Comm    | 0.0028349  | 0.0032517  | 0.0037218  |   0.6 | 14.80
Output  | 2.3571e-05 | 3.8944e-05 | 8.4392e-05 |   0.0 |  0.18
Modify  | 0          | 0          | 0          |   0.0 |  0.00
Other   |            | 0.002078   |            |       |  9.46

Nlocal:            125 ave         145 max         105 min
Histogram: 1 0 0 0 0 2 0 0 0 1
Nghost:           1737 ave        1757 max        1717 min
Histogram: 1 0 0 0 0 2 0 0 0 1
Neighs:          11000 ave       12690 max        9243 min
Histogram: 1 0 0 0 0 2 0 0 0 1

Total # of neighbors = 44000
Ave neighs/atom = 88
Neighbor list builds = 0
Dangerous builds = 0

# Релаксация ячейки aniso
fix 1 all box/relax aniso 0.0 vmax 0.0001
min_style cg
minimize 1.0e-10 1.0e-11 1000 5000
WARNING: Energy due to 3 extra global DOFs will be included in minimizer energies
 (src/min.cpp:219)
Per MPI rank memory allocation (min/avg/max) = 4.524 | 4.524 | 4.524 Mbytes
   Step           Lx             Ly             Lz           PotEng         Press           Fmax          Volume    
        15   17.6           17.6           17.6          -2128.2304     -3666.8744      0.001308386    5451.776     
        20   17.5912        17.593857      17.592352     -2128.2415     -1322.6551      0.0056843782   5444.7811    
        30   17.578776      17.598351      17.587629     -2128.2441     -66.969966      0.0037395373   5440.8644    
        40   17.578332      17.598397      17.587136     -2128.2442     -0.67868927     0.0017024731   5440.5887    
        49   17.578244      17.598532      17.587032     -2128.2442      2.0273942      0.00079000238  5440.571     
Loop time of 0.0417316 on 4 procs for 34 steps with 500 atoms

72.1% CPU use with 4 MPI tasks x 1 OpenMP threads

Minimization stats:
  Stopping criterion = energy tolerance
  Energy initial, next-to-last, final = 
      -2128.2303882591  -2128.24420559007  -2128.24420561363
  Force two-norm initial, final = 21.734636 0.017669193
  Force max component initial, final = 14.035717 0.013729537
  Final line search alpha, max atom move = 0.0058542697 8.0376412e-05
  Iterations, force evaluations = 34 56

MPI task timing breakdown:
Section |  min time  |  avg time  |  max time  |%varavg| %total
---------------------------------------------------------------
Pair    | 0.033487   | 0.03385    | 0.03425    |   0.2 | 81.11
Neigh   | 0          | 0          | 0          |   0.0 |  0.00
Comm    | 0.0029588  | 0.0030305  | 0.0031328  |   0.1 |  7.26
Output  | 5.3051e-05 | 8.5327e-05 | 0.000182   |   0.0 |  0.20
Modify  | 0          | 0          | 0          |   0.0 |  0.00
Other   |            | 0.004766   |            |       | 11.42

Nlocal:            125 ave         136 max         100 min
Histogram: 1 0 0 0 0 0 0 0 1 2
Nghost:           1737 ave        1762 max        1726 min
Histogram: 2 1 0 0 0 0 0 0 0 1
Neighs:          11000 ave       11977 max        8804 min
Histogram: 1 0 0 0 0 0 0 0 1 2

Total # of neighbors = 44000
Ave neighs/atom = 88
Neighbor list builds = 0
Dangerous builds = 0
unfix 1

# Промежуточная минимизация атомов
min_style cg
minimize 1.0e-10 1.0e-11 1000 5000
Per MPI rank memory allocation (min/avg/max) = 4.524 | 4.524 | 4.524 Mbytes
   Step           Lx             Ly             Lz           PotEng         Press           Fmax          Volume    
        49   17.578244      17.598532      17.587032     -2128.2442      2.0273942      0.00079000238  5440.571     
        50   17.578244      17.598532      17.587032     -2128.2442      1.5313427      0.00067761321  5440.571     
        56   17.578244      17.598532      17.587032     -2128.2442      0.80683715     0.00013641212  5440.571     
Loop time of 0.0211449 on 4 procs for 7 steps with 500 atoms

73.9% CPU use with 4 MPI tasks x 1 OpenMP threads

Minimization stats:
  Stopping criterion = energy tolerance
  Energy initial, next-to-last, final = 
     -2128.24420561363  -2128.24421811835  -2128.24421830831
  Force two-norm initial, final = 0.0092142131 0.0015646021
  Force max component initial, final = 0.00079000238 0.00013641212
  Final line search alpha, max atom move = 1 0.00013641212
  Iterations, force evaluations = 7 14

MPI task timing breakdown:
Section |  min time  |  avg time  |  max time  |%varavg| %total
---------------------------------------------------------------
Pair    | 0.0092067  | 0.010551   | 0.01193    |   0.9 | 49.90
Neigh   | 0          | 0          | 0          |   0.0 |  0.00
Comm    | 0.0055923  | 0.0076715  | 0.0097075  |   1.7 | 36.28
Output  | 2.3509e-05 | 3.6918e-05 | 7.6597e-05 |   0.0 |  0.17
Modify  | 0          | 0          | 0          |   0.0 |  0.00
Other   |            | 0.002886   |            |       | 13.65

Nlocal:            125 ave         136 max         101 min
Histogram: 1 0 0 0 0 0 0 1 0 2
Nghost:           1737 ave        1761 max        1726 min
Histogram: 2 0 1 0 0 0 0 0 0 1
Neighs:          11000 ave       11905 max        8892 min
Histogram: 1 0 0 0 0 0 0 0 1 2

Total # of neighbors = 44000
Ave neighs/atom = 88
Neighbor list builds = 0
Dangerous builds = 0

# Релаксация ячейки iso
fix 2 all box/relax iso 0.0 vmax 0.0001
min_style cg
minimize 1.0e-10 1.0e-11 1000 5000
WARNING: Energy due to 1 extra global DOFs will be included in minimizer energies
 (src/min.cpp:219)
Per MPI rank memory allocation (min/avg/max) = 4.524 | 4.524 | 4.524 Mbytes
   Step           Lx             Ly             Lz           PotEng         Press           Fmax          Volume    
        56   17.578244      17.598532      17.587032     -2128.2442      0.80683715     0.00013641212  5440.571     
        57   17.578246      17.598535      17.587035     -2128.2442     -0.03004373     0.00013791944  5440.5735    
Loop time of 0.00271236 on 4 procs for 1 steps with 500 atoms

47.8% CPU use with 4 MPI tasks x 1 OpenMP threads

Minimization stats:
  Stopping criterion = energy tolerance
  Energy initial, next-to-last, final = 
     -2128.24421830832  -2128.24421830832  -2128.24421830896
  Force two-norm initial, final = 0.0083670111 0.0016034703
  Force max component initial, final = 0.0082194219 0.00030606197
  Final line search alpha, max atom move = 0.012166306 3.7236435e-06
  Iterations, force evaluations = 1 2

MPI task timing breakdown:
Section |  min time  |  avg time  |  max time  |%varavg| %total
---------------------------------------------------------------
Pair    | 0.00223    | 0.002237   | 0.0022476  |   0.0 | 82.47
Neigh   | 0          | 0          | 0          |   0.0 |  0.00
Comm    | 0.00018987 | 0.0001951  | 0.00019858 |   0.0 |  7.19
Output  | 0          | 0          | 0          |   0.0 |  0.00
Modify  | 0          | 0          | 0          |   0.0 |  0.00
Other   |            | 0.0002803  |            |       | 10.33

Nlocal:            125 ave         135 max         102 min
Histogram: 1 0 0 0 0 0 0 1 0 2
Nghost:           1737 ave        1760 max        1727 min
Histogram: 2 0 1 0 0 0 0 0 0 1
Neighs:          11000 ave       11889 max        8974 min
Histogram: 1 0 0 0 0 0 0 0 1 2

Total # of neighbors = 44000
Ave neighs/atom = 88
Neighbor list builds = 0
Dangerous builds = 0
unfix 2

variable lat_const equal "lx/5"
variable eatom equal "pe/count(all)"
variable teng equal "pe"
variable natoms equal "count(all)"

print "Lattice parameter (lx/5) = ${lat_const} A"
Lattice parameter (lx/5) = 3.51564925596685 A
print "Total Potential Energy (PE) = ${teng} eV"
Total Potential Energy (PE) = -2128.24421830896 eV
print "Number of atoms = ${natoms}"
Number of atoms = 500
print "Cohesive energy (PE/N) = ${eatom} eV"
Cohesive energy (PE/N) = -4.25648843661791 eV
print "Minimization completed."
Minimization completed.

write_data C3_mpack_10_minimized.data
System init for write_data ...
Total wall time: 0:00:00
