read_data B6_12.data
Reading data file ...
  triclinic box = (0 0 0) to (17.6 17.6 17.6) with tilt (1.0776892e-15 1.0776892e-15 1.0776892e-15)
  1 by 2 by 2 MPI processor grid
  reading atoms ...
  500 atoms
  read_data CPU = 0.008 seconds

mass 1 58.6934  # Ni
mass 2 55.845   # Fe
mass 3 51.9961  # Cr

pair_style eam/alloy
pair_coeff * * FeNiCr_bonny.eam.alloy Ni Fe Cr

neighbor 2.0 bin
neigh_modify delay 0 check yes
timestep 0.001

thermo 10
thermo_style custom step lx ly lz pe press fmax vol

# --- ЭТАПЫ МИНИМИЗАЦИИ ---
min_style cg
minimize 1.0e-8 1.0e-9 1000 5000

CITE-CITE-CITE-CITE-CITE-CITE-CITE-CITE-CITE-CITE-CITE-CITE-CITE

Your simulation uses code contributions which should be cited:

- Type Label Framework: https://doi.org/10.1021/acs.jpcb.3c08419

@Article{Gissinger24,
 author = {Jacob R. Gissinger, Ilia Nikiforov, Yaser Afshar, Brendon Waters, Moon-ki Choi, Daniel S. Karls, Alexander Stukowski, Wonpil Im, Hendrik Heinz, Axel Kohlmeyer, and Ellad B. Tadmor},
 title = {Type Label Framework for Bonded Force Fields in LAMMPS},
 journal = {J. Phys. Chem. B},
 year =    2024,
 volume =  128,
 number =  13,
 pages =   {3282–-3297}
}

CITE-CITE-CITE-CITE-CITE-CITE-CITE-CITE-CITE-CITE-CITE-CITE-CITE

Neighbor list info ...
  update: every = 1 steps, delay = 0 steps, check = yes
  max neighbors/atom: 2000, page size: 100000
  master list distance cutoff = 7.6
  ghost atom cutoff = 7.6
  binsize = 3.8, bins = 5 5 5
  1 neighbor lists, perpetual/occasional/extra = 1 0 0
  (1) pair eam/alloy, perpetual
      attributes: half, newton on
      pair build: half/bin/atomonly/newton/tri
      stencil: half/bin/3d/tri
      bin: standard
Per MPI rank memory allocation (min/avg/max) = 4.524 | 4.524 | 4.524 Mbytes
   Step           Lx             Ly             Lz           PotEng         Press           Fmax          Volume    
         0   17.6           17.6           17.6          -2112.909      -3719.7752      0.79867697     5451.776     
        10   17.6           17.6           17.6          -2115.4197     -5041.8841      0.0083081537   5451.776     
        16   17.6           17.6           17.6          -2115.4206     -5036.5485      0.00087533422  5451.776     
Loop time of 0.0385594 on 4 procs for 16 steps with 500 atoms

79.7% CPU use with 4 MPI tasks x 1 OpenMP threads

Minimization stats:
  Stopping criterion = energy tolerance
  Energy initial, next-to-last, final = 
     -2112.90897268624  -2115.42055816109  -2115.42057180044
  Force two-norm initial, final = 8.443592 0.011208837
  Force max component initial, final = 0.79867697 0.00087533422
  Final line search alpha, max atom move = 1 0.00087533422
  Iterations, force evaluations = 16 32

MPI task timing breakdown:
Section |  min time  |  avg time  |  max time  |%varavg| %total
---------------------------------------------------------------
Pair    | 0.029111   | 0.030052   | 0.030959   |   0.5 | 77.94
Neigh   | 0          | 0          | 0          |   0.0 |  0.00
Comm    | 0.0043004  | 0.0058839  | 0.007435   |   1.5 | 15.26
Output  | 2.3153e-05 | 3.7096e-05 | 7.8734e-05 |   0.0 |  0.10
Modify  | 0          | 0          | 0          |   0.0 |  0.00
Other   |            | 0.002587   |            |       |  6.71

Nlocal:            125 ave         145 max         105 min
Histogram: 1 0 0 0 0 2 0 0 0 1
Nghost:           1737 ave        1757 max        1717 min
Histogram: 1 0 0 0 0 2 0 0 0 1
Neighs:          11000 ave       12708 max        9269 min
Histogram: 1 0 0 0 1 1 0 0 0 1

Total # of neighbors = 44000
Ave neighs/atom = 88
Neighbor list builds = 0
Dangerous builds = 0

# Релаксация ячейки aniso
fix 1 all box/relax aniso 0.0 vmax 0.0001
min_style cg
minimize 1.0e-10 1.0e-11 1000 5000
WARNING: Energy due to 3 extra global DOFs will be included in minimizer energies
 (src/min.cpp:219)
Per MPI rank memory allocation (min/avg/max) = 4.524 | 4.524 | 4.524 Mbytes
   Step           Lx             Ly             Lz           PotEng         Press           Fmax          Volume    
        16   17.6           17.6           17.6          -2115.4206     -5036.5485      0.00087533422  5451.776     
        20   17.59296       17.595348      17.595312     -2115.4343     -3249.9705      0.0044609018   5446.7036    
        30   17.57536       17.589978      17.589746     -2115.4458     -110.31424      0.013732465    5437.8733    
        40   17.560985      17.597012      17.596106     -2115.4479     -101.2643       0.0057825795   5437.5641    
        48   17.559723      17.596866      17.596211     -2115.4482      3.1781471      0.0019511812   5437.1607    
Loop time of 0.0405728 on 4 procs for 32 steps with 500 atoms

71.1% CPU use with 4 MPI tasks x 1 OpenMP threads

Minimization stats:
  Stopping criterion = energy tolerance
  Energy initial, next-to-last, final = 
     -2115.42057180044  -2115.44819250478  -2115.44819256888
  Force two-norm initial, final = 30.158637 0.030281327
  Force max component initial, final = 21.489496 0.014802584
  Final line search alpha, max atom move = 0.0038658114 5.7223998e-05
  Iterations, force evaluations = 32 42

MPI task timing breakdown:
Section |  min time  |  avg time  |  max time  |%varavg| %total
---------------------------------------------------------------
Pair    | 0.026009   | 0.027092   | 0.028212   |   0.6 | 66.77
Neigh   | 0          | 0          | 0          |   0.0 |  0.00
Comm    | 0.006743   | 0.008199   | 0.0097889  |   1.5 | 20.21
Output  | 5.2867e-05 | 9.785e-05  | 0.00023235 |   0.0 |  0.24
Modify  | 0          | 0          | 0          |   0.0 |  0.00
Other   |            | 0.005184   |            |       | 12.78

Nlocal:            125 ave         133 max         115 min
Histogram: 1 0 0 0 0 1 1 0 0 1
Nghost:           1737 ave        1747 max        1729 min
Histogram: 1 0 0 1 1 0 0 0 0 1
Neighs:          11000 ave       11698 max       10106 min
Histogram: 1 0 0 0 0 1 1 0 0 1

Total # of neighbors = 44000
Ave neighs/atom = 88
Neighbor list builds = 0
Dangerous builds = 0
unfix 1

# Промежуточная минимизация атомов
min_style cg
minimize 1.0e-10 1.0e-11 1000 5000
Per MPI rank memory allocation (min/avg/max) = 4.524 | 4.524 | 4.524 Mbytes
   Step           Lx             Ly             Lz           PotEng         Press           Fmax          Volume    
        48   17.559723      17.596866      17.596211     -2115.4482      3.1781471      0.0019511812   5437.1607    
        50   17.559723      17.596866      17.596211     -2115.4482     -0.30953535     0.0013651893   5437.1607    
        57   17.559723      17.596866      17.596211     -2115.4482     -3.5070449      0.00011640193  5437.1607    
Loop time of 0.0170954 on 4 procs for 9 steps with 500 atoms

90.0% CPU use with 4 MPI tasks x 1 OpenMP threads

Minimization stats:
  Stopping criterion = energy tolerance
  Energy initial, next-to-last, final = 
     -2115.44819256888  -2115.44823701752  -2115.44823718784
  Force two-norm initial, final = 0.022671063 0.0013689104
  Force max component initial, final = 0.0019511812 0.00011640193
  Final line search alpha, max atom move = 1 0.00011640193
  Iterations, force evaluations = 9 18

MPI task timing breakdown:
Section |  min time  |  avg time  |  max time  |%varavg| %total
---------------------------------------------------------------
Pair    | 0.014932   | 0.014974   | 0.015014   |   0.0 | 87.59
Neigh   | 0          | 0          | 0          |   0.0 |  0.00
Comm    | 0.0012126  | 0.0012479  | 0.0012909  |   0.1 |  7.30
Output  | 2.4109e-05 | 4.1966e-05 | 9.5147e-05 |   0.0 |  0.25
Modify  | 0          | 0          | 0          |   0.0 |  0.00
Other   |            | 0.0008319  |            |       |  4.87

Nlocal:            125 ave         133 max         114 min
Histogram: 1 0 0 0 0 1 0 1 0 1
Nghost:           1737 ave        1748 max        1729 min
Histogram: 1 0 1 0 1 0 0 0 0 1
Neighs:          11000 ave       11698 max       10037 min
Histogram: 1 0 0 0 0 1 0 1 0 1

Total # of neighbors = 44000
Ave neighs/atom = 88
Neighbor list builds = 0
Dangerous builds = 0

# Релаксация ячейки iso
fix 2 all box/relax iso 0.0 vmax 0.0001
min_style cg
minimize 1.0e-10 1.0e-11 1000 5000
WARNING: Energy due to 1 extra global DOFs will be included in minimizer energies
 (src/min.cpp:219)
Per MPI rank memory allocation (min/avg/max) = 4.524 | 4.524 | 4.524 Mbytes
   Step           Lx             Ly             Lz           PotEng         Press           Fmax          Volume    
        57   17.559723      17.596866      17.596211     -2115.4482     -3.5070449      0.00011640193  5437.1607    
        58   17.559712      17.596856      17.596201     -2115.4482      0.0022702567   0.00011755876  5437.1509    
Loop time of 0.00273774 on 4 procs for 1 steps with 500 atoms

75.6% CPU use with 4 MPI tasks x 1 OpenMP threads

Minimization stats:
  Stopping criterion = energy tolerance
  Energy initial, next-to-last, final = 
     -2115.44823718784  -2115.44823718784  -2115.44823719858
  Force two-norm initial, final = 0.03573085 0.0013788601
  Force max component initial, final = 0.035704618 0.00011755876
  Final line search alpha, max atom move = 0.0028007582 3.2925364e-07
  Iterations, force evaluations = 1 2

MPI task timing breakdown:
Section |  min time  |  avg time  |  max time  |%varavg| %total
---------------------------------------------------------------
Pair    | 0.0022949  | 0.0022989  | 0.0023021  |   0.0 | 83.97
Neigh   | 0          | 0          | 0          |   0.0 |  0.00
Comm    | 0.00018907 | 0.000194   | 0.00019916 |   0.0 |  7.09
Output  | 0          | 0          | 0          |   0.0 |  0.00
Modify  | 0          | 0          | 0          |   0.0 |  0.00
Other   |            | 0.0002448  |            |       |  8.94

Nlocal:            125 ave         133 max         114 min
Histogram: 1 0 0 0 0 1 0 1 0 1
Nghost:           1737 ave        1748 max        1729 min
Histogram: 1 0 1 0 1 0 0 0 0 1
Neighs:          11000 ave       11698 max       10013 min
Histogram: 1 0 0 0 0 1 0 1 0 1

Total # of neighbors = 44000
Ave neighs/atom = 88
Neighbor list builds = 0
Dangerous builds = 0
unfix 2

variable lat_const equal "lx/5"
variable eatom equal "pe/count(all)"
variable teng equal "pe"
variable natoms equal "count(all)"

print "Lattice parameter (lx/5) = ${lat_const} A"
Lattice parameter (lx/5) = 3.51194249951384 A
print "Total Potential Energy (PE) = ${teng} eV"
Total Potential Energy (PE) = -2115.44823719858 eV
print "Number of atoms = ${natoms}"
Number of atoms = 500
print "Cohesive energy (PE/N) = ${eatom} eV"
Cohesive energy (PE/N) = -4.23089647439716 eV
print "Minimization completed."
Minimization completed.

write_data B6_12_minimized.data
System init for write_data ...
Total wall time: 0:00:00
