read_data B6_11.data
Reading data file ...
  triclinic box = (0 0 0) to (17.6 17.6 17.6) with tilt (1.0776892e-15 1.0776892e-15 1.0776892e-15)
  1 by 2 by 2 MPI processor grid
  reading atoms ...
  500 atoms
  read_data CPU = 0.008 seconds

mass 1 58.6934  # Ni
mass 2 55.845   # Fe
mass 3 51.9961  # Cr

pair_style eam/alloy
pair_coeff * * FeNiCr_bonny.eam.alloy Ni Fe Cr

neighbor 2.0 bin
neigh_modify delay 0 check yes
timestep 0.001

thermo 10
thermo_style custom step lx ly lz pe press fmax vol

# --- ЭТАПЫ МИНИМИЗАЦИИ ---
min_style cg
minimize 1.0e-8 1.0e-9 1000 5000

CITE-CITE-CITE-CITE-CITE-CITE-CITE-CITE-CITE-CITE-CITE-CITE-CITE

Your simulation uses code contributions which should be cited:

- Type Label Framework: https://doi.org/10.1021/acs.jpcb.3c08419

@Article{Gissinger24,
 author = {Jacob R. Gissinger, Ilia Nikiforov, Yaser Afshar, Brendon Waters, Moon-ki Choi, Daniel S. Karls, Alexander Stukowski, Wonpil Im, Hendrik Heinz, Axel Kohlmeyer, and Ellad B. Tadmor},
 title = {Type Label Framework for Bonded Force Fields in LAMMPS},
 journal = {J. Phys. Chem. B},
 year =    2024,
 volume =  128,
 number =  13,
 pages =   {3282–-3297}
}

CITE-CITE-CITE-CITE-CITE-CITE-CITE-CITE-CITE-CITE-CITE-CITE-CITE

Neighbor list info ...
  update: every = 1 steps, delay = 0 steps, check = yes
  max neighbors/atom: 2000, page size: 100000
  master list distance cutoff = 7.6
  ghost atom cutoff = 7.6
  binsize = 3.8, bins = 5 5 5
  1 neighbor lists, perpetual/occasional/extra = 1 0 0
  (1) pair eam/alloy, perpetual
      attributes: half, newton on
      pair build: half/bin/atomonly/newton/tri
      stencil: half/bin/3d/tri
      bin: standard
Per MPI rank memory allocation (min/avg/max) = 4.524 | 4.524 | 4.524 Mbytes
   Step           Lx             Ly             Lz           PotEng         Press           Fmax          Volume    
         0   17.6           17.6           17.6          -2112.0553     -4345.3446      0.74345784     5451.776     
        10   17.6           17.6           17.6          -2114.7342     -5296.692       0.0086659527   5451.776     
        16   17.6           17.6           17.6          -2114.7352     -5308.445       0.00095812354  5451.776     
Loop time of 0.0394514 on 4 procs for 16 steps with 500 atoms

76.5% CPU use with 4 MPI tasks x 1 OpenMP threads

Minimization stats:
  Stopping criterion = energy tolerance
  Energy initial, next-to-last, final = 
     -2112.05526139954   -2114.7352243444  -2114.73523635944
  Force two-norm initial, final = 8.6007306 0.010617281
  Force max component initial, final = 0.74345784 0.00095812354
  Final line search alpha, max atom move = 1 0.00095812354
  Iterations, force evaluations = 16 32

MPI task timing breakdown:
Section |  min time  |  avg time  |  max time  |%varavg| %total
---------------------------------------------------------------
Pair    | 0.028737   | 0.029661   | 0.030312   |   0.3 | 75.18
Neigh   | 0          | 0          | 0          |   0.0 |  0.00
Comm    | 0.0061918  | 0.0066683  | 0.0075667  |   0.7 | 16.90
Output  | 2.6421e-05 | 4.5423e-05 | 0.00010047 |   0.0 |  0.12
Modify  | 0          | 0          | 0          |   0.0 |  0.00
Other   |            | 0.003077   |            |       |  7.80

Nlocal:            125 ave         145 max         105 min
Histogram: 1 0 0 0 0 2 0 0 0 1
Nghost:           1737 ave        1757 max        1717 min
Histogram: 1 0 0 0 0 2 0 0 0 1
Neighs:          11000 ave       12753 max        9264 min
Histogram: 1 0 0 0 1 1 0 0 0 1

Total # of neighbors = 44000
Ave neighs/atom = 88
Neighbor list builds = 0
Dangerous builds = 0

# Релаксация ячейки aniso
fix 1 all box/relax aniso 0.0 vmax 0.0001
min_style cg
minimize 1.0e-10 1.0e-11 1000 5000
WARNING: Energy due to 3 extra global DOFs will be included in minimizer energies
 (src/min.cpp:219)
Per MPI rank memory allocation (min/avg/max) = 4.524 | 4.524 | 4.524 Mbytes
   Step           Lx             Ly             Lz           PotEng         Press           Fmax          Volume    
        16   17.6           17.6           17.6          -2114.7352     -5308.445       0.00095812354  5451.776     
        20   17.595238      17.594606      17.59296      -2114.7502     -3433.3542      0.0056892283   5446.4512    
        30   17.590581      17.586179      17.57536      -2114.7624     -55.950389      0.015830766    5436.9572    
        40   17.598305      17.588761      17.563969     -2114.764      -23.657675      0.0051206945   5436.6171    
        50   17.597309      17.587713      17.564941     -2114.7641      66.083927      0.0023005142   5436.2861    
        60   17.598834      17.588548      17.563003     -2114.7642     -0.038969368    0.0012212694   5436.4158    
        66   17.598893      17.588586      17.562826     -2114.7643      0.061945949    0.00063256681  5436.391     
Loop time of 0.105675 on 4 procs for 50 steps with 500 atoms

76.7% CPU use with 4 MPI tasks x 1 OpenMP threads

Minimization stats:
  Stopping criterion = energy tolerance
  Energy initial, next-to-last, final = 
     -2114.73523635944  -2114.76426143689  -2114.76426163497
  Force two-norm initial, final = 31.623232 0.0066107343
  Force max component initial, final = 21.686853 0.001195629
  Final line search alpha, max atom move = 0.003885954 4.6461595e-06
  Iterations, force evaluations = 50 76

MPI task timing breakdown:
Section |  min time  |  avg time  |  max time  |%varavg| %total
---------------------------------------------------------------
Pair    | 0.081512   | 0.081849   | 0.082168   |   0.1 | 77.45
Neigh   | 0          | 0          | 0          |   0.0 |  0.00
Comm    | 0.011856   | 0.013065   | 0.014279   |   1.1 | 12.36
Output  | 0.0001798  | 0.0004246  | 0.0011183  |   0.0 |  0.40
Modify  | 0          | 0          | 0          |   0.0 |  0.00
Other   |            | 0.01034    |            |       |  9.78

Nlocal:            125 ave         133 max         115 min
Histogram: 1 0 1 0 0 0 0 0 0 2
Nghost:           1737 ave        1747 max        1729 min
Histogram: 2 0 0 0 0 0 0 1 0 1
Neighs:          11000 ave       11726 max       10128 min
Histogram: 1 0 1 0 0 0 0 0 0 2

Total # of neighbors = 44000
Ave neighs/atom = 88
Neighbor list builds = 0
Dangerous builds = 0
unfix 1

# Промежуточная минимизация атомов
min_style cg
minimize 1.0e-10 1.0e-11 1000 5000
Per MPI rank memory allocation (min/avg/max) = 4.524 | 4.524 | 4.524 Mbytes
   Step           Lx             Ly             Lz           PotEng         Press           Fmax          Volume    
        66   17.598893      17.588586      17.562826     -2114.7643      0.061945949    0.00063256681  5436.391     
        70   17.598893      17.588586      17.562826     -2114.7643      2.8632448      0.00028753311  5436.391     
        73   17.598893      17.588586      17.562826     -2114.7643      1.811549       8.0886318e-05  5436.391     
Loop time of 0.0127464 on 4 procs for 7 steps with 500 atoms

90.2% CPU use with 4 MPI tasks x 1 OpenMP threads

Minimization stats:
  Stopping criterion = energy tolerance
  Energy initial, next-to-last, final = 
     -2114.76426163497  -2114.76426880809  -2114.76426888952
  Force two-norm initial, final = 0.0064752567 0.00083992425
  Force max component initial, final = 0.00063256681 8.0886318e-05
  Final line search alpha, max atom move = 1 8.0886318e-05
  Iterations, force evaluations = 7 14

MPI task timing breakdown:
Section |  min time  |  avg time  |  max time  |%varavg| %total
---------------------------------------------------------------
Pair    | 0.010792   | 0.010827   | 0.010857   |   0.0 | 84.95
Neigh   | 0          | 0          | 0          |   0.0 |  0.00
Comm    | 0.00086666 | 0.00090286 | 0.00095871 |   0.0 |  7.08
Output  | 3.7201e-05 | 6.1303e-05 | 0.00013154 |   0.0 |  0.48
Modify  | 0          | 0          | 0          |   0.0 |  0.00
Other   |            | 0.0009548  |            |       |  7.49

Nlocal:            125 ave         132 max         117 min
Histogram: 1 0 1 0 0 0 0 0 1 1
Nghost:           1737 ave        1745 max        1730 min
Histogram: 1 1 0 0 0 0 0 1 0 1
Neighs:          11000 ave       11638 max       10304 min
Histogram: 1 0 1 0 0 0 0 0 1 1

Total # of neighbors = 44000
Ave neighs/atom = 88
Neighbor list builds = 0
Dangerous builds = 0

# Релаксация ячейки iso
fix 2 all box/relax iso 0.0 vmax 0.0001
min_style cg
minimize 1.0e-10 1.0e-11 1000 5000
WARNING: Energy due to 1 extra global DOFs will be included in minimizer energies
 (src/min.cpp:219)
Per MPI rank memory allocation (min/avg/max) = 4.524 | 4.524 | 4.524 Mbytes
   Step           Lx             Ly             Lz           PotEng         Press           Fmax          Volume    
        73   17.598893      17.588586      17.562826     -2114.7643      1.811549       8.0886318e-05  5436.391     
        74   17.598898      17.588592      17.562832     -2114.7643     -0.0052960077   8.0330672e-05  5436.3961    
Loop time of 0.011182 on 4 procs for 1 steps with 500 atoms

75.0% CPU use with 4 MPI tasks x 1 OpenMP threads

Minimization stats:
  Stopping criterion = energy tolerance
  Energy initial, next-to-last, final = 
     -2114.76426888952  -2114.76426888952  -2114.76426889239
  Force two-norm initial, final = 0.018459575 0.00083375357
  Force max component initial, final = 0.018440456 8.0330672e-05
  Final line search alpha, max atom move = 0.0054228593 4.3562193e-07
  Iterations, force evaluations = 1 2

MPI task timing breakdown:
Section |  min time  |  avg time  |  max time  |%varavg| %total
---------------------------------------------------------------
Pair    | 0.0044847  | 0.0063611  | 0.0085585  |   2.4 | 56.89
Neigh   | 0          | 0          | 0          |   0.0 |  0.00
Comm    | 0.00058847 | 0.003328   | 0.0057432  |   3.5 | 29.76
Output  | 0          | 0          | 0          |   0.0 |  0.00
Modify  | 0          | 0          | 0          |   0.0 |  0.00
Other   |            | 0.001493   |            |       | 13.35

Nlocal:            125 ave         132 max         117 min
Histogram: 1 0 1 0 0 0 0 0 1 1
Nghost:           1737 ave        1745 max        1730 min
Histogram: 1 1 0 0 0 0 0 1 0 1
Neighs:          11000 ave       11638 max       10304 min
Histogram: 1 0 1 0 0 0 0 0 1 1

Total # of neighbors = 44000
Ave neighs/atom = 88
Neighbor list builds = 0
Dangerous builds = 0
unfix 2

variable lat_const equal "lx/5"
variable eatom equal "pe/count(all)"
variable teng equal "pe"
variable natoms equal "count(all)"

print "Lattice parameter (lx/5) = ${lat_const} A"
Lattice parameter (lx/5) = 3.51977964549318 A
print "Total Potential Energy (PE) = ${teng} eV"
Total Potential Energy (PE) = -2114.76426889239 eV
print "Number of atoms = ${natoms}"
Number of atoms = 500
print "Cohesive energy (PE/N) = ${eatom} eV"
Cohesive energy (PE/N) = -4.22952853778479 eV
print "Minimization completed."
Minimization completed.

write_data B6_11_minimized.data
System init for write_data ...
Total wall time: 0:00:00
