read_data B6_3.data
Reading data file ...
  triclinic box = (0 0 0) to (17.6 17.6 17.6) with tilt (1.0776892e-15 1.0776892e-15 1.0776892e-15)
  1 by 2 by 2 MPI processor grid
  reading atoms ...
  500 atoms
  read_data CPU = 0.010 seconds

mass 1 58.6934  # Ni
mass 2 55.845   # Fe
mass 3 51.9961  # Cr

pair_style eam/alloy
pair_coeff * * FeNiCr_bonny.eam.alloy Ni Fe Cr

neighbor 2.0 bin
neigh_modify delay 0 check yes
timestep 0.001

thermo 10
thermo_style custom step lx ly lz pe press fmax vol

# --- ЭТАПЫ МИНИМИЗАЦИИ ---
min_style cg
minimize 1.0e-8 1.0e-9 1000 5000

CITE-CITE-CITE-CITE-CITE-CITE-CITE-CITE-CITE-CITE-CITE-CITE-CITE

Your simulation uses code contributions which should be cited:

- Type Label Framework: https://doi.org/10.1021/acs.jpcb.3c08419

@Article{Gissinger24,
 author = {Jacob R. Gissinger, Ilia Nikiforov, Yaser Afshar, Brendon Waters, Moon-ki Choi, Daniel S. Karls, Alexander Stukowski, Wonpil Im, Hendrik Heinz, Axel Kohlmeyer, and Ellad B. Tadmor},
 title = {Type Label Framework for Bonded Force Fields in LAMMPS},
 journal = {J. Phys. Chem. B},
 year =    2024,
 volume =  128,
 number =  13,
 pages =   {3282–-3297}
}

CITE-CITE-CITE-CITE-CITE-CITE-CITE-CITE-CITE-CITE-CITE-CITE-CITE

Neighbor list info ...
  update: every = 1 steps, delay = 0 steps, check = yes
  max neighbors/atom: 2000, page size: 100000
  master list distance cutoff = 7.6
  ghost atom cutoff = 7.6
  binsize = 3.8, bins = 5 5 5
  1 neighbor lists, perpetual/occasional/extra = 1 0 0
  (1) pair eam/alloy, perpetual
      attributes: half, newton on
      pair build: half/bin/atomonly/newton/tri
      stencil: half/bin/3d/tri
      bin: standard
Per MPI rank memory allocation (min/avg/max) = 4.524 | 4.524 | 4.524 Mbytes
   Step           Lx             Ly             Lz           PotEng         Press           Fmax          Volume    
         0   17.6           17.6           17.6          -2114.1635     -3582.5383      0.73286981     5451.776     
        10   17.6           17.6           17.6          -2116.7459     -4623.442       0.0086339339   5451.776     
        16   17.6           17.6           17.6          -2116.747      -4622.3121      0.0011790798   5451.776     
Loop time of 0.0419604 on 4 procs for 16 steps with 500 atoms

80.4% CPU use with 4 MPI tasks x 1 OpenMP threads

Minimization stats:
  Stopping criterion = energy tolerance
  Energy initial, next-to-last, final = 
     -2114.16346806403  -2116.74701631422  -2116.74702915861
  Force two-norm initial, final = 8.3925925 0.011213858
  Force max component initial, final = 0.73286981 0.0011790798
  Final line search alpha, max atom move = 1 0.0011790798
  Iterations, force evaluations = 16 32

MPI task timing breakdown:
Section |  min time  |  avg time  |  max time  |%varavg| %total
---------------------------------------------------------------
Pair    | 0.030092   | 0.030519   | 0.030933   |   0.2 | 72.73
Neigh   | 0          | 0          | 0          |   0.0 |  0.00
Comm    | 0.0052778  | 0.0071872  | 0.0092195  |   1.9 | 17.13
Output  | 2.4377e-05 | 4.078e-05  | 8.9155e-05 |   0.0 |  0.10
Modify  | 0          | 0          | 0          |   0.0 |  0.00
Other   |            | 0.004214   |            |       | 10.04

Nlocal:            125 ave         145 max         105 min
Histogram: 1 0 0 0 0 2 0 0 0 1
Nghost:           1737 ave        1757 max        1717 min
Histogram: 1 0 0 0 0 2 0 0 0 1
Neighs:          11000 ave       12726 max        9187 min
Histogram: 1 0 0 0 0 2 0 0 0 1

Total # of neighbors = 44000
Ave neighs/atom = 88
Neighbor list builds = 0
Dangerous builds = 0

# Релаксация ячейки aniso
fix 1 all box/relax aniso 0.0 vmax 0.0001
min_style cg
minimize 1.0e-10 1.0e-11 1000 5000
WARNING: Energy due to 3 extra global DOFs will be included in minimizer energies
 (src/min.cpp:219)
Per MPI rank memory allocation (min/avg/max) = 4.524 | 4.524 | 4.524 Mbytes
   Step           Lx             Ly             Lz           PotEng         Press           Fmax          Volume    
        16   17.6           17.6           17.6          -2116.747      -4622.3121      0.0011790798   5451.776     
        20   17.59296       17.59656       17.59596      -2116.7589     -3018.1302      0.0034040258   5447.2796    
        30   17.57536       17.594258      17.59113      -2116.7708     -263.44171      0.010635453    5439.6244    
        40   17.55776       17.604244      17.596439     -2116.7744      0.59352544     0.014743825    5438.9024    
        50   17.552229      17.605471      17.599527     -2116.7754      47.345417      0.0044469571   5438.5224    
        60   17.551169      17.607942      17.598227     -2116.7757      0.0030166301   0.0015371436   5438.5554    
        67   17.551196      17.607935      17.598322     -2116.7757     -12.556769      0.00089943296  5438.5911    
Loop time of 0.0800178 on 4 procs for 51 steps with 500 atoms

77.2% CPU use with 4 MPI tasks x 1 OpenMP threads

Minimization stats:
  Stopping criterion = energy tolerance
  Energy initial, next-to-last, final = 
     -2116.74702915861  -2116.77574098884  -2116.77574113981
  Force two-norm initial, final = 28.340523 0.07495821
  Force max component initial, final = 22.029001 0.047096838
  Final line search alpha, max atom move = 0.066907618 0.0031511372
  Iterations, force evaluations = 51 72

MPI task timing breakdown:
Section |  min time  |  avg time  |  max time  |%varavg| %total
---------------------------------------------------------------
Pair    | 0.05731    | 0.059502   | 0.061623   |   0.8 | 74.36
Neigh   | 0          | 0          | 0          |   0.0 |  0.00
Comm    | 0.010651   | 0.01151    | 0.012071   |   0.5 | 14.38
Output  | 0.00016266 | 0.00025576 | 0.00047596 |   0.0 |  0.32
Modify  | 0          | 0          | 0          |   0.0 |  0.00
Other   |            | 0.00875    |            |       | 10.94

Nlocal:            125 ave         139 max         114 min
Histogram: 1 1 0 0 0 0 1 0 0 1
Nghost:           1737 ave        1748 max        1723 min
Histogram: 1 0 0 0 1 0 0 0 1 1
Neighs:          11000 ave       12304 max       10044 min
Histogram: 1 1 0 0 0 1 0 0 0 1

Total # of neighbors = 44000
Ave neighs/atom = 88
Neighbor list builds = 0
Dangerous builds = 0
unfix 1

# Промежуточная минимизация атомов
min_style cg
minimize 1.0e-10 1.0e-11 1000 5000
Per MPI rank memory allocation (min/avg/max) = 4.524 | 4.524 | 4.524 Mbytes
   Step           Lx             Ly             Lz           PotEng         Press           Fmax          Volume    
        67   17.551196      17.607935      17.598322     -2116.7757     -12.556769      0.00089943296  5438.5911    
        70   17.551196      17.607935      17.598322     -2116.7758     -12.223479      0.00057256081  5438.5911    
        74   17.551196      17.607935      17.598322     -2116.7758     -13.626801      0.0001492589   5438.5911    
Loop time of 0.0101585 on 4 procs for 7 steps with 500 atoms

84.8% CPU use with 4 MPI tasks x 1 OpenMP threads

Minimization stats:
  Stopping criterion = energy tolerance
  Energy initial, next-to-last, final = 
     -2116.77574113981  -2116.77575633649  -2116.77575654584
  Force two-norm initial, final = 0.011054682 0.0013364767
  Force max component initial, final = 0.00089943296 0.0001492589
  Final line search alpha, max atom move = 1 0.0001492589
  Iterations, force evaluations = 7 14

MPI task timing breakdown:
Section |  min time  |  avg time  |  max time  |%varavg| %total
---------------------------------------------------------------
Pair    | 0.0088621  | 0.0088941  | 0.0089239  |   0.0 | 87.55
Neigh   | 0          | 0          | 0          |   0.0 |  0.00
Comm    | 0.00064362 | 0.00069971 | 0.00073875 |   0.0 |  6.89
Output  | 2.3677e-05 | 3.8457e-05 | 8.1494e-05 |   0.0 |  0.38
Modify  | 0          | 0          | 0          |   0.0 |  0.00
Other   |            | 0.0005262  |            |       |  5.18

Nlocal:            125 ave         140 max         112 min
Histogram: 1 0 1 0 0 1 0 0 0 1
Nghost:           1737 ave        1750 max        1722 min
Histogram: 1 0 0 0 1 0 0 1 0 1
Neighs:          11000 ave       12391 max        9866 min
Histogram: 1 0 1 0 0 1 0 0 0 1

Total # of neighbors = 44000
Ave neighs/atom = 88
Neighbor list builds = 0
Dangerous builds = 0

# Релаксация ячейки iso
fix 2 all box/relax iso 0.0 vmax 0.0001
min_style cg
minimize 1.0e-10 1.0e-11 1000 5000
WARNING: Energy due to 1 extra global DOFs will be included in minimizer energies
 (src/min.cpp:219)
Per MPI rank memory allocation (min/avg/max) = 4.524 | 4.524 | 4.524 Mbytes
   Step           Lx             Ly             Lz           PotEng         Press           Fmax          Volume    
        74   17.551196      17.607935      17.598322     -2116.7758     -13.626801      0.0001492589   5438.5911    
        75   17.551155      17.607895      17.598282     -2116.7758     -0.010247199    0.00014143016  5438.5535    
Loop time of 0.00158055 on 4 procs for 1 steps with 500 atoms

79.7% CPU use with 4 MPI tasks x 1 OpenMP threads

Minimization stats:
  Stopping criterion = energy tolerance
  Energy initial, next-to-last, final = 
     -2116.77575654584  -2116.77575654584  -2116.77575670581
  Force two-norm initial, final = 0.13877504 0.0013106525
  Force max component initial, final = 0.1387686 0.00014143016
  Final line search alpha, max atom move = 0.00072062412 1.0191799e-07
  Iterations, force evaluations = 1 2

MPI task timing breakdown:
Section |  min time  |  avg time  |  max time  |%varavg| %total
---------------------------------------------------------------
Pair    | 0.0013211  | 0.0013222  | 0.001323   |   0.0 | 83.66
Neigh   | 0          | 0          | 0          |   0.0 |  0.00
Comm    | 0.00010025 | 0.00010088 | 0.00010155 |   0.0 |  6.38
Output  | 0          | 0          | 0          |   0.0 |  0.00
Modify  | 0          | 0          | 0          |   0.0 |  0.00
Other   |            | 0.0001574  |            |       |  9.96

Nlocal:            125 ave         140 max         112 min
Histogram: 1 0 1 0 0 1 0 0 0 1
Nghost:           1737 ave        1750 max        1722 min
Histogram: 1 0 0 0 1 0 0 1 0 1
Neighs:          11000 ave       12391 max        9866 min
Histogram: 1 0 1 0 0 1 0 0 0 1

Total # of neighbors = 44000
Ave neighs/atom = 88
Neighbor list builds = 0
Dangerous builds = 0
unfix 2

variable lat_const equal "lx/5"
variable eatom equal "pe/count(all)"
variable teng equal "pe"
variable natoms equal "count(all)"

print "Lattice parameter (lx/5) = ${lat_const} A"
Lattice parameter (lx/5) = 3.51023102106028 A
print "Total Potential Energy (PE) = ${teng} eV"
Total Potential Energy (PE) = -2116.77575670581 eV
print "Number of atoms = ${natoms}"
Number of atoms = 500
print "Cohesive energy (PE/N) = ${eatom} eV"
Cohesive energy (PE/N) = -4.23355151341162 eV
print "Minimization completed."
Minimization completed.

write_data B6_3_minimized.data
System init for write_data ...
Total wall time: 0:00:00
