read_data B6_9.data
Reading data file ...
  triclinic box = (0 0 0) to (17.6 17.6 17.6) with tilt (1.0776892e-15 1.0776892e-15 1.0776892e-15)
  1 by 2 by 2 MPI processor grid
  reading atoms ...
  500 atoms
  read_data CPU = 0.008 seconds

mass 1 58.6934  # Ni
mass 2 55.845   # Fe
mass 3 51.9961  # Cr

pair_style eam/alloy
pair_coeff * * FeNiCr_bonny.eam.alloy Ni Fe Cr

neighbor 2.0 bin
neigh_modify delay 0 check yes
timestep 0.001

thermo 10
thermo_style custom step lx ly lz pe press fmax vol

# --- ЭТАПЫ МИНИМИЗАЦИИ ---
min_style cg
minimize 1.0e-8 1.0e-9 1000 5000

CITE-CITE-CITE-CITE-CITE-CITE-CITE-CITE-CITE-CITE-CITE-CITE-CITE

Your simulation uses code contributions which should be cited:

- Type Label Framework: https://doi.org/10.1021/acs.jpcb.3c08419

@Article{Gissinger24,
 author = {Jacob R. Gissinger, Ilia Nikiforov, Yaser Afshar, Brendon Waters, Moon-ki Choi, Daniel S. Karls, Alexander Stukowski, Wonpil Im, Hendrik Heinz, Axel Kohlmeyer, and Ellad B. Tadmor},
 title = {Type Label Framework for Bonded Force Fields in LAMMPS},
 journal = {J. Phys. Chem. B},
 year =    2024,
 volume =  128,
 number =  13,
 pages =   {3282–-3297}
}

CITE-CITE-CITE-CITE-CITE-CITE-CITE-CITE-CITE-CITE-CITE-CITE-CITE

Neighbor list info ...
  update: every = 1 steps, delay = 0 steps, check = yes
  max neighbors/atom: 2000, page size: 100000
  master list distance cutoff = 7.6
  ghost atom cutoff = 7.6
  binsize = 3.8, bins = 5 5 5
  1 neighbor lists, perpetual/occasional/extra = 1 0 0
  (1) pair eam/alloy, perpetual
      attributes: half, newton on
      pair build: half/bin/atomonly/newton/tri
      stencil: half/bin/3d/tri
      bin: standard
Per MPI rank memory allocation (min/avg/max) = 4.524 | 4.524 | 4.524 Mbytes
   Step           Lx             Ly             Lz           PotEng         Press           Fmax          Volume    
         0   17.6           17.6           17.6          -2112.2679     -4284.023       0.74263639     5451.776     
        10   17.6           17.6           17.6          -2114.9493     -5104.4847      0.010935581    5451.776     
        16   17.6           17.6           17.6          -2114.9507     -5111.9369      0.0010664919   5451.776     
Loop time of 0.0395441 on 4 procs for 16 steps with 500 atoms

73.0% CPU use with 4 MPI tasks x 1 OpenMP threads

Minimization stats:
  Stopping criterion = energy tolerance
  Energy initial, next-to-last, final = 
      -2112.2678747962   -2114.9506852377   -2114.9506986719
  Force two-norm initial, final = 8.6236266 0.011501827
  Force max component initial, final = 0.74263639 0.0010664919
  Final line search alpha, max atom move = 1 0.0010664919
  Iterations, force evaluations = 16 32

MPI task timing breakdown:
Section |  min time  |  avg time  |  max time  |%varavg| %total
---------------------------------------------------------------
Pair    | 0.031441   | 0.031713   | 0.031936   |   0.1 | 80.20
Neigh   | 0          | 0          | 0          |   0.0 |  0.00
Comm    | 0.0037126  | 0.0039607  | 0.0042278  |   0.3 | 10.02
Output  | 2.6617e-05 | 6.6856e-05 | 0.00018567 |   0.0 |  0.17
Modify  | 0          | 0          | 0          |   0.0 |  0.00
Other   |            | 0.003804   |            |       |  9.62

Nlocal:            125 ave         145 max         105 min
Histogram: 1 0 0 0 0 2 0 0 0 1
Nghost:           1737 ave        1757 max        1717 min
Histogram: 1 0 0 0 0 2 0 0 0 1
Neighs:          11000 ave       12785 max        9207 min
Histogram: 1 0 0 0 1 1 0 0 0 1

Total # of neighbors = 44000
Ave neighs/atom = 88
Neighbor list builds = 0
Dangerous builds = 0

# Релаксация ячейки aniso
fix 1 all box/relax aniso 0.0 vmax 0.0001
min_style cg
minimize 1.0e-10 1.0e-11 1000 5000
WARNING: Energy due to 3 extra global DOFs will be included in minimizer energies
 (src/min.cpp:219)
Per MPI rank memory allocation (min/avg/max) = 4.524 | 4.524 | 4.524 Mbytes
   Step           Lx             Ly             Lz           PotEng         Press           Fmax          Volume    
        16   17.6           17.6           17.6          -2114.9507     -5111.9369      0.0010664919   5451.776     
        20   17.59296       17.594315      17.594401     -2114.9654     -3114.5825      0.0045393703   5446.1017    
        30   17.57536       17.588561      17.589531     -2114.9749     -8.677717       0.011507233    5437.3689    
        40   17.571222      17.589603      17.590895     -2114.9757      37.92834       0.0026900755   5436.8324    
        43   17.571246      17.589702      17.591026     -2114.9757      3.7802316      0.001833272    5436.9107    
Loop time of 0.0503357 on 4 procs for 27 steps with 500 atoms

74.4% CPU use with 4 MPI tasks x 1 OpenMP threads

Minimization stats:
  Stopping criterion = energy tolerance
  Energy initial, next-to-last, final = 
      -2114.9506986719  -2114.97574467876  -2114.97574471884
  Force two-norm initial, final = 30.259539 0.029761328
  Force max component initial, final = 19.690565 0.014347817
  Final line search alpha, max atom move = 0.0091772902 0.00013167408
  Iterations, force evaluations = 27 39

MPI task timing breakdown:
Section |  min time  |  avg time  |  max time  |%varavg| %total
---------------------------------------------------------------
Pair    | 0.035086   | 0.035505   | 0.036652   |   0.4 | 70.54
Neigh   | 0          | 0          | 0          |   0.0 |  0.00
Comm    | 0.0066994  | 0.0086095  | 0.009755   |   1.4 | 17.10
Output  | 7.4013e-05 | 0.00020374 | 0.00058932 |   0.0 |  0.40
Modify  | 0          | 0          | 0          |   0.0 |  0.00
Other   |            | 0.006017   |            |       | 11.95

Nlocal:            125 ave         132 max         116 min
Histogram: 1 0 1 0 0 0 0 0 0 2
Nghost:           1737 ave        1746 max        1730 min
Histogram: 2 0 0 0 0 0 0 1 0 1
Neighs:          11000 ave       11663 max       10203 min
Histogram: 1 0 1 0 0 0 0 0 0 2

Total # of neighbors = 44000
Ave neighs/atom = 88
Neighbor list builds = 0
Dangerous builds = 0
unfix 1

# Промежуточная минимизация атомов
min_style cg
minimize 1.0e-10 1.0e-11 1000 5000
Per MPI rank memory allocation (min/avg/max) = 4.524 | 4.524 | 4.524 Mbytes
   Step           Lx             Ly             Lz           PotEng         Press           Fmax          Volume    
        43   17.571246      17.589702      17.591026     -2114.9757      3.7802316      0.001833272    5436.9107    
        50   17.571246      17.589702      17.591026     -2114.9758     -2.1531684      0.00026835445  5436.9107    
        52   17.571246      17.589702      17.591026     -2114.9758     -1.8791242      0.00012756403  5436.9107    
Loop time of 0.016651 on 4 procs for 9 steps with 500 atoms

67.1% CPU use with 4 MPI tasks x 1 OpenMP threads

Minimization stats:
  Stopping criterion = energy tolerance
  Energy initial, next-to-last, final = 
     -2114.97574471884  -2114.97579270093   -2114.9757928862
  Force two-norm initial, final = 0.019671718 0.0015364899
  Force max component initial, final = 0.001833272 0.00012756403
  Final line search alpha, max atom move = 1 0.00012756403
  Iterations, force evaluations = 9 18

MPI task timing breakdown:
Section |  min time  |  avg time  |  max time  |%varavg| %total
---------------------------------------------------------------
Pair    | 0.011471   | 0.011733   | 0.012335   |   0.3 | 70.47
Neigh   | 0          | 0          | 0          |   0.0 |  0.00
Comm    | 0.0023987  | 0.0030619  | 0.0041351  |   1.3 | 18.39
Output  | 1.9801e-05 | 7.3607e-05 | 0.00023459 |   0.0 |  0.44
Modify  | 0          | 0          | 0          |   0.0 |  0.00
Other   |            | 0.001782   |            |       | 10.70

Nlocal:            125 ave         133 max         116 min
Histogram: 1 1 0 0 0 0 0 0 0 2
Nghost:           1737 ave        1746 max        1729 min
Histogram: 2 0 0 0 0 0 0 0 1 1
Neighs:          11000 ave       11754 max       10203 min
Histogram: 1 1 0 0 0 0 0 0 1 1

Total # of neighbors = 44000
Ave neighs/atom = 88
Neighbor list builds = 0
Dangerous builds = 0

# Релаксация ячейки iso
fix 2 all box/relax iso 0.0 vmax 0.0001
min_style cg
minimize 1.0e-10 1.0e-11 1000 5000
WARNING: Energy due to 1 extra global DOFs will be included in minimizer energies
 (src/min.cpp:219)
Per MPI rank memory allocation (min/avg/max) = 4.524 | 4.524 | 4.524 Mbytes
   Step           Lx             Ly             Lz           PotEng         Press           Fmax          Volume    
        52   17.571246      17.589702      17.591026     -2114.9758     -1.8791242      0.00012756403  5436.9107    
        53   17.57124       17.589696      17.591021     -2114.9758      0.010557384    0.00012839221  5436.9054    
Loop time of 0.00159238 on 4 procs for 1 steps with 500 atoms

88.4% CPU use with 4 MPI tasks x 1 OpenMP threads

Minimization stats:
  Stopping criterion = energy tolerance
  Energy initial, next-to-last, final = 
      -2114.9757928862   -2114.9757928862  -2114.97579288932
  Force two-norm initial, final = 0.019191764 0.001543264
  Force max component initial, final = 0.019130159 0.00012839221
  Final line search alpha, max atom move = 0.0052273479 6.7115077e-07
  Iterations, force evaluations = 1 2

MPI task timing breakdown:
Section |  min time  |  avg time  |  max time  |%varavg| %total
---------------------------------------------------------------
Pair    | 0.0012214  | 0.0012221  | 0.0012228  |   0.0 | 76.75
Neigh   | 0          | 0          | 0          |   0.0 |  0.00
Comm    | 0.00010021 | 0.0001009  | 0.00010199 |   0.0 |  6.34
Output  | 0          | 0          | 0          |   0.0 |  0.00
Modify  | 0          | 0          | 0          |   0.0 |  0.00
Other   |            | 0.0002693  |            |       | 16.91

Nlocal:            125 ave         133 max         116 min
Histogram: 1 1 0 0 0 0 0 0 0 2
Nghost:           1737 ave        1746 max        1729 min
Histogram: 2 0 0 0 0 0 0 0 1 1
Neighs:          11000 ave       11754 max       10203 min
Histogram: 1 1 0 0 0 0 0 0 1 1

Total # of neighbors = 44000
Ave neighs/atom = 88
Neighbor list builds = 0
Dangerous builds = 0
unfix 2

variable lat_const equal "lx/5"
variable eatom equal "pe/count(all)"
variable teng equal "pe"
variable natoms equal "count(all)"

print "Lattice parameter (lx/5) = ${lat_const} A"
Lattice parameter (lx/5) = 3.51424799374628 A
print "Total Potential Energy (PE) = ${teng} eV"
Total Potential Energy (PE) = -2114.97579288932 eV
print "Number of atoms = ${natoms}"
Number of atoms = 500
print "Cohesive energy (PE/N) = ${eatom} eV"
Cohesive energy (PE/N) = -4.22995158577864 eV
print "Minimization completed."
Minimization completed.

write_data B6_9_minimized.data
System init for write_data ...
Total wall time: 0:00:00
