read_data A4_1.data
Reading data file ...
  triclinic box = (0 0 0) to (17.6 17.6 17.6) with tilt (1.0776892e-15 1.0776892e-15 1.0776892e-15)
  1 by 2 by 2 MPI processor grid
  reading atoms ...
  500 atoms
  read_data CPU = 0.010 seconds

mass 1 58.6934  # Ni
mass 2 55.845   # Fe
mass 3 51.9961  # Cr

pair_style eam/alloy
pair_coeff * * FeNiCr_bonny.eam.alloy Ni Fe Cr

neighbor 2.0 bin
neigh_modify delay 0 check yes
timestep 0.001

thermo 10
thermo_style custom step lx ly lz pe press fmax vol

# --- ЭТАПЫ МИНИМИЗАЦИИ ---
min_style cg
minimize 1.0e-8 1.0e-9 1000 5000

CITE-CITE-CITE-CITE-CITE-CITE-CITE-CITE-CITE-CITE-CITE-CITE-CITE

Your simulation uses code contributions which should be cited:

- Type Label Framework: https://doi.org/10.1021/acs.jpcb.3c08419

@Article{Gissinger24,
 author = {Jacob R. Gissinger, Ilia Nikiforov, Yaser Afshar, Brendon Waters, Moon-ki Choi, Daniel S. Karls, Alexander Stukowski, Wonpil Im, Hendrik Heinz, Axel Kohlmeyer, and Ellad B. Tadmor},
 title = {Type Label Framework for Bonded Force Fields in LAMMPS},
 journal = {J. Phys. Chem. B},
 year =    2024,
 volume =  128,
 number =  13,
 pages =   {3282–-3297}
}

CITE-CITE-CITE-CITE-CITE-CITE-CITE-CITE-CITE-CITE-CITE-CITE-CITE

Neighbor list info ...
  update: every = 1 steps, delay = 0 steps, check = yes
  max neighbors/atom: 2000, page size: 100000
  master list distance cutoff = 7.6
  ghost atom cutoff = 7.6
  binsize = 3.8, bins = 5 5 5
  1 neighbor lists, perpetual/occasional/extra = 1 0 0
  (1) pair eam/alloy, perpetual
      attributes: half, newton on
      pair build: half/bin/atomonly/newton/tri
      stencil: half/bin/3d/tri
      bin: standard
Per MPI rank memory allocation (min/avg/max) = 4.514 | 4.514 | 4.514 Mbytes
   Step           Lx             Ly             Lz           PotEng         Press           Fmax          Volume    
         0   17.6           17.6           17.6          -2099.8347     -5379.485       0.69777472     5451.776     
        10   17.6           17.6           17.6          -2101.8373     -7708.8407      0.011033173    5451.776     
        16   17.6           17.6           17.6          -2101.8387     -7720.6169      0.0011183496   5451.776     
Loop time of 0.0253334 on 4 procs for 16 steps with 500 atoms

78.7% CPU use with 4 MPI tasks x 1 OpenMP threads

Minimization stats:
  Stopping criterion = energy tolerance
  Energy initial, next-to-last, final = 
     -2099.83471258242  -2101.83872875932  -2101.83874577004
  Force two-norm initial, final = 6.8563079 0.012009399
  Force max component initial, final = 0.69777472 0.0011183496
  Final line search alpha, max atom move = 1 0.0011183496
  Iterations, force evaluations = 16 32

MPI task timing breakdown:
Section |  min time  |  avg time  |  max time  |%varavg| %total
---------------------------------------------------------------
Pair    | 0.022736   | 0.022795   | 0.022856   |   0.0 | 89.98
Neigh   | 0          | 0          | 0          |   0.0 |  0.00
Comm    | 0.0014744  | 0.0015385  | 0.0016127  |   0.2 |  6.07
Output  | 3.6696e-05 | 5.1637e-05 | 9.6067e-05 |   0.0 |  0.20
Modify  | 0          | 0          | 0          |   0.0 |  0.00
Other   |            | 0.0009479  |            |       |  3.74

Nlocal:            125 ave         180 max          80 min
Histogram: 1 0 0 0 2 0 0 0 0 1
Nghost:           1737 ave        1782 max        1682 min
Histogram: 1 0 0 0 0 0 2 0 0 1
Neighs:          11000 ave       15810 max        7022 min
Histogram: 1 0 0 1 1 0 0 0 0 1

Total # of neighbors = 44000
Ave neighs/atom = 88
Neighbor list builds = 0
Dangerous builds = 0

# Релаксация ячейки aniso
fix 1 all box/relax aniso 0.0 vmax 0.0001
min_style cg
minimize 1.0e-10 1.0e-11 1000 5000
WARNING: Energy due to 3 extra global DOFs will be included in minimizer energies
 (src/min.cpp:219)
Per MPI rank memory allocation (min/avg/max) = 4.514 | 4.514 | 4.514 Mbytes
   Step           Lx             Ly             Lz           PotEng         Press           Fmax          Volume    
        16   17.6           17.6           17.6          -2101.8387     -7720.6169      0.0011183496   5451.776     
        20   17.59296       17.594252      17.594159     -2101.8634     -5836.0467      0.0051207036   5446.0075    
        30   17.57536       17.58194       17.581481     -2101.8943     -1478.6678      0.01759308     5432.8346    
        40   17.55776       17.58416       17.582542     -2101.8978     -3.7214171      0.025121765    5428.407     
        50   17.555903      17.584667      17.582528     -2101.8998     -73.578718      0.0079157437   5427.9849    
        60   17.553551      17.584415      17.582958     -2101.9003      44.084313      0.0025031614   5427.3127    
        63   17.554187      17.58433       17.582812     -2101.9004      12.521206      0.0021284981   5427.4382    
Loop time of 0.0792349 on 4 procs for 47 steps with 500 atoms

78.7% CPU use with 4 MPI tasks x 1 OpenMP threads

Minimization stats:
  Stopping criterion = energy tolerance
  Energy initial, next-to-last, final = 
     -2101.83874577004  -2101.90035237073   -2101.9003525529
  Force two-norm initial, final = 45.675283 0.076437295
  Force max component initial, final = 29.500267 0.045080608
  Final line search alpha, max atom move = 0.021826593 0.00098395608
  Iterations, force evaluations = 47 65

MPI task timing breakdown:
Section |  min time  |  avg time  |  max time  |%varavg| %total
---------------------------------------------------------------
Pair    | 0.055572   | 0.055627   | 0.055685   |   0.0 | 70.21
Neigh   | 0          | 0          | 0          |   0.0 |  0.00
Comm    | 0.0038463  | 0.0045421  | 0.0052495  |   1.0 |  5.73
Output  | 0.00010324 | 0.00016802 | 0.00036014 |   0.0 |  0.21
Modify  | 0          | 0          | 0          |   0.0 |  0.00
Other   |            | 0.0189     |            |       | 23.85

Nlocal:            125 ave         135 max         108 min
Histogram: 1 0 0 0 0 1 0 0 0 2
Nghost:           1737 ave        1754 max        1727 min
Histogram: 2 0 0 0 1 0 0 0 0 1
Neighs:          11000 ave       12008 max        9462 min
Histogram: 1 0 0 0 0 1 0 0 1 1

Total # of neighbors = 44000
Ave neighs/atom = 88
Neighbor list builds = 0
Dangerous builds = 0
unfix 1

# Промежуточная минимизация атомов
min_style cg
minimize 1.0e-10 1.0e-11 1000 5000
Per MPI rank memory allocation (min/avg/max) = 4.514 | 4.514 | 4.514 Mbytes
   Step           Lx             Ly             Lz           PotEng         Press           Fmax          Volume    
        63   17.554187      17.58433       17.582812     -2101.9004      12.521206      0.0021284981   5427.4382    
        70   17.554187      17.58433       17.582812     -2101.9004      1.7698052      0.00032532717  5427.4382    
        73   17.554187      17.58433       17.582812     -2101.9004      3.5745515      0.00010769019  5427.4382    
Loop time of 0.0195361 on 4 procs for 10 steps with 500 atoms

87.8% CPU use with 4 MPI tasks x 1 OpenMP threads

Minimization stats:
  Stopping criterion = energy tolerance
  Energy initial, next-to-last, final = 
      -2101.9003525529  -2101.90039425327  -2101.90039435552
  Force two-norm initial, final = 0.0197529 0.0010175909
  Force max component initial, final = 0.0021284981 0.00010769019
  Final line search alpha, max atom move = 1 0.00010769019
  Iterations, force evaluations = 10 20

MPI task timing breakdown:
Section |  min time  |  avg time  |  max time  |%varavg| %total
---------------------------------------------------------------
Pair    | 0.016111   | 0.016412   | 0.016751   |   0.2 | 84.01
Neigh   | 0          | 0          | 0          |   0.0 |  0.00
Comm    | 0.0016376  | 0.0019108  | 0.0022863  |   0.6 |  9.78
Output  | 0.00021115 | 0.00023212 | 0.00029219 |   0.0 |  1.19
Modify  | 0          | 0          | 0          |   0.0 |  0.00
Other   |            | 0.000981   |            |       |  5.02

Nlocal:            125 ave         136 max         107 min
Histogram: 1 0 0 0 0 1 0 0 1 1
Nghost:           1737 ave        1755 max        1726 min
Histogram: 1 1 0 0 1 0 0 0 0 1
Neighs:          11000 ave       12094 max        9374 min
Histogram: 1 0 0 0 0 1 0 0 1 1

Total # of neighbors = 44000
Ave neighs/atom = 88
Neighbor list builds = 0
Dangerous builds = 0

# Релаксация ячейки iso
fix 2 all box/relax iso 0.0 vmax 0.0001
min_style cg
minimize 1.0e-10 1.0e-11 1000 5000
WARNING: Energy due to 1 extra global DOFs will be included in minimizer energies
 (src/min.cpp:219)
Per MPI rank memory allocation (min/avg/max) = 4.514 | 4.514 | 4.514 Mbytes
   Step           Lx             Ly             Lz           PotEng         Press           Fmax          Volume    
        73   17.554187      17.58433       17.582812     -2101.9004      3.5745515      0.00010769019  5427.4382    
        74   17.554199      17.584341      17.582824     -2101.9004     -0.0055303446   0.00010712889  5427.4489    
Loop time of 0.00239064 on 4 procs for 1 steps with 500 atoms

80.5% CPU use with 4 MPI tasks x 1 OpenMP threads

Minimization stats:
  Stopping criterion = energy tolerance
  Energy initial, next-to-last, final = 
     -2101.90039435552  -2101.90039435552   -2101.9003943674
  Force two-norm initial, final = 0.036341067 0.0010279272
  Force max component initial, final = 0.036326817 0.00010712889
  Final line search alpha, max atom move = 0.0027527873 2.9490305e-07
  Iterations, force evaluations = 1 2

MPI task timing breakdown:
Section |  min time  |  avg time  |  max time  |%varavg| %total
---------------------------------------------------------------
Pair    | 0.0019325  | 0.001941   | 0.0019497  |   0.0 | 81.19
Neigh   | 0          | 0          | 0          |   0.0 |  0.00
Comm    | 0.00022841 | 0.0002355  | 0.0002433  |   0.0 |  9.85
Output  | 0          | 0          | 0          |   0.0 |  0.00
Modify  | 0          | 0          | 0          |   0.0 |  0.00
Other   |            | 0.0002141  |            |       |  8.96

Nlocal:            125 ave         136 max         107 min
Histogram: 1 0 0 0 0 1 0 0 1 1
Nghost:           1737 ave        1755 max        1726 min
Histogram: 1 1 0 0 1 0 0 0 0 1
Neighs:          11000 ave       12094 max        9374 min
Histogram: 1 0 0 0 0 1 0 0 1 1

Total # of neighbors = 44000
Ave neighs/atom = 88
Neighbor list builds = 0
Dangerous builds = 0
unfix 2

variable lat_const equal "lx/5"
variable eatom equal "pe/count(all)"
variable teng equal "pe"
variable natoms equal "count(all)"

print "Lattice parameter (lx/5) = ${lat_const} A"
Lattice parameter (lx/5) = 3.51083971718787 A
print "Total Potential Energy (PE) = ${teng} eV"
Total Potential Energy (PE) = -2101.9003943674 eV
print "Number of atoms = ${natoms}"
Number of atoms = 500
print "Cohesive energy (PE/N) = ${eatom} eV"
Cohesive energy (PE/N) = -4.20380078873481 eV
print "Minimization completed."
Minimization completed.

write_data A4_1_minimized.data
System init for write_data ...
Total wall time: 0:00:00
