read_data A4_12.data
Reading data file ...
  triclinic box = (0 0 0) to (17.6 17.6 17.6) with tilt (1.0776892e-15 1.0776892e-15 1.0776892e-15)
  1 by 2 by 2 MPI processor grid
  reading atoms ...
  500 atoms
  read_data CPU = 0.006 seconds

mass 1 58.6934  # Ni
mass 2 55.845   # Fe
mass 3 51.9961  # Cr

pair_style eam/alloy
pair_coeff * * FeNiCr_bonny.eam.alloy Ni Fe Cr

neighbor 2.0 bin
neigh_modify delay 0 check yes
timestep 0.001

thermo 10
thermo_style custom step lx ly lz pe press fmax vol

# --- ЭТАПЫ МИНИМИЗАЦИИ ---
min_style cg
minimize 1.0e-8 1.0e-9 1000 5000

CITE-CITE-CITE-CITE-CITE-CITE-CITE-CITE-CITE-CITE-CITE-CITE-CITE

Your simulation uses code contributions which should be cited:

- Type Label Framework: https://doi.org/10.1021/acs.jpcb.3c08419

@Article{Gissinger24,
 author = {Jacob R. Gissinger, Ilia Nikiforov, Yaser Afshar, Brendon Waters, Moon-ki Choi, Daniel S. Karls, Alexander Stukowski, Wonpil Im, Hendrik Heinz, Axel Kohlmeyer, and Ellad B. Tadmor},
 title = {Type Label Framework for Bonded Force Fields in LAMMPS},
 journal = {J. Phys. Chem. B},
 year =    2024,
 volume =  128,
 number =  13,
 pages =   {3282–-3297}
}

CITE-CITE-CITE-CITE-CITE-CITE-CITE-CITE-CITE-CITE-CITE-CITE-CITE

Neighbor list info ...
  update: every = 1 steps, delay = 0 steps, check = yes
  max neighbors/atom: 2000, page size: 100000
  master list distance cutoff = 7.6
  ghost atom cutoff = 7.6
  binsize = 3.8, bins = 5 5 5
  1 neighbor lists, perpetual/occasional/extra = 1 0 0
  (1) pair eam/alloy, perpetual
      attributes: half, newton on
      pair build: half/bin/atomonly/newton/tri
      stencil: half/bin/3d/tri
      bin: standard
Per MPI rank memory allocation (min/avg/max) = 4.514 | 4.514 | 4.514 Mbytes
   Step           Lx             Ly             Lz           PotEng         Press           Fmax          Volume    
         0   17.6           17.6           17.6          -2097.6732     -6292.3355      0.74880097     5451.776     
        10   17.6           17.6           17.6          -2099.6881     -8772.3574      0.010049059    5451.776     
        16   17.6           17.6           17.6          -2099.6896     -8794.7014      0.0010788949   5451.776     
Loop time of 0.0358882 on 4 procs for 16 steps with 500 atoms

75.5% CPU use with 4 MPI tasks x 1 OpenMP threads

Minimization stats:
  Stopping criterion = energy tolerance
  Energy initial, next-to-last, final = 
     -2097.67320318843  -2099.68958293115  -2099.68959980507
  Force two-norm initial, final = 7.1103351 0.012269034
  Force max component initial, final = 0.74880097 0.0010788949
  Final line search alpha, max atom move = 1 0.0010788949
  Iterations, force evaluations = 16 32

MPI task timing breakdown:
Section |  min time  |  avg time  |  max time  |%varavg| %total
---------------------------------------------------------------
Pair    | 0.030619   | 0.030832   | 0.030982   |   0.1 | 85.91
Neigh   | 0          | 0          | 0          |   0.0 |  0.00
Comm    | 0.0035019  | 0.0037251  | 0.0040044  |   0.3 | 10.38
Output  | 3.5933e-05 | 4.6663e-05 | 7.8136e-05 |   0.0 |  0.13
Modify  | 0          | 0          | 0          |   0.0 |  0.00
Other   |            | 0.001284   |            |       |  3.58

Nlocal:            125 ave         180 max          80 min
Histogram: 1 0 0 0 2 0 0 0 0 1
Nghost:           1737 ave        1782 max        1682 min
Histogram: 1 0 0 0 0 0 2 0 0 1
Neighs:          11000 ave       15867 max        7038 min
Histogram: 1 0 0 2 0 0 0 0 0 1

Total # of neighbors = 44000
Ave neighs/atom = 88
Neighbor list builds = 0
Dangerous builds = 0

# Релаксация ячейки aniso
fix 1 all box/relax aniso 0.0 vmax 0.0001
min_style cg
minimize 1.0e-10 1.0e-11 1000 5000
WARNING: Energy due to 3 extra global DOFs will be included in minimizer energies
 (src/min.cpp:219)
Per MPI rank memory allocation (min/avg/max) = 4.514 | 4.514 | 4.514 Mbytes
   Step           Lx             Ly             Lz           PotEng         Press           Fmax          Volume    
        16   17.6           17.6           17.6          -2099.6896     -8794.7014      0.0010788949   5451.776     
        20   17.59296       17.593716      17.593709     -2099.7193     -6841.9629      0.00508344     5445.7025    
        30   17.57536       17.579203      17.579161     -2099.7602     -2139.2999      0.01682826     5431.2721    
        40   17.559316      17.577125      17.576869     -2099.7653     -64.663267      0.0241185      5424.965     
        50   17.557925      17.576871      17.576599     -2099.7659      91.739459      0.021122879    5424.3736    
        60   17.556794      17.577671      17.577253     -2099.7672     -43.720258      0.013166619    5424.4729    
        70   17.556037      17.577016      17.57608      -2099.7682      23.126172      0.005326795    5423.6749    
        80   17.555563      17.57628       17.577357     -2099.7684     -16.481048      0.0047438352   5423.6956    
        90   17.555953      17.577868      17.575315     -2099.7685      11.457456      0.0021095209   5423.676     
       100   17.555882      17.576608      17.576584     -2099.7686      3.3526333      0.0017748335   5423.657     
       102   17.555871      17.57686       17.576468     -2099.7686     -9.7192295      0.0017703057   5423.6954    
Loop time of 0.169232 on 4 procs for 86 steps with 500 atoms

74.2% CPU use with 4 MPI tasks x 1 OpenMP threads

Minimization stats:
  Stopping criterion = energy tolerance
  Energy initial, next-to-last, final = 
     -2099.68959980507  -2099.76863570087  -2099.76863583508
  Force two-norm initial, final = 51.898212 0.062970656
  Force max component initial, final = 32.043631 0.047224241
  Final line search alpha, max atom move = 0.010806373 0.00051032276
  Iterations, force evaluations = 86 131

MPI task timing breakdown:
Section |  min time  |  avg time  |  max time  |%varavg| %total
---------------------------------------------------------------
Pair    | 0.099376   | 0.10071    | 0.10282    |   0.4 | 59.51
Neigh   | 0          | 0          | 0          |   0.0 |  0.00
Comm    | 0.033775   | 0.036226   | 0.037641   |   0.8 | 21.41
Output  | 0.00024323 | 0.00040724 | 0.0008966  |   0.0 |  0.24
Modify  | 0          | 0          | 0          |   0.0 |  0.00
Other   |            | 0.03189    |            |       | 18.84

Nlocal:            125 ave         147 max         109 min
Histogram: 1 0 1 0 1 0 0 0 0 1
Nghost:           1737 ave        1753 max        1715 min
Histogram: 1 0 0 0 0 1 0 1 0 1
Neighs:          11000 ave       12954 max        9607 min
Histogram: 1 0 1 0 1 0 0 0 0 1

Total # of neighbors = 44000
Ave neighs/atom = 88
Neighbor list builds = 0
Dangerous builds = 0
unfix 1

# Промежуточная минимизация атомов
min_style cg
minimize 1.0e-10 1.0e-11 1000 5000
Per MPI rank memory allocation (min/avg/max) = 4.514 | 4.514 | 4.514 Mbytes
   Step           Lx             Ly             Lz           PotEng         Press           Fmax          Volume    
       102   17.555871      17.57686       17.576468     -2099.7686     -9.7192295      0.0017703057   5423.6954    
       110   17.555871      17.57686       17.576468     -2099.7687     -27.381878      0.00020437842  5423.6954    
       112   17.555871      17.57686       17.576468     -2099.7687     -26.345217      0.0001012432   5423.6954    
Loop time of 0.0375424 on 4 procs for 10 steps with 500 atoms

66.6% CPU use with 4 MPI tasks x 1 OpenMP threads

Minimization stats:
  Stopping criterion = energy tolerance
  Energy initial, next-to-last, final = 
     -2099.76863583508    -2099.768680238  -2099.76868035752
  Force two-norm initial, final = 0.019358876 0.00095309809
  Force max component initial, final = 0.0017703057 0.0001012432
  Final line search alpha, max atom move = 1 0.0001012432
  Iterations, force evaluations = 10 20

MPI task timing breakdown:
Section |  min time  |  avg time  |  max time  |%varavg| %total
---------------------------------------------------------------
Pair    | 0.023226   | 0.024337   | 0.02544    |   0.7 | 64.83
Neigh   | 0          | 0          | 0          |   0.0 |  0.00
Comm    | 0.0022414  | 0.0045793  | 0.0068453  |   2.4 | 12.20
Output  | 0.00014341 | 0.0001826  | 0.00025475 |   0.0 |  0.49
Modify  | 0          | 0          | 0          |   0.0 |  0.00
Other   |            | 0.008443   |            |       | 22.49

Nlocal:            125 ave         147 max         109 min
Histogram: 1 1 0 0 0 1 0 0 0 1
Nghost:           1737 ave        1753 max        1715 min
Histogram: 1 0 0 0 1 0 0 0 1 1
Neighs:          11000 ave       12954 max        9607 min
Histogram: 1 1 0 0 0 1 0 0 0 1

Total # of neighbors = 44000
Ave neighs/atom = 88
Neighbor list builds = 0
Dangerous builds = 0

# Релаксация ячейки iso
fix 2 all box/relax iso 0.0 vmax 0.0001
min_style cg
minimize 1.0e-10 1.0e-11 1000 5000
WARNING: Energy due to 1 extra global DOFs will be included in minimizer energies
 (src/min.cpp:219)
Per MPI rank memory allocation (min/avg/max) = 4.514 | 4.514 | 4.514 Mbytes
   Step           Lx             Ly             Lz           PotEng         Press           Fmax          Volume    
       112   17.555871      17.57686       17.576468     -2099.7687     -26.345217      0.0001012432   5423.6954    
       114   17.555784      17.576773      17.576381     -2099.7687      0.61307771     0.00011612356  5423.6143    
Loop time of 0.00962327 on 4 procs for 2 steps with 500 atoms

84.7% CPU use with 4 MPI tasks x 1 OpenMP threads

Minimization stats:
  Stopping criterion = energy tolerance
  Energy initial, next-to-last, final = 
     -2099.76868035752  -2099.76868100855  -2099.76868100893
  Force two-norm initial, final = 0.26755356 0.0063298082
  Force max component initial, final = 0.26755186 0.0062261185
  Final line search alpha, max atom move = 0.47891623 0.0029817892
  Iterations, force evaluations = 2 4

MPI task timing breakdown:
Section |  min time  |  avg time  |  max time  |%varavg| %total
---------------------------------------------------------------
Pair    | 0.0076804  | 0.0077329  | 0.0078034  |   0.1 | 80.36
Neigh   | 0          | 0          | 0          |   0.0 |  0.00
Comm    | 0.0012026  | 0.0012673  | 0.0013142  |   0.1 | 13.17
Output  | 0          | 0          | 0          |   0.0 |  0.00
Modify  | 0          | 0          | 0          |   0.0 |  0.00
Other   |            | 0.0006231  |            |       |  6.47

Nlocal:            125 ave         147 max         109 min
Histogram: 1 1 0 0 0 1 0 0 0 1
Nghost:           1737 ave        1753 max        1715 min
Histogram: 1 0 0 0 1 0 0 0 1 1
Neighs:          11000 ave       12954 max        9607 min
Histogram: 1 1 0 0 0 1 0 0 0 1

Total # of neighbors = 44000
Ave neighs/atom = 88
Neighbor list builds = 0
Dangerous builds = 0
unfix 2

variable lat_const equal "lx/5"
variable eatom equal "pe/count(all)"
variable teng equal "pe"
variable natoms equal "count(all)"

print "Lattice parameter (lx/5) = ${lat_const} A"
Lattice parameter (lx/5) = 3.51115670922748 A
print "Total Potential Energy (PE) = ${teng} eV"
Total Potential Energy (PE) = -2099.76868100893 eV
print "Number of atoms = ${natoms}"
Number of atoms = 500
print "Cohesive energy (PE/N) = ${eatom} eV"
Cohesive energy (PE/N) = -4.19953736201786 eV
print "Minimization completed."
Minimization completed.

write_data A4_12_minimized.data
System init for write_data ...
Total wall time: 0:00:00
