read_data A4_11.data
Reading data file ...
  triclinic box = (0 0 0) to (17.6 17.6 17.6) with tilt (1.0776892e-15 1.0776892e-15 1.0776892e-15)
  1 by 2 by 2 MPI processor grid
  reading atoms ...
  500 atoms
  read_data CPU = 0.007 seconds

mass 1 58.6934  # Ni
mass 2 55.845   # Fe
mass 3 51.9961  # Cr

pair_style eam/alloy
pair_coeff * * FeNiCr_bonny.eam.alloy Ni Fe Cr

neighbor 2.0 bin
neigh_modify delay 0 check yes
timestep 0.001

thermo 10
thermo_style custom step lx ly lz pe press fmax vol

# --- ЭТАПЫ МИНИМИЗАЦИИ ---
min_style cg
minimize 1.0e-8 1.0e-9 1000 5000

CITE-CITE-CITE-CITE-CITE-CITE-CITE-CITE-CITE-CITE-CITE-CITE-CITE

Your simulation uses code contributions which should be cited:

- Type Label Framework: https://doi.org/10.1021/acs.jpcb.3c08419

@Article{Gissinger24,
 author = {Jacob R. Gissinger, Ilia Nikiforov, Yaser Afshar, Brendon Waters, Moon-ki Choi, Daniel S. Karls, Alexander Stukowski, Wonpil Im, Hendrik Heinz, Axel Kohlmeyer, and Ellad B. Tadmor},
 title = {Type Label Framework for Bonded Force Fields in LAMMPS},
 journal = {J. Phys. Chem. B},
 year =    2024,
 volume =  128,
 number =  13,
 pages =   {3282–-3297}
}

CITE-CITE-CITE-CITE-CITE-CITE-CITE-CITE-CITE-CITE-CITE-CITE-CITE

Neighbor list info ...
  update: every = 1 steps, delay = 0 steps, check = yes
  max neighbors/atom: 2000, page size: 100000
  master list distance cutoff = 7.6
  ghost atom cutoff = 7.6
  binsize = 3.8, bins = 5 5 5
  1 neighbor lists, perpetual/occasional/extra = 1 0 0
  (1) pair eam/alloy, perpetual
      attributes: half, newton on
      pair build: half/bin/atomonly/newton/tri
      stencil: half/bin/3d/tri
      bin: standard
Per MPI rank memory allocation (min/avg/max) = 4.514 | 4.514 | 4.514 Mbytes
   Step           Lx             Ly             Lz           PotEng         Press           Fmax          Volume    
         0   17.6           17.6           17.6          -2097.65       -5048.8419      0.74882331     5451.776     
        10   17.6           17.6           17.6          -2099.7334     -7980.6473      0.011051822    5451.776     
        16   17.6           17.6           17.6          -2099.735      -7976.4107      0.0010255167   5451.776     
Loop time of 0.0331815 on 4 procs for 16 steps with 500 atoms

64.9% CPU use with 4 MPI tasks x 1 OpenMP threads

Minimization stats:
  Stopping criterion = energy tolerance
  Energy initial, next-to-last, final = 
     -2097.65002835899  -2099.73502961665  -2099.73504756853
  Force two-norm initial, final = 7.1982179 0.012672626
  Force max component initial, final = 0.74882331 0.0010255167
  Final line search alpha, max atom move = 1 0.0010255167
  Iterations, force evaluations = 16 32

MPI task timing breakdown:
Section |  min time  |  avg time  |  max time  |%varavg| %total
---------------------------------------------------------------
Pair    | 0.02481    | 0.025073   | 0.02551    |   0.2 | 75.56
Neigh   | 0          | 0          | 0          |   0.0 |  0.00
Comm    | 0.002692   | 0.0047274  | 0.0064435  |   2.5 | 14.25
Output  | 0.00011295 | 0.00014216 | 0.00022284 |   0.0 |  0.43
Modify  | 0          | 0          | 0          |   0.0 |  0.00
Other   |            | 0.003239   |            |       |  9.76

Nlocal:            125 ave         180 max          80 min
Histogram: 1 0 0 0 2 0 0 0 0 1
Nghost:           1737 ave        1782 max        1682 min
Histogram: 1 0 0 0 0 0 2 0 0 1
Neighs:          11000 ave       15857 max        7054 min
Histogram: 1 0 0 2 0 0 0 0 0 1

Total # of neighbors = 44000
Ave neighs/atom = 88
Neighbor list builds = 0
Dangerous builds = 0

# Релаксация ячейки aniso
fix 1 all box/relax aniso 0.0 vmax 0.0001
min_style cg
minimize 1.0e-10 1.0e-11 1000 5000
WARNING: Energy due to 3 extra global DOFs will be included in minimizer energies
 (src/min.cpp:219)
Per MPI rank memory allocation (min/avg/max) = 4.514 | 4.514 | 4.514 Mbytes
   Step           Lx             Ly             Lz           PotEng         Press           Fmax          Volume    
        16   17.6           17.6           17.6          -2099.735      -7976.4107      0.0010255167   5451.776     
        20   17.593401      17.593895      17.59296      -2099.7618     -6015.9451      0.005345351    5445.6621    
        30   17.577789      17.580393      17.57536      -2099.7953     -1319.4079      0.017150879    5431.2161    
        40   17.572945      17.582704      17.562716     -2099.7996     -40.317896      0.0098475703   5426.5261    
        50   17.572287      17.582905      17.561944     -2099.8003     -0.30611309     0.0025529402   5426.1463    
        54   17.572287      17.582842      17.56188      -2099.8004      7.6410221      0.0017741038   5426.1074    
Loop time of 0.0617244 on 4 procs for 38 steps with 500 atoms

76.0% CPU use with 4 MPI tasks x 1 OpenMP threads

Minimization stats:
  Stopping criterion = energy tolerance
  Energy initial, next-to-last, final = 
     -2099.73504756853  -2099.80035508122  -2099.80035516225
  Force two-norm initial, final = 47.077424 0.049228948
  Force max component initial, final = 28.876416 0.027470529
  Final line search alpha, max atom move = 0.013839149 0.00038016876
  Iterations, force evaluations = 38 56

MPI task timing breakdown:
Section |  min time  |  avg time  |  max time  |%varavg| %total
---------------------------------------------------------------
Pair    | 0.050093   | 0.050148   | 0.050236   |   0.0 | 81.25
Neigh   | 0          | 0          | 0          |   0.0 |  0.00
Comm    | 0.0030966  | 0.0031724  | 0.0032386  |   0.1 |  5.14
Output  | 8.1642e-05 | 0.00013409 | 0.00028979 |   0.0 |  0.22
Modify  | 0          | 0          | 0          |   0.0 |  0.00
Other   |            | 0.00827    |            |       | 13.40

Nlocal:            125 ave         144 max         112 min
Histogram: 1 0 1 0 1 0 0 0 0 1
Nghost:           1737 ave        1750 max        1718 min
Histogram: 1 0 0 0 0 1 0 1 0 1
Neighs:          11000 ave       12654 max        9881 min
Histogram: 1 0 1 0 1 0 0 0 0 1

Total # of neighbors = 44000
Ave neighs/atom = 88
Neighbor list builds = 0
Dangerous builds = 0
unfix 1

# Промежуточная минимизация атомов
min_style cg
minimize 1.0e-10 1.0e-11 1000 5000
Per MPI rank memory allocation (min/avg/max) = 4.514 | 4.514 | 4.514 Mbytes
   Step           Lx             Ly             Lz           PotEng         Press           Fmax          Volume    
        54   17.572287      17.582842      17.56188      -2099.8004      7.6410221      0.0017741038   5426.1074    
        60   17.572287      17.582842      17.56188      -2099.8004      1.7193935      0.00044526775  5426.1074    
        64   17.572287      17.582842      17.56188      -2099.8004      2.4306563      0.00012085243  5426.1074    
Loop time of 0.0565848 on 4 procs for 10 steps with 500 atoms

71.8% CPU use with 4 MPI tasks x 1 OpenMP threads

Minimization stats:
  Stopping criterion = energy tolerance
  Energy initial, next-to-last, final = 
     -2099.80035516225  -2099.80040453479   -2099.8004047025
  Force two-norm initial, final = 0.020058657 0.0012211918
  Force max component initial, final = 0.0017741038 0.00012085243
  Final line search alpha, max atom move = 1 0.00012085243
  Iterations, force evaluations = 10 20

MPI task timing breakdown:
Section |  min time  |  avg time  |  max time  |%varavg| %total
---------------------------------------------------------------
Pair    | 0.03647    | 0.03652    | 0.036601   |   0.0 | 64.54
Neigh   | 0          | 0          | 0          |   0.0 |  0.00
Comm    | 0.0020027  | 0.0085232  | 0.01495    |   7.0 | 15.06
Output  | 3.1441e-05 | 5.3634e-05 | 0.00011931 |   0.0 |  0.09
Modify  | 0          | 0          | 0          |   0.0 |  0.00
Other   |            | 0.01149    |            |       | 20.30

Nlocal:            125 ave         143 max         112 min
Histogram: 1 1 0 0 0 1 0 0 0 1
Nghost:           1737 ave        1750 max        1719 min
Histogram: 1 0 0 0 1 0 0 0 1 1
Neighs:          11000 ave       12570 max        9881 min
Histogram: 1 1 0 0 0 1 0 0 0 1

Total # of neighbors = 44000
Ave neighs/atom = 88
Neighbor list builds = 0
Dangerous builds = 0

# Релаксация ячейки iso
fix 2 all box/relax iso 0.0 vmax 0.0001
min_style cg
minimize 1.0e-10 1.0e-11 1000 5000
WARNING: Energy due to 1 extra global DOFs will be included in minimizer energies
 (src/min.cpp:219)
Per MPI rank memory allocation (min/avg/max) = 4.514 | 4.514 | 4.514 Mbytes
   Step           Lx             Ly             Lz           PotEng         Press           Fmax          Volume    
        64   17.572287      17.582842      17.56188      -2099.8004      2.4306563      0.00012085243  5426.1074    
        65   17.572295      17.58285       17.561888     -2099.8004     -0.0079405834   0.00012170934  5426.1148    
Loop time of 0.00680741 on 4 procs for 1 steps with 500 atoms

86.7% CPU use with 4 MPI tasks x 1 OpenMP threads

Minimization stats:
  Stopping criterion = energy tolerance
  Energy initial, next-to-last, final = 
      -2099.8004047025   -2099.8004047025   -2099.8004047081
  Force two-norm initial, final = 0.02472596 0.0012235773
  Force max component initial, final = 0.024695785 0.00012170934
  Final line search alpha, max atom move = 0.004049274 4.9283446e-07
  Iterations, force evaluations = 1 2

MPI task timing breakdown:
Section |  min time  |  avg time  |  max time  |%varavg| %total
---------------------------------------------------------------
Pair    | 0.0060231  | 0.0060477  | 0.0061086  |   0.0 | 88.84
Neigh   | 0          | 0          | 0          |   0.0 |  0.00
Comm    | 0.00033512 | 0.0003935  | 0.00041994 |   0.0 |  5.78
Output  | 0          | 0          | 0          |   0.0 |  0.00
Modify  | 0          | 0          | 0          |   0.0 |  0.00
Other   |            | 0.0003662  |            |       |  5.38

Nlocal:            125 ave         143 max         112 min
Histogram: 1 1 0 0 0 1 0 0 0 1
Nghost:           1737 ave        1750 max        1719 min
Histogram: 1 0 0 0 1 0 0 0 1 1
Neighs:          11000 ave       12570 max        9881 min
Histogram: 1 1 0 0 0 1 0 0 0 1

Total # of neighbors = 44000
Ave neighs/atom = 88
Neighbor list builds = 0
Dangerous builds = 0
unfix 2

variable lat_const equal "lx/5"
variable eatom equal "pe/count(all)"
variable teng equal "pe"
variable natoms equal "count(all)"

print "Lattice parameter (lx/5) = ${lat_const} A"
Lattice parameter (lx/5) = 3.51445901741238 A
print "Total Potential Energy (PE) = ${teng} eV"
Total Potential Energy (PE) = -2099.8004047081 eV
print "Number of atoms = ${natoms}"
Number of atoms = 500
print "Cohesive energy (PE/N) = ${eatom} eV"
Cohesive energy (PE/N) = -4.1996008094162 eV
print "Minimization completed."
Minimization completed.

write_data A4_11_minimized.data
System init for write_data ...
Total wall time: 0:00:00
