read_data A4_3.data
Reading data file ...
  triclinic box = (0 0 0) to (17.6 17.6 17.6) with tilt (1.0776892e-15 1.0776892e-15 1.0776892e-15)
  1 by 2 by 2 MPI processor grid
  reading atoms ...
  500 atoms
  read_data CPU = 0.013 seconds

mass 1 58.6934  # Ni
mass 2 55.845   # Fe
mass 3 51.9961  # Cr

pair_style eam/alloy
pair_coeff * * FeNiCr_bonny.eam.alloy Ni Fe Cr

neighbor 2.0 bin
neigh_modify delay 0 check yes
timestep 0.001

thermo 10
thermo_style custom step lx ly lz pe press fmax vol

# --- ЭТАПЫ МИНИМИЗАЦИИ ---
min_style cg
minimize 1.0e-8 1.0e-9 1000 5000

CITE-CITE-CITE-CITE-CITE-CITE-CITE-CITE-CITE-CITE-CITE-CITE-CITE

Your simulation uses code contributions which should be cited:

- Type Label Framework: https://doi.org/10.1021/acs.jpcb.3c08419

@Article{Gissinger24,
 author = {Jacob R. Gissinger, Ilia Nikiforov, Yaser Afshar, Brendon Waters, Moon-ki Choi, Daniel S. Karls, Alexander Stukowski, Wonpil Im, Hendrik Heinz, Axel Kohlmeyer, and Ellad B. Tadmor},
 title = {Type Label Framework for Bonded Force Fields in LAMMPS},
 journal = {J. Phys. Chem. B},
 year =    2024,
 volume =  128,
 number =  13,
 pages =   {3282–-3297}
}

CITE-CITE-CITE-CITE-CITE-CITE-CITE-CITE-CITE-CITE-CITE-CITE-CITE

Neighbor list info ...
  update: every = 1 steps, delay = 0 steps, check = yes
  max neighbors/atom: 2000, page size: 100000
  master list distance cutoff = 7.6
  ghost atom cutoff = 7.6
  binsize = 3.8, bins = 5 5 5
  1 neighbor lists, perpetual/occasional/extra = 1 0 0
  (1) pair eam/alloy, perpetual
      attributes: half, newton on
      pair build: half/bin/atomonly/newton/tri
      stencil: half/bin/3d/tri
      bin: standard
Per MPI rank memory allocation (min/avg/max) = 4.514 | 4.514 | 4.514 Mbytes
   Step           Lx             Ly             Lz           PotEng         Press           Fmax          Volume    
         0   17.6           17.6           17.6          -2099.3668     -6480.1031      0.60626575     5451.776     
        10   17.6           17.6           17.6          -2101.3657     -9166.2611      0.0092285137   5451.776     
        16   17.6           17.6           17.6          -2101.367      -9172.9881      0.0010268402   5451.776     
Loop time of 0.0493635 on 4 procs for 16 steps with 500 atoms

74.7% CPU use with 4 MPI tasks x 1 OpenMP threads

Minimization stats:
  Stopping criterion = energy tolerance
  Energy initial, next-to-last, final = 
     -2099.36679070357  -2101.36695746444  -2101.36697287499
  Force two-norm initial, final = 6.7941532 0.011691947
  Force max component initial, final = 0.60626575 0.0010268402
  Final line search alpha, max atom move = 1 0.0010268402
  Iterations, force evaluations = 16 32

MPI task timing breakdown:
Section |  min time  |  avg time  |  max time  |%varavg| %total
---------------------------------------------------------------
Pair    | 0.040168   | 0.041041   | 0.043085   |   0.6 | 83.14
Neigh   | 0          | 0          | 0          |   0.0 |  0.00
Comm    | 0.0044975  | 0.0064996  | 0.0073326  |   1.4 | 13.17
Output  | 2.6097e-05 | 3.6652e-05 | 6.8098e-05 |   0.0 |  0.07
Modify  | 0          | 0          | 0          |   0.0 |  0.00
Other   |            | 0.001786   |            |       |  3.62

Nlocal:            125 ave         180 max          80 min
Histogram: 1 0 0 0 2 0 0 0 0 1
Nghost:           1737 ave        1782 max        1682 min
Histogram: 1 0 0 0 0 0 2 0 0 1
Neighs:          11000 ave       15841 max        7068 min
Histogram: 1 0 0 2 0 0 0 0 0 1

Total # of neighbors = 44000
Ave neighs/atom = 88
Neighbor list builds = 0
Dangerous builds = 0

# Релаксация ячейки aniso
fix 1 all box/relax aniso 0.0 vmax 0.0001
min_style cg
minimize 1.0e-10 1.0e-11 1000 5000
WARNING: Energy due to 3 extra global DOFs will be included in minimizer energies
 (src/min.cpp:219)
Per MPI rank memory allocation (min/avg/max) = 4.514 | 4.514 | 4.514 Mbytes
   Step           Lx             Ly             Lz           PotEng         Press           Fmax          Volume    
        16   17.6           17.6           17.6          -2101.367      -9172.9881      0.0010268402   5451.776     
        20   17.593427      17.593751      17.59296      -2101.3984     -7169.5823      0.0061317327   5445.6258    
        30   17.577683      17.579257      17.57536      -2101.4424     -2282.0311      0.019453439    5430.832     
        40   17.571535      17.579432      17.55942      -2101.4479     -16.911655      0.027906996    5424.0631    
        50   17.570739      17.577876      17.560007     -2101.4499      13.386171      0.014924307    5423.5182    
        60   17.570302      17.577942      17.558493     -2101.4512     -4.1358069      0.0017046846   5422.9363    
        65   17.570156      17.578463      17.558001     -2101.4512      7.0604367      0.0014109537   5422.8997    
Loop time of 0.155386 on 4 procs for 49 steps with 500 atoms

77.0% CPU use with 4 MPI tasks x 1 OpenMP threads

Minimization stats:
  Stopping criterion = energy tolerance
  Energy initial, next-to-last, final = 
     -2101.36697287499  -2101.45118197675  -2101.45118203553
  Force two-norm initial, final = 54.119113 0.043972595
  Force max component initial, final = 33.051725 0.025458012
  Final line search alpha, max atom move = 0.030673611 0.00078088914
  Iterations, force evaluations = 49 68

MPI task timing breakdown:
Section |  min time  |  avg time  |  max time  |%varavg| %total
---------------------------------------------------------------
Pair    | 0.080352   | 0.081418   | 0.081828   |   0.2 | 52.40
Neigh   | 0          | 0          | 0          |   0.0 |  0.00
Comm    | 0.013105   | 0.024137   | 0.034316   |   6.5 | 15.53
Output  | 0.00021344 | 0.00053231 | 0.00066793 |   0.0 |  0.34
Modify  | 0          | 0          | 0          |   0.0 |  0.00
Other   |            | 0.0493     |            |       | 31.73

Nlocal:            125 ave         149 max          92 min
Histogram: 1 0 0 0 0 1 0 1 0 1
Nghost:           1737 ave        1770 max        1713 min
Histogram: 1 0 1 0 1 0 0 0 0 1
Neighs:          11000 ave       13179 max        8087 min
Histogram: 1 0 0 0 0 1 0 1 0 1

Total # of neighbors = 44000
Ave neighs/atom = 88
Neighbor list builds = 0
Dangerous builds = 0
unfix 1

# Промежуточная минимизация атомов
min_style cg
minimize 1.0e-10 1.0e-11 1000 5000
Per MPI rank memory allocation (min/avg/max) = 4.514 | 4.514 | 4.514 Mbytes
   Step           Lx             Ly             Lz           PotEng         Press           Fmax          Volume    
        65   17.570156      17.578463      17.558001     -2101.4512      7.0604367      0.0014109537   5422.8997    
        70   17.570156      17.578463      17.558001     -2101.4512      7.1092058      0.00040968224  5422.8997    
        74   17.570156      17.578463      17.558001     -2101.4512      4.5371549      0.00010446752  5422.8997    
Loop time of 0.035372 on 4 procs for 9 steps with 500 atoms

87.6% CPU use with 4 MPI tasks x 1 OpenMP threads

Minimization stats:
  Stopping criterion = energy tolerance
  Energy initial, next-to-last, final = 
     -2101.45118203553  -2101.45120612991  -2101.45120627424
  Force two-norm initial, final = 0.014513097 0.0011101123
  Force max component initial, final = 0.0014109537 0.00010446752
  Final line search alpha, max atom move = 1 0.00010446752
  Iterations, force evaluations = 9 18

MPI task timing breakdown:
Section |  min time  |  avg time  |  max time  |%varavg| %total
---------------------------------------------------------------
Pair    | 0.021436   | 0.021619   | 0.021744   |   0.1 | 61.12
Neigh   | 0          | 0          | 0          |   0.0 |  0.00
Comm    | 0.003781   | 0.0049736  | 0.0061183  |   1.2 | 14.06
Output  | 0.00052644 | 0.00056373 | 0.00065129 |   0.0 |  1.59
Modify  | 0          | 0          | 0          |   0.0 |  0.00
Other   |            | 0.008215   |            |       | 23.23

Nlocal:            125 ave         149 max          93 min
Histogram: 1 0 0 0 0 1 0 1 0 1
Nghost:           1737 ave        1769 max        1713 min
Histogram: 1 0 1 0 1 0 0 0 0 1
Neighs:          11000 ave       13179 max        8174 min
Histogram: 1 0 0 0 0 1 0 1 0 1

Total # of neighbors = 44000
Ave neighs/atom = 88
Neighbor list builds = 0
Dangerous builds = 0

# Релаксация ячейки iso
fix 2 all box/relax iso 0.0 vmax 0.0001
min_style cg
minimize 1.0e-10 1.0e-11 1000 5000
WARNING: Energy due to 1 extra global DOFs will be included in minimizer energies
 (src/min.cpp:219)
Per MPI rank memory allocation (min/avg/max) = 4.514 | 4.514 | 4.514 Mbytes
   Step           Lx             Ly             Lz           PotEng         Press           Fmax          Volume    
        74   17.570156      17.578463      17.558001     -2101.4512      4.5371549      0.00010446752  5422.8997    
        75   17.570171      17.578477      17.558015     -2101.4512     -0.0060884925   0.00010240362  5422.9132    
Loop time of 0.00378488 on 4 procs for 1 steps with 500 atoms

93.9% CPU use with 4 MPI tasks x 1 OpenMP threads

Minimization stats:
  Stopping criterion = energy tolerance
  Energy initial, next-to-last, final = 
     -2101.45120627424  -2101.45120627424  -2101.45120629331
  Force two-norm initial, final = 0.046084207 0.0010978167
  Force max component initial, final = 0.046070834 0.00010240362
  Final line search alpha, max atom move = 0.0021705706 2.2227429e-07
  Iterations, force evaluations = 1 2

MPI task timing breakdown:
Section |  min time  |  avg time  |  max time  |%varavg| %total
---------------------------------------------------------------
Pair    | 0.0026768  | 0.0027141  | 0.0027723  |   0.1 | 71.71
Neigh   | 0          | 0          | 0          |   0.0 |  0.00
Comm    | 0.00038558 | 0.00051414 | 0.00066882 |   0.0 | 13.58
Output  | 0          | 0          | 0          |   0.0 |  0.00
Modify  | 0          | 0          | 0          |   0.0 |  0.00
Other   |            | 0.0005567  |            |       | 14.71

Nlocal:            125 ave         149 max          93 min
Histogram: 1 0 0 0 0 1 0 1 0 1
Nghost:           1737 ave        1769 max        1713 min
Histogram: 1 0 1 0 1 0 0 0 0 1
Neighs:          11000 ave       13179 max        8174 min
Histogram: 1 0 0 0 0 1 0 1 0 1

Total # of neighbors = 44000
Ave neighs/atom = 88
Neighbor list builds = 0
Dangerous builds = 0
unfix 2

variable lat_const equal "lx/5"
variable eatom equal "pe/count(all)"
variable teng equal "pe"
variable natoms equal "count(all)"

print "Lattice parameter (lx/5) = ${lat_const} A"
Lattice parameter (lx/5) = 3.51403411399143 A
print "Total Potential Energy (PE) = ${teng} eV"
Total Potential Energy (PE) = -2101.45120629331 eV
print "Number of atoms = ${natoms}"
Number of atoms = 500
print "Cohesive energy (PE/N) = ${eatom} eV"
Cohesive energy (PE/N) = -4.20290241258661 eV
print "Minimization completed."
Minimization completed.

write_data A4_3_minimized.data
System init for write_data ...
Total wall time: 0:00:00
