read_data A4_6.data
Reading data file ...
  triclinic box = (0 0 0) to (17.6 17.6 17.6) with tilt (1.0776892e-15 1.0776892e-15 1.0776892e-15)
  1 by 2 by 2 MPI processor grid
  reading atoms ...
  500 atoms
  read_data CPU = 0.011 seconds

mass 1 58.6934  # Ni
mass 2 55.845   # Fe
mass 3 51.9961  # Cr

pair_style eam/alloy
pair_coeff * * FeNiCr_bonny.eam.alloy Ni Fe Cr

neighbor 2.0 bin
neigh_modify delay 0 check yes
timestep 0.001

thermo 10
thermo_style custom step lx ly lz pe press fmax vol

# --- ЭТАПЫ МИНИМИЗАЦИИ ---
min_style cg
minimize 1.0e-8 1.0e-9 1000 5000

CITE-CITE-CITE-CITE-CITE-CITE-CITE-CITE-CITE-CITE-CITE-CITE-CITE

Your simulation uses code contributions which should be cited:

- Type Label Framework: https://doi.org/10.1021/acs.jpcb.3c08419

@Article{Gissinger24,
 author = {Jacob R. Gissinger, Ilia Nikiforov, Yaser Afshar, Brendon Waters, Moon-ki Choi, Daniel S. Karls, Alexander Stukowski, Wonpil Im, Hendrik Heinz, Axel Kohlmeyer, and Ellad B. Tadmor},
 title = {Type Label Framework for Bonded Force Fields in LAMMPS},
 journal = {J. Phys. Chem. B},
 year =    2024,
 volume =  128,
 number =  13,
 pages =   {3282–-3297}
}

CITE-CITE-CITE-CITE-CITE-CITE-CITE-CITE-CITE-CITE-CITE-CITE-CITE

Neighbor list info ...
  update: every = 1 steps, delay = 0 steps, check = yes
  max neighbors/atom: 2000, page size: 100000
  master list distance cutoff = 7.6
  ghost atom cutoff = 7.6
  binsize = 3.8, bins = 5 5 5
  1 neighbor lists, perpetual/occasional/extra = 1 0 0
  (1) pair eam/alloy, perpetual
      attributes: half, newton on
      pair build: half/bin/atomonly/newton/tri
      stencil: half/bin/3d/tri
      bin: standard
Per MPI rank memory allocation (min/avg/max) = 4.514 | 4.514 | 4.514 Mbytes
   Step           Lx             Ly             Lz           PotEng         Press           Fmax          Volume    
         0   17.6           17.6           17.6          -2100.872      -5460.0144      0.67674992     5451.776     
        10   17.6           17.6           17.6          -2102.7843     -8128.1042      0.0091360439   5451.776     
        16   17.6           17.6           17.6          -2102.7853     -8140.9691      0.0009645584   5451.776     
Loop time of 0.0689537 on 4 procs for 16 steps with 500 atoms

78.6% CPU use with 4 MPI tasks x 1 OpenMP threads

Minimization stats:
  Stopping criterion = energy tolerance
  Energy initial, next-to-last, final = 
     -2100.87197909118  -2102.78529544057   -2102.7853095597
  Force two-norm initial, final = 6.9301486 0.010976666
  Force max component initial, final = 0.67674992 0.0009645584
  Final line search alpha, max atom move = 1 0.0009645584
  Iterations, force evaluations = 16 32

MPI task timing breakdown:
Section |  min time  |  avg time  |  max time  |%varavg| %total
---------------------------------------------------------------
Pair    | 0.041272   | 0.042439   | 0.044379   |   0.6 | 61.55
Neigh   | 0          | 0          | 0          |   0.0 |  0.00
Comm    | 0.020652   | 0.022791   | 0.025649   |   1.2 | 33.05
Output  | 3.1344e-05 | 4.5381e-05 | 8.5995e-05 |   0.0 |  0.07
Modify  | 0          | 0          | 0          |   0.0 |  0.00
Other   |            | 0.003678   |            |       |  5.33

Nlocal:            125 ave         180 max          80 min
Histogram: 1 0 0 0 2 0 0 0 0 1
Nghost:           1737 ave        1782 max        1682 min
Histogram: 1 0 0 0 0 0 2 0 0 1
Neighs:          11000 ave       15816 max        7050 min
Histogram: 1 0 0 0 2 0 0 0 0 1

Total # of neighbors = 44000
Ave neighs/atom = 88
Neighbor list builds = 0
Dangerous builds = 0

# Релаксация ячейки aniso
fix 1 all box/relax aniso 0.0 vmax 0.0001
min_style cg
minimize 1.0e-10 1.0e-11 1000 5000
WARNING: Energy due to 3 extra global DOFs will be included in minimizer energies
 (src/min.cpp:219)
Per MPI rank memory allocation (min/avg/max) = 4.514 | 4.514 | 4.514 Mbytes
   Step           Lx             Ly             Lz           PotEng         Press           Fmax          Volume    
        16   17.6           17.6           17.6          -2102.7853     -8140.9691      0.0009645584   5451.776     
        20   17.593147      17.59296       17.594868     -2102.8122     -6212.942       0.0052592283   5445.8851    
        30   17.576248      17.57536       17.58496      -2102.8477     -1657.1005      0.017789996    5432.1506    
        40   17.564213      17.561287      17.595149     -2102.8532      0.30400582     0.024446221    5427.2268    
        50   17.561655      17.556945      17.599774     -2102.8558     -8.4605068      0.0090511605   5426.5213    
        60   17.56129       17.557526      17.599232     -2102.856       13.47209       0.006111106    5426.4204    
        70   17.560793      17.556878      17.600496     -2102.8561     -12.832158      0.0037903958   5426.4563    
        80   17.561539      17.556249      17.599774     -2102.8562      30.674175      0.0024045906   5426.2698    
        90   17.561167      17.556166      17.600913     -2102.8563     -50.023329      0.0018127871   5426.4804    
       100   17.56079       17.55607       17.600533     -2102.8563      29.382222      0.0016277594   5426.217     
       110   17.561047      17.556063      17.600655     -2102.8563     -13.818587      0.001281383    5426.3322    
       120   17.560746      17.555968      17.600822     -2102.8563      11.522795      0.00084042226  5426.2611    
       123   17.560978      17.556078      17.600549     -2102.8563      4.4028735      0.00084683686  5426.2827    
Loop time of 0.281146 on 4 procs for 107 steps with 500 atoms

76.8% CPU use with 4 MPI tasks x 1 OpenMP threads

Minimization stats:
  Stopping criterion = energy tolerance
  Energy initial, next-to-last, final = 
      -2102.7853095597  -2102.85632649534  -2102.85632661232
  Force two-norm initial, final = 48.355197 0.041669112
  Force max component initial, final = 30.528125 0.040018662
  Final line search alpha, max atom move = 0.0038003398 0.00015208451
  Iterations, force evaluations = 107 181

MPI task timing breakdown:
Section |  min time  |  avg time  |  max time  |%varavg| %total
---------------------------------------------------------------
Pair    | 0.16279    | 0.16706    | 0.17173    |   0.9 | 59.42
Neigh   | 0          | 0          | 0          |   0.0 |  0.00
Comm    | 0.052137   | 0.059688   | 0.068304   |   2.4 | 21.23
Output  | 0.0010185  | 0.0020104  | 0.0041744  |   2.8 |  0.72
Modify  | 0          | 0          | 0          |   0.0 |  0.00
Other   |            | 0.05239    |            |       | 18.63

Nlocal:            125 ave         148 max         103 min
Histogram: 1 0 0 0 1 1 0 0 0 1
Nghost:           1737 ave        1759 max        1714 min
Histogram: 1 0 0 0 1 1 0 0 0 1
Neighs:          11000 ave       13096 max        8980 min
Histogram: 1 0 0 0 1 1 0 0 0 1

Total # of neighbors = 44000
Ave neighs/atom = 88
Neighbor list builds = 0
Dangerous builds = 0
unfix 1

# Промежуточная минимизация атомов
min_style cg
minimize 1.0e-10 1.0e-11 1000 5000
Per MPI rank memory allocation (min/avg/max) = 4.514 | 4.514 | 4.514 Mbytes
   Step           Lx             Ly             Lz           PotEng         Press           Fmax          Volume    
       123   17.560978      17.556078      17.600549     -2102.8563      4.4028735      0.00084683686  5426.2827    
       130   17.560978      17.556078      17.600549     -2102.8564      0.85520882     0.00022917044  5426.2827    
       132   17.560978      17.556078      17.600549     -2102.8564      2.2445638      9.6859154e-05  5426.2827    
Loop time of 0.0150668 on 4 procs for 9 steps with 500 atoms

78.5% CPU use with 4 MPI tasks x 1 OpenMP threads

Minimization stats:
  Stopping criterion = energy tolerance
  Energy initial, next-to-last, final = 
     -2102.85632661232  -2102.85636089489  -2102.85636100024
  Force two-norm initial, final = 0.01054559 0.0010833739
  Force max component initial, final = 0.00084683686 9.6859154e-05
  Final line search alpha, max atom move = 1 9.6859154e-05
  Iterations, force evaluations = 9 18

MPI task timing breakdown:
Section |  min time  |  avg time  |  max time  |%varavg| %total
---------------------------------------------------------------
Pair    | 0.013094   | 0.013127   | 0.013183   |   0.0 | 87.12
Neigh   | 0          | 0          | 0          |   0.0 |  0.00
Comm    | 0.0010169  | 0.0010892  | 0.0011409  |   0.1 |  7.23
Output  | 2.3172e-05 | 3.8152e-05 | 8.2047e-05 |   0.0 |  0.25
Modify  | 0          | 0          | 0          |   0.0 |  0.00
Other   |            | 0.0008128  |            |       |  5.39

Nlocal:            125 ave         145 max         105 min
Histogram: 1 0 0 0 1 1 0 0 0 1
Nghost:           1737 ave        1757 max        1717 min
Histogram: 1 0 0 0 1 1 0 0 0 1
Neighs:          11000 ave       12824 max        9160 min
Histogram: 1 0 0 0 1 1 0 0 0 1

Total # of neighbors = 44000
Ave neighs/atom = 88
Neighbor list builds = 0
Dangerous builds = 0

# Релаксация ячейки iso
fix 2 all box/relax iso 0.0 vmax 0.0001
min_style cg
minimize 1.0e-10 1.0e-11 1000 5000
WARNING: Energy due to 1 extra global DOFs will be included in minimizer energies
 (src/min.cpp:219)
Per MPI rank memory allocation (min/avg/max) = 4.514 | 4.514 | 4.514 Mbytes
   Step           Lx             Ly             Lz           PotEng         Press           Fmax          Volume    
       132   17.560978      17.556078      17.600549     -2102.8564      2.2445638      9.6859154e-05  5426.2827    
       133   17.560985      17.556085      17.600556     -2102.8564     -0.0067185831   9.4818489e-05  5426.2894    
Loop time of 0.00266393 on 4 procs for 1 steps with 500 atoms

79.4% CPU use with 4 MPI tasks x 1 OpenMP threads

Minimization stats:
  Stopping criterion = energy tolerance
  Energy initial, next-to-last, final = 
     -2102.85636100024  -2102.85636100024  -2102.85636100492
  Force two-norm initial, final = 0.022831515 0.0010741974
  Force max component initial, final = 0.022805797 9.4818489e-05
  Final line search alpha, max atom move = 0.00438485 4.1576485e-07
  Iterations, force evaluations = 1 2

MPI task timing breakdown:
Section |  min time  |  avg time  |  max time  |%varavg| %total
---------------------------------------------------------------
Pair    | 0.0020965  | 0.0020995  | 0.0021038  |   0.0 | 78.81
Neigh   | 0          | 0          | 0          |   0.0 |  0.00
Comm    | 0.0001766  | 0.00018178 | 0.00018699 |   0.0 |  6.82
Output  | 0          | 0          | 0          |   0.0 |  0.00
Modify  | 0          | 0          | 0          |   0.0 |  0.00
Other   |            | 0.0003826  |            |       | 14.36

Nlocal:            125 ave         145 max         105 min
Histogram: 1 0 0 0 1 1 0 0 0 1
Nghost:           1737 ave        1757 max        1717 min
Histogram: 1 0 0 0 1 1 0 0 0 1
Neighs:          11000 ave       12824 max        9160 min
Histogram: 1 0 0 0 1 1 0 0 0 1

Total # of neighbors = 44000
Ave neighs/atom = 88
Neighbor list builds = 0
Dangerous builds = 0
unfix 2

variable lat_const equal "lx/5"
variable eatom equal "pe/count(all)"
variable teng equal "pe"
variable natoms equal "count(all)"

print "Lattice parameter (lx/5) = ${lat_const} A"
Lattice parameter (lx/5) = 3.51219708001601 A
print "Total Potential Energy (PE) = ${teng} eV"
Total Potential Energy (PE) = -2102.85636100492 eV
print "Number of atoms = ${natoms}"
Number of atoms = 500
print "Cohesive energy (PE/N) = ${eatom} eV"
Cohesive energy (PE/N) = -4.20571272200983 eV
print "Minimization completed."
Minimization completed.

write_data A4_6_minimized.data
System init for write_data ...
Total wall time: 0:00:00
