read_data A4_9.data
Reading data file ...
  triclinic box = (0 0 0) to (17.6 17.6 17.6) with tilt (1.0776892e-15 1.0776892e-15 1.0776892e-15)
  1 by 2 by 2 MPI processor grid
  reading atoms ...
  500 atoms
  read_data CPU = 0.008 seconds

mass 1 58.6934  # Ni
mass 2 55.845   # Fe
mass 3 51.9961  # Cr

pair_style eam/alloy
pair_coeff * * FeNiCr_bonny.eam.alloy Ni Fe Cr

neighbor 2.0 bin
neigh_modify delay 0 check yes
timestep 0.001

thermo 10
thermo_style custom step lx ly lz pe press fmax vol

# --- ЭТАПЫ МИНИМИЗАЦИИ ---
min_style cg
minimize 1.0e-8 1.0e-9 1000 5000

CITE-CITE-CITE-CITE-CITE-CITE-CITE-CITE-CITE-CITE-CITE-CITE-CITE

Your simulation uses code contributions which should be cited:

- Type Label Framework: https://doi.org/10.1021/acs.jpcb.3c08419

@Article{Gissinger24,
 author = {Jacob R. Gissinger, Ilia Nikiforov, Yaser Afshar, Brendon Waters, Moon-ki Choi, Daniel S. Karls, Alexander Stukowski, Wonpil Im, Hendrik Heinz, Axel Kohlmeyer, and Ellad B. Tadmor},
 title = {Type Label Framework for Bonded Force Fields in LAMMPS},
 journal = {J. Phys. Chem. B},
 year =    2024,
 volume =  128,
 number =  13,
 pages =   {3282–-3297}
}

CITE-CITE-CITE-CITE-CITE-CITE-CITE-CITE-CITE-CITE-CITE-CITE-CITE

Neighbor list info ...
  update: every = 1 steps, delay = 0 steps, check = yes
  max neighbors/atom: 2000, page size: 100000
  master list distance cutoff = 7.6
  ghost atom cutoff = 7.6
  binsize = 3.8, bins = 5 5 5
  1 neighbor lists, perpetual/occasional/extra = 1 0 0
  (1) pair eam/alloy, perpetual
      attributes: half, newton on
      pair build: half/bin/atomonly/newton/tri
      stencil: half/bin/3d/tri
      bin: standard
Per MPI rank memory allocation (min/avg/max) = 4.514 | 4.514 | 4.514 Mbytes
   Step           Lx             Ly             Lz           PotEng         Press           Fmax          Volume    
         0   17.6           17.6           17.6          -2098.5805     -7152.7591      0.61262557     5451.776     
        10   17.6           17.6           17.6          -2100.6492     -9933.1168      0.011717172    5451.776     
        16   17.6           17.6           17.6          -2100.6508     -9931.2037      0.0012451686   5451.776     
Loop time of 0.0492369 on 4 procs for 16 steps with 500 atoms

77.5% CPU use with 4 MPI tasks x 1 OpenMP threads

Minimization stats:
  Stopping criterion = energy tolerance
  Energy initial, next-to-last, final = 
     -2098.58048739314  -2100.65081842454  -2100.65083444875
  Force two-norm initial, final = 6.9388395 0.01153975
  Force max component initial, final = 0.61262557 0.0012451686
  Final line search alpha, max atom move = 1 0.0012451686
  Iterations, force evaluations = 16 32

MPI task timing breakdown:
Section |  min time  |  avg time  |  max time  |%varavg| %total
---------------------------------------------------------------
Pair    | 0.03263    | 0.032699   | 0.032792   |   0.0 | 66.41
Neigh   | 0          | 0          | 0          |   0.0 |  0.00
Comm    | 0.011367   | 0.011513   | 0.011715   |   0.1 | 23.38
Output  | 4.9413e-05 | 6.7848e-05 | 0.00012307 |   0.0 |  0.14
Modify  | 0          | 0          | 0          |   0.0 |  0.00
Other   |            | 0.004957   |            |       | 10.07

Nlocal:            125 ave         180 max          80 min
Histogram: 1 0 0 0 2 0 0 0 0 1
Nghost:           1737 ave        1782 max        1682 min
Histogram: 1 0 0 0 0 0 2 0 0 1
Neighs:          11000 ave       15817 max        7028 min
Histogram: 1 0 0 0 2 0 0 0 0 1

Total # of neighbors = 44000
Ave neighs/atom = 88
Neighbor list builds = 0
Dangerous builds = 0

# Релаксация ячейки aniso
fix 1 all box/relax aniso 0.0 vmax 0.0001
min_style cg
minimize 1.0e-10 1.0e-11 1000 5000
WARNING: Energy due to 3 extra global DOFs will be included in minimizer energies
 (src/min.cpp:219)
Per MPI rank memory allocation (min/avg/max) = 4.514 | 4.514 | 4.514 Mbytes
   Step           Lx             Ly             Lz           PotEng         Press           Fmax          Volume    
        16   17.6           17.6           17.6          -2100.6508     -9931.2037      0.0012451686   5451.776     
        20   17.595496      17.59319       17.59296      -2100.6839     -8089.3686      0.0051397163   5446.0928    
        30   17.586554      17.576393      17.57536      -2100.7368     -3687.4515      0.016586277    5432.6876    
        40   17.587438      17.560581      17.55776      -2100.7553     -330.81216      0.026196674    5422.6376    
        50   17.604923      17.551828      17.545904     -2100.7602      0.78408581     0.029529156    5421.6593    
        60   17.611986      17.546467      17.539701     -2100.7619      404.94021      0.026622766    5420.2611    
        70   17.614007      17.547783      17.538803     -2100.7651     -73.538532      0.006550505    5421.0121    
        80   17.614446      17.546894      17.537959     -2100.7655     -14.608198      0.0088704778   5420.6118    
        90   17.614713      17.54694       17.537303     -2100.7657     -2.4983377      0.0031388988   5420.5051    
       100   17.614947      17.546962      17.537257     -2100.7658     -13.806979      0.0032325074   5420.5699    
       105   17.614875      17.546982      17.537098     -2100.7658      5.6717799      0.0019304824   5420.5049    
Loop time of 0.233973 on 4 procs for 89 steps with 500 atoms

79.3% CPU use with 4 MPI tasks x 1 OpenMP threads

Minimization stats:
  Stopping criterion = energy tolerance
  Energy initial, next-to-last, final = 
     -2100.65083444876   -2100.7658362968   -2100.7658364024
  Force two-norm initial, final = 59.433365 0.042857079
  Force max component initial, final = 38.585991 0.033678569
  Final line search alpha, max atom move = 0.0040580053 0.00013666781
  Iterations, force evaluations = 89 128

MPI task timing breakdown:
Section |  min time  |  avg time  |  max time  |%varavg| %total
---------------------------------------------------------------
Pair    | 0.14391    | 0.14618    | 0.14844    |   0.4 | 62.48
Neigh   | 0          | 0          | 0          |   0.0 |  0.00
Comm    | 0.014315   | 0.018476   | 0.022564   |   2.2 |  7.90
Output  | 0.00033866 | 0.00058519 | 0.0013183  |   0.0 |  0.25
Modify  | 0          | 0          | 0          |   0.0 |  0.00
Other   |            | 0.06873    |            |       | 29.37

Nlocal:            125 ave         153 max          97 min
Histogram: 1 0 0 0 1 1 0 0 0 1
Nghost:           1737 ave        1765 max        1709 min
Histogram: 1 0 0 0 1 1 0 0 0 1
Neighs:        10999.8 ave       13468 max        8524 min
Histogram: 1 0 0 0 1 1 0 0 0 1

Total # of neighbors = 43999
Ave neighs/atom = 87.998
Neighbor list builds = 0
Dangerous builds = 0
unfix 1

# Промежуточная минимизация атомов
min_style cg
minimize 1.0e-10 1.0e-11 1000 5000
Per MPI rank memory allocation (min/avg/max) = 4.514 | 4.514 | 4.514 Mbytes
   Step           Lx             Ly             Lz           PotEng         Press           Fmax          Volume    
       105   17.614875      17.546982      17.537098     -2100.7658      5.6717799      0.0019304824   5420.5049    
       110   17.614875      17.546982      17.537098     -2100.7659      8.9431604      0.00082775953  5420.5049    
       115   17.614875      17.546982      17.537098     -2100.7659      6.7640333      9.9433571e-05  5420.5049    
Loop time of 0.0211606 on 4 procs for 10 steps with 500 atoms

93.9% CPU use with 4 MPI tasks x 1 OpenMP threads

Minimization stats:
  Stopping criterion = energy tolerance
  Energy initial, next-to-last, final = 
      -2100.7658364024  -2100.76588849511  -2100.76588858876
  Force two-norm initial, final = 0.019996411 0.00084997993
  Force max component initial, final = 0.0019304824 9.9433571e-05
  Final line search alpha, max atom move = 1 9.9433571e-05
  Iterations, force evaluations = 10 20

MPI task timing breakdown:
Section |  min time  |  avg time  |  max time  |%varavg| %total
---------------------------------------------------------------
Pair    | 0.018276   | 0.018294   | 0.018316   |   0.0 | 86.45
Neigh   | 0          | 0          | 0          |   0.0 |  0.00
Comm    | 0.0016022  | 0.0016848  | 0.001743   |   0.1 |  7.96
Output  | 4.4192e-05 | 6.5178e-05 | 0.0001276  |   0.0 |  0.31
Modify  | 0          | 0          | 0          |   0.0 |  0.00
Other   |            | 0.001117   |            |       |  5.28

Nlocal:            125 ave         153 max          98 min
Histogram: 1 0 0 0 1 1 0 0 0 1
Nghost:           1737 ave        1764 max        1709 min
Histogram: 1 0 0 0 1 1 0 0 0 1
Neighs:          11000 ave       13480 max        8616 min
Histogram: 1 0 0 0 1 1 0 0 0 1

Total # of neighbors = 44000
Ave neighs/atom = 88
Neighbor list builds = 0
Dangerous builds = 0

# Релаксация ячейки iso
fix 2 all box/relax iso 0.0 vmax 0.0001
min_style cg
minimize 1.0e-10 1.0e-11 1000 5000
WARNING: Energy due to 1 extra global DOFs will be included in minimizer energies
 (src/min.cpp:219)
Per MPI rank memory allocation (min/avg/max) = 4.514 | 4.514 | 4.514 Mbytes
   Step           Lx             Ly             Lz           PotEng         Press           Fmax          Volume    
       115   17.614875      17.546982      17.537098     -2100.7659      6.7640333      9.9433571e-05  5420.5049    
       116   17.614897      17.547004      17.53712      -2100.7659     -0.0062970413   9.9127833e-05  5420.525     
Loop time of 0.00947144 on 4 procs for 1 steps with 500 atoms

58.0% CPU use with 4 MPI tasks x 1 OpenMP threads

Minimization stats:
  Stopping criterion = energy tolerance
  Energy initial, next-to-last, final = 
     -2100.76588858876  -2100.76588858876  -2100.76588863115
  Force two-norm initial, final = 0.068657765 0.0008671651
  Force max component initial, final = 0.068652503 9.9127833e-05
  Final line search alpha, max atom move = 0.0014566111 1.4439071e-07
  Iterations, force evaluations = 1 2

MPI task timing breakdown:
Section |  min time  |  avg time  |  max time  |%varavg| %total
---------------------------------------------------------------
Pair    | 0.0040081  | 0.0056584  | 0.0082353  |   2.4 | 59.74
Neigh   | 0          | 0          | 0          |   0.0 |  0.00
Comm    | 0.0010275  | 0.0036049  | 0.0052564  |   3.0 | 38.06
Output  | 0          | 0          | 0          |   0.0 |  0.00
Modify  | 0          | 0          | 0          |   0.0 |  0.00
Other   |            | 0.0002082  |            |       |  2.20

Nlocal:            125 ave         153 max          98 min
Histogram: 1 0 0 0 1 1 0 0 0 1
Nghost:           1737 ave        1764 max        1709 min
Histogram: 1 0 0 0 1 1 0 0 0 1
Neighs:          11000 ave       13480 max        8616 min
Histogram: 1 0 0 0 1 1 0 0 0 1

Total # of neighbors = 44000
Ave neighs/atom = 88
Neighbor list builds = 0
Dangerous builds = 0
unfix 2

variable lat_const equal "lx/5"
variable eatom equal "pe/count(all)"
variable teng equal "pe"
variable natoms equal "count(all)"

print "Lattice parameter (lx/5) = ${lat_const} A"
Lattice parameter (lx/5) = 3.52297943071596 A
print "Total Potential Energy (PE) = ${teng} eV"
Total Potential Energy (PE) = -2100.76588863115 eV
print "Number of atoms = ${natoms}"
Number of atoms = 500
print "Cohesive energy (PE/N) = ${eatom} eV"
Cohesive energy (PE/N) = -4.2015317772623 eV
print "Minimization completed."
Minimization completed.

write_data A4_9_minimized.data
System init for write_data ...
Total wall time: 0:00:00
