read_data C5_mpack_6.data
Reading data file ...
  triclinic box = (0 0 0) to (17.6 17.6 17.6) with tilt (1.0776892e-15 1.0776892e-15 1.0776892e-15)
  1 by 2 by 2 MPI processor grid
  reading atoms ...
  500 atoms
  read_data CPU = 0.031 seconds

mass 1 58.6934  # Ni
mass 2 55.845   # Fe
mass 3 51.9961  # Cr

pair_style eam/alloy
pair_coeff * * FeNiCr_bonny.eam.alloy Ni Fe Cr

neighbor 2.0 bin
neigh_modify delay 0 check yes
timestep 0.001

thermo 10
thermo_style custom step lx ly lz pe press fmax vol

# --- ЭТАПЫ МИНИМИЗАЦИИ ---
min_style cg
minimize 1.0e-8 1.0e-9 1000 5000

CITE-CITE-CITE-CITE-CITE-CITE-CITE-CITE-CITE-CITE-CITE-CITE-CITE

Your simulation uses code contributions which should be cited:

- Type Label Framework: https://doi.org/10.1021/acs.jpcb.3c08419

@Article{Gissinger24,
 author = {Jacob R. Gissinger, Ilia Nikiforov, Yaser Afshar, Brendon Waters, Moon-ki Choi, Daniel S. Karls, Alexander Stukowski, Wonpil Im, Hendrik Heinz, Axel Kohlmeyer, and Ellad B. Tadmor},
 title = {Type Label Framework for Bonded Force Fields in LAMMPS},
 journal = {J. Phys. Chem. B},
 year =    2024,
 volume =  128,
 number =  13,
 pages =   {3282–-3297}
}

CITE-CITE-CITE-CITE-CITE-CITE-CITE-CITE-CITE-CITE-CITE-CITE-CITE

Neighbor list info ...
  update: every = 1 steps, delay = 0 steps, check = yes
  max neighbors/atom: 2000, page size: 100000
  master list distance cutoff = 7.6
  ghost atom cutoff = 7.6
  binsize = 3.8, bins = 5 5 5
  1 neighbor lists, perpetual/occasional/extra = 1 0 0
  (1) pair eam/alloy, perpetual
      attributes: half, newton on
      pair build: half/bin/atomonly/newton/tri
      stencil: half/bin/3d/tri
      bin: standard
Per MPI rank memory allocation (min/avg/max) = 4.524 | 4.524 | 4.524 Mbytes
   Step           Lx             Ly             Lz           PotEng         Press           Fmax          Volume    
         0   17.6           17.6           17.6          -2104.4689      3129.4006      0.80210348     5451.776     
        10   17.6           17.6           17.6          -2107.256       3097.2536      0.0087625813   5451.776     
        17   17.6           17.6           17.6          -2107.2573      3104.3026      0.00089442834  5451.776     
Loop time of 0.0537053 on 4 procs for 17 steps with 500 atoms

70.6% CPU use with 4 MPI tasks x 1 OpenMP threads

Minimization stats:
  Stopping criterion = energy tolerance
  Energy initial, next-to-last, final = 
     -2104.46892282083  -2107.25727956132  -2107.25728978044
  Force two-norm initial, final = 8.9683102 0.00981713
  Force max component initial, final = 0.80210348 0.00089442834
  Final line search alpha, max atom move = 1 0.00089442834
  Iterations, force evaluations = 17 34

MPI task timing breakdown:
Section |  min time  |  avg time  |  max time  |%varavg| %total
---------------------------------------------------------------
Pair    | 0.026233   | 0.026246   | 0.026266   |   0.0 | 48.87
Neigh   | 0          | 0          | 0          |   0.0 |  0.00
Comm    | 0.0053439  | 0.017635   | 0.021757   |   5.3 | 32.84
Output  | 4.1653e-05 | 6.19e-05   | 0.00012244 |   0.0 |  0.12
Modify  | 0          | 0          | 0          |   0.0 |  0.00
Other   |            | 0.009763   |            |       | 18.18

Nlocal:            125 ave         145 max         105 min
Histogram: 1 0 0 0 0 2 0 0 0 1
Nghost:           1737 ave        1757 max        1717 min
Histogram: 1 0 0 0 0 2 0 0 0 1
Neighs:          11000 ave       12698 max        9251 min
Histogram: 1 0 0 0 0 2 0 0 0 1

Total # of neighbors = 44000
Ave neighs/atom = 88
Neighbor list builds = 0
Dangerous builds = 0

# Релаксация ячейки aniso
fix 1 all box/relax aniso 0.0 vmax 0.0001
min_style cg
minimize 1.0e-10 1.0e-11 1000 5000
WARNING: Energy due to 3 extra global DOFs will be included in minimizer energies
 (src/min.cpp:219)
Per MPI rank memory allocation (min/avg/max) = 4.524 | 4.524 | 4.524 Mbytes
   Step           Lx             Ly             Lz           PotEng         Press           Fmax          Volume    
        17   17.6           17.6           17.6          -2107.2573      3104.3026      0.00089442834  5451.776     
        20   17.60528       17.604216      17.60408      -2107.2637      1696.0107      0.003458757    5455.9824    
        30   17.620258      17.606417      17.60341      -2107.2671      54.758212      0.0027197485   5461.099     
        40   17.620426      17.60585       17.604597     -2107.2672      1.1753666      0.00083555412  5461.3437    
        44   17.620468      17.606007      17.604411     -2107.2672      0.28029686     0.00064368528  5461.3477    
Loop time of 0.044168 on 4 procs for 27 steps with 500 atoms

76.9% CPU use with 4 MPI tasks x 1 OpenMP threads

Minimization stats:
  Stopping criterion = energy tolerance
  Energy initial, next-to-last, final = 
     -2107.25728978044  -2107.26720271341  -2107.26720291959
  Force two-norm initial, final = 18.388372 0.0076695799
  Force max component initial, final = 12.058738 0.0020812575
  Final line search alpha, max atom move = 0.003984522 8.2928163e-06
  Iterations, force evaluations = 27 44

MPI task timing breakdown:
Section |  min time  |  avg time  |  max time  |%varavg| %total
---------------------------------------------------------------
Pair    | 0.03879    | 0.038804   | 0.038817   |   0.0 | 87.86
Neigh   | 0          | 0          | 0          |   0.0 |  0.00
Comm    | 0.0022272  | 0.0023526  | 0.0024762  |   0.3 |  5.33
Output  | 5.7712e-05 | 0.00010239 | 0.0002362  |   0.0 |  0.23
Modify  | 0          | 0          | 0          |   0.0 |  0.00
Other   |            | 0.002909   |            |       |  6.59

Nlocal:            125 ave         142 max         108 min
Histogram: 1 0 1 0 0 0 0 1 0 1
Nghost:           1737 ave        1754 max        1720 min
Histogram: 1 0 1 0 0 0 0 1 0 1
Neighs:          11000 ave       12423 max        9433 min
Histogram: 1 0 0 1 0 0 0 1 0 1

Total # of neighbors = 44000
Ave neighs/atom = 88
Neighbor list builds = 0
Dangerous builds = 0
unfix 1

# Промежуточная минимизация атомов
min_style cg
minimize 1.0e-10 1.0e-11 1000 5000
Per MPI rank memory allocation (min/avg/max) = 4.524 | 4.524 | 4.524 Mbytes
   Step           Lx             Ly             Lz           PotEng         Press           Fmax          Volume    
        44   17.620468      17.606007      17.604411     -2107.2672      0.28029686     0.00064368528  5461.3477    
        50   17.620468      17.606007      17.604411     -2107.2672      1.2186427      0.00018851187  5461.3477    
        51   17.620468      17.606007      17.604411     -2107.2672      1.9887535      0.00010949569  5461.3477    
Loop time of 0.0108883 on 4 procs for 7 steps with 500 atoms

71.3% CPU use with 4 MPI tasks x 1 OpenMP threads

Minimization stats:
  Stopping criterion = energy tolerance
  Energy initial, next-to-last, final = 
     -2107.26720291959  -2107.26721057091  -2107.26721069236
  Force two-norm initial, final = 0.0073540164 0.0011948815
  Force max component initial, final = 0.00064368528 0.00010949569
  Final line search alpha, max atom move = 1 0.00010949569
  Iterations, force evaluations = 7 14

MPI task timing breakdown:
Section |  min time  |  avg time  |  max time  |%varavg| %total
---------------------------------------------------------------
Pair    | 0.0092639  | 0.0092702  | 0.0092773  |   0.0 | 85.14
Neigh   | 0          | 0          | 0          |   0.0 |  0.00
Comm    | 0.00080951 | 0.00087038 | 0.00093265 |   0.0 |  7.99
Output  | 2.1967e-05 | 3.9562e-05 | 9.1e-05    |   0.0 |  0.36
Modify  | 0          | 0          | 0          |   0.0 |  0.00
Other   |            | 0.0007081  |            |       |  6.50

Nlocal:            125 ave         143 max         108 min
Histogram: 1 0 1 0 0 0 0 1 0 1
Nghost:           1737 ave        1754 max        1719 min
Histogram: 1 0 1 0 0 0 0 1 0 1
Neighs:          11000 ave       12510 max        9433 min
Histogram: 1 0 1 0 0 0 0 1 0 1

Total # of neighbors = 44000
Ave neighs/atom = 88
Neighbor list builds = 0
Dangerous builds = 0

# Релаксация ячейки iso
fix 2 all box/relax iso 0.0 vmax 0.0001
min_style cg
minimize 1.0e-10 1.0e-11 1000 5000
WARNING: Energy due to 1 extra global DOFs will be included in minimizer energies
 (src/min.cpp:219)
Per MPI rank memory allocation (min/avg/max) = 4.524 | 4.524 | 4.524 Mbytes
   Step           Lx             Ly             Lz           PotEng         Press           Fmax          Volume    
        51   17.620468      17.606007      17.604411     -2107.2672      1.9887535      0.00010949569  5461.3477    
        52   17.620475      17.606014      17.604418     -2107.2672     -0.0084257892   0.0001061985   5461.3537    
Loop time of 0.00281982 on 4 procs for 1 steps with 500 atoms

70.7% CPU use with 4 MPI tasks x 1 OpenMP threads

Minimization stats:
  Stopping criterion = energy tolerance
  Energy initial, next-to-last, final = 
     -2107.26721069236  -2107.26721069236  -2107.26721069611
  Force two-norm initial, final = 0.020372296 0.0011780934
  Force max component initial, final = 0.020337224 0.0001061985
  Final line search alpha, max atom move = 0.0049170919 5.2218776e-07
  Iterations, force evaluations = 1 2

MPI task timing breakdown:
Section |  min time  |  avg time  |  max time  |%varavg| %total
---------------------------------------------------------------
Pair    | 0.0023003  | 0.002307   | 0.002314   |   0.0 | 81.81
Neigh   | 0          | 0          | 0          |   0.0 |  0.00
Comm    | 0.00014631 | 0.0001528  | 0.00015944 |   0.0 |  5.42
Output  | 0          | 0          | 0          |   0.0 |  0.00
Modify  | 0          | 0          | 0          |   0.0 |  0.00
Other   |            | 0.00036    |            |       | 12.77

Nlocal:            125 ave         144 max         108 min
Histogram: 1 0 1 0 0 0 1 0 0 1
Nghost:           1737 ave        1754 max        1718 min
Histogram: 1 0 0 1 0 0 0 1 0 1
Neighs:          11000 ave       12603 max        9433 min
Histogram: 1 0 1 0 0 0 0 1 0 1

Total # of neighbors = 44000
Ave neighs/atom = 88
Neighbor list builds = 0
Dangerous builds = 0
unfix 2

variable lat_const equal "lx/5"
variable eatom equal "pe/count(all)"
variable teng equal "pe"
variable natoms equal "count(all)"

print "Lattice parameter (lx/5) = ${lat_const} A"
Lattice parameter (lx/5) = 3.52409494417303 A
print "Total Potential Energy (PE) = ${teng} eV"
Total Potential Energy (PE) = -2107.26721069611 eV
print "Number of atoms = ${natoms}"
Number of atoms = 500
print "Cohesive energy (PE/N) = ${eatom} eV"
Cohesive energy (PE/N) = -4.21453442139222 eV
print "Minimization completed."
Minimization completed.

write_data C5_mpack_6_minimized.data
System init for write_data ...
Total wall time: 0:00:00
