read_data C5_mpack_12.data
Reading data file ...
  triclinic box = (0 0 0) to (17.6 17.6 17.6) with tilt (1.0776892e-15 1.0776892e-15 1.0776892e-15)
  1 by 2 by 2 MPI processor grid
  reading atoms ...
  500 atoms
  read_data CPU = 0.007 seconds

mass 1 58.6934  # Ni
mass 2 55.845   # Fe
mass 3 51.9961  # Cr

pair_style eam/alloy
pair_coeff * * FeNiCr_bonny.eam.alloy Ni Fe Cr

neighbor 2.0 bin
neigh_modify delay 0 check yes
timestep 0.001

thermo 10
thermo_style custom step lx ly lz pe press fmax vol

# --- ЭТАПЫ МИНИМИЗАЦИИ ---
min_style cg
minimize 1.0e-8 1.0e-9 1000 5000

CITE-CITE-CITE-CITE-CITE-CITE-CITE-CITE-CITE-CITE-CITE-CITE-CITE

Your simulation uses code contributions which should be cited:

- Type Label Framework: https://doi.org/10.1021/acs.jpcb.3c08419

@Article{Gissinger24,
 author = {Jacob R. Gissinger, Ilia Nikiforov, Yaser Afshar, Brendon Waters, Moon-ki Choi, Daniel S. Karls, Alexander Stukowski, Wonpil Im, Hendrik Heinz, Axel Kohlmeyer, and Ellad B. Tadmor},
 title = {Type Label Framework for Bonded Force Fields in LAMMPS},
 journal = {J. Phys. Chem. B},
 year =    2024,
 volume =  128,
 number =  13,
 pages =   {3282–-3297}
}

CITE-CITE-CITE-CITE-CITE-CITE-CITE-CITE-CITE-CITE-CITE-CITE-CITE

Neighbor list info ...
  update: every = 1 steps, delay = 0 steps, check = yes
  max neighbors/atom: 2000, page size: 100000
  master list distance cutoff = 7.6
  ghost atom cutoff = 7.6
  binsize = 3.8, bins = 5 5 5
  1 neighbor lists, perpetual/occasional/extra = 1 0 0
  (1) pair eam/alloy, perpetual
      attributes: half, newton on
      pair build: half/bin/atomonly/newton/tri
      stencil: half/bin/3d/tri
      bin: standard
Per MPI rank memory allocation (min/avg/max) = 4.524 | 4.524 | 4.524 Mbytes
   Step           Lx             Ly             Lz           PotEng         Press           Fmax          Volume    
         0   17.6           17.6           17.6          -2104.7851      3533.6623      0.76047746     5451.776     
        10   17.6           17.6           17.6          -2107.6443      3615.1006      0.007015802    5451.776     
        16   17.6           17.6           17.6          -2107.645       3614.5995      0.0011013846   5451.776     
Loop time of 0.0200328 on 4 procs for 16 steps with 500 atoms

88.8% CPU use with 4 MPI tasks x 1 OpenMP threads

Minimization stats:
  Stopping criterion = energy tolerance
  Energy initial, next-to-last, final = 
     -2104.78509485498  -2107.64495007644  -2107.64496717367
  Force two-norm initial, final = 9.0514231 0.012722862
  Force max component initial, final = 0.76047746 0.0011013846
  Final line search alpha, max atom move = 1 0.0011013846
  Iterations, force evaluations = 16 32

MPI task timing breakdown:
Section |  min time  |  avg time  |  max time  |%varavg| %total
---------------------------------------------------------------
Pair    | 0.016781   | 0.017075   | 0.017298   |   0.1 | 85.23
Neigh   | 0          | 0          | 0          |   0.0 |  0.00
Comm    | 0.0013364  | 0.0017199  | 0.0021726  |   0.7 |  8.59
Output  | 2.5529e-05 | 3.9139e-05 | 7.9928e-05 |   0.0 |  0.20
Modify  | 0          | 0          | 0          |   0.0 |  0.00
Other   |            | 0.001199   |            |       |  5.99

Nlocal:            125 ave         145 max         105 min
Histogram: 1 0 0 0 0 2 0 0 0 1
Nghost:           1737 ave        1757 max        1717 min
Histogram: 1 0 0 0 0 2 0 0 0 1
Neighs:          11000 ave       12771 max        9241 min
Histogram: 1 0 0 0 1 1 0 0 0 1

Total # of neighbors = 44000
Ave neighs/atom = 88
Neighbor list builds = 0
Dangerous builds = 0

# Релаксация ячейки aniso
fix 1 all box/relax aniso 0.0 vmax 0.0001
min_style cg
minimize 1.0e-10 1.0e-11 1000 5000
WARNING: Energy due to 3 extra global DOFs will be included in minimizer energies
 (src/min.cpp:219)
Per MPI rank memory allocation (min/avg/max) = 4.524 | 4.524 | 4.524 Mbytes
   Step           Lx             Ly             Lz           PotEng         Press           Fmax          Volume    
        16   17.6           17.6           17.6          -2107.645       3614.5995      0.0011013846   5451.776     
        20   17.605428      17.603266      17.60704      -2107.6542      1974.2894      0.0037665132   5456.6512    
        30   17.612973      17.597388      17.62441      -2107.6611     -0.17175412     0.010964821    5462.5504    
        40   17.614316      17.586073      17.634569     -2107.6625      76.451567      0.0032193571   5462.6012    
        50   17.614735      17.585866      17.635246     -2107.6627     -0.16994892     0.0014479029   5462.8766    
        57   17.614662      17.585755      17.635429     -2107.6627      1.285055       0.0013656008   5462.8761    
Loop time of 0.0431208 on 4 procs for 41 steps with 500 atoms

72.0% CPU use with 4 MPI tasks x 1 OpenMP threads

Minimization stats:
  Stopping criterion = energy tolerance
  Energy initial, next-to-last, final = 
     -2107.64496717367  -2107.66267490613  -2107.66267510002
  Force two-norm initial, final = 21.944282 0.030357957
  Force max component initial, final = 15.831266 0.016974802
  Final line search alpha, max atom move = 0.01896326 0.00032189759
  Iterations, force evaluations = 41 63

MPI task timing breakdown:
Section |  min time  |  avg time  |  max time  |%varavg| %total
---------------------------------------------------------------
Pair    | 0.031924   | 0.032319   | 0.032724   |   0.2 | 74.95
Neigh   | 0          | 0          | 0          |   0.0 |  0.00
Comm    | 0.0043188  | 0.005268   | 0.0061281  |   0.9 | 12.22
Output  | 7.9809e-05 | 0.00015159 | 0.00036637 |   0.0 |  0.35
Modify  | 0          | 0          | 0          |   0.0 |  0.00
Other   |            | 0.005383   |            |       | 12.48

Nlocal:            125 ave         129 max         119 min
Histogram: 1 0 0 0 0 0 0 2 0 1
Nghost:           1737 ave        1743 max        1733 min
Histogram: 1 0 0 2 0 0 0 0 0 1
Neighs:          11000 ave       11308 max       10484 min
Histogram: 1 0 0 0 0 0 0 2 0 1

Total # of neighbors = 44000
Ave neighs/atom = 88
Neighbor list builds = 0
Dangerous builds = 0
unfix 1

# Промежуточная минимизация атомов
min_style cg
minimize 1.0e-10 1.0e-11 1000 5000
Per MPI rank memory allocation (min/avg/max) = 4.524 | 4.524 | 4.524 Mbytes
   Step           Lx             Ly             Lz           PotEng         Press           Fmax          Volume    
        57   17.614662      17.585755      17.635429     -2107.6627      1.285055       0.0013656008   5462.8761    
        60   17.614662      17.585755      17.635429     -2107.6627      0.04862665     0.00041186853  5462.8761    
        66   17.614662      17.585755      17.635429     -2107.6627     -0.37188393     9.4497885e-05  5462.8761    
Loop time of 0.0215519 on 4 procs for 9 steps with 500 atoms

64.5% CPU use with 4 MPI tasks x 1 OpenMP threads

Minimization stats:
  Stopping criterion = energy tolerance
  Energy initial, next-to-last, final = 
     -2107.66267510002  -2107.66269464715  -2107.66269476857
  Force two-norm initial, final = 0.013203152 0.0010222482
  Force max component initial, final = 0.0013656008 9.4497885e-05
  Final line search alpha, max atom move = 1 9.4497885e-05
  Iterations, force evaluations = 9 18

MPI task timing breakdown:
Section |  min time  |  avg time  |  max time  |%varavg| %total
---------------------------------------------------------------
Pair    | 0.013804   | 0.014573   | 0.015387   |   0.6 | 67.62
Neigh   | 0          | 0          | 0          |   0.0 |  0.00
Comm    | 0.0013694  | 0.0021414  | 0.0028988  |   1.6 |  9.94
Output  | 2.8621e-05 | 4.6048e-05 | 9.6954e-05 |   0.0 |  0.21
Modify  | 0          | 0          | 0          |   0.0 |  0.00
Other   |            | 0.004791   |            |       | 22.23

Nlocal:            125 ave         129 max         119 min
Histogram: 1 0 0 0 0 0 0 2 0 1
Nghost:           1737 ave        1743 max        1733 min
Histogram: 1 0 0 2 0 0 0 0 0 1
Neighs:          11000 ave       11308 max       10484 min
Histogram: 1 0 0 0 0 0 0 2 0 1

Total # of neighbors = 44000
Ave neighs/atom = 88
Neighbor list builds = 0
Dangerous builds = 0

# Релаксация ячейки iso
fix 2 all box/relax iso 0.0 vmax 0.0001
min_style cg
minimize 1.0e-10 1.0e-11 1000 5000
WARNING: Energy due to 1 extra global DOFs will be included in minimizer energies
 (src/min.cpp:219)
Per MPI rank memory allocation (min/avg/max) = 4.524 | 4.524 | 4.524 Mbytes
   Step           Lx             Ly             Lz           PotEng         Press           Fmax          Volume    
        66   17.614662      17.585755      17.635429     -2107.6627     -0.37188393     9.4497885e-05  5462.8761    
        67   17.614661      17.585753      17.635428     -2107.6627      0.026523937    9.4418795e-05  5462.8749    
Loop time of 0.00142959 on 4 procs for 1 steps with 500 atoms

87.9% CPU use with 4 MPI tasks x 1 OpenMP threads

Minimization stats:
  Stopping criterion = energy tolerance
  Energy initial, next-to-last, final = 
     -2107.66269476857  -2107.66269476857  -2107.66269476872
  Force two-norm initial, final = 0.003938953 0.0010573095
  Force max component initial, final = 0.0038039926 0.00027131273
  Final line search alpha, max atom move = 0.026288169 7.1323149e-06
  Iterations, force evaluations = 1 2

MPI task timing breakdown:
Section |  min time  |  avg time  |  max time  |%varavg| %total
---------------------------------------------------------------
Pair    | 0.001175   | 0.0011754  | 0.0011764  |   0.0 | 82.22
Neigh   | 0          | 0          | 0          |   0.0 |  0.00
Comm    | 9.3984e-05 | 9.676e-05  | 0.0001001  |   0.0 |  6.77
Output  | 0          | 0          | 0          |   0.0 |  0.00
Modify  | 0          | 0          | 0          |   0.0 |  0.00
Other   |            | 0.0001574  |            |       | 11.01

Nlocal:            125 ave         130 max         119 min
Histogram: 1 0 0 0 0 1 1 0 0 1
Nghost:           1737 ave        1743 max        1732 min
Histogram: 1 0 0 1 1 0 0 0 0 1
Neighs:          11000 ave       11398 max       10484 min
Histogram: 1 0 0 0 0 1 1 0 0 1

Total # of neighbors = 44000
Ave neighs/atom = 88
Neighbor list builds = 0
Dangerous builds = 0
unfix 2

variable lat_const equal "lx/5"
variable eatom equal "pe/count(all)"
variable teng equal "pe"
variable natoms equal "count(all)"

print "Lattice parameter (lx/5) = ${lat_const} A"
Lattice parameter (lx/5) = 3.52293211623956 A
print "Total Potential Energy (PE) = ${teng} eV"
Total Potential Energy (PE) = -2107.66269476872 eV
print "Number of atoms = ${natoms}"
Number of atoms = 500
print "Cohesive energy (PE/N) = ${eatom} eV"
Cohesive energy (PE/N) = -4.21532538953743 eV
print "Minimization completed."
Minimization completed.

write_data C5_mpack_12_minimized.data
System init for write_data ...
Total wall time: 0:00:00
