read_data C5_mpack_7.data
Reading data file ...
  triclinic box = (0 0 0) to (17.6 17.6 17.6) with tilt (1.0776892e-15 1.0776892e-15 1.0776892e-15)
  1 by 2 by 2 MPI processor grid
  reading atoms ...
  500 atoms
  read_data CPU = 0.007 seconds

mass 1 58.6934  # Ni
mass 2 55.845   # Fe
mass 3 51.9961  # Cr

pair_style eam/alloy
pair_coeff * * FeNiCr_bonny.eam.alloy Ni Fe Cr

neighbor 2.0 bin
neigh_modify delay 0 check yes
timestep 0.001

thermo 10
thermo_style custom step lx ly lz pe press fmax vol

# --- ЭТАПЫ МИНИМИЗАЦИИ ---
min_style cg
minimize 1.0e-8 1.0e-9 1000 5000

CITE-CITE-CITE-CITE-CITE-CITE-CITE-CITE-CITE-CITE-CITE-CITE-CITE

Your simulation uses code contributions which should be cited:

- Type Label Framework: https://doi.org/10.1021/acs.jpcb.3c08419

@Article{Gissinger24,
 author = {Jacob R. Gissinger, Ilia Nikiforov, Yaser Afshar, Brendon Waters, Moon-ki Choi, Daniel S. Karls, Alexander Stukowski, Wonpil Im, Hendrik Heinz, Axel Kohlmeyer, and Ellad B. Tadmor},
 title = {Type Label Framework for Bonded Force Fields in LAMMPS},
 journal = {J. Phys. Chem. B},
 year =    2024,
 volume =  128,
 number =  13,
 pages =   {3282–-3297}
}

CITE-CITE-CITE-CITE-CITE-CITE-CITE-CITE-CITE-CITE-CITE-CITE-CITE

Neighbor list info ...
  update: every = 1 steps, delay = 0 steps, check = yes
  max neighbors/atom: 2000, page size: 100000
  master list distance cutoff = 7.6
  ghost atom cutoff = 7.6
  binsize = 3.8, bins = 5 5 5
  1 neighbor lists, perpetual/occasional/extra = 1 0 0
  (1) pair eam/alloy, perpetual
      attributes: half, newton on
      pair build: half/bin/atomonly/newton/tri
      stencil: half/bin/3d/tri
      bin: standard
Per MPI rank memory allocation (min/avg/max) = 4.524 | 4.524 | 4.524 Mbytes
   Step           Lx             Ly             Lz           PotEng         Press           Fmax          Volume    
         0   17.6           17.6           17.6          -2104.4118      3591.3005      0.72881043     5451.776     
        10   17.6           17.6           17.6          -2107.2521      3528.7638      0.0094671752   5451.776     
        17   17.6           17.6           17.6          -2107.2534      3527.6274      0.00080940163  5451.776     
Loop time of 0.0385179 on 4 procs for 17 steps with 500 atoms

63.9% CPU use with 4 MPI tasks x 1 OpenMP threads

Minimization stats:
  Stopping criterion = energy tolerance
  Energy initial, next-to-last, final = 
     -2104.41181577938  -2107.25336909796  -2107.25338047603
  Force two-norm initial, final = 8.988463 0.010493923
  Force max component initial, final = 0.72881043 0.00080940163
  Final line search alpha, max atom move = 1 0.00080940163
  Iterations, force evaluations = 17 34

MPI task timing breakdown:
Section |  min time  |  avg time  |  max time  |%varavg| %total
---------------------------------------------------------------
Pair    | 0.034306   | 0.034354   | 0.034395   |   0.0 | 89.19
Neigh   | 0          | 0          | 0          |   0.0 |  0.00
Comm    | 0.0018553  | 0.0018898  | 0.00193    |   0.1 |  4.91
Output  | 2.5647e-05 | 7.9929e-05 | 0.00024145 |   0.0 |  0.21
Modify  | 0          | 0          | 0          |   0.0 |  0.00
Other   |            | 0.002194   |            |       |  5.70

Nlocal:            125 ave         145 max         105 min
Histogram: 1 0 0 0 0 2 0 0 0 1
Nghost:           1737 ave        1757 max        1717 min
Histogram: 1 0 0 0 0 2 0 0 0 1
Neighs:          11000 ave       12787 max        9246 min
Histogram: 1 0 0 0 2 0 0 0 0 1

Total # of neighbors = 44000
Ave neighs/atom = 88
Neighbor list builds = 0
Dangerous builds = 0

# Релаксация ячейки aniso
fix 1 all box/relax aniso 0.0 vmax 0.0001
min_style cg
minimize 1.0e-10 1.0e-11 1000 5000
WARNING: Energy due to 3 extra global DOFs will be included in minimizer energies
 (src/min.cpp:219)
Per MPI rank memory allocation (min/avg/max) = 4.524 | 4.524 | 4.524 Mbytes
   Step           Lx             Ly             Lz           PotEng         Press           Fmax          Volume    
        17   17.6           17.6           17.6          -2107.2534      3527.6274      0.00080940163  5451.776     
        20   17.602908      17.604147      17.60528      -2107.2607      2247.6129      0.0026054706   5455.5978    
        30   17.599548      17.611789      17.622809     -2107.2678      0.85889269     0.0087393359   5462.3572    
        40   17.591638      17.611067      17.631932     -2107.2686      10.887774      0.0045142329   5462.5048    
        50   17.591079      17.612584      17.63193      -2107.2688     -32.854698      0.003007607    5462.8014    
        55   17.59108       17.612474      17.631603     -2107.2689      8.597928       0.0025895643   5462.6662    
Loop time of 0.12088 on 4 procs for 38 steps with 500 atoms

62.3% CPU use with 4 MPI tasks x 1 OpenMP threads

Minimization stats:
  Stopping criterion = energy tolerance
  Energy initial, next-to-last, final = 
     -2107.25338047603  -2107.26885877502  -2107.26885890201
  Force two-norm initial, final = 21.239962 0.058452939
  Force max component initial, final = 15.030377 0.039841634
  Final line search alpha, max atom move = 0.0081802249 0.00032591353
  Iterations, force evaluations = 38 57

MPI task timing breakdown:
Section |  min time  |  avg time  |  max time  |%varavg| %total
---------------------------------------------------------------
Pair    | 0.074349   | 0.074423   | 0.07447    |   0.0 | 61.57
Neigh   | 0          | 0          | 0          |   0.0 |  0.00
Comm    | 0.010782   | 0.018582   | 0.026632   |   5.7 | 15.37
Output  | 8.7321e-05 | 0.00023726 | 0.00068437 |   0.0 |  0.20
Modify  | 0          | 0          | 0          |   0.0 |  0.00
Other   |            | 0.02764    |            |       | 22.86

Nlocal:            125 ave         142 max         113 min
Histogram: 1 0 0 2 0 0 0 0 0 1
Nghost:           1737 ave        1749 max        1720 min
Histogram: 1 0 0 0 0 0 2 0 0 1
Neighs:          11000 ave       12530 max        9917 min
Histogram: 1 0 0 2 0 0 0 0 0 1

Total # of neighbors = 44000
Ave neighs/atom = 88
Neighbor list builds = 0
Dangerous builds = 0
unfix 1

# Промежуточная минимизация атомов
min_style cg
minimize 1.0e-10 1.0e-11 1000 5000
Per MPI rank memory allocation (min/avg/max) = 4.524 | 4.524 | 4.524 Mbytes
   Step           Lx             Ly             Lz           PotEng         Press           Fmax          Volume    
        55   17.59108       17.612474      17.631603     -2107.2689      8.597928       0.0025895643   5462.6662    
        60   17.59108       17.612474      17.631603     -2107.2689      14.253934      0.00067268471  5462.6662    
        66   17.59108       17.612474      17.631603     -2107.2689      11.374442      0.00013212196  5462.6662    
Loop time of 0.0162344 on 4 procs for 11 steps with 500 atoms

80.1% CPU use with 4 MPI tasks x 1 OpenMP threads

Minimization stats:
  Stopping criterion = energy tolerance
  Energy initial, next-to-last, final = 
     -2107.26885890201   -2107.2689400198  -2107.26894018584
  Force two-norm initial, final = 0.025716639 0.0013969928
  Force max component initial, final = 0.0025895643 0.00013212196
  Final line search alpha, max atom move = 1 0.00013212196
  Iterations, force evaluations = 11 22

MPI task timing breakdown:
Section |  min time  |  avg time  |  max time  |%varavg| %total
---------------------------------------------------------------
Pair    | 0.01322    | 0.013322   | 0.01343    |   0.1 | 82.06
Neigh   | 0          | 0          | 0          |   0.0 |  0.00
Comm    | 0.0010789  | 0.0012203  | 0.0013534  |   0.3 |  7.52
Output  | 2.3365e-05 | 6.8916e-05 | 0.00020436 |   0.0 |  0.42
Modify  | 0          | 0          | 0          |   0.0 |  0.00
Other   |            | 0.001623   |            |       | 10.00

Nlocal:            125 ave         142 max         112 min
Histogram: 1 0 0 2 0 0 0 0 0 1
Nghost:           1737 ave        1750 max        1720 min
Histogram: 1 0 0 0 0 0 2 0 0 1
Neighs:          11000 ave       12530 max        9828 min
Histogram: 1 0 0 2 0 0 0 0 0 1

Total # of neighbors = 44000
Ave neighs/atom = 88
Neighbor list builds = 0
Dangerous builds = 0

# Релаксация ячейки iso
fix 2 all box/relax iso 0.0 vmax 0.0001
min_style cg
minimize 1.0e-10 1.0e-11 1000 5000
WARNING: Energy due to 1 extra global DOFs will be included in minimizer energies
 (src/min.cpp:219)
Per MPI rank memory allocation (min/avg/max) = 4.524 | 4.524 | 4.524 Mbytes
   Step           Lx             Ly             Lz           PotEng         Press           Fmax          Volume    
        66   17.59108       17.612474      17.631603     -2107.2689      11.374442      0.00013212196  5462.6662    
        67   17.591117      17.612511      17.63164      -2107.2689     -0.010675045    0.00014019968  5462.7006    
Loop time of 0.0016215 on 4 procs for 1 steps with 500 atoms

77.0% CPU use with 4 MPI tasks x 1 OpenMP threads

Minimization stats:
  Stopping criterion = energy tolerance
  Energy initial, next-to-last, final = 
     -2107.26894018584  -2107.26894018584  -2107.26894030791
  Force two-norm initial, final = 0.11635284 0.0014646365
  Force max component initial, final = 0.11634445 0.00014019968
  Final line search alpha, max atom move = 0.0008595167 1.2050397e-07
  Iterations, force evaluations = 1 2

MPI task timing breakdown:
Section |  min time  |  avg time  |  max time  |%varavg| %total
---------------------------------------------------------------
Pair    | 0.0012717  | 0.001282   | 0.0013103  |   0.0 | 79.06
Neigh   | 0          | 0          | 0          |   0.0 |  0.00
Comm    | 0.00012636 | 0.00017509 | 0.00020617 |   0.0 | 10.80
Output  | 0          | 0          | 0          |   0.0 |  0.00
Modify  | 0          | 0          | 0          |   0.0 |  0.00
Other   |            | 0.0001644  |            |       | 10.14

Nlocal:            125 ave         142 max         112 min
Histogram: 1 0 0 1 1 0 0 0 0 1
Nghost:           1737 ave        1750 max        1720 min
Histogram: 1 0 0 0 0 0 2 0 0 1
Neighs:          11000 ave       12530 max        9828 min
Histogram: 1 0 0 2 0 0 0 0 0 1

Total # of neighbors = 44000
Ave neighs/atom = 88
Neighbor list builds = 0
Dangerous builds = 0
unfix 2

variable lat_const equal "lx/5"
variable eatom equal "pe/count(all)"
variable teng equal "pe"
variable natoms equal "count(all)"

print "Lattice parameter (lx/5) = ${lat_const} A"
Lattice parameter (lx/5) = 3.51822339850362 A
print "Total Potential Energy (PE) = ${teng} eV"
Total Potential Energy (PE) = -2107.26894030791 eV
print "Number of atoms = ${natoms}"
Number of atoms = 500
print "Cohesive energy (PE/N) = ${eatom} eV"
Cohesive energy (PE/N) = -4.21453788061582 eV
print "Minimization completed."
Minimization completed.

write_data C5_mpack_7_minimized.data
System init for write_data ...
Total wall time: 0:00:00
