read_data C5_mpack_2.data
Reading data file ...
  triclinic box = (0 0 0) to (17.6 17.6 17.6) with tilt (1.0776892e-15 1.0776892e-15 1.0776892e-15)
  1 by 2 by 2 MPI processor grid
  reading atoms ...
  500 atoms
  read_data CPU = 0.010 seconds

mass 1 58.6934  # Ni
mass 2 55.845   # Fe
mass 3 51.9961  # Cr

pair_style eam/alloy
pair_coeff * * FeNiCr_bonny.eam.alloy Ni Fe Cr

neighbor 2.0 bin
neigh_modify delay 0 check yes
timestep 0.001

thermo 10
thermo_style custom step lx ly lz pe press fmax vol

# --- ЭТАПЫ МИНИМИЗАЦИИ ---
min_style cg
minimize 1.0e-8 1.0e-9 1000 5000

CITE-CITE-CITE-CITE-CITE-CITE-CITE-CITE-CITE-CITE-CITE-CITE-CITE

Your simulation uses code contributions which should be cited:

- Type Label Framework: https://doi.org/10.1021/acs.jpcb.3c08419

@Article{Gissinger24,
 author = {Jacob R. Gissinger, Ilia Nikiforov, Yaser Afshar, Brendon Waters, Moon-ki Choi, Daniel S. Karls, Alexander Stukowski, Wonpil Im, Hendrik Heinz, Axel Kohlmeyer, and Ellad B. Tadmor},
 title = {Type Label Framework for Bonded Force Fields in LAMMPS},
 journal = {J. Phys. Chem. B},
 year =    2024,
 volume =  128,
 number =  13,
 pages =   {3282–-3297}
}

CITE-CITE-CITE-CITE-CITE-CITE-CITE-CITE-CITE-CITE-CITE-CITE-CITE

Neighbor list info ...
  update: every = 1 steps, delay = 0 steps, check = yes
  max neighbors/atom: 2000, page size: 100000
  master list distance cutoff = 7.6
  ghost atom cutoff = 7.6
  binsize = 3.8, bins = 5 5 5
  1 neighbor lists, perpetual/occasional/extra = 1 0 0
  (1) pair eam/alloy, perpetual
      attributes: half, newton on
      pair build: half/bin/atomonly/newton/tri
      stencil: half/bin/3d/tri
      bin: standard
Per MPI rank memory allocation (min/avg/max) = 4.524 | 4.524 | 4.524 Mbytes
   Step           Lx             Ly             Lz           PotEng         Press           Fmax          Volume    
         0   17.6           17.6           17.6          -2104.2425      3122.0969      0.79024506     5451.776     
        10   17.6           17.6           17.6          -2107.1996      3546.1875      0.008045294    5451.776     
        17   17.6           17.6           17.6          -2107.2006      3543.8321      0.0009669882   5451.776     
Loop time of 0.106114 on 4 procs for 17 steps with 500 atoms

64.7% CPU use with 4 MPI tasks x 1 OpenMP threads

Minimization stats:
  Stopping criterion = energy tolerance
  Energy initial, next-to-last, final = 
     -2104.24247951726  -2107.20056137454  -2107.20057320219
  Force two-norm initial, final = 9.20326 0.0110211
  Force max component initial, final = 0.79024506 0.0009669882
  Final line search alpha, max atom move = 1 0.0009669882
  Iterations, force evaluations = 17 34

MPI task timing breakdown:
Section |  min time  |  avg time  |  max time  |%varavg| %total
---------------------------------------------------------------
Pair    | 0.045481   | 0.048183   | 0.053151   |   1.4 | 45.41
Neigh   | 0          | 0          | 0          |   0.0 |  0.00
Comm    | 0.012076   | 0.019082   | 0.027292   |   5.0 | 17.98
Output  | 3.4713e-05 | 5.2056e-05 | 0.00010379 |   0.0 |  0.05
Modify  | 0          | 0          | 0          |   0.0 |  0.00
Other   |            | 0.0388     |            |       | 36.56

Nlocal:            125 ave         145 max         105 min
Histogram: 1 0 0 0 0 2 0 0 0 1
Nghost:           1737 ave        1757 max        1717 min
Histogram: 1 0 0 0 0 2 0 0 0 1
Neighs:          11000 ave       12736 max        9267 min
Histogram: 1 0 0 0 1 1 0 0 0 1

Total # of neighbors = 44000
Ave neighs/atom = 88
Neighbor list builds = 0
Dangerous builds = 0

# Релаксация ячейки aniso
fix 1 all box/relax aniso 0.0 vmax 0.0001
min_style cg
minimize 1.0e-10 1.0e-11 1000 5000
WARNING: Energy due to 3 extra global DOFs will be included in minimizer energies
 (src/min.cpp:219)
Per MPI rank memory allocation (min/avg/max) = 4.524 | 4.524 | 4.524 Mbytes
   Step           Lx             Ly             Lz           PotEng         Press           Fmax          Volume    
        17   17.6           17.6           17.6          -2107.2006      3543.8321      0.0009669882   5451.776     
        20   17.60528       17.604516      17.603421     -2107.2081      2172.9021      0.003168621    5455.8709    
        30   17.622163      17.612845      17.599269     -2107.214       7.4361155      0.0087016729   5462.3984    
        40   17.625778      17.61334       17.595558     -2107.2146      72.869394      0.0018160768   5462.5199    
        50   17.626105      17.613567      17.595785     -2107.2146      0.023561154    0.00088864526  5462.7622    
        58   17.626219      17.613422      17.595778     -2107.2146      4.7454053      0.00043064059  5462.7508    
Loop time of 0.080611 on 4 procs for 41 steps with 500 atoms

83.9% CPU use with 4 MPI tasks x 1 OpenMP threads

Minimization stats:
  Stopping criterion = energy tolerance
  Energy initial, next-to-last, final = 
     -2107.20057320219  -2107.21464652221  -2107.21464664246
  Force two-norm initial, final = 21.12617 0.038856739
  Force max component initial, final = 14.160486 0.036879026
  Final line search alpha, max atom move = 0.0029627599 0.0001092637
  Iterations, force evaluations = 41 68

MPI task timing breakdown:
Section |  min time  |  avg time  |  max time  |%varavg| %total
---------------------------------------------------------------
Pair    | 0.054862   | 0.05892    | 0.062787   |   1.3 | 73.09
Neigh   | 0          | 0          | 0          |   0.0 |  0.00
Comm    | 0.0077744  | 0.011498   | 0.015519   |   2.8 | 14.26
Output  | 0.00010504 | 0.00019971 | 0.00047975 |   0.0 |  0.25
Modify  | 0          | 0          | 0          |   0.0 |  0.00
Other   |            | 0.009994   |            |       | 12.40

Nlocal:            125 ave         138 max         107 min
Histogram: 1 0 0 1 0 0 0 0 0 2
Nghost:           1737 ave        1755 max        1724 min
Histogram: 2 0 0 0 0 0 1 0 0 1
Neighs:          11000 ave       12207 max        9436 min
Histogram: 1 0 1 0 0 0 0 0 0 2

Total # of neighbors = 44000
Ave neighs/atom = 88
Neighbor list builds = 0
Dangerous builds = 0
unfix 1

# Промежуточная минимизация атомов
min_style cg
minimize 1.0e-10 1.0e-11 1000 5000
Per MPI rank memory allocation (min/avg/max) = 4.524 | 4.524 | 4.524 Mbytes
   Step           Lx             Ly             Lz           PotEng         Press           Fmax          Volume    
        58   17.626219      17.613422      17.595778     -2107.2146      4.7454053      0.00043064059  5462.7508    
        60   17.626219      17.613422      17.595778     -2107.2146      3.8270711      0.00041800816  5462.7508    
        63   17.626219      17.613422      17.595778     -2107.2146      5.8608167      9.7494466e-05  5462.7508    
Loop time of 0.0133205 on 4 procs for 5 steps with 500 atoms

62.1% CPU use with 4 MPI tasks x 1 OpenMP threads

Minimization stats:
  Stopping criterion = energy tolerance
  Energy initial, next-to-last, final = 
     -2107.21464664246  -2107.21464965257  -2107.21464980175
  Force two-norm initial, final = 0.0053161519 0.0010937592
  Force max component initial, final = 0.00043064059 9.7494466e-05
  Final line search alpha, max atom move = 1 9.7494466e-05
  Iterations, force evaluations = 5 10

MPI task timing breakdown:
Section |  min time  |  avg time  |  max time  |%varavg| %total
---------------------------------------------------------------
Pair    | 0.0061341  | 0.0061423  | 0.0061523  |   0.0 | 46.11
Neigh   | 0          | 0          | 0          |   0.0 |  0.00
Comm    | 0.0043332  | 0.0044558  | 0.0045234  |   0.1 | 33.45
Output  | 8.5718e-05 | 0.00012192 | 0.0002273  |   0.0 |  0.92
Modify  | 0          | 0          | 0          |   0.0 |  0.00
Other   |            | 0.0026     |            |       | 19.52

Nlocal:            125 ave         138 max         108 min
Histogram: 1 0 0 1 0 0 0 0 0 2
Nghost:           1737 ave        1754 max        1724 min
Histogram: 2 0 0 0 0 0 1 0 0 1
Neighs:          11000 ave       12207 max        9528 min
Histogram: 1 0 1 0 0 0 0 0 0 2

Total # of neighbors = 44000
Ave neighs/atom = 88
Neighbor list builds = 0
Dangerous builds = 0

# Релаксация ячейки iso
fix 2 all box/relax iso 0.0 vmax 0.0001
min_style cg
minimize 1.0e-10 1.0e-11 1000 5000
WARNING: Energy due to 1 extra global DOFs will be included in minimizer energies
 (src/min.cpp:219)
Per MPI rank memory allocation (min/avg/max) = 4.524 | 4.524 | 4.524 Mbytes
   Step           Lx             Ly             Lz           PotEng         Press           Fmax          Volume    
        63   17.626219      17.613422      17.595778     -2107.2146      5.8608167      9.7494466e-05  5462.7508    
        64   17.626238      17.613442      17.595797     -2107.2146     -0.0066046628   9.4942547e-05  5462.7685    
Loop time of 0.0137427 on 4 procs for 1 steps with 500 atoms

66.3% CPU use with 4 MPI tasks x 1 OpenMP threads

Minimization stats:
  Stopping criterion = energy tolerance
  Energy initial, next-to-last, final = 
     -2107.21464980175  -2107.21464980175  -2107.21464983417
  Force two-norm initial, final = 0.059958767 0.0011092797
  Force max component initial, final = 0.05994879 9.4942547e-05
  Final line search alpha, max atom move = 0.0016680904 1.5837275e-07
  Iterations, force evaluations = 1 2

MPI task timing breakdown:
Section |  min time  |  avg time  |  max time  |%varavg| %total
---------------------------------------------------------------
Pair    | 0.0028579  | 0.0043048  | 0.0057183  |   2.1 | 31.32
Neigh   | 0          | 0          | 0          |   0.0 |  0.00
Comm    | 0.0015754  | 0.0029705  | 0.0039878  |   1.8 | 21.62
Output  | 0          | 0          | 0          |   0.0 |  0.00
Modify  | 0          | 0          | 0          |   0.0 |  0.00
Other   |            | 0.006467   |            |       | 47.06

Nlocal:            125 ave         138 max         108 min
Histogram: 1 0 0 1 0 0 0 0 0 2
Nghost:           1737 ave        1754 max        1724 min
Histogram: 2 0 0 0 0 0 1 0 0 1
Neighs:          11000 ave       12207 max        9528 min
Histogram: 1 0 1 0 0 0 0 0 0 2

Total # of neighbors = 44000
Ave neighs/atom = 88
Neighbor list builds = 0
Dangerous builds = 0
unfix 2

variable lat_const equal "lx/5"
variable eatom equal "pe/count(all)"
variable teng equal "pe"
variable natoms equal "count(all)"

print "Lattice parameter (lx/5) = ${lat_const} A"
Lattice parameter (lx/5) = 3.5252476242039 A
print "Total Potential Energy (PE) = ${teng} eV"
Total Potential Energy (PE) = -2107.21464983417 eV
print "Number of atoms = ${natoms}"
Number of atoms = 500
print "Cohesive energy (PE/N) = ${eatom} eV"
Cohesive energy (PE/N) = -4.21442929966834 eV
print "Minimization completed."
Minimization completed.

write_data C5_mpack_2_minimized.data
System init for write_data ...
Total wall time: 0:00:00
