                                                        
                 _ _     _         ____                 
            __ _(_) |__ | |__  ___|___ \                
           / _` | | '_ \| '_ \/ __| __) |               
          | (_| | | |_) | |_) \__ \/ __/                
           \__, |_|_.__/|_.__/|___/_____|               
           |___/                                        
      GIBBS2: (p,t) thermodynamics of solids.           
                                                        
by A. Otero-de-la-Roza, V. Lua~na and D. Abbasi. 

If you find this software useful, please cite:
  * Comput. Phys. Commun. 182 (2011) 1708--1720 
These articles describe the strain polynomial fits:
  * Comput. Phys. Commun. 182 (2011) 2232--2248.
  * Comput. Theor. Chem. doi:10.1016/j.comptc.2011.03.050 
Empirical energy corrections: 
  * Phys. Rev. B 84 (2011) 024109 

Dedicated to the memory of Miguel Alvarez Blanco (1969--2010).

tictac -- 2025.11.17, 17:58:39.634

* Reading main input file
+ Initializing phase: BM3
  Reading data from file: Fe60Ni20Cr20.dat
  Interpretation of columns in the data file:
    Volume:   1
    Energy:   2

* Input 
  Title: Fe60Ni20Cr20
  Output file (lu= 2): stdout
  Units: output is in atomic units, except where noted.
  Number of atoms per primitive cell:   1
  Molecular mass (amu):       55.64480000
  Number of phases:   1
  Phase   1: BM3
  Polynomial fit mode: slatec
  Polynomial weight mode: gibbs2
  Max. polynomial degree: 12

* Pressure range examined
  Minimum p_max across all phases (GPa):       40.196
  Pressure range (GPa):        0.000 ->      500.000
  Number of pressure points:    100

** STATIC RUN **

* Calculating static properties on pressure grid
+ Phase  1 (BM3)
# Volumes per formula unit.
# xV indicates position of V on the volume grid (0 = beginning, 1 = end)
# Num    p(GPa)    V(bohr^3)    xV
     1     0.0000    67.7247  0.3919880
     2     5.0505    66.6549  0.3404872
     3    10.1010    65.6704  0.2930965
     4    15.1515    64.7590  0.2492191
     5    20.2020    63.9106  0.2083806
     6    25.2525    63.1175  0.1701968
     7    30.3030    62.3729  0.1343526
     8    35.3535    61.6715  0.1005861
     9    40.4040    61.0086  0.0686770
    10    45.4545    60.3805  0.0384385
    11    50.5051    59.7837  0.0097105
    12    55.5556  -- minimum outside volume grid --
    13    60.6061  -- minimum outside volume grid --
    14    65.6566  -- minimum outside volume grid --
    15    70.7071  -- minimum outside volume grid --
    16    75.7576  -- minimum outside volume grid --
    17    80.8081  -- minimum outside volume grid --
    18    85.8586  -- minimum outside volume grid --
    19    90.9091  -- minimum outside volume grid --
    20    95.9596  -- minimum outside volume grid --
    21   101.0101  -- minimum outside volume grid --
    22   106.0606  -- minimum outside volume grid --
    23   111.1111  -- minimum outside volume grid --
    24   116.1616  -- minimum outside volume grid --
    25   121.2121  -- minimum outside volume grid --
    26   126.2626  -- minimum outside volume grid --
    27   131.3131  -- minimum outside volume grid --
    28   136.3636  -- minimum outside volume grid --
    29   141.4141  -- minimum outside volume grid --
    30   146.4646  -- minimum outside volume grid --
    31   151.5152  -- minimum outside volume grid --
    32   156.5657  -- minimum outside volume grid --
    33   161.6162  -- minimum outside volume grid --
    34   166.6667  -- minimum outside volume grid --
    35   171.7172  -- minimum outside volume grid --
    36   176.7677  -- minimum outside volume grid --
    37   181.8182  -- minimum outside volume grid --
    38   186.8687  -- minimum outside volume grid --
    39   191.9192  -- minimum outside volume grid --
    40   196.9697  -- minimum outside volume grid --
    41   202.0202  -- minimum outside volume grid --
    42   207.0707  -- minimum outside volume grid --
    43   212.1212  -- minimum outside volume grid --
    44   217.1717  -- minimum outside volume grid --
    45   222.2222  -- minimum outside volume grid --
    46   227.2727  -- minimum outside volume grid --
    47   232.3232  -- minimum outside volume grid --
    48   237.3737  -- minimum outside volume grid --
    49   242.4242  -- minimum outside volume grid --
    50   247.4747  -- minimum outside volume grid --
    51   252.5253  -- minimum outside volume grid --
    52   257.5758  -- minimum outside volume grid --
    53   262.6263  -- minimum outside volume grid --
    54   267.6768  -- minimum outside volume grid --
    55   272.7273  -- minimum outside volume grid --
    56   277.7778  -- minimum outside volume grid --
    57   282.8283  -- minimum outside volume grid --
    58   287.8788  -- minimum outside volume grid --
    59   292.9293  -- minimum outside volume grid --
    60   297.9798  -- minimum outside volume grid --
    61   303.0303  -- minimum outside volume grid --
    62   308.0808  -- minimum outside volume grid --
    63   313.1313  -- minimum outside volume grid --
    64   318.1818  -- minimum outside volume grid --
    65   323.2323  -- minimum outside volume grid --
    66   328.2828  -- minimum outside volume grid --
    67   333.3333  -- minimum outside volume grid --
    68   338.3838  -- minimum outside volume grid --
    69   343.4343  -- minimum outside volume grid --
    70   348.4848  -- minimum outside volume grid --
    71   353.5354  -- minimum outside volume grid --
    72   358.5859  -- minimum outside volume grid --
    73   363.6364  -- minimum outside volume grid --
    74   368.6869  -- minimum outside volume grid --
    75   373.7374  -- minimum outside volume grid --
    76   378.7879  -- minimum outside volume grid --
    77   383.8384  -- minimum outside volume grid --
    78   388.8889  -- minimum outside volume grid --
    79   393.9394  -- minimum outside volume grid --
    80   398.9899  -- minimum outside volume grid --
    81   404.0404  -- minimum outside volume grid --
    82   409.0909  -- minimum outside volume grid --
    83   414.1414  -- minimum outside volume grid --
    84   419.1919  -- minimum outside volume grid --
    85   424.2424  -- minimum outside volume grid --
    86   429.2929  -- minimum outside volume grid --
    87   434.3434  -- minimum outside volume grid --
    88   439.3939  -- minimum outside volume grid --
    89   444.4444  -- minimum outside volume grid --
    90   449.4949  -- minimum outside volume grid --
    91   454.5455  -- minimum outside volume grid --
    92   459.5960  -- minimum outside volume grid --
    93   464.6465  -- minimum outside volume grid --
    94   469.6970  -- minimum outside volume grid --
    95   474.7475  -- minimum outside volume grid --
    96   479.7980  -- minimum outside volume grid --
    97   484.8485  -- minimum outside volume grid --
    98   489.8990  -- minimum outside volume grid --
    99   494.9495  -- minimum outside volume grid --
   100   500.0000  -- minimum outside volume grid --
* Phase information after initial setup
+ Phase  1 (BM3)
  Number of volume points:   19
  Number of vfree units (Z):        1.000
  p(V) input data? F
  Calculable pressure range for this phase (GPa):      -35.785 ->       40.196
  Number of interpolated fields :    0
  Input units: 
    Volume : bohr^3
    Energy : Ry
    Pressure : GPa
    Frequency : Hartree
    DOS energy : Hartree
  Output units are atomic units (Ha), except where noted.
  First/last volume (bohr^3):   5.958200000000E+01    8.035478000000E+01
  First/last energy (Ha):  -1.266492330000E+03   -1.266489794500E+03
  Poisson ratio (sigma):       0.250000
  Poisson function, f(sigma):       0.859949
  Correction of static energy: no correction
  Energy fit mode:   130103
  S(V) fit mode:   130510
  ThetaD(V) fit mode:   130510
  omega(V) fit mode:   130506
  Number of fixed fit parameters:   0
  Static equilibrium volume (bohr^3):        67.7246801357
  Static equilibrium energy (Ha):     -1266.4987587344
  Static equilibrium energy (kJ/mol):  -3325191.9844577382
  Static bulk modulus (GPa):      306.093134
  Static EOS fit, error RMS (Ha):   2.2346469E-06
  Static EOS fit, max|error| (Ha):   3.2565567E-06
  r2 of the fit:   9.999874312677E-01
  Akaike information criterion:  -4.284898980691E+02
  Bayesian information (Schwarz) criterion:  -4.237677031732E+02
  Temperature model: Debye, Td from static B(V).
  All data points are ACTIVE for dynamic calculations

  Fit to static E(V) data:
# Copy in file : Fe60Ni20Cr20.eos_static
# All extensive properties per formula unit.
#   p(GPa)           E(Ha)             H(Ha)     V(bohr^3)      V/V0   p_fit(GPa)   B(GPa)         Bp      Bpp(GPa-1)
      0.0000  -1.266498759E+03  -1.266498759E+03    67.7247  1.0000000     0.0000   306.0931    4.4709899  -1.4968E-02
      5.0505  -1.266498668E+03  -1.266487226E+03    66.6549  0.9842035     5.0505   328.4919    4.4005567  -1.3000E-02
     10.1010  -1.266498416E+03  -1.266475869E+03    65.6704  0.9696676    10.1010   350.5581    4.3390075  -1.1429E-02
     15.1515  -1.266498026E+03  -1.266464675E+03    64.7590  0.9562094    15.1515   372.3322    4.2846167  -1.0152E-02
     20.2020  -1.266497517E+03  -1.266453632E+03    63.9106  0.9436832    20.2020   393.8469    4.2360941  -9.0956E-03
     25.2525  -1.266496905E+03  -1.266442730E+03    63.1175  0.9319713    25.2525   415.1293    4.1924536  -8.2112E-03
     30.3030  -1.266496203E+03  -1.266431960E+03    62.3729  0.9209771    30.3030   436.2019    4.1529267  -7.4615E-03
     35.3535  -1.266495420E+03  -1.266421313E+03    61.6715  0.9106201    35.3535   457.0839    4.1169041  -6.8195E-03
     40.4040  -1.266494568E+03  -1.266410784E+03    61.0086  0.9008328    40.4040   477.7918    4.0838961  -6.2647E-03
     45.4545  -1.266493651E+03  -1.266400366E+03    60.3805  0.8915579    45.4545   498.3398    4.0535038  -5.7814E-03
     50.5051  -1.266492679E+03  -1.266390052E+03    59.7837  0.8827464    50.5051   518.7402    4.0253983  -5.3573E-03
# Polynomial fit to strain: 
# Degree :  3
#      p(x) = a_0 + a_1 * f(V) + ... + a_n * f(V)^n
# a_00 =  -1.266498726658E+03
# a_01 =   2.032839422181E-02
# a_02 =   3.225560451080E+00
# a_03 =   1.522028292070E+00
# V_scal (bohr^3) =   6.708403000000E+01
# p_scal (GPa) =       0.000000000000

* Computed Debye temperatures from static data
+ Phase BM3
# ThetaD at static eq. volume:     409.63
# V(bohr^3)  Tdebye(K)   Tdebye_slater(K)
    59.5820     878.06     878.06
    61.0352     839.61     839.61
    62.5117     802.43     802.43
    64.0120     766.47     766.47
    65.5360     731.65     731.65
    67.0840     697.90     697.90
    68.6562     665.16     665.16
    70.2528     633.37     633.37
    71.8740     602.47     602.47
    73.1887     578.35     578.35
    73.5199     572.40     572.40
    74.1852     560.58     560.58
    75.1907     543.08     543.08
    76.8867     514.47     514.47
    77.2289     508.83     508.83
    78.2617     492.05     492.05
    78.6080     486.50     486.50
    79.3036     475.47     475.47
    80.3548     459.09     459.09

* Temperature range examined
  Min_{DebyeT} (K):      459.094
  Temperature range (K):        0.000 ->      688.642
  Number of T points:    100

GIBBS2 ended successfully (  0 WARNINGS,   0 COMMENTS)

tictac -- 2025.11.17, 17:58:39.641

