read_data C6_mpack_12.data
Reading data file ...
  triclinic box = (0 0 0) to (17.6 17.6 17.6) with tilt (1.0776892e-15 1.0776892e-15 1.0776892e-15)
  1 by 2 by 2 MPI processor grid
  reading atoms ...
  500 atoms
  read_data CPU = 0.007 seconds

mass 1 58.6934  # Ni
mass 2 55.845   # Fe
mass 3 51.9961  # Cr

pair_style eam/alloy
pair_coeff * * FeNiCr_bonny.eam.alloy Ni Fe Cr

neighbor 2.0 bin
neigh_modify delay 0 check yes
timestep 0.001

thermo 10
thermo_style custom step lx ly lz pe press fmax vol

# --- ЭТАПЫ МИНИМИЗАЦИИ ---
min_style cg
minimize 1.0e-8 1.0e-9 1000 5000

CITE-CITE-CITE-CITE-CITE-CITE-CITE-CITE-CITE-CITE-CITE-CITE-CITE

Your simulation uses code contributions which should be cited:

- Type Label Framework: https://doi.org/10.1021/acs.jpcb.3c08419

@Article{Gissinger24,
 author = {Jacob R. Gissinger, Ilia Nikiforov, Yaser Afshar, Brendon Waters, Moon-ki Choi, Daniel S. Karls, Alexander Stukowski, Wonpil Im, Hendrik Heinz, Axel Kohlmeyer, and Ellad B. Tadmor},
 title = {Type Label Framework for Bonded Force Fields in LAMMPS},
 journal = {J. Phys. Chem. B},
 year =    2024,
 volume =  128,
 number =  13,
 pages =   {3282–-3297}
}

CITE-CITE-CITE-CITE-CITE-CITE-CITE-CITE-CITE-CITE-CITE-CITE-CITE

Neighbor list info ...
  update: every = 1 steps, delay = 0 steps, check = yes
  max neighbors/atom: 2000, page size: 100000
  master list distance cutoff = 7.6
  ghost atom cutoff = 7.6
  binsize = 3.8, bins = 5 5 5
  1 neighbor lists, perpetual/occasional/extra = 1 0 0
  (1) pair eam/alloy, perpetual
      attributes: half, newton on
      pair build: half/bin/atomonly/newton/tri
      stencil: half/bin/3d/tri
      bin: standard
Per MPI rank memory allocation (min/avg/max) = 4.524 | 4.524 | 4.524 Mbytes
   Step           Lx             Ly             Lz           PotEng         Press           Fmax          Volume    
         0   17.6           17.6           17.6          -2133.4419     -7410.8945      0.68504623     5451.776     
        10   17.6           17.6           17.6          -2136.12       -7384.1041      0.0066075675   5451.776     
        16   17.6           17.6           17.6          -2136.1207     -7379.5161      0.0011112207   5451.776     
Loop time of 0.01813 on 4 procs for 16 steps with 500 atoms

79.5% CPU use with 4 MPI tasks x 1 OpenMP threads

Minimization stats:
  Stopping criterion = energy tolerance
  Energy initial, next-to-last, final = 
     -2133.44190724439  -2136.12073096443  -2136.12074766965
  Force two-norm initial, final = 8.8541421 0.012516405
  Force max component initial, final = 0.68504623 0.0011112207
  Final line search alpha, max atom move = 1 0.0011112207
  Iterations, force evaluations = 16 32

MPI task timing breakdown:
Section |  min time  |  avg time  |  max time  |%varavg| %total
---------------------------------------------------------------
Pair    | 0.016217   | 0.016252   | 0.016318   |   0.0 | 89.64
Neigh   | 0          | 0          | 0          |   0.0 |  0.00
Comm    | 0.0011049  | 0.0011609  | 0.0011824  |   0.1 |  6.40
Output  | 2.4758e-05 | 4.0191e-05 | 8.6332e-05 |   0.0 |  0.22
Modify  | 0          | 0          | 0          |   0.0 |  0.00
Other   |            | 0.0006768  |            |       |  3.73

Nlocal:            125 ave         145 max         105 min
Histogram: 1 0 0 0 0 2 0 0 0 1
Nghost:           1737 ave        1757 max        1717 min
Histogram: 1 0 0 0 0 2 0 0 0 1
Neighs:          11000 ave       12849 max        9150 min
Histogram: 1 0 0 0 1 1 0 0 0 1

Total # of neighbors = 44000
Ave neighs/atom = 88
Neighbor list builds = 0
Dangerous builds = 0

# Релаксация ячейки aniso
fix 1 all box/relax aniso 0.0 vmax 0.0001
min_style cg
minimize 1.0e-10 1.0e-11 1000 5000
WARNING: Energy due to 3 extra global DOFs will be included in minimizer energies
 (src/min.cpp:219)
Per MPI rank memory allocation (min/avg/max) = 4.524 | 4.524 | 4.524 Mbytes
   Step           Lx             Ly             Lz           PotEng         Press           Fmax          Volume    
        16   17.6           17.6           17.6          -2136.1207     -7379.5161      0.0011112207   5451.776     
        20   17.595042      17.594638      17.59296      -2136.143      -5564.1987      0.0044538845   5446.4003    
        30   17.585545      17.583516      17.57536      -2136.1711     -1525.0815      0.014458802    5434.5774    
        40   17.589481      17.582929      17.55776      -2136.1762      1.340342       0.02074399     5430.1691    
        50   17.595787      17.585542      17.547629     -2136.1779      0.28704813     0.0080842189   5429.7881    
        59   17.59554       17.585356      17.547587     -2136.1784      11.43919       0.0020252826   5429.6418    
Loop time of 0.125701 on 4 procs for 43 steps with 500 atoms

75.6% CPU use with 4 MPI tasks x 1 OpenMP threads

Minimization stats:
  Stopping criterion = energy tolerance
  Energy initial, next-to-last, final = 
     -2136.12074766965   -2136.1783707375  -2136.17837089502
  Force two-norm initial, final = 43.935363 0.070990075
  Force max component initial, final = 30.105849 0.040816902
  Final line search alpha, max atom move = 0.014622433 0.0005968424
  Iterations, force evaluations = 43 57

MPI task timing breakdown:
Section |  min time  |  avg time  |  max time  |%varavg| %total
---------------------------------------------------------------
Pair    | 0.057858   | 0.069654   | 0.082689   |   4.4 | 55.41
Neigh   | 0          | 0          | 0          |   0.0 |  0.00
Comm    | 0.0073656  | 0.025775   | 0.04827    |   9.5 | 20.50
Output  | 0.008085   | 0.0091654  | 0.012351   |   1.9 |  7.29
Modify  | 0          | 0          | 0          |   0.0 |  0.00
Other   |            | 0.02111    |            |       | 16.79

Nlocal:            125 ave         132 max         117 min
Histogram: 1 0 0 0 0 1 1 0 0 1
Nghost:           1737 ave        1745 max        1730 min
Histogram: 1 0 0 0 2 0 0 0 0 1
Neighs:          11000 ave       11581 max       10308 min
Histogram: 1 0 0 0 0 2 0 0 0 1

Total # of neighbors = 44000
Ave neighs/atom = 88
Neighbor list builds = 0
Dangerous builds = 0
unfix 1

# Промежуточная минимизация атомов
min_style cg
minimize 1.0e-10 1.0e-11 1000 5000
Per MPI rank memory allocation (min/avg/max) = 4.524 | 4.524 | 4.524 Mbytes
   Step           Lx             Ly             Lz           PotEng         Press           Fmax          Volume    
        59   17.59554       17.585356      17.547587     -2136.1784      11.43919       0.0020252826   5429.6418    
        60   17.59554       17.585356      17.547587     -2136.1784      7.7212964      0.0017018141   5429.6418    
        69   17.59554       17.585356      17.547587     -2136.1785     -1.7250364      0.00012110205  5429.6418    
Loop time of 0.0121645 on 4 procs for 10 steps with 500 atoms

86.5% CPU use with 4 MPI tasks x 1 OpenMP threads

Minimization stats:
  Stopping criterion = energy tolerance
  Energy initial, next-to-last, final = 
     -2136.17837089502  -2136.17845790232  -2136.17845809051
  Force two-norm initial, final = 0.022422233 0.0013027411
  Force max component initial, final = 0.0020252826 0.00012110205
  Final line search alpha, max atom move = 1 0.00012110205
  Iterations, force evaluations = 10 20

MPI task timing breakdown:
Section |  min time  |  avg time  |  max time  |%varavg| %total
---------------------------------------------------------------
Pair    | 0.010666   | 0.010713   | 0.01074    |   0.0 | 88.07
Neigh   | 0          | 0          | 0          |   0.0 |  0.00
Comm    | 0.00081636 | 0.0008464  | 0.00089743 |   0.0 |  6.96
Output  | 1.831e-05  | 2.9978e-05 | 6.408e-05  |   0.0 |  0.25
Modify  | 0          | 0          | 0          |   0.0 |  0.00
Other   |            | 0.0005753  |            |       |  4.73

Nlocal:            125 ave         131 max         119 min
Histogram: 1 0 0 0 1 1 0 0 0 1
Nghost:           1737 ave        1743 max        1731 min
Histogram: 1 0 0 0 1 1 0 0 0 1
Neighs:          11000 ave       11492 max       10479 min
Histogram: 1 0 0 0 1 1 0 0 0 1

Total # of neighbors = 44000
Ave neighs/atom = 88
Neighbor list builds = 0
Dangerous builds = 0

# Релаксация ячейки iso
fix 2 all box/relax iso 0.0 vmax 0.0001
min_style cg
minimize 1.0e-10 1.0e-11 1000 5000
WARNING: Energy due to 1 extra global DOFs will be included in minimizer energies
 (src/min.cpp:219)
Per MPI rank memory allocation (min/avg/max) = 4.524 | 4.524 | 4.524 Mbytes
   Step           Lx             Ly             Lz           PotEng         Press           Fmax          Volume    
        69   17.59554       17.585356      17.547587     -2136.1785     -1.7250364      0.00012110205  5429.6418    
        70   17.595535      17.58535       17.547582     -2136.1785      0.0080578723   0.00012027458  5429.6368    
Loop time of 0.00189134 on 4 procs for 1 steps with 500 atoms

82.1% CPU use with 4 MPI tasks x 1 OpenMP threads

Minimization stats:
  Stopping criterion = energy tolerance
  Energy initial, next-to-last, final = 
      -2136.1784580905   -2136.1784580905  -2136.17845809321
  Force two-norm initial, final = 0.017586329 0.0012913901
  Force max component initial, final = 0.017538011 0.00012027458
  Final line search alpha, max atom move = 0.0057019009 6.8579375e-07
  Iterations, force evaluations = 1 2

MPI task timing breakdown:
Section |  min time  |  avg time  |  max time  |%varavg| %total
---------------------------------------------------------------
Pair    | 0.0015229  | 0.0015402  | 0.0015906  |   0.1 | 81.43
Neigh   | 0          | 0          | 0          |   0.0 |  0.00
Comm    | 0.00011951 | 0.00016941 | 0.00018659 |   0.0 |  8.96
Output  | 0          | 0          | 0          |   0.0 |  0.00
Modify  | 0          | 0          | 0          |   0.0 |  0.00
Other   |            | 0.0001818  |            |       |  9.61

Nlocal:            125 ave         131 max         119 min
Histogram: 1 0 0 1 0 0 1 0 0 1
Nghost:           1737 ave        1743 max        1731 min
Histogram: 1 0 0 1 0 0 1 0 0 1
Neighs:          11000 ave       11492 max       10479 min
Histogram: 1 0 0 1 0 0 1 0 0 1

Total # of neighbors = 44000
Ave neighs/atom = 88
Neighbor list builds = 0
Dangerous builds = 0
unfix 2

variable lat_const equal "lx/5"
variable eatom equal "pe/count(all)"
variable teng equal "pe"
variable natoms equal "count(all)"

print "Lattice parameter (lx/5) = ${lat_const} A"
Lattice parameter (lx/5) = 3.51910699117429 A
print "Total Potential Energy (PE) = ${teng} eV"
Total Potential Energy (PE) = -2136.17845809321 eV
print "Number of atoms = ${natoms}"
Number of atoms = 500
print "Cohesive energy (PE/N) = ${eatom} eV"
Cohesive energy (PE/N) = -4.27235691618642 eV
print "Minimization completed."
Minimization completed.

write_data C6_mpack_12_minimized.data
System init for write_data ...
Total wall time: 0:00:00
