read_data C6_mpack_6.data
Reading data file ...
  triclinic box = (0 0 0) to (17.6 17.6 17.6) with tilt (1.0776892e-15 1.0776892e-15 1.0776892e-15)
  1 by 2 by 2 MPI processor grid
  reading atoms ...
  500 atoms
  read_data CPU = 0.024 seconds

mass 1 58.6934  # Ni
mass 2 55.845   # Fe
mass 3 51.9961  # Cr

pair_style eam/alloy
pair_coeff * * FeNiCr_bonny.eam.alloy Ni Fe Cr

neighbor 2.0 bin
neigh_modify delay 0 check yes
timestep 0.001

thermo 10
thermo_style custom step lx ly lz pe press fmax vol

# --- ЭТАПЫ МИНИМИЗАЦИИ ---
min_style cg
minimize 1.0e-8 1.0e-9 1000 5000

CITE-CITE-CITE-CITE-CITE-CITE-CITE-CITE-CITE-CITE-CITE-CITE-CITE

Your simulation uses code contributions which should be cited:

- Type Label Framework: https://doi.org/10.1021/acs.jpcb.3c08419

@Article{Gissinger24,
 author = {Jacob R. Gissinger, Ilia Nikiforov, Yaser Afshar, Brendon Waters, Moon-ki Choi, Daniel S. Karls, Alexander Stukowski, Wonpil Im, Hendrik Heinz, Axel Kohlmeyer, and Ellad B. Tadmor},
 title = {Type Label Framework for Bonded Force Fields in LAMMPS},
 journal = {J. Phys. Chem. B},
 year =    2024,
 volume =  128,
 number =  13,
 pages =   {3282–-3297}
}

CITE-CITE-CITE-CITE-CITE-CITE-CITE-CITE-CITE-CITE-CITE-CITE-CITE

Neighbor list info ...
  update: every = 1 steps, delay = 0 steps, check = yes
  max neighbors/atom: 2000, page size: 100000
  master list distance cutoff = 7.6
  ghost atom cutoff = 7.6
  binsize = 3.8, bins = 5 5 5
  1 neighbor lists, perpetual/occasional/extra = 1 0 0
  (1) pair eam/alloy, perpetual
      attributes: half, newton on
      pair build: half/bin/atomonly/newton/tri
      stencil: half/bin/3d/tri
      bin: standard
Per MPI rank memory allocation (min/avg/max) = 4.524 | 4.524 | 4.524 Mbytes
   Step           Lx             Ly             Lz           PotEng         Press           Fmax          Volume    
         0   17.6           17.6           17.6          -2133.5387     -7691.3055      0.9393184      5451.776     
        10   17.6           17.6           17.6          -2136.0271     -7436.4763      0.0093168346   5451.776     
        16   17.6           17.6           17.6          -2136.0281     -7434.4809      0.0011482447   5451.776     
Loop time of 0.0180048 on 4 procs for 16 steps with 500 atoms

75.1% CPU use with 4 MPI tasks x 1 OpenMP threads

Minimization stats:
  Stopping criterion = energy tolerance
  Energy initial, next-to-last, final = 
     -2133.53868838473  -2136.02804507169  -2136.02806258437
  Force two-norm initial, final = 8.5198389 0.013040276
  Force max component initial, final = 0.9393184 0.0011482447
  Final line search alpha, max atom move = 1 0.0011482447
  Iterations, force evaluations = 16 32

MPI task timing breakdown:
Section |  min time  |  avg time  |  max time  |%varavg| %total
---------------------------------------------------------------
Pair    | 0.015443   | 0.015776   | 0.016109   |   0.3 | 87.62
Neigh   | 0          | 0          | 0          |   0.0 |  0.00
Comm    | 0.0010411  | 0.0014297  | 0.0017961  |   0.9 |  7.94
Output  | 2.245e-05  | 4.2286e-05 | 0.00010167 |   0.0 |  0.23
Modify  | 0          | 0          | 0          |   0.0 |  0.00
Other   |            | 0.0007569  |            |       |  4.20

Nlocal:            125 ave         145 max         105 min
Histogram: 1 0 0 0 0 2 0 0 0 1
Nghost:           1737 ave        1757 max        1717 min
Histogram: 1 0 0 0 0 2 0 0 0 1
Neighs:          11000 ave       12721 max        9278 min
Histogram: 1 0 0 0 1 1 0 0 0 1

Total # of neighbors = 44000
Ave neighs/atom = 88
Neighbor list builds = 0
Dangerous builds = 0

# Релаксация ячейки aniso
fix 1 all box/relax aniso 0.0 vmax 0.0001
min_style cg
minimize 1.0e-10 1.0e-11 1000 5000
WARNING: Energy due to 3 extra global DOFs will be included in minimizer energies
 (src/min.cpp:219)
Per MPI rank memory allocation (min/avg/max) = 4.524 | 4.524 | 4.524 Mbytes
   Step           Lx             Ly             Lz           PotEng         Press           Fmax          Volume    
        16   17.6           17.6           17.6          -2136.0281     -7434.4809      0.0011482447   5451.776     
        20   17.594359      17.594709      17.59296      -2136.051      -5543.9153      0.0035848478   5446.2111    
        30   17.582573      17.584284      17.57536      -2136.0787     -1310.6185      0.011759038    5433.8962    
        40   17.583279      17.588977      17.55776      -2136.0825      0.30725486     0.017451618    5430.1217    
        50   17.584656      17.591672      17.552493     -2136.0839     -39.828775      0.0043424411   5429.7495    
        60   17.584635      17.591548      17.552723     -2136.084      -56.091675      0.0016259937   5429.7761    
        63   17.584546      17.591535      17.552254     -2136.0841      2.7896276      0.0012052639   5429.5997    
Loop time of 0.059793 on 4 procs for 47 steps with 500 atoms

84.8% CPU use with 4 MPI tasks x 1 OpenMP threads

Minimization stats:
  Stopping criterion = energy tolerance
  Energy initial, next-to-last, final = 
     -2136.02806258437  -2136.08406302922  -2136.08406306124
  Force two-norm initial, final = 44.106985 0.024263692
  Force max component initial, final = 29.34685 0.016121597
  Final line search alpha, max atom move = 0.0059664937 9.6189403e-05
  Iterations, force evaluations = 47 67

MPI task timing breakdown:
Section |  min time  |  avg time  |  max time  |%varavg| %total
---------------------------------------------------------------
Pair    | 0.045793   | 0.046362   | 0.047227   |   0.3 | 77.54
Neigh   | 0          | 0          | 0          |   0.0 |  0.00
Comm    | 0.0063109  | 0.0071684  | 0.0077344  |   0.7 | 11.99
Output  | 0.0001033  | 0.00017534 | 0.00039094 |   0.0 |  0.29
Modify  | 0          | 0          | 0          |   0.0 |  0.00
Other   |            | 0.006087   |            |       | 10.18

Nlocal:            125 ave         133 max         117 min
Histogram: 1 1 0 0 0 0 0 0 1 1
Nghost:           1737 ave        1745 max        1729 min
Histogram: 1 1 0 0 0 0 0 0 1 1
Neighs:          11000 ave       11618 max       10311 min
Histogram: 1 0 1 0 0 0 0 0 1 1

Total # of neighbors = 44000
Ave neighs/atom = 88
Neighbor list builds = 0
Dangerous builds = 0
unfix 1

# Промежуточная минимизация атомов
min_style cg
minimize 1.0e-10 1.0e-11 1000 5000
Per MPI rank memory allocation (min/avg/max) = 4.524 | 4.524 | 4.524 Mbytes
   Step           Lx             Ly             Lz           PotEng         Press           Fmax          Volume    
        63   17.584546      17.591535      17.552254     -2136.0841      2.7896276      0.0012052639   5429.5997    
        70   17.584546      17.591535      17.552254     -2136.0841      1.1788372      0.00017655163  5429.5997    
        72   17.584546      17.591535      17.552254     -2136.0841      1.6861501      0.00014062207  5429.5997    
Loop time of 0.0188569 on 4 procs for 9 steps with 500 atoms

81.3% CPU use with 4 MPI tasks x 1 OpenMP threads

Minimization stats:
  Stopping criterion = energy tolerance
  Energy initial, next-to-last, final = 
     -2136.08406306124  -2136.08409617713   -2136.0840963265
  Force two-norm initial, final = 0.015911346 0.0013350636
  Force max component initial, final = 0.0012052639 0.00014062207
  Final line search alpha, max atom move = 1 0.00014062207
  Iterations, force evaluations = 9 18

MPI task timing breakdown:
Section |  min time  |  avg time  |  max time  |%varavg| %total
---------------------------------------------------------------
Pair    | 0.011814   | 0.011882   | 0.011956   |   0.1 | 63.01
Neigh   | 0          | 0          | 0          |   0.0 |  0.00
Comm    | 0.0016273  | 0.0020247  | 0.0026095  |   0.9 | 10.74
Output  | 2.2195e-05 | 3.9572e-05 | 8.9733e-05 |   0.0 |  0.21
Modify  | 0          | 0          | 0          |   0.0 |  0.00
Other   |            | 0.00491    |            |       | 26.04

Nlocal:            125 ave         132 max         117 min
Histogram: 1 1 0 0 0 0 0 0 0 2
Nghost:           1737 ave        1745 max        1730 min
Histogram: 2 0 0 0 0 0 0 0 1 1
Neighs:          11000 ave       11564 max       10311 min
Histogram: 1 0 1 0 0 0 0 0 0 2

Total # of neighbors = 44000
Ave neighs/atom = 88
Neighbor list builds = 0
Dangerous builds = 0

# Релаксация ячейки iso
fix 2 all box/relax iso 0.0 vmax 0.0001
min_style cg
minimize 1.0e-10 1.0e-11 1000 5000
WARNING: Energy due to 1 extra global DOFs will be included in minimizer energies
 (src/min.cpp:219)
Per MPI rank memory allocation (min/avg/max) = 4.524 | 4.524 | 4.524 Mbytes
   Step           Lx             Ly             Lz           PotEng         Press           Fmax          Volume    
        72   17.584546      17.591535      17.552254     -2136.0841      1.6861501      0.00014062207  5429.5997    
        73   17.584552      17.591541      17.552259     -2136.0841     -0.011537468    0.00014065322  5429.6046    
Loop time of 0.00509613 on 4 procs for 1 steps with 500 atoms

98.3% CPU use with 4 MPI tasks x 1 OpenMP threads

Minimization stats:
  Stopping criterion = energy tolerance
  Energy initial, next-to-last, final = 
      -2136.0840963265   -2136.0840963265  -2136.08409632909
  Force two-norm initial, final = 0.017194439 0.0013426476
  Force max component initial, final = 0.017142531 0.00014065322
  Final line search alpha, max atom move = 0.0058334445 8.2049275e-07
  Iterations, force evaluations = 1 2

MPI task timing breakdown:
Section |  min time  |  avg time  |  max time  |%varavg| %total
---------------------------------------------------------------
Pair    | 0.0026443  | 0.0034653  | 0.0042867  |   1.4 | 68.00
Neigh   | 0          | 0          | 0          |   0.0 |  0.00
Comm    | 0.00016322 | 0.00098682 | 0.0018106  |   0.0 | 19.36
Output  | 0          | 0          | 0          |   0.0 |  0.00
Modify  | 0          | 0          | 0          |   0.0 |  0.00
Other   |            | 0.000644   |            |       | 12.64

Nlocal:            125 ave         132 max         117 min
Histogram: 1 1 0 0 0 0 0 0 0 2
Nghost:           1737 ave        1745 max        1730 min
Histogram: 2 0 0 0 0 0 0 0 1 1
Neighs:          11000 ave       11564 max       10311 min
Histogram: 1 0 1 0 0 0 0 0 0 2

Total # of neighbors = 44000
Ave neighs/atom = 88
Neighbor list builds = 0
Dangerous builds = 0
unfix 2

variable lat_const equal "lx/5"
variable eatom equal "pe/count(all)"
variable teng equal "pe"
variable natoms equal "count(all)"

print "Lattice parameter (lx/5) = ${lat_const} A"
Lattice parameter (lx/5) = 3.51691031168098 A
print "Total Potential Energy (PE) = ${teng} eV"
Total Potential Energy (PE) = -2136.08409632909 eV
print "Number of atoms = ${natoms}"
Number of atoms = 500
print "Cohesive energy (PE/N) = ${eatom} eV"
Cohesive energy (PE/N) = -4.27216819265818 eV
print "Minimization completed."
Minimization completed.

write_data C6_mpack_6_minimized.data
System init for write_data ...
Total wall time: 0:00:00
