read_data C6_mpack_9.data
Reading data file ...
  triclinic box = (0 0 0) to (17.6 17.6 17.6) with tilt (1.0776892e-15 1.0776892e-15 1.0776892e-15)
  1 by 2 by 2 MPI processor grid
  reading atoms ...
  500 atoms
  read_data CPU = 0.004 seconds

mass 1 58.6934  # Ni
mass 2 55.845   # Fe
mass 3 51.9961  # Cr

pair_style eam/alloy
pair_coeff * * FeNiCr_bonny.eam.alloy Ni Fe Cr

neighbor 2.0 bin
neigh_modify delay 0 check yes
timestep 0.001

thermo 10
thermo_style custom step lx ly lz pe press fmax vol

# --- ЭТАПЫ МИНИМИЗАЦИИ ---
min_style cg
minimize 1.0e-8 1.0e-9 1000 5000

CITE-CITE-CITE-CITE-CITE-CITE-CITE-CITE-CITE-CITE-CITE-CITE-CITE

Your simulation uses code contributions which should be cited:

- Type Label Framework: https://doi.org/10.1021/acs.jpcb.3c08419

@Article{Gissinger24,
 author = {Jacob R. Gissinger, Ilia Nikiforov, Yaser Afshar, Brendon Waters, Moon-ki Choi, Daniel S. Karls, Alexander Stukowski, Wonpil Im, Hendrik Heinz, Axel Kohlmeyer, and Ellad B. Tadmor},
 title = {Type Label Framework for Bonded Force Fields in LAMMPS},
 journal = {J. Phys. Chem. B},
 year =    2024,
 volume =  128,
 number =  13,
 pages =   {3282–-3297}
}

CITE-CITE-CITE-CITE-CITE-CITE-CITE-CITE-CITE-CITE-CITE-CITE-CITE

Neighbor list info ...
  update: every = 1 steps, delay = 0 steps, check = yes
  max neighbors/atom: 2000, page size: 100000
  master list distance cutoff = 7.6
  ghost atom cutoff = 7.6
  binsize = 3.8, bins = 5 5 5
  1 neighbor lists, perpetual/occasional/extra = 1 0 0
  (1) pair eam/alloy, perpetual
      attributes: half, newton on
      pair build: half/bin/atomonly/newton/tri
      stencil: half/bin/3d/tri
      bin: standard
Per MPI rank memory allocation (min/avg/max) = 4.524 | 4.524 | 4.524 Mbytes
   Step           Lx             Ly             Lz           PotEng         Press           Fmax          Volume    
         0   17.6           17.6           17.6          -2132.7224     -7284.6695      0.74207158     5451.776     
        10   17.6           17.6           17.6          -2135.2647     -7291.1722      0.010019173    5451.776     
        16   17.6           17.6           17.6          -2135.2659     -7297.142       0.0012247621   5451.776     
Loop time of 0.0189641 on 4 procs for 16 steps with 500 atoms

82.3% CPU use with 4 MPI tasks x 1 OpenMP threads

Minimization stats:
  Stopping criterion = energy tolerance
  Energy initial, next-to-last, final = 
     -2132.72235391777  -2135.26588715081  -2135.26590076506
  Force two-norm initial, final = 8.6754436 0.010904143
  Force max component initial, final = 0.74207158 0.0012247621
  Final line search alpha, max atom move = 1 0.0012247621
  Iterations, force evaluations = 16 32

MPI task timing breakdown:
Section |  min time  |  avg time  |  max time  |%varavg| %total
---------------------------------------------------------------
Pair    | 0.01582    | 0.015874   | 0.016026   |   0.1 | 83.71
Neigh   | 0          | 0          | 0          |   0.0 |  0.00
Comm    | 0.0013093  | 0.0015753  | 0.0019361  |   0.7 |  8.31
Output  | 2.4897e-05 | 3.8845e-05 | 8.0528e-05 |   0.0 |  0.20
Modify  | 0          | 0          | 0          |   0.0 |  0.00
Other   |            | 0.001476   |            |       |  7.78

Nlocal:            125 ave         145 max         105 min
Histogram: 1 0 0 0 0 2 0 0 0 1
Nghost:           1737 ave        1757 max        1717 min
Histogram: 1 0 0 0 0 2 0 0 0 1
Neighs:          11000 ave       12713 max        9260 min
Histogram: 1 0 0 0 0 2 0 0 0 1

Total # of neighbors = 44000
Ave neighs/atom = 88
Neighbor list builds = 0
Dangerous builds = 0

# Релаксация ячейки aniso
fix 1 all box/relax aniso 0.0 vmax 0.0001
min_style cg
minimize 1.0e-10 1.0e-11 1000 5000
WARNING: Energy due to 3 extra global DOFs will be included in minimizer energies
 (src/min.cpp:219)
Per MPI rank memory allocation (min/avg/max) = 4.524 | 4.524 | 4.524 Mbytes
   Step           Lx             Ly             Lz           PotEng         Press           Fmax          Volume    
        16   17.6           17.6           17.6          -2135.2659     -7297.142       0.0012247621   5451.776     
        20   17.59296       17.5944        17.593752     -2135.2891     -5318.3327      0.0042933953   5445.9273    
        30   17.57536       17.583476      17.579904     -2135.3151     -827.3815       0.014572184    5432.8218    
        40   17.561155      17.590408      17.577902     -2135.3178      38.640281      0.0087597497   5429.9527    
        50   17.560764      17.590567      17.578003     -2135.3182     -0.707558       0.0017700052   5429.9119    
        55   17.560773      17.59066       17.577796     -2135.3182      11.121402      0.0018577745   5429.8793    
Loop time of 0.0394677 on 4 procs for 39 steps with 500 atoms

70.6% CPU use with 4 MPI tasks x 1 OpenMP threads

Minimization stats:
  Stopping criterion = energy tolerance
  Energy initial, next-to-last, final = 
     -2135.26590076506  -2135.31817690094   -2135.3181770296
  Force two-norm initial, final = 43.162123 0.067617436
  Force max component initial, final = 27.492923 0.040525139
  Final line search alpha, max atom move = 0.037254673 0.0015097508
  Iterations, force evaluations = 39 57

MPI task timing breakdown:
Section |  min time  |  avg time  |  max time  |%varavg| %total
---------------------------------------------------------------
Pair    | 0.032721   | 0.033528   | 0.034353   |   0.4 | 84.95
Neigh   | 0          | 0          | 0          |   0.0 |  0.00
Comm    | 0.0018857  | 0.0027047  | 0.0035043  |   1.5 |  6.85
Output  | 6.4912e-05 | 0.00011613 | 0.00026911 |   0.0 |  0.29
Modify  | 0          | 0          | 0          |   0.0 |  0.00
Other   |            | 0.003119   |            |       |  7.90

Nlocal:            125 ave         139 max         111 min
Histogram: 1 0 1 0 0 0 0 1 0 1
Nghost:           1737 ave        1751 max        1723 min
Histogram: 1 0 1 0 0 0 0 1 0 1
Neighs:          11000 ave       12185 max        9748 min
Histogram: 1 0 0 1 0 0 0 1 0 1

Total # of neighbors = 44000
Ave neighs/atom = 88
Neighbor list builds = 0
Dangerous builds = 0
unfix 1

# Промежуточная минимизация атомов
min_style cg
minimize 1.0e-10 1.0e-11 1000 5000
Per MPI rank memory allocation (min/avg/max) = 4.524 | 4.524 | 4.524 Mbytes
   Step           Lx             Ly             Lz           PotEng         Press           Fmax          Volume    
        55   17.560773      17.59066       17.577796     -2135.3182      11.121402      0.0018577745   5429.8793    
        60   17.560773      17.59066       17.577796     -2135.3182      12.945772      0.00054263361  5429.8793    
        63   17.560773      17.59066       17.577796     -2135.3182      9.1236923      0.000130058    5429.8793    
Loop time of 0.00781088 on 4 procs for 8 steps with 500 atoms

65.6% CPU use with 4 MPI tasks x 1 OpenMP threads

Minimization stats:
  Stopping criterion = energy tolerance
  Energy initial, next-to-last, final = 
      -2135.3181770296  -2135.31821116155   -2135.3182113601
  Force two-norm initial, final = 0.016880056 0.0015181532
  Force max component initial, final = 0.0018577745 0.000130058
  Final line search alpha, max atom move = 1 0.000130058
  Iterations, force evaluations = 8 16

MPI task timing breakdown:
Section |  min time  |  avg time  |  max time  |%varavg| %total
---------------------------------------------------------------
Pair    | 0.0067958  | 0.0068027  | 0.0068087  |   0.0 | 87.09
Neigh   | 0          | 0          | 0          |   0.0 |  0.00
Comm    | 0.00049682 | 0.00053455 | 0.00057369 |   0.0 |  6.84
Output  | 1.9111e-05 | 3.3312e-05 | 7.5642e-05 |   0.0 |  0.43
Modify  | 0          | 0          | 0          |   0.0 |  0.00
Other   |            | 0.0004403  |            |       |  5.64

Nlocal:            125 ave         137 max         113 min
Histogram: 1 0 1 0 0 0 0 1 0 1
Nghost:           1737 ave        1749 max        1725 min
Histogram: 1 0 1 0 0 0 0 1 0 1
Neighs:          11000 ave       12016 max        9919 min
Histogram: 1 0 1 0 0 0 0 0 1 1

Total # of neighbors = 44000
Ave neighs/atom = 88
Neighbor list builds = 0
Dangerous builds = 0

# Релаксация ячейки iso
fix 2 all box/relax iso 0.0 vmax 0.0001
min_style cg
minimize 1.0e-10 1.0e-11 1000 5000
WARNING: Energy due to 1 extra global DOFs will be included in minimizer energies
 (src/min.cpp:219)
Per MPI rank memory allocation (min/avg/max) = 4.524 | 4.524 | 4.524 Mbytes
   Step           Lx             Ly             Lz           PotEng         Press           Fmax          Volume    
        63   17.560773      17.59066       17.577796     -2135.3182      9.1236923      0.000130058    5429.8793    
        64   17.560801      17.590688      17.577825     -2135.3182     -0.0097707718   0.00013009497  5429.9057    
Loop time of 0.0015714 on 4 procs for 1 steps with 500 atoms

61.0% CPU use with 4 MPI tasks x 1 OpenMP threads

Minimization stats:
  Stopping criterion = energy tolerance
  Energy initial, next-to-last, final = 
      -2135.3182113601   -2135.3182113601    -2135.318211435
  Force two-norm initial, final = 0.092774764 0.0015272285
  Force max component initial, final = 0.092762342 0.00013009497
  Final line search alpha, max atom move = 0.0010780237 1.4024546e-07
  Iterations, force evaluations = 1 2

MPI task timing breakdown:
Section |  min time  |  avg time  |  max time  |%varavg| %total
---------------------------------------------------------------
Pair    | 0.0012859  | 0.0012882  | 0.0012914  |   0.0 | 81.98
Neigh   | 0          | 0          | 0          |   0.0 |  0.00
Comm    | 0.00010446 | 0.00010836 | 0.00011078 |   0.0 |  6.90
Output  | 0          | 0          | 0          |   0.0 |  0.00
Modify  | 0          | 0          | 0          |   0.0 |  0.00
Other   |            | 0.0001748  |            |       | 11.13

Nlocal:            125 ave         137 max         113 min
Histogram: 1 0 1 0 0 0 0 1 0 1
Nghost:           1737 ave        1749 max        1725 min
Histogram: 1 0 1 0 0 0 0 1 0 1
Neighs:          11000 ave       12016 max        9919 min
Histogram: 1 0 1 0 0 0 0 0 1 1

Total # of neighbors = 44000
Ave neighs/atom = 88
Neighbor list builds = 0
Dangerous builds = 0
unfix 2

variable lat_const equal "lx/5"
variable eatom equal "pe/count(all)"
variable teng equal "pe"
variable natoms equal "count(all)"

print "Lattice parameter (lx/5) = ${lat_const} A"
Lattice parameter (lx/5) = 3.51216029073551 A
print "Total Potential Energy (PE) = ${teng} eV"
Total Potential Energy (PE) = -2135.318211435 eV
print "Number of atoms = ${natoms}"
Number of atoms = 500
print "Cohesive energy (PE/N) = ${eatom} eV"
Cohesive energy (PE/N) = -4.27063642287 eV
print "Minimization completed."
Minimization completed.

write_data C6_mpack_9_minimized.data
System init for write_data ...
Total wall time: 0:00:00
