read_data C4_mpack_1.data
Reading data file ...
  triclinic box = (0 0 0) to (17.6 17.6 17.6) with tilt (1.0776892e-15 1.0776892e-15 1.0776892e-15)
  1 by 2 by 2 MPI processor grid
  reading atoms ...
  500 atoms
  read_data CPU = 0.009 seconds

mass 1 58.6934  # Ni
mass 2 55.845   # Fe
mass 3 51.9961  # Cr

pair_style eam/alloy
pair_coeff * * FeNiCr_bonny.eam.alloy Ni Fe Cr

neighbor 2.0 bin
neigh_modify delay 0 check yes
timestep 0.001

thermo 10
thermo_style custom step lx ly lz pe press fmax vol

# --- ЭТАПЫ МИНИМИЗАЦИИ ---
min_style cg
minimize 1.0e-8 1.0e-9 1000 5000

CITE-CITE-CITE-CITE-CITE-CITE-CITE-CITE-CITE-CITE-CITE-CITE-CITE

Your simulation uses code contributions which should be cited:

- Type Label Framework: https://doi.org/10.1021/acs.jpcb.3c08419

@Article{Gissinger24,
 author = {Jacob R. Gissinger, Ilia Nikiforov, Yaser Afshar, Brendon Waters, Moon-ki Choi, Daniel S. Karls, Alexander Stukowski, Wonpil Im, Hendrik Heinz, Axel Kohlmeyer, and Ellad B. Tadmor},
 title = {Type Label Framework for Bonded Force Fields in LAMMPS},
 journal = {J. Phys. Chem. B},
 year =    2024,
 volume =  128,
 number =  13,
 pages =   {3282–-3297}
}

CITE-CITE-CITE-CITE-CITE-CITE-CITE-CITE-CITE-CITE-CITE-CITE-CITE

Neighbor list info ...
  update: every = 1 steps, delay = 0 steps, check = yes
  max neighbors/atom: 2000, page size: 100000
  master list distance cutoff = 7.6
  ghost atom cutoff = 7.6
  binsize = 3.8, bins = 5 5 5
  1 neighbor lists, perpetual/occasional/extra = 1 0 0
  (1) pair eam/alloy, perpetual
      attributes: half, newton on
      pair build: half/bin/atomonly/newton/tri
      stencil: half/bin/3d/tri
      bin: standard
Per MPI rank memory allocation (min/avg/max) = 4.524 | 4.524 | 4.524 Mbytes
   Step           Lx             Ly             Lz           PotEng         Press           Fmax          Volume    
         0   17.6           17.6           17.6          -2112.5369      101.01182      0.84381214     5451.776     
        10   17.6           17.6           17.6          -2115.2922     -211.55583      0.0098327264   5451.776     
        16   17.6           17.6           17.6          -2115.2933     -210.18741      0.0011876329   5451.776     
Loop time of 0.0204674 on 4 procs for 16 steps with 500 atoms

61.9% CPU use with 4 MPI tasks x 1 OpenMP threads

Minimization stats:
  Stopping criterion = energy tolerance
  Energy initial, next-to-last, final = 
     -2112.53687787581  -2115.29325999984  -2115.29328042935
  Force two-norm initial, final = 9.0710342 0.014148263
  Force max component initial, final = 0.84381214 0.0011876329
  Final line search alpha, max atom move = 1 0.0011876329
  Iterations, force evaluations = 16 32

MPI task timing breakdown:
Section |  min time  |  avg time  |  max time  |%varavg| %total
---------------------------------------------------------------
Pair    | 0.015665   | 0.015992   | 0.016325   |   0.2 | 78.13
Neigh   | 0          | 0          | 0          |   0.0 |  0.00
Comm    | 0.0031498  | 0.003517   | 0.0038733  |   0.6 | 17.18
Output  | 2.4648e-05 | 4.0497e-05 | 8.7763e-05 |   0.0 |  0.20
Modify  | 0          | 0          | 0          |   0.0 |  0.00
Other   |            | 0.0009177  |            |       |  4.48

Nlocal:            125 ave         145 max         105 min
Histogram: 1 0 0 0 0 2 0 0 0 1
Nghost:           1737 ave        1757 max        1717 min
Histogram: 1 0 0 0 0 2 0 0 0 1
Neighs:          11000 ave       12759 max        9279 min
Histogram: 1 0 0 0 2 0 0 0 0 1

Total # of neighbors = 44000
Ave neighs/atom = 88
Neighbor list builds = 0
Dangerous builds = 0

# Релаксация ячейки aniso
fix 1 all box/relax aniso 0.0 vmax 0.0001
min_style cg
minimize 1.0e-10 1.0e-11 1000 5000
WARNING: Energy due to 3 extra global DOFs will be included in minimizer energies
 (src/min.cpp:219)
Per MPI rank memory allocation (min/avg/max) = 4.524 | 4.524 | 4.524 Mbytes
   Step           Lx             Ly             Lz           PotEng         Press           Fmax          Volume    
        16   17.6           17.6           17.6          -2115.2933     -210.18741      0.0011876329   5451.776     
        20   17.605565      17.59296       17.599843     -2115.2967     -33.530359      0.0027057026   5451.2696    
        30   17.62193       17.57536       17.600932     -2115.3018      2.4021733      0.0085526171   5451.2158    
        40   17.630607      17.565803      17.601978     -2115.303      -0.75483475     0.0035326994   5451.258     
        50   17.631074      17.565534      17.601726     -2115.3031      2.6448439      0.0014078308   5451.241     
        51   17.631117      17.565607      17.60175      -2115.3031     -12.084471      0.0013965332   5451.2843    
Loop time of 0.0933081 on 4 procs for 35 steps with 500 atoms

71.7% CPU use with 4 MPI tasks x 1 OpenMP threads

Minimization stats:
  Stopping criterion = energy tolerance
  Energy initial, next-to-last, final = 
     -2115.29328042936  -2115.30308648219  -2115.30308669071
  Force two-norm initial, final = 7.488079 0.079899105
  Force max component initial, final = 6.0884397 0.065650561
  Final line search alpha, max atom move = 0.0085427192 0.00056083431
  Iterations, force evaluations = 35 52

MPI task timing breakdown:
Section |  min time  |  avg time  |  max time  |%varavg| %total
---------------------------------------------------------------
Pair    | 0.082581   | 0.083013   | 0.083194   |   0.1 | 88.97
Neigh   | 0          | 0          | 0          |   0.0 |  0.00
Comm    | 0.0038276  | 0.0041936  | 0.0048223  |   0.6 |  4.49
Output  | 8.6094e-05 | 0.00015082 | 0.00034376 |   0.0 |  0.16
Modify  | 0          | 0          | 0          |   0.0 |  0.00
Other   |            | 0.005951   |            |       |  6.38

Nlocal:            125 ave         140 max         106 min
Histogram: 1 0 0 0 0 1 0 1 0 1
Nghost:           1737 ave        1756 max        1722 min
Histogram: 1 0 1 0 1 0 0 0 0 1
Neighs:          11000 ave       12293 max        9379 min
Histogram: 1 0 0 0 0 1 0 1 0 1

Total # of neighbors = 44000
Ave neighs/atom = 88
Neighbor list builds = 0
Dangerous builds = 0
unfix 1

# Промежуточная минимизация атомов
min_style cg
minimize 1.0e-10 1.0e-11 1000 5000
Per MPI rank memory allocation (min/avg/max) = 4.524 | 4.524 | 4.524 Mbytes
   Step           Lx             Ly             Lz           PotEng         Press           Fmax          Volume    
        51   17.631117      17.565607      17.60175      -2115.3031     -12.084471      0.0013965332   5451.2843    
        60   17.631117      17.565607      17.60175      -2115.3031     -9.7762153      0.00010748959  5451.2843    
Loop time of 0.0154627 on 4 procs for 9 steps with 500 atoms

92.6% CPU use with 4 MPI tasks x 1 OpenMP threads

Minimization stats:
  Stopping criterion = energy tolerance
  Energy initial, next-to-last, final = 
     -2115.30308669071  -2115.30311702373  -2115.30311713317
  Force two-norm initial, final = 0.014946668 0.0011420854
  Force max component initial, final = 0.0013965332 0.00010748959
  Final line search alpha, max atom move = 1 0.00010748959
  Iterations, force evaluations = 9 18

MPI task timing breakdown:
Section |  min time  |  avg time  |  max time  |%varavg| %total
---------------------------------------------------------------
Pair    | 0.013855   | 0.013893   | 0.013909   |   0.0 | 89.85
Neigh   | 0          | 0          | 0          |   0.0 |  0.00
Comm    | 0.0010959  | 0.0011288  | 0.0011843  |   0.1 |  7.30
Output  | 0          | 0          | 0          |   0.0 |  0.00
Modify  | 0          | 0          | 0          |   0.0 |  0.00
Other   |            | 0.0004405  |            |       |  2.85

Nlocal:            125 ave         139 max         107 min
Histogram: 1 0 0 0 0 1 0 1 0 1
Nghost:           1737 ave        1755 max        1723 min
Histogram: 1 0 1 0 1 0 0 0 0 1
Neighs:          11000 ave       12196 max        9476 min
Histogram: 1 0 0 0 0 1 0 1 0 1

Total # of neighbors = 44000
Ave neighs/atom = 88
Neighbor list builds = 0
Dangerous builds = 0

# Релаксация ячейки iso
fix 2 all box/relax iso 0.0 vmax 0.0001
min_style cg
minimize 1.0e-10 1.0e-11 1000 5000
WARNING: Energy due to 1 extra global DOFs will be included in minimizer energies
 (src/min.cpp:219)
Per MPI rank memory allocation (min/avg/max) = 4.524 | 4.524 | 4.524 Mbytes
   Step           Lx             Ly             Lz           PotEng         Press           Fmax          Volume    
        60   17.631117      17.565607      17.60175      -2115.3031     -9.7762153      0.00010748959  5451.2843    
        61   17.631086      17.565576      17.60172      -2115.3031     -0.007170412    0.00010461187  5451.2556    
Loop time of 0.00186803 on 4 procs for 1 steps with 500 atoms

70.4% CPU use with 4 MPI tasks x 1 OpenMP threads

Minimization stats:
  Stopping criterion = energy tolerance
  Energy initial, next-to-last, final = 
     -2115.30311713317  -2115.30311713317  -2115.30311722089
  Force two-norm initial, final = 0.099795033 0.0011540622
  Force max component initial, final = 0.099788498 0.00010461187
  Final line search alpha, max atom move = 0.0010021195 1.048336e-07
  Iterations, force evaluations = 1 2

MPI task timing breakdown:
Section |  min time  |  avg time  |  max time  |%varavg| %total
---------------------------------------------------------------
Pair    | 0.0015365  | 0.0015389  | 0.0015435  |   0.0 | 82.38
Neigh   | 0          | 0          | 0          |   0.0 |  0.00
Comm    | 0.00013101 | 0.00013227 | 0.00013544 |   0.0 |  7.08
Output  | 0          | 0          | 0          |   0.0 |  0.00
Modify  | 0          | 0          | 0          |   0.0 |  0.00
Other   |            | 0.0001968  |            |       | 10.54

Nlocal:            125 ave         140 max         106 min
Histogram: 1 0 0 0 0 1 0 1 0 1
Nghost:           1737 ave        1756 max        1722 min
Histogram: 1 0 1 0 1 0 0 0 0 1
Neighs:          11000 ave       12291 max        9381 min
Histogram: 1 0 0 0 0 1 0 1 0 1

Total # of neighbors = 44000
Ave neighs/atom = 88
Neighbor list builds = 0
Dangerous builds = 0
unfix 2

variable lat_const equal "lx/5"
variable eatom equal "pe/count(all)"
variable teng equal "pe"
variable natoms equal "count(all)"

print "Lattice parameter (lx/5) = ${lat_const} A"
Lattice parameter (lx/5) = 3.52621715726316 A
print "Total Potential Energy (PE) = ${teng} eV"
Total Potential Energy (PE) = -2115.30311722089 eV
print "Number of atoms = ${natoms}"
Number of atoms = 500
print "Cohesive energy (PE/N) = ${eatom} eV"
Cohesive energy (PE/N) = -4.23060623444178 eV
print "Minimization completed."
Minimization completed.

write_data C4_mpack_1_minimized.data
System init for write_data ...
Total wall time: 0:00:00
