read_data C4_mpack_2.data
Reading data file ...
  triclinic box = (0 0 0) to (17.6 17.6 17.6) with tilt (1.0776892e-15 1.0776892e-15 1.0776892e-15)
  1 by 2 by 2 MPI processor grid
  reading atoms ...
  500 atoms
  read_data CPU = 0.009 seconds

mass 1 58.6934  # Ni
mass 2 55.845   # Fe
mass 3 51.9961  # Cr

pair_style eam/alloy
pair_coeff * * FeNiCr_bonny.eam.alloy Ni Fe Cr

neighbor 2.0 bin
neigh_modify delay 0 check yes
timestep 0.001

thermo 10
thermo_style custom step lx ly lz pe press fmax vol

# --- ЭТАПЫ МИНИМИЗАЦИИ ---
min_style cg
minimize 1.0e-8 1.0e-9 1000 5000

CITE-CITE-CITE-CITE-CITE-CITE-CITE-CITE-CITE-CITE-CITE-CITE-CITE

Your simulation uses code contributions which should be cited:

- Type Label Framework: https://doi.org/10.1021/acs.jpcb.3c08419

@Article{Gissinger24,
 author = {Jacob R. Gissinger, Ilia Nikiforov, Yaser Afshar, Brendon Waters, Moon-ki Choi, Daniel S. Karls, Alexander Stukowski, Wonpil Im, Hendrik Heinz, Axel Kohlmeyer, and Ellad B. Tadmor},
 title = {Type Label Framework for Bonded Force Fields in LAMMPS},
 journal = {J. Phys. Chem. B},
 year =    2024,
 volume =  128,
 number =  13,
 pages =   {3282–-3297}
}

CITE-CITE-CITE-CITE-CITE-CITE-CITE-CITE-CITE-CITE-CITE-CITE-CITE

Neighbor list info ...
  update: every = 1 steps, delay = 0 steps, check = yes
  max neighbors/atom: 2000, page size: 100000
  master list distance cutoff = 7.6
  ghost atom cutoff = 7.6
  binsize = 3.8, bins = 5 5 5
  1 neighbor lists, perpetual/occasional/extra = 1 0 0
  (1) pair eam/alloy, perpetual
      attributes: half, newton on
      pair build: half/bin/atomonly/newton/tri
      stencil: half/bin/3d/tri
      bin: standard
Per MPI rank memory allocation (min/avg/max) = 4.524 | 4.524 | 4.524 Mbytes
   Step           Lx             Ly             Lz           PotEng         Press           Fmax          Volume    
         0   17.6           17.6           17.6          -2112.0874     -1125.9763      0.77690957     5451.776     
        10   17.6           17.6           17.6          -2115.0016     -1043.7956      0.0091148706   5451.776     
        16   17.6           17.6           17.6          -2115.0026     -1049.9336      0.0010931897   5451.776     
Loop time of 0.0207373 on 4 procs for 16 steps with 500 atoms

81.5% CPU use with 4 MPI tasks x 1 OpenMP threads

Minimization stats:
  Stopping criterion = energy tolerance
  Energy initial, next-to-last, final = 
     -2112.08743770087  -2115.00259688859      -2115.0026129
  Force two-norm initial, final = 9.0889596 0.012444616
  Force max component initial, final = 0.77690957 0.0010931897
  Final line search alpha, max atom move = 1 0.0010931897
  Iterations, force evaluations = 16 32

MPI task timing breakdown:
Section |  min time  |  avg time  |  max time  |%varavg| %total
---------------------------------------------------------------
Pair    | 0.017372   | 0.017498   | 0.017633   |   0.1 | 84.38
Neigh   | 0          | 0          | 0          |   0.0 |  0.00
Comm    | 0.0015232  | 0.0020746  | 0.0026145  |   1.0 | 10.00
Output  | 2.5279e-05 | 4.1432e-05 | 8.969e-05  |   0.0 |  0.20
Modify  | 0          | 0          | 0          |   0.0 |  0.00
Other   |            | 0.001123   |            |       |  5.42

Nlocal:            125 ave         145 max         105 min
Histogram: 1 0 0 0 0 2 0 0 0 1
Nghost:           1737 ave        1757 max        1717 min
Histogram: 1 0 0 0 0 2 0 0 0 1
Neighs:          11000 ave       12766 max        9223 min
Histogram: 1 0 0 0 1 1 0 0 0 1

Total # of neighbors = 44000
Ave neighs/atom = 88
Neighbor list builds = 0
Dangerous builds = 0

# Релаксация ячейки aniso
fix 1 all box/relax aniso 0.0 vmax 0.0001
min_style cg
minimize 1.0e-10 1.0e-11 1000 5000
WARNING: Energy due to 3 extra global DOFs will be included in minimizer energies
 (src/min.cpp:219)
Per MPI rank memory allocation (min/avg/max) = 4.524 | 4.524 | 4.524 Mbytes
   Step           Lx             Ly             Lz           PotEng         Press           Fmax          Volume    
        16   17.6           17.6           17.6          -2115.0026     -1049.9336      0.0010931897   5451.776     
        20   17.596464      17.59296       17.602078     -2115.0053     -153.97112      0.0027681806   5449.1437    
        30   17.593461      17.577495      17.619288     -2115.0079     -0.075481528    0.0074716136   5448.7467    
        40   17.593         17.575841      17.620657     -2115.0083      55.734281      0.0012729468   5448.5147    
        50   17.593137      17.57587       17.621014     -2115.0083      0.094289522    0.0012294583   5448.6762    
        57   17.593168      17.575884      17.620925     -2115.0083      5.0530856      0.00060068564  5448.6624    
Loop time of 0.112216 on 4 procs for 41 steps with 500 atoms

70.9% CPU use with 4 MPI tasks x 1 OpenMP threads

Minimization stats:
  Stopping criterion = energy tolerance
  Energy initial, next-to-last, final = 
         -2115.0026129  -2115.00831221025  -2115.00831225998
  Force two-norm initial, final = 8.0240335 0.032019951
  Force max component initial, final = 6.8781493 0.024299082
  Final line search alpha, max atom move = 0.045048101 0.0010946275
  Iterations, force evaluations = 41 69

MPI task timing breakdown:
Section |  min time  |  avg time  |  max time  |%varavg| %total
---------------------------------------------------------------
Pair    | 0.082735   | 0.084076   | 0.085749   |   0.4 | 74.92
Neigh   | 0          | 0          | 0          |   0.0 |  0.00
Comm    | 0.016513   | 0.019154   | 0.020584   |   1.2 | 17.07
Output  | 0.00010329 | 0.00017453 | 0.0003848  |   0.0 |  0.16
Modify  | 0          | 0          | 0          |   0.0 |  0.00
Other   |            | 0.008811   |            |       |  7.85

Nlocal:            125 ave         141 max         110 min
Histogram: 1 1 0 0 0 0 0 0 1 1
Nghost:           1737 ave        1752 max        1721 min
Histogram: 1 1 0 0 0 0 0 0 1 1
Neighs:          11000 ave       12431 max        9692 min
Histogram: 1 1 0 0 0 0 0 1 0 1

Total # of neighbors = 44000
Ave neighs/atom = 88
Neighbor list builds = 0
Dangerous builds = 0
unfix 1

# Промежуточная минимизация атомов
min_style cg
minimize 1.0e-10 1.0e-11 1000 5000
Per MPI rank memory allocation (min/avg/max) = 4.524 | 4.524 | 4.524 Mbytes
   Step           Lx             Ly             Lz           PotEng         Press           Fmax          Volume    
        57   17.593168      17.575884      17.620925     -2115.0083      5.0530856      0.00060068564  5448.6624    
        60   17.593168      17.575884      17.620925     -2115.0083      5.0794575      0.00019536876  5448.6624    
        63   17.593168      17.575884      17.620925     -2115.0083      5.1834917      0.00011284257  5448.6624    
Loop time of 0.00910426 on 4 procs for 6 steps with 500 atoms

97.5% CPU use with 4 MPI tasks x 1 OpenMP threads

Minimization stats:
  Stopping criterion = energy tolerance
  Energy initial, next-to-last, final = 
     -2115.00831225998  -2115.00831736002  -2115.00831753067
  Force two-norm initial, final = 0.006923719 0.0013162983
  Force max component initial, final = 0.00060068564 0.00011284257
  Final line search alpha, max atom move = 1 0.00011284257
  Iterations, force evaluations = 6 12

MPI task timing breakdown:
Section |  min time  |  avg time  |  max time  |%varavg| %total
---------------------------------------------------------------
Pair    | 0.0075747  | 0.0076695  | 0.0077465  |   0.1 | 84.24
Neigh   | 0          | 0          | 0          |   0.0 |  0.00
Comm    | 0.00068151 | 0.00079276 | 0.00088017 |   0.0 |  8.71
Output  | 2.8542e-05 | 4.3363e-05 | 8.7389e-05 |   0.0 |  0.48
Modify  | 0          | 0          | 0          |   0.0 |  0.00
Other   |            | 0.0005987  |            |       |  6.58

Nlocal:            125 ave         141 max         110 min
Histogram: 2 0 0 0 0 0 0 0 1 1
Nghost:           1737 ave        1752 max        1721 min
Histogram: 1 1 0 0 0 0 0 0 0 2
Neighs:          11000 ave       12431 max        9692 min
Histogram: 2 0 0 0 0 0 0 0 1 1

Total # of neighbors = 44000
Ave neighs/atom = 88
Neighbor list builds = 0
Dangerous builds = 0

# Релаксация ячейки iso
fix 2 all box/relax iso 0.0 vmax 0.0001
min_style cg
minimize 1.0e-10 1.0e-11 1000 5000
WARNING: Energy due to 1 extra global DOFs will be included in minimizer energies
 (src/min.cpp:219)
Per MPI rank memory allocation (min/avg/max) = 4.524 | 4.524 | 4.524 Mbytes
   Step           Lx             Ly             Lz           PotEng         Press           Fmax          Volume    
        63   17.593168      17.575884      17.620925     -2115.0083      5.1834917      0.00011284257  5448.6624    
        64   17.593184      17.5759        17.620941     -2115.0083     -0.0075191493   0.0001122025   5448.6777    
Loop time of 0.00150836 on 4 procs for 1 steps with 500 atoms

90.2% CPU use with 4 MPI tasks x 1 OpenMP threads

Minimization stats:
  Stopping criterion = energy tolerance
  Energy initial, next-to-last, final = 
     -2115.00831753067  -2115.00831753067  -2115.00831755539
  Force two-norm initial, final = 0.052900246 0.00132581
  Force max component initial, final = 0.052883867 0.0001122025
  Final line search alpha, max atom move = 0.0018909358 2.1216773e-07
  Iterations, force evaluations = 1 2

MPI task timing breakdown:
Section |  min time  |  avg time  |  max time  |%varavg| %total
---------------------------------------------------------------
Pair    | 0.0012449  | 0.0012453  | 0.0012461  |   0.0 | 82.56
Neigh   | 0          | 0          | 0          |   0.0 |  0.00
Comm    | 9.8287e-05 | 0.0001004  | 0.0001031  |   0.0 |  6.66
Output  | 0          | 0          | 0          |   0.0 |  0.00
Modify  | 0          | 0          | 0          |   0.0 |  0.00
Other   |            | 0.0001626  |            |       | 10.78

Nlocal:            125 ave         141 max         110 min
Histogram: 2 0 0 0 0 0 0 0 1 1
Nghost:           1737 ave        1752 max        1721 min
Histogram: 1 1 0 0 0 0 0 0 0 2
Neighs:          11000 ave       12431 max        9692 min
Histogram: 2 0 0 0 0 0 0 0 1 1

Total # of neighbors = 44000
Ave neighs/atom = 88
Neighbor list builds = 0
Dangerous builds = 0
unfix 2

variable lat_const equal "lx/5"
variable eatom equal "pe/count(all)"
variable teng equal "pe"
variable natoms equal "count(all)"

print "Lattice parameter (lx/5) = ${lat_const} A"
Lattice parameter (lx/5) = 3.51863681488892 A
print "Total Potential Energy (PE) = ${teng} eV"
Total Potential Energy (PE) = -2115.00831755539 eV
print "Number of atoms = ${natoms}"
Number of atoms = 500
print "Cohesive energy (PE/N) = ${eatom} eV"
Cohesive energy (PE/N) = -4.23001663511078 eV
print "Minimization completed."
Minimization completed.

write_data C4_mpack_2_minimized.data
System init for write_data ...
Total wall time: 0:00:00
