read_data C4_mpack_11.data
Reading data file ...
  triclinic box = (0 0 0) to (17.6 17.6 17.6) with tilt (1.0776892e-15 1.0776892e-15 1.0776892e-15)
  1 by 2 by 2 MPI processor grid
  reading atoms ...
  500 atoms
  read_data CPU = 0.011 seconds

mass 1 58.6934  # Ni
mass 2 55.845   # Fe
mass 3 51.9961  # Cr

pair_style eam/alloy
pair_coeff * * FeNiCr_bonny.eam.alloy Ni Fe Cr

neighbor 2.0 bin
neigh_modify delay 0 check yes
timestep 0.001

thermo 10
thermo_style custom step lx ly lz pe press fmax vol

# --- ЭТАПЫ МИНИМИЗАЦИИ ---
min_style cg
minimize 1.0e-8 1.0e-9 1000 5000

CITE-CITE-CITE-CITE-CITE-CITE-CITE-CITE-CITE-CITE-CITE-CITE-CITE

Your simulation uses code contributions which should be cited:

- Type Label Framework: https://doi.org/10.1021/acs.jpcb.3c08419

@Article{Gissinger24,
 author = {Jacob R. Gissinger, Ilia Nikiforov, Yaser Afshar, Brendon Waters, Moon-ki Choi, Daniel S. Karls, Alexander Stukowski, Wonpil Im, Hendrik Heinz, Axel Kohlmeyer, and Ellad B. Tadmor},
 title = {Type Label Framework for Bonded Force Fields in LAMMPS},
 journal = {J. Phys. Chem. B},
 year =    2024,
 volume =  128,
 number =  13,
 pages =   {3282–-3297}
}

CITE-CITE-CITE-CITE-CITE-CITE-CITE-CITE-CITE-CITE-CITE-CITE-CITE

Neighbor list info ...
  update: every = 1 steps, delay = 0 steps, check = yes
  max neighbors/atom: 2000, page size: 100000
  master list distance cutoff = 7.6
  ghost atom cutoff = 7.6
  binsize = 3.8, bins = 5 5 5
  1 neighbor lists, perpetual/occasional/extra = 1 0 0
  (1) pair eam/alloy, perpetual
      attributes: half, newton on
      pair build: half/bin/atomonly/newton/tri
      stencil: half/bin/3d/tri
      bin: standard
Per MPI rank memory allocation (min/avg/max) = 4.524 | 4.524 | 4.524 Mbytes
   Step           Lx             Ly             Lz           PotEng         Press           Fmax          Volume    
         0   17.6           17.6           17.6          -2112.9281      671.10286      0.84871862     5451.776     
        10   17.6           17.6           17.6          -2115.7231      868.81901      0.0070225116   5451.776     
        17   17.6           17.6           17.6          -2115.7241      872.22273      0.0010386298   5451.776     
Loop time of 0.0272538 on 4 procs for 17 steps with 500 atoms

80.7% CPU use with 4 MPI tasks x 1 OpenMP threads

Minimization stats:
  Stopping criterion = energy tolerance
  Energy initial, next-to-last, final = 
     -2112.92806818004  -2115.72410399955  -2115.72411405182
  Force two-norm initial, final = 8.9077106 0.010178782
  Force max component initial, final = 0.84871862 0.0010386298
  Final line search alpha, max atom move = 1 0.0010386298
  Iterations, force evaluations = 17 34

MPI task timing breakdown:
Section |  min time  |  avg time  |  max time  |%varavg| %total
---------------------------------------------------------------
Pair    | 0.023497   | 0.023627   | 0.023726   |   0.1 | 86.69
Neigh   | 0          | 0          | 0          |   0.0 |  0.00
Comm    | 0.0016383  | 0.001868   | 0.0021294  |   0.5 |  6.85
Output  | 2.3374e-05 | 3.7322e-05 | 7.7751e-05 |   0.0 |  0.14
Modify  | 0          | 0          | 0          |   0.0 |  0.00
Other   |            | 0.001722   |            |       |  6.32

Nlocal:            125 ave         145 max         105 min
Histogram: 1 0 0 0 0 2 0 0 0 1
Nghost:           1737 ave        1757 max        1717 min
Histogram: 1 0 0 0 0 2 0 0 0 1
Neighs:          11000 ave       12786 max        9240 min
Histogram: 1 0 0 0 1 1 0 0 0 1

Total # of neighbors = 44000
Ave neighs/atom = 88
Neighbor list builds = 0
Dangerous builds = 0

# Релаксация ячейки aniso
fix 1 all box/relax aniso 0.0 vmax 0.0001
min_style cg
minimize 1.0e-10 1.0e-11 1000 5000
WARNING: Energy due to 3 extra global DOFs will be included in minimizer energies
 (src/min.cpp:219)
Per MPI rank memory allocation (min/avg/max) = 4.524 | 4.524 | 4.524 Mbytes
   Step           Lx             Ly             Lz           PotEng         Press           Fmax          Volume    
        17   17.6           17.6           17.6          -2115.7241      872.22273      0.0010386298   5451.776     
        20   17.60528       17.600119      17.599969     -2115.726       308.38799      0.0024270657   5453.4388    
        30   17.62288       17.593253      17.59229      -2115.7295      1.4965755      0.0075202087   5454.3804    
        40   17.630927      17.590076      17.587773     -2115.7302      0.56569976     0.0021119392   5454.4846    
        45   17.631312      17.58936       17.588151     -2115.7303     -0.748645       0.0016991895   5454.4989    
Loop time of 0.0746462 on 4 procs for 28 steps with 500 atoms

72.1% CPU use with 4 MPI tasks x 1 OpenMP threads

Minimization stats:
  Stopping criterion = energy tolerance
  Energy initial, next-to-last, final = 
     -2115.72411405182  -2115.73027185369  -2115.73027192388
  Force two-norm initial, final = 7.5106494 0.015031577
  Force max component initial, final = 7.4376085 0.0031246419
  Final line search alpha, max atom move = 0.0033079439 1.033614e-05
  Iterations, force evaluations = 28 40

MPI task timing breakdown:
Section |  min time  |  avg time  |  max time  |%varavg| %total
---------------------------------------------------------------
Pair    | 0.044331   | 0.04676    | 0.049274   |   0.8 | 62.64
Neigh   | 0          | 0          | 0          |   0.0 |  0.00
Comm    | 0.0054487  | 0.011978   | 0.018191   |   4.7 | 16.05
Output  | 7.2899e-05 | 0.00012684 | 0.00028828 |   0.0 |  0.17
Modify  | 0          | 0          | 0          |   0.0 |  0.00
Other   |            | 0.01578    |            |       | 21.14

Nlocal:            125 ave         138 max         108 min
Histogram: 1 0 0 0 1 0 0 0 1 1
Nghost:           1737 ave        1754 max        1724 min
Histogram: 1 1 0 0 0 1 0 0 0 1
Neighs:          11000 ave       12122 max        9493 min
Histogram: 1 0 0 0 1 0 0 0 1 1

Total # of neighbors = 44000
Ave neighs/atom = 88
Neighbor list builds = 0
Dangerous builds = 0
unfix 1

# Промежуточная минимизация атомов
min_style cg
minimize 1.0e-10 1.0e-11 1000 5000
Per MPI rank memory allocation (min/avg/max) = 4.524 | 4.524 | 4.524 Mbytes
   Step           Lx             Ly             Lz           PotEng         Press           Fmax          Volume    
        45   17.631312      17.58936       17.588151     -2115.7303     -0.748645       0.0016991895   5454.4989    
        50   17.631312      17.58936       17.588151     -2115.7303      0.93279376     0.00047212311  5454.4989    
        55   17.631312      17.58936       17.588151     -2115.7303      1.1817446      9.2350796e-05  5454.4989    
Loop time of 0.0185113 on 4 procs for 10 steps with 500 atoms

56.1% CPU use with 4 MPI tasks x 1 OpenMP threads

Minimization stats:
  Stopping criterion = energy tolerance
  Energy initial, next-to-last, final = 
     -2115.73027192388  -2115.73030332906  -2115.73030343205
  Force two-norm initial, final = 0.014351493 0.00099447839
  Force max component initial, final = 0.0016991895 9.2350796e-05
  Final line search alpha, max atom move = 1 9.2350796e-05
  Iterations, force evaluations = 10 20

MPI task timing breakdown:
Section |  min time  |  avg time  |  max time  |%varavg| %total
---------------------------------------------------------------
Pair    | 0.015789   | 0.015823   | 0.015855   |   0.0 | 85.48
Neigh   | 0          | 0          | 0          |   0.0 |  0.00
Comm    | 0.0010745  | 0.001207   | 0.0013386  |   0.3 |  6.52
Output  | 1.9425e-05 | 3.4553e-05 | 7.9892e-05 |   0.0 |  0.19
Modify  | 0          | 0          | 0          |   0.0 |  0.00
Other   |            | 0.001447   |            |       |  7.82

Nlocal:            125 ave         138 max         108 min
Histogram: 1 0 0 0 1 0 0 0 1 1
Nghost:           1737 ave        1754 max        1724 min
Histogram: 1 1 0 0 0 1 0 0 0 1
Neighs:          11000 ave       12122 max        9493 min
Histogram: 1 0 0 0 1 0 0 0 1 1

Total # of neighbors = 44000
Ave neighs/atom = 88
Neighbor list builds = 0
Dangerous builds = 0

# Релаксация ячейки iso
fix 2 all box/relax iso 0.0 vmax 0.0001
min_style cg
minimize 1.0e-10 1.0e-11 1000 5000
WARNING: Energy due to 1 extra global DOFs will be included in minimizer energies
 (src/min.cpp:219)
Per MPI rank memory allocation (min/avg/max) = 4.524 | 4.524 | 4.524 Mbytes
   Step           Lx             Ly             Lz           PotEng         Press           Fmax          Volume    
        55   17.631312      17.58936       17.588151     -2115.7303      1.1817446      9.2350796e-05  5454.4989    
        56   17.631316      17.589364      17.588155     -2115.7303     -0.0089724647   9.314396e-05   5454.5024    
Loop time of 0.00258988 on 4 procs for 1 steps with 500 atoms

91.9% CPU use with 4 MPI tasks x 1 OpenMP threads

Minimization stats:
  Stopping criterion = energy tolerance
  Energy initial, next-to-last, final = 
     -2115.73030343205  -2115.73030343205  -2115.73030343334
  Force two-norm initial, final = 0.012110405 0.00099839043
  Force max component initial, final = 0.012069503 9.314396e-05
  Final line search alpha, max atom move = 0.0082853451 7.7172985e-07
  Iterations, force evaluations = 1 2

MPI task timing breakdown:
Section |  min time  |  avg time  |  max time  |%varavg| %total
---------------------------------------------------------------
Pair    | 0.002154   | 0.0021618  | 0.0021674  |   0.0 | 83.47
Neigh   | 0          | 0          | 0          |   0.0 |  0.00
Comm    | 0.00016461 | 0.00016866 | 0.00017499 |   0.0 |  6.51
Output  | 0          | 0          | 0          |   0.0 |  0.00
Modify  | 0          | 0          | 0          |   0.0 |  0.00
Other   |            | 0.0002594  |            |       | 10.02

Nlocal:            125 ave         139 max         108 min
Histogram: 1 0 0 1 0 0 0 0 1 1
Nghost:           1737 ave        1754 max        1723 min
Histogram: 1 1 0 0 0 0 1 0 0 1
Neighs:          11000 ave       12205 max        9493 min
Histogram: 1 0 0 1 0 0 0 0 1 1

Total # of neighbors = 44000
Ave neighs/atom = 88
Neighbor list builds = 0
Dangerous builds = 0
unfix 2

variable lat_const equal "lx/5"
variable eatom equal "pe/count(all)"
variable teng equal "pe"
variable natoms equal "count(all)"

print "Lattice parameter (lx/5) = ${lat_const} A"
Lattice parameter (lx/5) = 3.52626320437545 A
print "Total Potential Energy (PE) = ${teng} eV"
Total Potential Energy (PE) = -2115.73030343334 eV
print "Number of atoms = ${natoms}"
Number of atoms = 500
print "Cohesive energy (PE/N) = ${eatom} eV"
Cohesive energy (PE/N) = -4.23146060686669 eV
print "Minimization completed."
Minimization completed.

write_data C4_mpack_11_minimized.data
System init for write_data ...
Total wall time: 0:00:00
