read_data A0_13.data
Reading data file ...
  triclinic box = (0 0 0) to (17.244999 17.244999 17.244999) with tilt (1.0559517e-15 1.0559517e-15 1.0559517e-15)
  1 by 1 by 1 MPI processor grid
  reading atoms ...
  500 atoms
  read_data CPU = 0.019 seconds

mass 1 58.6934  # Ni
mass 2 55.845   # Fe
mass 3 51.9961  # Cr

pair_style metatomic pet-mad-latest.pt device cpu

This is the PET-MAD v1.0.2 model
================================

A universal interatomic potential for advanced materials modeling

Model authors
-------------

- Arslan Mazitov (arslan.mazitov@epfl.ch)
- Filippo Bigi
- Matthias Kellner
- Paolo Pegolo
- Davide Tisi
- Guillaume Fraux
- Sergey Pozdnyakov
- Philip Loche
- Michele Ceriotti (michele.ceriotti@epfl.ch)

Model references
----------------

Please cite the following references when using this model:
- about this specific model:
  * http://arxiv.org/abs/2503.14118
- about the architecture of this model:
  * LLPR (uncertainty method):
    https://iopscience.iop.org/article/10.1088/2632-2153/ad805f
  * LPR (if using per-atom uncertainty):
    https://pubs.acs.org/doi/10.1021/acs.jctc.3c00704
  * https://arxiv.org/abs/2305.19302v3

WARNING: the model declared support for unknown device 'cuda', it will be ignored (src/ML-METATOMIC/pair_metatomic.cpp:216)
Running simulation on cpu device with float32 data
pair_coeff * * 28 26 24

neighbor 2.0 bin
neigh_modify delay 0 check yes
timestep 0.001

thermo 10
thermo_style custom step lx ly lz pe press fmax vol

# --- ЭТАПЫ МИНИМИЗАЦИИ ---
min_style cg
minimize 1.0e-8 1.0e-9 1000 5000

CITE-CITE-CITE-CITE-CITE-CITE-CITE-CITE-CITE-CITE-CITE-CITE-CITE

Your simulation uses code contributions which should be cited:

- LLPR (uncertainty method): https://iopscience.iop.org/article/10.1088/2632-2153/ad805f
- LPR (if using per-atom uncertainty): https://pubs.acs.org/doi/10.1021/acs.jctc.3c00704
- https://arxiv.org/abs/2305.19302v3
- http://arxiv.org/abs/2503.14118
CITE-CITE-CITE-CITE-CITE-CITE-CITE-CITE-CITE-CITE-CITE-CITE-CITE

Neighbor list info ...
  update: every = 1 steps, delay = 0 steps, check = yes
  max neighbors/atom: 2000, page size: 100000
  master list distance cutoff = 11
  ghost atom cutoff = 11
  binsize = 5.5, bins = 4 4 4
  1 neighbor lists, perpetual/occasional/extra = 1 0 0
  (1) pair metatomic, perpetual
      attributes: full, newton on, ghost
      pair build: full/bin/ghost
      stencil: full/ghost/bin/3d
      bin: standard
Per MPI rank memory allocation (min/avg/max) = 16.28 | 16.28 | 16.28 Mbytes
   Step           Lx             Ly             Lz           PotEng         Press           Fmax          Volume    
         0   17.244999      17.244999      17.244999     -4159.354      -3275.782       1.135645       5128.4901    
        10   17.244999      17.244999      17.244999     -4164.3779     -787.35784      0.0067392173   5128.4901    
Loop time of 59.844 on 4 procs for 10 steps with 500 atoms

287.4% CPU use with 1 MPI tasks x 4 OpenMP threads

Minimization stats:
  Stopping criterion = energy tolerance
  Energy initial, next-to-last, final = 
     -4159.35400390625   -4164.3779296875   -4164.3779296875
  Force two-norm initial, final = 10.549785 0.036178222
  Force max component initial, final = 1.135645 0.0067392173
  Final line search alpha, max atom move = 1 0.0067392173
  Iterations, force evaluations = 10 20

MPI task timing breakdown:
Section |  min time  |  avg time  |  max time  |%varavg| %total
---------------------------------------------------------------
Pair    | 59.837     | 59.837     | 59.837     |   0.0 | 99.99
Neigh   | 0          | 0          | 0          |   0.0 |  0.00
Comm    | 0.0017592  | 0.0017592  | 0.0017592  |   0.0 |  0.00
Output  | 0          | 0          | 0          |   0.0 |  0.00
Modify  | 0          | 0          | 0          |   0.0 |  0.00
Other   |            | 0.005376   |            |       |  0.01

Nlocal:            500 ave         500 max         500 min
Histogram: 1 0 0 0 0 0 0 0 0 0
Nghost:           5584 ave        5584 max        5584 min
Histogram: 1 0 0 0 0 0 0 0 0 0
Neighs:              0 ave           0 max           0 min
Histogram: 1 0 0 0 0 0 0 0 0 0
FullNghs:       277000 ave      277000 max      277000 min
Histogram: 1 0 0 0 0 0 0 0 0 0

Total # of neighbors = 277000
Ave neighs/atom = 554
Neighbor list builds = 0
Dangerous builds = 0

# Релаксация ячейки aniso
fix 1 all box/relax aniso 0.0 vmax 0.0001
min_style cg
minimize 1.0e-10 1.0e-11 1000 5000
WARNING: Energy due to 3 extra global DOFs will be included in minimizer energies
 (src/min.cpp:222)
Per MPI rank memory allocation (min/avg/max) = 16.28 | 16.28 | 16.28 Mbytes
   Step           Lx             Ly             Lz           PotEng         Press           Fmax          Volume    
        10   17.244999      17.244999      17.244999     -4164.3774     -787.36417      0.0067379996   5128.4901    
        20   17.255891      17.227754      17.24711      -4164.3862      0.1751822      0.011439472    5127.2251    
        22   17.256359      17.227152      17.247244     -4164.3867      0.44880643     0.011612661    5127.2247    
Loop time of 90.4348 on 4 procs for 12 steps with 500 atoms

366.6% CPU use with 1 MPI tasks x 4 OpenMP threads

Minimization stats:
  Stopping criterion = linesearch alpha is zero
  Energy initial, next-to-last, final = 
     -4164.37744140625     -4164.38671875     -4164.38671875
  Force two-norm initial, final = 12.816896 1.7292483
  Force max component initial, final = 11.893548 1.3424262
  Final line search alpha, max atom move = 2.2733105e-09 3.0517516e-09
  Iterations, force evaluations = 12 42

MPI task timing breakdown:
Section |  min time  |  avg time  |  max time  |%varavg| %total
---------------------------------------------------------------
Pair    | 90.423     | 90.423     | 90.423     |   0.0 | 99.99
Neigh   | 0          | 0          | 0          |   0.0 |  0.00
Comm    | 0.0015221  | 0.0015221  | 0.0015221  |   0.0 |  0.00
Output  | 7.8092e-05 | 7.8092e-05 | 7.8092e-05 |   0.0 |  0.00
Modify  | 0          | 0          | 0          |   0.0 |  0.00
Other   |            | 0.01046    |            |       |  0.01

Nlocal:            500 ave         500 max         500 min
Histogram: 1 0 0 0 0 0 0 0 0 0
Nghost:           5584 ave        5584 max        5584 min
Histogram: 1 0 0 0 0 0 0 0 0 0
Neighs:              0 ave           0 max           0 min
Histogram: 1 0 0 0 0 0 0 0 0 0
FullNghs:       276828 ave      276828 max      276828 min
Histogram: 1 0 0 0 0 0 0 0 0 0

Total # of neighbors = 276828
Ave neighs/atom = 553.656
Neighbor list builds = 0
Dangerous builds = 0
unfix 1

# Промежуточная минимизация атомов
min_style cg
minimize 1.0e-10 1.0e-11 1000 5000
Per MPI rank memory allocation (min/avg/max) = 16.28 | 16.28 | 16.28 Mbytes
   Step           Lx             Ly             Lz           PotEng         Press           Fmax          Volume    
        22   17.256359      17.227152      17.247244     -4164.3867      0.44843392     0.011612661    5127.2247    
        23   17.256359      17.227152      17.247244     -4164.3867     -11.279157      0.0084708091   5127.2247    
Loop time of 6.25697 on 4 procs for 1 steps with 500 atoms

381.5% CPU use with 1 MPI tasks x 4 OpenMP threads

Minimization stats:
  Stopping criterion = energy tolerance
  Energy initial, next-to-last, final = 
        -4164.38671875     -4164.38671875     -4164.38671875
  Force two-norm initial, final = 0.084755139 0.041577452
  Force max component initial, final = 0.011612661 0.0084708091
  Final line search alpha, max atom move = 1 0.0084708091
  Iterations, force evaluations = 1 2

MPI task timing breakdown:
Section |  min time  |  avg time  |  max time  |%varavg| %total
---------------------------------------------------------------
Pair    | 6.2566     | 6.2566     | 6.2566     |   0.0 | 99.99
Neigh   | 0          | 0          | 0          |   0.0 |  0.00
Comm    | 0.00010033 | 0.00010033 | 0.00010033 |   0.0 |  0.00
Output  | 0          | 0          | 0          |   0.0 |  0.00
Modify  | 0          | 0          | 0          |   0.0 |  0.00
Other   |            | 0.0002757  |            |       |  0.00

Nlocal:            500 ave         500 max         500 min
Histogram: 1 0 0 0 0 0 0 0 0 0
Nghost:           5584 ave        5584 max        5584 min
Histogram: 1 0 0 0 0 0 0 0 0 0
Neighs:              0 ave           0 max           0 min
Histogram: 1 0 0 0 0 0 0 0 0 0
FullNghs:       276812 ave      276812 max      276812 min
Histogram: 1 0 0 0 0 0 0 0 0 0

Total # of neighbors = 276812
Ave neighs/atom = 553.624
Neighbor list builds = 0
Dangerous builds = 0

# Релаксация ячейки iso
fix 2 all box/relax iso 0.0 vmax 0.0001
min_style cg
minimize 1.0e-10 1.0e-11 1000 5000
WARNING: Energy due to 1 extra global DOFs will be included in minimizer energies
 (src/min.cpp:222)
Per MPI rank memory allocation (min/avg/max) = 16.28 | 16.28 | 16.28 Mbytes
   Step           Lx             Ly             Lz           PotEng         Press           Fmax          Volume    
        23   17.256359      17.227152      17.247244     -4164.3867     -11.279365      0.0084708016   5127.2247    
        24   17.256336      17.227129      17.247221     -4164.3867      1.5900721      0.0084730638   5127.2042    
Loop time of 5.56932 on 4 procs for 1 steps with 500 atoms

382.5% CPU use with 1 MPI tasks x 4 OpenMP threads

Minimization stats:
  Stopping criterion = energy tolerance
  Energy initial, next-to-last, final = 
        -4164.38671875     -4164.38671875     -4164.38671875
  Force two-norm initial, final = 0.11599501 0.044288314
  Force max component initial, final = 0.10828739 0.015265426
  Final line search alpha, max atom move = 0.00092346852 1.409714e-05
  Iterations, force evaluations = 1 2

MPI task timing breakdown:
Section |  min time  |  avg time  |  max time  |%varavg| %total
---------------------------------------------------------------
Pair    | 5.5688     | 5.5688     | 5.5688     |   0.0 | 99.99
Neigh   | 0          | 0          | 0          |   0.0 |  0.00
Comm    | 8.8307e-05 | 8.8307e-05 | 8.8307e-05 |   0.0 |  0.00
Output  | 0          | 0          | 0          |   0.0 |  0.00
Modify  | 0          | 0          | 0          |   0.0 |  0.00
Other   |            | 0.0003911  |            |       |  0.01

Nlocal:            500 ave         500 max         500 min
Histogram: 1 0 0 0 0 0 0 0 0 0
Nghost:           5584 ave        5584 max        5584 min
Histogram: 1 0 0 0 0 0 0 0 0 0
Neighs:              0 ave           0 max           0 min
Histogram: 1 0 0 0 0 0 0 0 0 0
FullNghs:       276812 ave      276812 max      276812 min
Histogram: 1 0 0 0 0 0 0 0 0 0

Total # of neighbors = 276812
Ave neighs/atom = 553.624
Neighbor list builds = 0
Dangerous builds = 0
unfix 2

variable lat_const equal "lx/5"
variable eatom equal "pe/count(all)"
variable teng equal "pe"
variable natoms equal "count(all)"

print "Lattice parameter (lx/5) = ${lat_const} A"
Lattice parameter (lx/5) = 3.45126716697303 A
print "Total Potential Energy (PE) = ${teng} eV"
Total Potential Energy (PE) = -4164.38671875 eV
print "Number of atoms = ${natoms}"
Number of atoms = 500
print "Cohesive energy (PE/N) = ${eatom} eV"
Cohesive energy (PE/N) = -8.3287734375 eV
print "Minimization completed."
Minimization completed.

write_data A0_13_minimized.data
System init for write_data ...
Total wall time: 0:03:00
