read_data A0_12.data
Reading data file ...
  triclinic box = (0 0 0) to (17.244999 17.244999 17.244999) with tilt (1.0559517e-15 1.0559517e-15 1.0559517e-15)
  1 by 1 by 1 MPI processor grid
  reading atoms ...
  500 atoms
  read_data CPU = 0.036 seconds

mass 1 58.6934  # Ni
mass 2 55.845   # Fe
mass 3 51.9961  # Cr

pair_style metatomic pet-mad-latest.pt device cpu

This is the PET-MAD v1.0.2 model
================================

A universal interatomic potential for advanced materials modeling

Model authors
-------------

- Arslan Mazitov (arslan.mazitov@epfl.ch)
- Filippo Bigi
- Matthias Kellner
- Paolo Pegolo
- Davide Tisi
- Guillaume Fraux
- Sergey Pozdnyakov
- Philip Loche
- Michele Ceriotti (michele.ceriotti@epfl.ch)

Model references
----------------

Please cite the following references when using this model:
- about this specific model:
  * http://arxiv.org/abs/2503.14118
- about the architecture of this model:
  * LLPR (uncertainty method):
    https://iopscience.iop.org/article/10.1088/2632-2153/ad805f
  * LPR (if using per-atom uncertainty):
    https://pubs.acs.org/doi/10.1021/acs.jctc.3c00704
  * https://arxiv.org/abs/2305.19302v3

WARNING: the model declared support for unknown device 'cuda', it will be ignored (src/ML-METATOMIC/pair_metatomic.cpp:216)
Running simulation on cpu device with float32 data
pair_coeff * * 28 26 24

neighbor 2.0 bin
neigh_modify delay 0 check yes
timestep 0.001

thermo 10
thermo_style custom step lx ly lz pe press fmax vol

# --- ЭТАПЫ МИНИМИЗАЦИИ ---
min_style cg
minimize 1.0e-8 1.0e-9 1000 5000

CITE-CITE-CITE-CITE-CITE-CITE-CITE-CITE-CITE-CITE-CITE-CITE-CITE

Your simulation uses code contributions which should be cited:

- LLPR (uncertainty method): https://iopscience.iop.org/article/10.1088/2632-2153/ad805f
- LPR (if using per-atom uncertainty): https://pubs.acs.org/doi/10.1021/acs.jctc.3c00704
- https://arxiv.org/abs/2305.19302v3
- http://arxiv.org/abs/2503.14118
CITE-CITE-CITE-CITE-CITE-CITE-CITE-CITE-CITE-CITE-CITE-CITE-CITE

Neighbor list info ...
  update: every = 1 steps, delay = 0 steps, check = yes
  max neighbors/atom: 2000, page size: 100000
  master list distance cutoff = 11
  ghost atom cutoff = 11
  binsize = 5.5, bins = 4 4 4
  1 neighbor lists, perpetual/occasional/extra = 1 0 0
  (1) pair metatomic, perpetual
      attributes: full, newton on, ghost
      pair build: full/bin/ghost
      stencil: full/ghost/bin/3d
      bin: standard
Per MPI rank memory allocation (min/avg/max) = 16.28 | 16.28 | 16.28 Mbytes
   Step           Lx             Ly             Lz           PotEng         Press           Fmax          Volume    
         0   17.244999      17.244999      17.244999     -4157.5205     -2314.4961      1.0407006      5128.4901    
         9   17.244999      17.244999      17.244999     -4162.5186      686.89671      0.0033481866   5128.4901    
Loop time of 99.8463 on 4 procs for 9 steps with 500 atoms

232.3% CPU use with 1 MPI tasks x 4 OpenMP threads

Minimization stats:
  Stopping criterion = energy tolerance
  Energy initial, next-to-last, final = 
      -4157.5205078125   -4162.5185546875   -4162.5185546875
  Force two-norm initial, final = 10.536687 0.027989736
  Force max component initial, final = 1.0407006 0.0033481866
  Final line search alpha, max atom move = 1 0.0033481866
  Iterations, force evaluations = 9 18

MPI task timing breakdown:
Section |  min time  |  avg time  |  max time  |%varavg| %total
---------------------------------------------------------------
Pair    | 99.824     | 99.824     | 99.824     |   0.0 | 99.98
Neigh   | 0          | 0          | 0          |   0.0 |  0.00
Comm    | 0.0038254  | 0.0038254  | 0.0038254  |   0.0 |  0.00
Output  | 0          | 0          | 0          |   0.0 |  0.00
Modify  | 0          | 0          | 0          |   0.0 |  0.00
Other   |            | 0.01839    |            |       |  0.02

Nlocal:            500 ave         500 max         500 min
Histogram: 1 0 0 0 0 0 0 0 0 0
Nghost:           5584 ave        5584 max        5584 min
Histogram: 1 0 0 0 0 0 0 0 0 0
Neighs:              0 ave           0 max           0 min
Histogram: 1 0 0 0 0 0 0 0 0 0
FullNghs:       277000 ave      277000 max      277000 min
Histogram: 1 0 0 0 0 0 0 0 0 0

Total # of neighbors = 277000
Ave neighs/atom = 554
Neighbor list builds = 0
Dangerous builds = 0

# Релаксация ячейки aniso
fix 1 all box/relax aniso 0.0 vmax 0.0001
min_style cg
minimize 1.0e-10 1.0e-11 1000 5000
WARNING: Energy due to 3 extra global DOFs will be included in minimizer energies
 (src/min.cpp:222)
Per MPI rank memory allocation (min/avg/max) = 16.28 | 16.28 | 16.28 Mbytes
   Step           Lx             Ly             Lz           PotEng         Press           Fmax          Volume    
         9   17.244999      17.244999      17.244999     -4162.5181      686.88457      0.0033453107   5128.4901    
        10   17.246672      17.246155      17.245967     -4162.5186     -26.957816      0.0031125471   5129.6194    
        11   17.247673      17.245822      17.245151     -4162.5186     -0.12261875     0.0030623525   5129.5753    
Loop time of 10.1905 on 4 procs for 2 steps with 500 atoms

339.8% CPU use with 1 MPI tasks x 4 OpenMP threads

Minimization stats:
  Stopping criterion = energy tolerance
  Energy initial, next-to-last, final = 
     -4162.51806640625   -4162.5185546875   -4162.5185546875
  Force two-norm initial, final = 3.9126672 0.030502387
  Force max component initial, final = 2.9068091 0.0030623525
  Final line search alpha, max atom move = 0.00019895796 6.0927941e-07
  Iterations, force evaluations = 2 4

MPI task timing breakdown:
Section |  min time  |  avg time  |  max time  |%varavg| %total
---------------------------------------------------------------
Pair    | 10.19      | 10.19      | 10.19      |   0.0 | 99.99
Neigh   | 0          | 0          | 0          |   0.0 |  0.00
Comm    | 0.00016077 | 0.00016077 | 0.00016077 |   0.0 |  0.00
Output  | 8.7e-05    | 8.7e-05    | 8.7e-05    |   0.0 |  0.00
Modify  | 0          | 0          | 0          |   0.0 |  0.00
Other   |            | 0.0006348  |            |       |  0.01

Nlocal:            500 ave         500 max         500 min
Histogram: 1 0 0 0 0 0 0 0 0 0
Nghost:           5584 ave        5584 max        5584 min
Histogram: 1 0 0 0 0 0 0 0 0 0
Neighs:              0 ave           0 max           0 min
Histogram: 1 0 0 0 0 0 0 0 0 0
FullNghs:       276840 ave      276840 max      276840 min
Histogram: 1 0 0 0 0 0 0 0 0 0

Total # of neighbors = 276840
Ave neighs/atom = 553.68
Neighbor list builds = 0
Dangerous builds = 0
unfix 1

# Промежуточная минимизация атомов
min_style cg
minimize 1.0e-10 1.0e-11 1000 5000
Per MPI rank memory allocation (min/avg/max) = 16.28 | 16.28 | 16.28 Mbytes
   Step           Lx             Ly             Lz           PotEng         Press           Fmax          Volume    
        11   17.247673      17.245822      17.245151     -4162.5186     -0.12287783     0.0030623525   5129.5753    
        12   17.247673      17.245822      17.245151     -4162.5186      12.067764      0.0025326535   5129.5753    
Loop time of 6.20439 on 4 procs for 1 steps with 500 atoms

366.1% CPU use with 1 MPI tasks x 4 OpenMP threads

Minimization stats:
  Stopping criterion = energy tolerance
  Energy initial, next-to-last, final = 
      -4162.5185546875   -4162.5185546875   -4162.5185546875
  Force two-norm initial, final = 0.030477836 0.017580503
  Force max component initial, final = 0.0030623525 0.0025326535
  Final line search alpha, max atom move = 1 0.0025326535
  Iterations, force evaluations = 1 2

MPI task timing breakdown:
Section |  min time  |  avg time  |  max time  |%varavg| %total
---------------------------------------------------------------
Pair    | 6.204      | 6.204      | 6.204      |   0.0 | 99.99
Neigh   | 0          | 0          | 0          |   0.0 |  0.00
Comm    | 0.00011394 | 0.00011394 | 0.00011394 |   0.0 |  0.00
Output  | 0          | 0          | 0          |   0.0 |  0.00
Modify  | 0          | 0          | 0          |   0.0 |  0.00
Other   |            | 0.0002549  |            |       |  0.00

Nlocal:            500 ave         500 max         500 min
Histogram: 1 0 0 0 0 0 0 0 0 0
Nghost:           5584 ave        5584 max        5584 min
Histogram: 1 0 0 0 0 0 0 0 0 0
Neighs:              0 ave           0 max           0 min
Histogram: 1 0 0 0 0 0 0 0 0 0
FullNghs:       276838 ave      276838 max      276838 min
Histogram: 1 0 0 0 0 0 0 0 0 0

Total # of neighbors = 276838
Ave neighs/atom = 553.676
Neighbor list builds = 0
Dangerous builds = 0

# Релаксация ячейки iso
fix 2 all box/relax iso 0.0 vmax 0.0001
min_style cg
minimize 1.0e-10 1.0e-11 1000 5000
WARNING: Energy due to 1 extra global DOFs will be included in minimizer energies
 (src/min.cpp:222)
Per MPI rank memory allocation (min/avg/max) = 16.28 | 16.28 | 16.28 Mbytes
   Step           Lx             Ly             Lz           PotEng         Press           Fmax          Volume    
        12   17.247673      17.245822      17.245151     -4162.5186      12.067459      0.0025326535   5129.5753    
        13   17.247695      17.245844      17.245173     -4162.5186      0.24112106     0.0025293678   5129.5949    
Loop time of 6.12734 on 4 procs for 1 steps with 500 atoms

358.1% CPU use with 1 MPI tasks x 4 OpenMP threads

Minimization stats:
  Stopping criterion = energy tolerance
  Energy initial, next-to-last, final = 
      -4162.5185546875   -4162.5185546875   -4162.5185546875
  Force two-norm initial, final = 0.1172323 0.017705429
  Force max component initial, final = 0.11590659 0.0025293678
  Final line search alpha, max atom move = 0.00086276371 2.1822467e-06
  Iterations, force evaluations = 1 2

MPI task timing breakdown:
Section |  min time  |  avg time  |  max time  |%varavg| %total
---------------------------------------------------------------
Pair    | 6.1268     | 6.1268     | 6.1268     |   0.0 | 99.99
Neigh   | 0          | 0          | 0          |   0.0 |  0.00
Comm    | 9.639e-05  | 9.639e-05  | 9.639e-05  |   0.0 |  0.00
Output  | 0          | 0          | 0          |   0.0 |  0.00
Modify  | 0          | 0          | 0          |   0.0 |  0.00
Other   |            | 0.0004085  |            |       |  0.01

Nlocal:            500 ave         500 max         500 min
Histogram: 1 0 0 0 0 0 0 0 0 0
Nghost:           5584 ave        5584 max        5584 min
Histogram: 1 0 0 0 0 0 0 0 0 0
Neighs:              0 ave           0 max           0 min
Histogram: 1 0 0 0 0 0 0 0 0 0
FullNghs:       276838 ave      276838 max      276838 min
Histogram: 1 0 0 0 0 0 0 0 0 0

Total # of neighbors = 276838
Ave neighs/atom = 553.676
Neighbor list builds = 0
Dangerous builds = 0
unfix 2

variable lat_const equal "lx/5"
variable eatom equal "pe/count(all)"
variable teng equal "pe"
variable natoms equal "count(all)"

print "Lattice parameter (lx/5) = ${lat_const} A"
Lattice parameter (lx/5) = 3.44953891948969 A
print "Total Potential Energy (PE) = ${teng} eV"
Total Potential Energy (PE) = -4162.5185546875 eV
print "Number of atoms = ${natoms}"
Number of atoms = 500
print "Cohesive energy (PE/N) = ${eatom} eV"
Cohesive energy (PE/N) = -8.325037109375 eV
print "Minimization completed."
Minimization completed.

write_data A0_12_minimized.data
System init for write_data ...
Total wall time: 0:02:29
