read_data A1_2.data
Reading data file ...
  triclinic box = (0 0 0) to (17.6 17.6 17.6) with tilt (1.0776892e-15 1.0776892e-15 1.0776892e-15)
  1 by 2 by 2 MPI processor grid
  reading atoms ...
  500 atoms
  read_data CPU = 0.009 seconds

mass 1 58.6934  # Ni
mass 2 55.845   # Fe
mass 3 51.9961  # Cr

pair_style eam/alloy
pair_coeff * * FeNiCr_bonny.eam.alloy Ni Fe Cr

neighbor 2.0 bin
neigh_modify delay 0 check yes
timestep 0.001

thermo 10
thermo_style custom step lx ly lz pe press fmax vol

# --- ЭТАПЫ МИНИМИЗАЦИИ ---
min_style cg
minimize 1.0e-8 1.0e-9 1000 5000

CITE-CITE-CITE-CITE-CITE-CITE-CITE-CITE-CITE-CITE-CITE-CITE-CITE

Your simulation uses code contributions which should be cited:

- Type Label Framework: https://doi.org/10.1021/acs.jpcb.3c08419

@Article{Gissinger24,
 author = {Jacob R. Gissinger, Ilia Nikiforov, Yaser Afshar, Brendon Waters, Moon-ki Choi, Daniel S. Karls, Alexander Stukowski, Wonpil Im, Hendrik Heinz, Axel Kohlmeyer, and Ellad B. Tadmor},
 title = {Type Label Framework for Bonded Force Fields in LAMMPS},
 journal = {J. Phys. Chem. B},
 year =    2024,
 volume =  128,
 number =  13,
 pages =   {3282–-3297}
}

CITE-CITE-CITE-CITE-CITE-CITE-CITE-CITE-CITE-CITE-CITE-CITE-CITE

Neighbor list info ...
  update: every = 1 steps, delay = 0 steps, check = yes
  max neighbors/atom: 2000, page size: 100000
  master list distance cutoff = 7.6
  ghost atom cutoff = 7.6
  binsize = 3.8, bins = 5 5 5
  1 neighbor lists, perpetual/occasional/extra = 1 0 0
  (1) pair eam/alloy, perpetual
      attributes: half, newton on
      pair build: half/bin/atomonly/newton/tri
      stencil: half/bin/3d/tri
      bin: standard
Per MPI rank memory allocation (min/avg/max) = 4.514 | 4.514 | 4.514 Mbytes
   Step           Lx             Ly             Lz           PotEng         Press           Fmax          Volume    
         0   17.6           17.6           17.6          -2111.6409     -12780.753      0.55850349     5451.776     
        10   17.6           17.6           17.6          -2113.4829     -14497.024      0.0082119679   5451.776     
        16   17.6           17.6           17.6          -2113.4839     -14498.118      0.00089507284  5451.776     
Loop time of 0.0249753 on 4 procs for 16 steps with 500 atoms

69.8% CPU use with 4 MPI tasks x 1 OpenMP threads

Minimization stats:
  Stopping criterion = energy tolerance
  Energy initial, next-to-last, final = 
     -2111.64093544418  -2113.48389553654  -2113.48390545287
  Force two-norm initial, final = 6.8175111 0.0089744596
  Force max component initial, final = 0.55850349 0.00089507284
  Final line search alpha, max atom move = 1 0.00089507284
  Iterations, force evaluations = 16 32

MPI task timing breakdown:
Section |  min time  |  avg time  |  max time  |%varavg| %total
---------------------------------------------------------------
Pair    | 0.021336   | 0.021516   | 0.021699   |   0.1 | 86.15
Neigh   | 0          | 0          | 0          |   0.0 |  0.00
Comm    | 0.0018379  | 0.0021369  | 0.0024168  |   0.6 |  8.56
Output  | 2.9402e-05 | 4.2644e-05 | 8.1163e-05 |   0.0 |  0.17
Modify  | 0          | 0          | 0          |   0.0 |  0.00
Other   |            | 0.00128    |            |       |  5.13

Nlocal:            125 ave         180 max          80 min
Histogram: 1 0 0 0 2 0 0 0 0 1
Nghost:           1737 ave        1782 max        1682 min
Histogram: 1 0 0 0 0 0 2 0 0 1
Neighs:          11000 ave       15813 max        7039 min
Histogram: 1 0 0 0 2 0 0 0 0 1

Total # of neighbors = 44000
Ave neighs/atom = 88
Neighbor list builds = 0
Dangerous builds = 0

# Релаксация ячейки aniso
fix 1 all box/relax aniso 0.0 vmax 0.0001
min_style cg
minimize 1.0e-10 1.0e-11 1000 5000
WARNING: Energy due to 3 extra global DOFs will be included in minimizer energies
 (src/min.cpp:219)
Per MPI rank memory allocation (min/avg/max) = 4.514 | 4.514 | 4.514 Mbytes
   Step           Lx             Ly             Lz           PotEng         Press           Fmax          Volume    
        16   17.6           17.6           17.6          -2113.4839     -14498.118      0.00089507284  5451.776     
        20   17.59296       17.593665      17.593279     -2113.5364     -12482.456      0.0052108083   5445.5533    
        30   17.57536       17.578339      17.576734     -2113.632      -7453.897       0.018329077    5430.2554    
        40   17.55776       17.5647        17.561052     -2113.6779     -2594.7293      0.031065978    5415.7718    
        50   17.540282      17.565281      17.552812     -2113.6853      37.433748      0.040240198    5408.021     
        60   17.53818       17.568024      17.553062     -2113.686      -83.634406      0.038508861    5408.2944    
        70   17.53916       17.565989      17.552852     -2113.6868      18.177491      0.035450329    5407.9055    
        80   17.538604      17.5689        17.55153      -2113.6887     -179.29685      0.028378577    5408.2228    
        90   17.538295      17.565666      17.552617     -2113.6902      2.26421        0.023574402    5407.467     
       100   17.536869      17.56563       17.55197      -2113.693      -66.930796      0.01073031     5406.8169    
       110   17.53528       17.56629       17.551023     -2113.6937     -14.476205      0.0064741448   5406.2383    
       120   17.535739      17.566194      17.551948     -2113.6941     -104.78361      0.0024150611   5406.6354    
       128   17.535572      17.565796      17.551393     -2113.6942     -0.80193902     0.0012953408   5406.2904    
Loop time of 0.203292 on 4 procs for 112 steps with 500 atoms

79.2% CPU use with 4 MPI tasks x 1 OpenMP threads

Minimization stats:
  Stopping criterion = energy tolerance
  Energy initial, next-to-last, final = 
     -2113.48390545287   -2113.6941764684  -2113.69417659301
  Force two-norm initial, final = 85.519542 0.017517509
  Force max component initial, final = 51.724614 0.010607079
  Final line search alpha, max atom move = 0.0062659387 6.6463308e-05
  Iterations, force evaluations = 112 161

MPI task timing breakdown:
Section |  min time  |  avg time  |  max time  |%varavg| %total
---------------------------------------------------------------
Pair    | 0.13589    | 0.13721    | 0.13904    |   0.3 | 67.49
Neigh   | 0          | 0          | 0          |   0.0 |  0.00
Comm    | 0.03582    | 0.037386   | 0.038115   |   0.5 | 18.39
Output  | 0.0002478  | 0.00038012 | 0.00077101 |   0.0 |  0.19
Modify  | 0          | 0          | 0          |   0.0 |  0.00
Other   |            | 0.02832    |            |       | 13.93

Nlocal:            125 ave         138 max         110 min
Histogram: 1 0 1 0 0 0 0 0 1 1
Nghost:           1737 ave        1752 max        1724 min
Histogram: 1 1 0 0 0 0 0 1 0 1
Neighs:          11000 ave       12158 max        9731 min
Histogram: 1 0 1 0 0 0 0 0 1 1

Total # of neighbors = 44000
Ave neighs/atom = 88
Neighbor list builds = 0
Dangerous builds = 0
unfix 1

# Промежуточная минимизация атомов
min_style cg
minimize 1.0e-10 1.0e-11 1000 5000
Per MPI rank memory allocation (min/avg/max) = 4.514 | 4.514 | 4.514 Mbytes
   Step           Lx             Ly             Lz           PotEng         Press           Fmax          Volume    
       128   17.535572      17.565796      17.551393     -2113.6942     -0.80193902     0.0012953408   5406.2904    
       130   17.535572      17.565796      17.551393     -2113.6942     -0.55514089     0.00094925284  5406.2904    
       136   17.535572      17.565796      17.551393     -2113.6942     -1.3461338      0.00010528382  5406.2904    
Loop time of 0.0125249 on 4 procs for 8 steps with 500 atoms

61.3% CPU use with 4 MPI tasks x 1 OpenMP threads

Minimization stats:
  Stopping criterion = energy tolerance
  Energy initial, next-to-last, final = 
     -2113.69417659301  -2113.69420076059  -2113.69420088264
  Force two-norm initial, final = 0.0138222 0.0011399909
  Force max component initial, final = 0.0012953408 0.00010528382
  Final line search alpha, max atom move = 1 0.00010528382
  Iterations, force evaluations = 8 16

MPI task timing breakdown:
Section |  min time  |  avg time  |  max time  |%varavg| %total
---------------------------------------------------------------
Pair    | 0.010844   | 0.010869   | 0.010894   |   0.0 | 86.78
Neigh   | 0          | 0          | 0          |   0.0 |  0.00
Comm    | 0.00094646 | 0.00097894 | 0.00099837 |   0.0 |  7.82
Output  | 2.0728e-05 | 3.2541e-05 | 6.7069e-05 |   0.0 |  0.26
Modify  | 0          | 0          | 0          |   0.0 |  0.00
Other   |            | 0.0006448  |            |       |  5.15

Nlocal:            125 ave         140 max         110 min
Histogram: 1 1 0 0 0 0 0 0 1 1
Nghost:           1737 ave        1752 max        1722 min
Histogram: 1 1 0 0 0 0 0 0 1 1
Neighs:          11000 ave       12328 max        9728 min
Histogram: 1 1 0 0 0 0 0 0 1 1

Total # of neighbors = 44000
Ave neighs/atom = 88
Neighbor list builds = 0
Dangerous builds = 0

# Релаксация ячейки iso
fix 2 all box/relax iso 0.0 vmax 0.0001
min_style cg
minimize 1.0e-10 1.0e-11 1000 5000
WARNING: Energy due to 1 extra global DOFs will be included in minimizer energies
 (src/min.cpp:219)
Per MPI rank memory allocation (min/avg/max) = 4.514 | 4.514 | 4.514 Mbytes
   Step           Lx             Ly             Lz           PotEng         Press           Fmax          Volume    
       136   17.535572      17.565796      17.551393     -2113.6942     -1.3461338      0.00010528382  5406.2904    
       137   17.535568      17.565792      17.551389     -2113.6942      0.0083017263   0.00010696419  5406.2864    
Loop time of 0.00323822 on 4 procs for 1 steps with 500 atoms

92.2% CPU use with 4 MPI tasks x 1 OpenMP threads

Minimization stats:
  Stopping criterion = energy tolerance
  Energy initial, next-to-last, final = 
     -2113.69420088264  -2113.69420088264  -2113.69420088431
  Force two-norm initial, final = 0.013674546 0.0011465777
  Force max component initial, final = 0.013626945 0.00010696419
  Final line search alpha, max atom move = 0.007338402 7.8494625e-07
  Iterations, force evaluations = 1 2

MPI task timing breakdown:
Section |  min time  |  avg time  |  max time  |%varavg| %total
---------------------------------------------------------------
Pair    | 0.0026157  | 0.0026228  | 0.0026275  |   0.0 | 81.00
Neigh   | 0          | 0          | 0          |   0.0 |  0.00
Comm    | 0.00025006 | 0.00026054 | 0.00026797 |   0.0 |  8.05
Output  | 0          | 0          | 0          |   0.0 |  0.00
Modify  | 0          | 0          | 0          |   0.0 |  0.00
Other   |            | 0.0003549  |            |       | 10.96

Nlocal:            125 ave         140 max         110 min
Histogram: 1 1 0 0 0 0 0 0 1 1
Nghost:           1737 ave        1752 max        1722 min
Histogram: 1 1 0 0 0 0 0 0 1 1
Neighs:          11000 ave       12328 max        9728 min
Histogram: 1 1 0 0 0 0 0 0 1 1

Total # of neighbors = 44000
Ave neighs/atom = 88
Neighbor list builds = 0
Dangerous builds = 0
unfix 2

variable lat_const equal "lx/5"
variable eatom equal "pe/count(all)"
variable teng equal "pe"
variable natoms equal "count(all)"

print "Lattice parameter (lx/5) = ${lat_const} A"
Lattice parameter (lx/5) = 3.50711350960943 A
print "Total Potential Energy (PE) = ${teng} eV"
Total Potential Energy (PE) = -2113.69420088431 eV
print "Number of atoms = ${natoms}"
Number of atoms = 500
print "Cohesive energy (PE/N) = ${eatom} eV"
Cohesive energy (PE/N) = -4.22738840176862 eV
print "Minimization completed."
Minimization completed.

write_data A1_2_minimized.data
System init for write_data ...
Total wall time: 0:00:00
