read_data A1_4.data
Reading data file ...
  triclinic box = (0 0 0) to (17.6 17.6 17.6) with tilt (1.0776892e-15 1.0776892e-15 1.0776892e-15)
  1 by 2 by 2 MPI processor grid
  reading atoms ...
  500 atoms
  read_data CPU = 0.005 seconds

mass 1 58.6934  # Ni
mass 2 55.845   # Fe
mass 3 51.9961  # Cr

pair_style eam/alloy
pair_coeff * * FeNiCr_bonny.eam.alloy Ni Fe Cr

neighbor 2.0 bin
neigh_modify delay 0 check yes
timestep 0.001

thermo 10
thermo_style custom step lx ly lz pe press fmax vol

# --- ЭТАПЫ МИНИМИЗАЦИИ ---
min_style cg
minimize 1.0e-8 1.0e-9 1000 5000

CITE-CITE-CITE-CITE-CITE-CITE-CITE-CITE-CITE-CITE-CITE-CITE-CITE

Your simulation uses code contributions which should be cited:

- Type Label Framework: https://doi.org/10.1021/acs.jpcb.3c08419

@Article{Gissinger24,
 author = {Jacob R. Gissinger, Ilia Nikiforov, Yaser Afshar, Brendon Waters, Moon-ki Choi, Daniel S. Karls, Alexander Stukowski, Wonpil Im, Hendrik Heinz, Axel Kohlmeyer, and Ellad B. Tadmor},
 title = {Type Label Framework for Bonded Force Fields in LAMMPS},
 journal = {J. Phys. Chem. B},
 year =    2024,
 volume =  128,
 number =  13,
 pages =   {3282–-3297}
}

CITE-CITE-CITE-CITE-CITE-CITE-CITE-CITE-CITE-CITE-CITE-CITE-CITE

Neighbor list info ...
  update: every = 1 steps, delay = 0 steps, check = yes
  max neighbors/atom: 2000, page size: 100000
  master list distance cutoff = 7.6
  ghost atom cutoff = 7.6
  binsize = 3.8, bins = 5 5 5
  1 neighbor lists, perpetual/occasional/extra = 1 0 0
  (1) pair eam/alloy, perpetual
      attributes: half, newton on
      pair build: half/bin/atomonly/newton/tri
      stencil: half/bin/3d/tri
      bin: standard
Per MPI rank memory allocation (min/avg/max) = 4.514 | 4.514 | 4.514 Mbytes
   Step           Lx             Ly             Lz           PotEng         Press           Fmax          Volume    
         0   17.6           17.6           17.6          -2110.9656     -12624.813      0.63194493     5451.776     
        10   17.6           17.6           17.6          -2112.96       -14934.912      0.0081041031   5451.776     
        16   17.6           17.6           17.6          -2112.9611     -14930.666      0.00089116361  5451.776     
Loop time of 0.0269561 on 4 procs for 16 steps with 500 atoms

67.1% CPU use with 4 MPI tasks x 1 OpenMP threads

Minimization stats:
  Stopping criterion = energy tolerance
  Energy initial, next-to-last, final = 
      -2110.9656231502  -2112.96107955717  -2112.96108969148
  Force two-norm initial, final = 7.0460554 0.0090555872
  Force max component initial, final = 0.63194493 0.00089116361
  Final line search alpha, max atom move = 1 0.00089116361
  Iterations, force evaluations = 16 32

MPI task timing breakdown:
Section |  min time  |  avg time  |  max time  |%varavg| %total
---------------------------------------------------------------
Pair    | 0.02188    | 0.021889   | 0.021898   |   0.0 | 81.20
Neigh   | 0          | 0          | 0          |   0.0 |  0.00
Comm    | 0.0016669  | 0.0025748  | 0.0034726  |   1.8 |  9.55
Output  | 2.4499e-05 | 3.6787e-05 | 7.3479e-05 |   0.0 |  0.14
Modify  | 0          | 0          | 0          |   0.0 |  0.00
Other   |            | 0.002456   |            |       |  9.11

Nlocal:            125 ave         180 max          80 min
Histogram: 1 0 0 0 2 0 0 0 0 1
Nghost:           1737 ave        1782 max        1682 min
Histogram: 1 0 0 0 0 0 2 0 0 1
Neighs:          11000 ave       15839 max        7065 min
Histogram: 1 0 0 1 1 0 0 0 0 1

Total # of neighbors = 44000
Ave neighs/atom = 88
Neighbor list builds = 0
Dangerous builds = 0

# Релаксация ячейки aniso
fix 1 all box/relax aniso 0.0 vmax 0.0001
min_style cg
minimize 1.0e-10 1.0e-11 1000 5000
WARNING: Energy due to 3 extra global DOFs will be included in minimizer energies
 (src/min.cpp:219)
Per MPI rank memory allocation (min/avg/max) = 4.514 | 4.514 | 4.514 Mbytes
   Step           Lx             Ly             Lz           PotEng         Press           Fmax          Volume    
        16   17.6           17.6           17.6          -2112.9611     -14930.666      0.00089116361  5451.776     
        20   17.593128      17.59296       17.593953     -2113.0151     -12926.354      0.0058152777   5445.5959    
        30   17.576096      17.57536       17.579459     -2113.1147     -7926.7408      0.020816141    5430.4041    
        40   17.559523      17.55776       17.5669       -2113.1652     -3081.4236      0.035137993    5415.979     
        50   17.546607      17.540904      17.567437     -2113.176      -1.4313143      0.045159036    5406.9644    
        60   17.544092      17.535786      17.573517     -2113.1774      125.29635      0.04266123     5406.4827    
        70   17.544315      17.536242      17.572939     -2113.1782      83.752646      0.039612611    5406.5142    
        80   17.544549      17.536358      17.574281     -2113.1795     -155.39024      0.033494667    5407.0349    
        90   17.544492      17.536635      17.572095     -2113.1807     -8.6589616      0.028030396    5406.4301    
       100   17.543906      17.53655       17.571082     -2113.1819      91.354528      0.021221635    5405.9117    
       110   17.542486      17.534603      17.573147     -2113.1839     -13.916071      0.005404936    5405.5093    
       120   17.542367      17.533754      17.57372      -2113.184       11.480933      0.0046043384   5405.3872    
       130   17.54258       17.534322      17.573187     -2113.1842     -7.482568       0.0028257437   5405.464     
       140   17.541764      17.533995      17.574069     -2113.1843      22.538748      0.0026258541   5405.3829    
       150   17.542968      17.533892      17.573559     -2113.1843     -45.896292      0.002481907    5405.5654    
       160   17.542077      17.533921      17.573617     -2113.1843      32.319817      0.0017724834   5405.3174    
       170   17.54224       17.533955      17.573778     -2113.1844     -15.672878      0.001172973    5405.4279    
       180   17.542204      17.533888      17.573577     -2113.1844      11.452407      0.001099317    5405.3343    
       181   17.542274      17.533944      17.573577     -2113.1844     -2.0127196      0.0011206136   5405.3732    
Loop time of 0.413528 on 4 procs for 165 steps with 500 atoms

72.6% CPU use with 4 MPI tasks x 1 OpenMP threads

Minimization stats:
  Stopping criterion = energy tolerance
  Energy initial, next-to-last, final = 
     -2112.96108969148  -2113.18437079677  -2113.18437097744
  Force two-norm initial, final = 88.16932 0.035641927
  Force max component initial, final = 53.632193 0.020962862
  Final line search alpha, max atom move = 0.0017944309 3.7616407e-05
  Iterations, force evaluations = 165 255

MPI task timing breakdown:
Section |  min time  |  avg time  |  max time  |%varavg| %total
---------------------------------------------------------------
Pair    | 0.2836     | 0.29689    | 0.30723    |   1.7 | 71.79
Neigh   | 0          | 0          | 0          |   0.0 |  0.00
Comm    | 0.058831   | 0.065793   | 0.074982   |   2.3 | 15.91
Output  | 0.0067731  | 0.0078703  | 0.0094045  |   1.3 |  1.90
Modify  | 0          | 0          | 0          |   0.0 |  0.00
Other   |            | 0.04297    |            |       | 10.39

Nlocal:            125 ave         153 max         103 min
Histogram: 1 0 0 1 1 0 0 0 0 1
Nghost:           1737 ave        1759 max        1709 min
Histogram: 1 0 0 0 0 1 0 1 0 1
Neighs:          11000 ave       13453 max        9077 min
Histogram: 1 0 0 1 1 0 0 0 0 1

Total # of neighbors = 44000
Ave neighs/atom = 88
Neighbor list builds = 0
Dangerous builds = 0
unfix 1

# Промежуточная минимизация атомов
min_style cg
minimize 1.0e-10 1.0e-11 1000 5000
Per MPI rank memory allocation (min/avg/max) = 4.514 | 4.514 | 4.514 Mbytes
   Step           Lx             Ly             Lz           PotEng         Press           Fmax          Volume    
       181   17.542274      17.533944      17.573577     -2113.1844     -2.0127196      0.0011206136   5405.3732    
       189   17.542274      17.533944      17.573577     -2113.1844     -0.902556       0.00015546872  5405.3732    
Loop time of 0.0561481 on 4 procs for 8 steps with 500 atoms

78.2% CPU use with 4 MPI tasks x 1 OpenMP threads

Minimization stats:
  Stopping criterion = energy tolerance
  Energy initial, next-to-last, final = 
     -2113.18437097744  -2113.18439939016  -2113.18439957799
  Force two-norm initial, final = 0.010576354 0.001461477
  Force max component initial, final = 0.0011206136 0.00015546872
  Final line search alpha, max atom move = 1 0.00015546872
  Iterations, force evaluations = 8 16

MPI task timing breakdown:
Section |  min time  |  avg time  |  max time  |%varavg| %total
---------------------------------------------------------------
Pair    | 0.047517   | 0.04782    | 0.048284   |   0.1 | 85.17
Neigh   | 0          | 0          | 0          |   0.0 |  0.00
Comm    | 0.0023427  | 0.0046575  | 0.0066951  |   2.9 |  8.30
Output  | 0          | 0          | 0          |   0.0 |  0.00
Modify  | 0          | 0          | 0          |   0.0 |  0.00
Other   |            | 0.003671   |            |       |  6.54

Nlocal:            125 ave         152 max         105 min
Histogram: 1 0 1 0 1 0 0 0 0 1
Nghost:           1737 ave        1757 max        1710 min
Histogram: 1 0 0 0 0 1 0 1 0 1
Neighs:          11000 ave       13354 max        9258 min
Histogram: 1 0 1 0 1 0 0 0 0 1

Total # of neighbors = 44000
Ave neighs/atom = 88
Neighbor list builds = 0
Dangerous builds = 0

# Релаксация ячейки iso
fix 2 all box/relax iso 0.0 vmax 0.0001
min_style cg
minimize 1.0e-10 1.0e-11 1000 5000
WARNING: Energy due to 1 extra global DOFs will be included in minimizer energies
 (src/min.cpp:219)
Per MPI rank memory allocation (min/avg/max) = 4.514 | 4.514 | 4.514 Mbytes
   Step           Lx             Ly             Lz           PotEng         Press           Fmax          Volume    
       189   17.542274      17.533944      17.573577     -2113.1844     -0.902556       0.00015546872  5405.3732    
       190   17.542271      17.533941      17.573574     -2113.1844      0.022268216    0.00015520014  5405.3705    
Loop time of 0.0064293 on 4 procs for 1 steps with 500 atoms

88.7% CPU use with 4 MPI tasks x 1 OpenMP threads

Minimization stats:
  Stopping criterion = energy tolerance
  Energy initial, next-to-last, final = 
     -2113.18439957799  -2113.18439957799  -2113.18439957877
  Force two-norm initial, final = 0.0092512151 0.0014748922
  Force max component initial, final = 0.009135046 0.00022538337
  Final line search alpha, max atom move = 0.010946852 2.4672385e-06
  Iterations, force evaluations = 1 2

MPI task timing breakdown:
Section |  min time  |  avg time  |  max time  |%varavg| %total
---------------------------------------------------------------
Pair    | 0.0049926  | 0.0050392  | 0.0050858  |   0.1 | 78.38
Neigh   | 0          | 0          | 0          |   0.0 |  0.00
Comm    | 0.00050081 | 0.00056153 | 0.00061903 |   0.0 |  8.73
Output  | 0          | 0          | 0          |   0.0 |  0.00
Modify  | 0          | 0          | 0          |   0.0 |  0.00
Other   |            | 0.0008286  |            |       | 12.89

Nlocal:            125 ave         152 max         105 min
Histogram: 1 0 1 0 1 0 0 0 0 1
Nghost:           1737 ave        1757 max        1710 min
Histogram: 1 0 0 0 0 1 0 1 0 1
Neighs:          11000 ave       13354 max        9258 min
Histogram: 1 0 1 0 1 0 0 0 0 1

Total # of neighbors = 44000
Ave neighs/atom = 88
Neighbor list builds = 0
Dangerous builds = 0
unfix 2

variable lat_const equal "lx/5"
variable eatom equal "pe/count(all)"
variable teng equal "pe"
variable natoms equal "count(all)"

print "Lattice parameter (lx/5) = ${lat_const} A"
Lattice parameter (lx/5) = 3.50845429244718 A
print "Total Potential Energy (PE) = ${teng} eV"
Total Potential Energy (PE) = -2113.18439957877 eV
print "Number of atoms = ${natoms}"
Number of atoms = 500
print "Cohesive energy (PE/N) = ${eatom} eV"
Cohesive energy (PE/N) = -4.22636879915753 eV
print "Minimization completed."
Minimization completed.

write_data A1_4_minimized.data
System init for write_data ...
Total wall time: 0:00:00
