read_data A1_5.data
Reading data file ...
  triclinic box = (0 0 0) to (17.6 17.6 17.6) with tilt (1.0776892e-15 1.0776892e-15 1.0776892e-15)
  1 by 2 by 2 MPI processor grid
  reading atoms ...
  500 atoms
  read_data CPU = 0.011 seconds

mass 1 58.6934  # Ni
mass 2 55.845   # Fe
mass 3 51.9961  # Cr

pair_style eam/alloy
pair_coeff * * FeNiCr_bonny.eam.alloy Ni Fe Cr

neighbor 2.0 bin
neigh_modify delay 0 check yes
timestep 0.001

thermo 10
thermo_style custom step lx ly lz pe press fmax vol

# --- ЭТАПЫ МИНИМИЗАЦИИ ---
min_style cg
minimize 1.0e-8 1.0e-9 1000 5000

CITE-CITE-CITE-CITE-CITE-CITE-CITE-CITE-CITE-CITE-CITE-CITE-CITE

Your simulation uses code contributions which should be cited:

- Type Label Framework: https://doi.org/10.1021/acs.jpcb.3c08419

@Article{Gissinger24,
 author = {Jacob R. Gissinger, Ilia Nikiforov, Yaser Afshar, Brendon Waters, Moon-ki Choi, Daniel S. Karls, Alexander Stukowski, Wonpil Im, Hendrik Heinz, Axel Kohlmeyer, and Ellad B. Tadmor},
 title = {Type Label Framework for Bonded Force Fields in LAMMPS},
 journal = {J. Phys. Chem. B},
 year =    2024,
 volume =  128,
 number =  13,
 pages =   {3282–-3297}
}

CITE-CITE-CITE-CITE-CITE-CITE-CITE-CITE-CITE-CITE-CITE-CITE-CITE

Neighbor list info ...
  update: every = 1 steps, delay = 0 steps, check = yes
  max neighbors/atom: 2000, page size: 100000
  master list distance cutoff = 7.6
  ghost atom cutoff = 7.6
  binsize = 3.8, bins = 5 5 5
  1 neighbor lists, perpetual/occasional/extra = 1 0 0
  (1) pair eam/alloy, perpetual
      attributes: half, newton on
      pair build: half/bin/atomonly/newton/tri
      stencil: half/bin/3d/tri
      bin: standard
Per MPI rank memory allocation (min/avg/max) = 4.514 | 4.514 | 4.514 Mbytes
   Step           Lx             Ly             Lz           PotEng         Press           Fmax          Volume    
         0   17.6           17.6           17.6          -2110.8269     -13447.074      0.71178778     5451.776     
        10   17.6           17.6           17.6          -2112.8879     -15316.945      0.008855619    5451.776     
        16   17.6           17.6           17.6          -2112.8889     -15320.512      0.00077595387  5451.776     
Loop time of 0.0376174 on 4 procs for 16 steps with 500 atoms

72.1% CPU use with 4 MPI tasks x 1 OpenMP threads

Minimization stats:
  Stopping criterion = energy tolerance
  Energy initial, next-to-last, final = 
     -2110.82694928224  -2112.88888502519  -2112.88889444498
  Force two-norm initial, final = 7.0089259 0.0089216805
  Force max component initial, final = 0.71178778 0.00077595387
  Final line search alpha, max atom move = 1 0.00077595387
  Iterations, force evaluations = 16 32

MPI task timing breakdown:
Section |  min time  |  avg time  |  max time  |%varavg| %total
---------------------------------------------------------------
Pair    | 0.025453   | 0.02918    | 0.032734   |   2.1 | 77.57
Neigh   | 0          | 0          | 0          |   0.0 |  0.00
Comm    | 0.0025748  | 0.0061545  | 0.0096064  |   4.3 | 16.36
Output  | 2.7897e-05 | 3.9472e-05 | 7.3396e-05 |   0.0 |  0.10
Modify  | 0          | 0          | 0          |   0.0 |  0.00
Other   |            | 0.002243   |            |       |  5.96

Nlocal:            125 ave         180 max          80 min
Histogram: 1 0 0 0 2 0 0 0 0 1
Nghost:           1737 ave        1782 max        1682 min
Histogram: 1 0 0 0 0 0 2 0 0 1
Neighs:          11000 ave       15742 max        7047 min
Histogram: 1 0 0 0 2 0 0 0 0 1

Total # of neighbors = 44000
Ave neighs/atom = 88
Neighbor list builds = 0
Dangerous builds = 0

# Релаксация ячейки aniso
fix 1 all box/relax aniso 0.0 vmax 0.0001
min_style cg
minimize 1.0e-10 1.0e-11 1000 5000
WARNING: Energy due to 3 extra global DOFs will be included in minimizer energies
 (src/min.cpp:219)
Per MPI rank memory allocation (min/avg/max) = 4.514 | 4.514 | 4.514 Mbytes
   Step           Lx             Ly             Lz           PotEng         Press           Fmax          Volume    
        16   17.6           17.6           17.6          -2112.8889     -15320.512      0.00077595387  5451.776     
        20   17.59404       17.593283      17.59296      -2112.9437     -13319.545      0.0052842293   5445.6708    
        30   17.579773      17.57664       17.57536      -2113.0459     -8331.4479      0.017800619    5430.6693    
        40   17.567382      17.560439      17.55776      -2113.0997     -3493.7859      0.030097151    5416.4098    
        50   17.565694      17.546784      17.5402       -2113.1129      6.826383       0.040823159    5406.2655    
        60   17.571347      17.545071      17.53616      -2113.1158     -65.86338       0.036098874    5406.2323    
        70   17.57485       17.542784      17.53221      -2113.1165      199.40044      0.035789852    5405.3872    
        80   17.573776      17.543727      17.533424     -2113.1185     -16.936704      0.027132496    5405.7217    
        90   17.573903      17.541929      17.531451     -2113.1213      130.35038      0.007536368    5404.5983    
       100   17.576314      17.541467      17.529781     -2113.1221     -12.025077      0.0020843796   5404.6825    
       105   17.574722      17.542339      17.530605     -2113.1222     -12.795384      0.0018624794   5404.716     
Loop time of 0.179716 on 4 procs for 89 steps with 500 atoms

75.7% CPU use with 4 MPI tasks x 1 OpenMP threads

Minimization stats:
  Stopping criterion = energy tolerance
  Energy initial, next-to-last, final = 
     -2112.88889444498  -2113.12218629014  -2113.12218649608
  Force two-norm initial, final = 90.491662 0.078056615
  Force max component initial, final = 55.701356 0.053497069
  Final line search alpha, max atom move = 0.022233788 0.0011894425
  Iterations, force evaluations = 89 120

MPI task timing breakdown:
Section |  min time  |  avg time  |  max time  |%varavg| %total
---------------------------------------------------------------
Pair    | 0.12079    | 0.12248    | 0.12335    |   0.3 | 68.15
Neigh   | 0          | 0          | 0          |   0.0 |  0.00
Comm    | 0.016763   | 0.02511    | 0.032668   |   4.1 | 13.97
Output  | 0.00030448 | 0.0004469  | 0.00086556 |   0.0 |  0.25
Modify  | 0          | 0          | 0          |   0.0 |  0.00
Other   |            | 0.03168    |            |       | 17.63

Nlocal:            125 ave         154 max         102 min
Histogram: 1 0 1 0 0 1 0 0 0 1
Nghost:           1737 ave        1760 max        1708 min
Histogram: 1 0 0 0 0 1 0 1 0 1
Neighs:          11000 ave       13523 max        8932 min
Histogram: 1 0 1 0 0 1 0 0 0 1

Total # of neighbors = 44000
Ave neighs/atom = 88
Neighbor list builds = 0
Dangerous builds = 0
unfix 1

# Промежуточная минимизация атомов
min_style cg
minimize 1.0e-10 1.0e-11 1000 5000
Per MPI rank memory allocation (min/avg/max) = 4.514 | 4.514 | 4.514 Mbytes
   Step           Lx             Ly             Lz           PotEng         Press           Fmax          Volume    
       105   17.574722      17.542339      17.530605     -2113.1222     -12.795384      0.0018624794   5404.716     
       110   17.574722      17.542339      17.530605     -2113.1222     -14.885543      0.00070847167  5404.716     
       114   17.574722      17.542339      17.530605     -2113.1222     -18.224568      0.00011906761  5404.716     
Loop time of 0.0256918 on 4 procs for 9 steps with 500 atoms

78.8% CPU use with 4 MPI tasks x 1 OpenMP threads

Minimization stats:
  Stopping criterion = energy tolerance
  Energy initial, next-to-last, final = 
     -2113.12218649608  -2113.12222613564  -2113.12222628207
  Force two-norm initial, final = 0.016663174 0.0012096906
  Force max component initial, final = 0.0018624794 0.00011906761
  Final line search alpha, max atom move = 1 0.00011906761
  Iterations, force evaluations = 9 18

MPI task timing breakdown:
Section |  min time  |  avg time  |  max time  |%varavg| %total
---------------------------------------------------------------
Pair    | 0.016467   | 0.016729   | 0.017018   |   0.2 | 65.11
Neigh   | 0          | 0          | 0          |   0.0 |  0.00
Comm    | 0.0023398  | 0.0039167  | 0.0054961  |   2.5 | 15.25
Output  | 1.991e-05  | 3.1088e-05 | 6.4269e-05 |   0.0 |  0.12
Modify  | 0          | 0          | 0          |   0.0 |  0.00
Other   |            | 0.005015   |            |       | 19.52

Nlocal:            125 ave         154 max         100 min
Histogram: 1 0 0 1 0 1 0 0 0 1
Nghost:           1737 ave        1762 max        1708 min
Histogram: 1 0 0 0 0 1 1 0 0 1
Neighs:          11000 ave       13523 max        8756 min
Histogram: 1 0 0 1 0 1 0 0 0 1

Total # of neighbors = 44000
Ave neighs/atom = 88
Neighbor list builds = 0
Dangerous builds = 0

# Релаксация ячейки iso
fix 2 all box/relax iso 0.0 vmax 0.0001
min_style cg
minimize 1.0e-10 1.0e-11 1000 5000
WARNING: Energy due to 1 extra global DOFs will be included in minimizer energies
 (src/min.cpp:219)
Per MPI rank memory allocation (min/avg/max) = 4.514 | 4.514 | 4.514 Mbytes
   Step           Lx             Ly             Lz           PotEng         Press           Fmax          Volume    
       114   17.574722      17.542339      17.530605     -2113.1222     -18.224568      0.00011906761  5404.716     
       116   17.574662      17.542279      17.530545     -2113.1222      1.163021       0.00012240344  5404.6603    
Loop time of 0.0110851 on 4 procs for 2 steps with 500 atoms

89.6% CPU use with 4 MPI tasks x 1 OpenMP threads

Minimization stats:
  Stopping criterion = energy tolerance
  Energy initial, next-to-last, final = 
     -2113.12222628207  -2113.12222657962   -2113.1222265809
  Force two-norm initial, final = 0.18443798 0.011840222
  Force max component initial, final = 0.18443402 0.01176978
  Final line search alpha, max atom move = 0.69829778 0.0082188114
  Iterations, force evaluations = 2 4

MPI task timing breakdown:
Section |  min time  |  avg time  |  max time  |%varavg| %total
---------------------------------------------------------------
Pair    | 0.009956   | 0.0099796  | 0.0099984  |   0.0 | 90.03
Neigh   | 0          | 0          | 0          |   0.0 |  0.00
Comm    | 0.00034278 | 0.00036305 | 0.00037894 |   0.0 |  3.28
Output  | 0          | 0          | 0          |   0.0 |  0.00
Modify  | 0          | 0          | 0          |   0.0 |  0.00
Other   |            | 0.0007424  |            |       |  6.70

Nlocal:            125 ave         154 max         101 min
Histogram: 1 0 0 1 1 0 0 0 0 1
Nghost:           1737 ave        1761 max        1708 min
Histogram: 1 0 0 0 0 1 1 0 0 1
Neighs:          11000 ave       13523 max        8849 min
Histogram: 1 0 0 1 0 1 0 0 0 1

Total # of neighbors = 44000
Ave neighs/atom = 88
Neighbor list builds = 0
Dangerous builds = 0
unfix 2

variable lat_const equal "lx/5"
variable eatom equal "pe/count(all)"
variable teng equal "pe"
variable natoms equal "count(all)"

print "Lattice parameter (lx/5) = ${lat_const} A"
Lattice parameter (lx/5) = 3.51493230944157 A
print "Total Potential Energy (PE) = ${teng} eV"
Total Potential Energy (PE) = -2113.1222265809 eV
print "Number of atoms = ${natoms}"
Number of atoms = 500
print "Cohesive energy (PE/N) = ${eatom} eV"
Cohesive energy (PE/N) = -4.2262444531618 eV
print "Minimization completed."
Minimization completed.

write_data A1_5_minimized.data
System init for write_data ...
Total wall time: 0:00:00
