                                                        
                 _ _     _         ____                 
            __ _(_) |__ | |__  ___|___ \                
           / _` | | '_ \| '_ \/ __| __) |               
          | (_| | | |_) | |_) \__ \/ __/                
           \__, |_|_.__/|_.__/|___/_____|               
           |___/                                        
      GIBBS2: (p,t) thermodynamics of solids.           
                                                        
by A. Otero-de-la-Roza, V. Lua~na and D. Abbasi. 

If you find this software useful, please cite:
  * Comput. Phys. Commun. 182 (2011) 1708--1720 
These articles describe the strain polynomial fits:
  * Comput. Phys. Commun. 182 (2011) 2232--2248.
  * Comput. Theor. Chem. doi:10.1016/j.comptc.2011.03.050 
Empirical energy corrections: 
  * Phys. Rev. B 84 (2011) 024109 

Dedicated to the memory of Miguel Alvarez Blanco (1969--2010).

tictac -- 2026.02.18, 18:38:07.575

* Reading main input file
+ Initializing phase: BM3
  Reading data from file: Fe34Ni33Cr33.dat
  Interpretation of columns in the data file:
    Volume:   1
    Energy:   2

* Input 
  Title: Fe34Ni33Cr33
  Output file (lu= 2): stdout
  Units: output is in atomic units, except where noted.
  Number of atoms per primitive cell:   1
  Molecular mass (amu):       55.51470000
  Number of phases:   1
  Phase   1: BM3
  Polynomial fit mode: slatec
  Polynomial weight mode: gibbs2
  Max. polynomial degree: 12

* Pressure range examined
  Minimum p_max across all phases (GPa):       26.928
  Pressure range (GPa):        0.000 ->      500.000
  Number of pressure points:    100

** STATIC RUN **

* Calculating static properties on pressure grid
+ Phase  1 (BM3)
# Volumes per formula unit.
# xV indicates position of V on the volume grid (0 = beginning, 1 = end)
# Num    p(GPa)    V(bohr^3)    xV
     1     0.0000    69.2432  0.5309135
     2     5.0505    68.0069  0.4334047
     3    10.1010    66.9190  0.3476018
     4    15.1515    65.9467  0.2709138
     5    20.2020    65.0671  0.2015423
     6    25.2525    64.2638  0.1381837
     7    30.3030    63.5243  0.0798608
     8    35.3535    62.8391  0.0258210
     9    40.4040  -- minimum outside volume grid --
    10    45.4545  -- minimum outside volume grid --
    11    50.5051  -- minimum outside volume grid --
    12    55.5556  -- minimum outside volume grid --
    13    60.6061  -- minimum outside volume grid --
    14    65.6566  -- minimum outside volume grid --
    15    70.7071  -- minimum outside volume grid --
    16    75.7576  -- minimum outside volume grid --
    17    80.8081  -- minimum outside volume grid --
    18    85.8586  -- minimum outside volume grid --
    19    90.9091  -- minimum outside volume grid --
    20    95.9596  -- minimum outside volume grid --
    21   101.0101  -- minimum outside volume grid --
    22   106.0606  -- minimum outside volume grid --
    23   111.1111  -- minimum outside volume grid --
    24   116.1616  -- minimum outside volume grid --
    25   121.2121  -- minimum outside volume grid --
    26   126.2626  -- minimum outside volume grid --
    27   131.3131  -- minimum outside volume grid --
    28   136.3636  -- minimum outside volume grid --
    29   141.4141  -- minimum outside volume grid --
    30   146.4646  -- minimum outside volume grid --
    31   151.5152  -- minimum outside volume grid --
    32   156.5657  -- minimum outside volume grid --
    33   161.6162  -- minimum outside volume grid --
    34   166.6667  -- minimum outside volume grid --
    35   171.7172  -- minimum outside volume grid --
    36   176.7677  -- minimum outside volume grid --
    37   181.8182  -- minimum outside volume grid --
    38   186.8687  -- minimum outside volume grid --
    39   191.9192  -- minimum outside volume grid --
    40   196.9697  -- minimum outside volume grid --
    41   202.0202  -- minimum outside volume grid --
    42   207.0707  -- minimum outside volume grid --
    43   212.1212  -- minimum outside volume grid --
    44   217.1717  -- minimum outside volume grid --
    45   222.2222  -- minimum outside volume grid --
    46   227.2727  -- minimum outside volume grid --
    47   232.3232  -- minimum outside volume grid --
    48   237.3737  -- minimum outside volume grid --
    49   242.4242  -- minimum outside volume grid --
    50   247.4747  -- minimum outside volume grid --
    51   252.5253  -- minimum outside volume grid --
    52   257.5758  -- minimum outside volume grid --
    53   262.6263  -- minimum outside volume grid --
    54   267.6768  -- minimum outside volume grid --
    55   272.7273  -- minimum outside volume grid --
    56   277.7778  -- minimum outside volume grid --
    57   282.8283  -- minimum outside volume grid --
    58   287.8788  -- minimum outside volume grid --
    59   292.9293  -- minimum outside volume grid --
    60   297.9798  -- minimum outside volume grid --
    61   303.0303  -- minimum outside volume grid --
    62   308.0808  -- minimum outside volume grid --
    63   313.1313  -- minimum outside volume grid --
    64   318.1818  -- minimum outside volume grid --
    65   323.2323  -- minimum outside volume grid --
    66   328.2828  -- minimum outside volume grid --
    67   333.3333  -- minimum outside volume grid --
    68   338.3838  -- minimum outside volume grid --
    69   343.4343  -- minimum outside volume grid --
    70   348.4848  -- minimum outside volume grid --
    71   353.5354  -- minimum outside volume grid --
    72   358.5859  -- minimum outside volume grid --
    73   363.6364  -- minimum outside volume grid --
    74   368.6869  -- minimum outside volume grid --
    75   373.7374  -- minimum outside volume grid --
    76   378.7879  -- minimum outside volume grid --
    77   383.8384  -- minimum outside volume grid --
    78   388.8889  -- minimum outside volume grid --
    79   393.9394  -- minimum outside volume grid --
    80   398.9899  -- minimum outside volume grid --
    81   404.0404  -- minimum outside volume grid --
    82   409.0909  -- minimum outside volume grid --
    83   414.1414  -- minimum outside volume grid --
    84   419.1919  -- minimum outside volume grid --
    85   424.2424  -- minimum outside volume grid --
    86   429.2929  -- minimum outside volume grid --
    87   434.3434  -- minimum outside volume grid --
    88   439.3939  -- minimum outside volume grid --
    89   444.4444  -- minimum outside volume grid --
    90   449.4949  -- minimum outside volume grid --
    91   454.5455  -- minimum outside volume grid --
    92   459.5960  -- minimum outside volume grid --
    93   464.6465  -- minimum outside volume grid --
    94   469.6970  -- minimum outside volume grid --
    95   474.7475  -- minimum outside volume grid --
    96   479.7980  -- minimum outside volume grid --
    97   484.8485  -- minimum outside volume grid --
    98   489.8990  -- minimum outside volume grid --
    99   494.9495  -- minimum outside volume grid --
   100   500.0000  -- minimum outside volume grid --
* Phase information after initial setup
+ Phase  1 (BM3)
  Number of volume points:    9
  Number of vfree units (Z):        1.000
  p(V) input data? F
  Calculable pressure range for this phase (GPa):      -16.427 ->       26.928
  Number of interpolated fields :    0
  Input units: 
    Volume : bohr^3
    Energy : Ry
    Pressure : GPa
    Frequency : Hartree
    DOS energy : Hartree
  Output units are atomic units (Ha), except where noted.
  First/last volume (bohr^3):   6.251175000000E+01    7.519075000000E+01
  First/last energy (Ha):  -1.269791141000E+03   -1.269793102000E+03
  Poisson ratio (sigma):       0.250000
  Poisson function, f(sigma):       0.859949
  Correction of static energy: no correction
  Energy fit mode:   130103
  S(V) fit mode:   130504
  ThetaD(V) fit mode:   130504
  omega(V) fit mode:   130506
  Number of fixed fit parameters:   0
  Static equilibrium volume (bohr^3):        69.2432019601
  Static equilibrium energy (Ha):     -1269.7949435342
  Static equilibrium energy (kJ/mol):  -3333846.1163309789
  Static bulk modulus (GPa):      263.888564
  Static EOS fit, error RMS (Ha):   1.2480596E-05
  Static EOS fit, max|error| (Ha):   1.7162852E-05
  r2 of the fit:   9.989761841968E-01
  Akaike information criterion:  -1.734690169848E+02
  Bayesian information (Schwarz) criterion:  -1.724828940982E+02
  Temperature model: Debye, Td from static B(V).
  All data points are ACTIVE for dynamic calculations

  Fit to static E(V) data:
# Copy in file : Fe34Ni33Cr33.eos_static
# All extensive properties per formula unit.
#   p(GPa)           E(Ha)             H(Ha)     V(bohr^3)      V/V0   p_fit(GPa)   B(GPa)         Bp      Bpp(GPa-1)
      0.0000  -1.269794944E+03  -1.269794944E+03    69.2432  1.0000000     0.0000   263.8886    6.7278230  -5.3271E-02
      5.0505  -1.269794840E+03  -1.269783166E+03    68.0069  0.9821453     5.0505   297.2427    6.4901437  -4.1655E-02
     10.1010  -1.269794562E+03  -1.269771587E+03    66.9190  0.9664341    10.1010   329.5265    6.3008731  -3.3764E-02
     15.1515  -1.269794146E+03  -1.269760184E+03    65.9467  0.9523919    15.1515   360.9444    6.1453580  -2.8113E-02
     20.2020  -1.269793618E+03  -1.269748940E+03    65.0671  0.9396894    20.2020   391.6422    6.0145049  -2.3899E-02
     25.2525  -1.269792999E+03  -1.269737840E+03    64.2638  0.9280879    25.2525   421.7283    5.9023290  -2.0657E-02
     30.3030  -1.269792302E+03  -1.269726873E+03    63.5243  0.9174085    30.3030   451.2861    5.8047073  -1.8098E-02
     35.3535  -1.269791538E+03  -1.269716028E+03    62.8391  0.9075134    35.3535   480.3812    5.7186930  -1.6035E-02
# Polynomial fit to strain: 
# Degree :  3
#      p(x) = a_0 + a_1 * f(V) + ... + a_n * f(V)^n
# a_00 =  -1.269794920727E+03
# a_01 =   1.618301693276E-02
# a_02 =   2.892542050510E+00
# a_03 =   7.754663196333E+00
# V_scal (bohr^3) =   6.865625000000E+01
# p_scal (GPa) =       0.000000000000

* Computed Debye temperatures from static data
+ Phase BM3
# ThetaD at static eq. volume:     450.66
# V(bohr^3)  Tdebye(K)   Tdebye_slater(K)
    62.5117     859.68     859.68
    64.0120     805.99     805.99
    65.5360     754.25     754.25
    67.0840     704.30     704.30
    68.6562     656.00     656.00
    70.2528     609.20     609.20
    71.8740     563.74     563.74
    73.5199     519.44     519.44
    75.1907     476.11     476.11

* Temperature range examined
  Min_{DebyeT} (K):      476.109
  Temperature range (K):        0.000 ->      714.163
  Number of T points:    100

GIBBS2 ended successfully (  0 WARNINGS,   0 COMMENTS)

tictac -- 2026.02.18, 18:38:07.580

