read_data C6_7.data
Reading data file ...
  triclinic box = (0 0 0) to (17.35 17.35 17.35) with tilt (1.0623811e-15 1.0623811e-15 1.0623811e-15)
  1 by 1 by 1 MPI processor grid
  reading atoms ...
  500 atoms
  read_data CPU = 0.005 seconds

mass 1 58.6934  # Ni
mass 2 55.845   # Fe
mass 3 51.9961  # Cr

pair_style metatomic pet-mad-latest.pt device cpu

This is the PET-MAD v1.0.2 model
================================

A universal interatomic potential for advanced materials modeling

Model authors
-------------

- Arslan Mazitov (arslan.mazitov@epfl.ch)
- Filippo Bigi
- Matthias Kellner
- Paolo Pegolo
- Davide Tisi
- Guillaume Fraux
- Sergey Pozdnyakov
- Philip Loche
- Michele Ceriotti (michele.ceriotti@epfl.ch)

Model references
----------------

Please cite the following references when using this model:
- about this specific model:
  * http://arxiv.org/abs/2503.14118
- about the architecture of this model:
  * LLPR (uncertainty method):
    https://iopscience.iop.org/article/10.1088/2632-2153/ad805f
  * LPR (if using per-atom uncertainty):
    https://pubs.acs.org/doi/10.1021/acs.jctc.3c00704
  * https://arxiv.org/abs/2305.19302v3

WARNING: the model declared support for unknown device 'cuda', it will be ignored (src/ML-METATOMIC/pair_metatomic.cpp:216)
Running simulation on cpu device with float32 data
pair_coeff * * 28 26 24

neighbor 2.0 bin
neigh_modify delay 0 check yes
timestep 0.001

thermo 10
thermo_style custom step lx ly lz pe press fmax vol

# --- ЭТАПЫ МИНИМИЗАЦИИ ---
min_style cg
minimize 1.0e-8 1.0e-9 1000 5000

CITE-CITE-CITE-CITE-CITE-CITE-CITE-CITE-CITE-CITE-CITE-CITE-CITE

Your simulation uses code contributions which should be cited:

- LLPR (uncertainty method): https://iopscience.iop.org/article/10.1088/2632-2153/ad805f
- LPR (if using per-atom uncertainty): https://pubs.acs.org/doi/10.1021/acs.jctc.3c00704
- https://arxiv.org/abs/2305.19302v3
- http://arxiv.org/abs/2503.14118
CITE-CITE-CITE-CITE-CITE-CITE-CITE-CITE-CITE-CITE-CITE-CITE-CITE

Neighbor list info ...
  update: every = 1 steps, delay = 0 steps, check = yes
  max neighbors/atom: 2000, page size: 100000
  master list distance cutoff = 11
  ghost atom cutoff = 11
  binsize = 5.5, bins = 4 4 4
  1 neighbor lists, perpetual/occasional/extra = 1 0 0
  (1) pair metatomic, perpetual
      attributes: full, newton on, ghost
      pair build: full/bin/ghost
      stencil: full/ghost/bin/3d
      bin: standard
Per MPI rank memory allocation (min/avg/max) = 19.8 | 19.8 | 19.8 Mbytes
   Step           Lx             Ly             Lz           PotEng         Press           Fmax          Volume    
         0   17.35          17.35          17.35         -3767.1506      5557.2372      1.0558062      5222.7404    
        10   17.35          17.35          17.35         -3772.6406      8332.2788      0.010182124    5222.7404    
        11   17.35          17.35          17.35         -3772.6406      8336.565       0.0049144998   5222.7404    
Loop time of 51.1086 on 8 procs for 11 steps with 500 atoms

765.5% CPU use with 1 MPI tasks x 8 OpenMP threads

Minimization stats:
  Stopping criterion = energy tolerance
  Energy initial, next-to-last, final = 
     -3767.15063476562       -3772.640625       -3772.640625
  Force two-norm initial, final = 10.320588 0.033987228
  Force max component initial, final = 1.0558062 0.0049144998
  Final line search alpha, max atom move = 1 0.0049144998
  Iterations, force evaluations = 11 22

MPI task timing breakdown:
Section |  min time  |  avg time  |  max time  |%varavg| %total
---------------------------------------------------------------
Pair    | 51.108     | 51.108     | 51.108     |   0.0 |100.00
Neigh   | 0          | 0          | 0          |   0.0 |  0.00
Comm    | 0.00052514 | 0.00052514 | 0.00052514 |   0.0 |  0.00
Output  | 3.894e-05  | 3.894e-05  | 3.894e-05  |   0.0 |  0.00
Modify  | 0          | 0          | 0          |   0.0 |  0.00
Other   |            | 0.0004485  |            |       |  0.00

Nlocal:            500 ave         500 max         500 min
Histogram: 1 0 0 0 0 0 0 0 0 0
Nghost:           5584 ave        5584 max        5584 min
Histogram: 1 0 0 0 0 0 0 0 0 0
Neighs:              0 ave           0 max           0 min
Histogram: 1 0 0 0 0 0 0 0 0 0
FullNghs:       277000 ave      277000 max      277000 min
Histogram: 1 0 0 0 0 0 0 0 0 0

Total # of neighbors = 277000
Ave neighs/atom = 554
Neighbor list builds = 0
Dangerous builds = 0

# Релаксация ячейки aniso
fix 1 all box/relax aniso 0.0 vmax 0.0001
min_style cg
minimize 1.0e-10 1.0e-11 1000 5000
WARNING: Energy due to 3 extra global DOFs will be included in minimizer energies
 (src/min.cpp:222)
Per MPI rank memory allocation (min/avg/max) = 19.8 | 19.8 | 19.8 Mbytes
   Step           Lx             Ly             Lz           PotEng         Press           Fmax          Volume    
        11   17.35          17.35          17.35         -3772.6414      8336.5792      0.0049131773   5222.7404    
        20   17.361952      17.365615      17.362352     -3772.6807      1948.4562      0.010690201    5234.7661    
        25   17.363667      17.373738      17.364771     -3772.6833      1.7067655      0.013071753    5238.4619    
Loop time of 61.602 on 8 procs for 14 steps with 500 atoms

785.6% CPU use with 1 MPI tasks x 8 OpenMP threads

Minimization stats:
  Stopping criterion = energy tolerance
  Energy initial, next-to-last, final = 
     -3772.64135742188  -3772.68334960938  -3772.68334960938
  Force two-norm initial, final = 47.224144 1.0691017
  Force max component initial, final = 30.280436 0.86760833
  Final line search alpha, max atom move = 1.9265276e-08 1.6714714e-08
  Iterations, force evaluations = 14 27

MPI task timing breakdown:
Section |  min time  |  avg time  |  max time  |%varavg| %total
---------------------------------------------------------------
Pair    | 61.599     | 61.599     | 61.599     |   0.0 |100.00
Neigh   | 0          | 0          | 0          |   0.0 |  0.00
Comm    | 0.00052473 | 0.00052473 | 0.00052473 |   0.0 |  0.00
Output  | 3.9806e-05 | 3.9806e-05 | 3.9806e-05 |   0.0 |  0.00
Modify  | 0          | 0          | 0          |   0.0 |  0.00
Other   |            | 0.002144   |            |       |  0.00

Nlocal:            500 ave         500 max         500 min
Histogram: 1 0 0 0 0 0 0 0 0 0
Nghost:           5584 ave        5584 max        5584 min
Histogram: 1 0 0 0 0 0 0 0 0 0
Neighs:              0 ave           0 max           0 min
Histogram: 1 0 0 0 0 0 0 0 0 0
FullNghs:       273770 ave      273770 max      273770 min
Histogram: 1 0 0 0 0 0 0 0 0 0

Total # of neighbors = 273770
Ave neighs/atom = 547.54
Neighbor list builds = 0
Dangerous builds = 0
unfix 1

# Промежуточная минимизация атомов
min_style cg
minimize 1.0e-10 1.0e-11 1000 5000
Per MPI rank memory allocation (min/avg/max) = 19.8 | 19.8 | 19.8 Mbytes
   Step           Lx             Ly             Lz           PotEng         Press           Fmax          Volume    
        25   17.363667      17.373738      17.364771     -3772.6833      1.705769       0.013071734    5238.4619    
        28   17.363667      17.373738      17.364771     -3772.6841      128.80654      0.0028620809   5238.4619    
Loop time of 15.7107 on 8 procs for 3 steps with 500 atoms

784.9% CPU use with 1 MPI tasks x 8 OpenMP threads

Minimization stats:
  Stopping criterion = energy tolerance
  Energy initial, next-to-last, final = 
     -3772.68334960938  -3772.68408203125  -3772.68408203125
  Force two-norm initial, final = 0.12413966 0.02012146
  Force max component initial, final = 0.013071734 0.0028620809
  Final line search alpha, max atom move = 1 0.0028620809
  Iterations, force evaluations = 3 6

MPI task timing breakdown:
Section |  min time  |  avg time  |  max time  |%varavg| %total
---------------------------------------------------------------
Pair    | 15.706     | 15.706     | 15.706     |   0.0 | 99.97
Neigh   | 0          | 0          | 0          |   0.0 |  0.00
Comm    | 0.0001607  | 0.0001607  | 0.0001607  |   0.0 |  0.00
Output  | 0          | 0          | 0          |   0.0 |  0.00
Modify  | 0          | 0          | 0          |   0.0 |  0.00
Other   |            | 0.00412    |            |       |  0.03

Nlocal:            500 ave         500 max         500 min
Histogram: 1 0 0 0 0 0 0 0 0 0
Nghost:           5584 ave        5584 max        5584 min
Histogram: 1 0 0 0 0 0 0 0 0 0
Neighs:              0 ave           0 max           0 min
Histogram: 1 0 0 0 0 0 0 0 0 0
FullNghs:       272728 ave      272728 max      272728 min
Histogram: 1 0 0 0 0 0 0 0 0 0

Total # of neighbors = 272728
Ave neighs/atom = 545.456
Neighbor list builds = 0
Dangerous builds = 0

# Релаксация ячейки iso
fix 2 all box/relax iso 0.0 vmax 0.0001
min_style cg
minimize 1.0e-10 1.0e-11 1000 5000
WARNING: Energy due to 1 extra global DOFs will be included in minimizer energies
 (src/min.cpp:222)
Per MPI rank memory allocation (min/avg/max) = 19.8 | 19.8 | 19.8 Mbytes
   Step           Lx             Ly             Lz           PotEng         Press           Fmax          Volume    
        28   17.363667      17.373738      17.364771     -3772.6841      128.80624      0.0028620809   5238.4619    
        29   17.363938      17.374009      17.365042     -3772.6841     -0.38961764     0.0029601231   5238.707     
Loop time of 6.80591 on 8 procs for 1 steps with 500 atoms

786.5% CPU use with 1 MPI tasks x 8 OpenMP threads

Minimization stats:
  Stopping criterion = energy tolerance
  Energy initial, next-to-last, final = 
     -3772.68408203125  -3772.68408203125  -3772.68408203125
  Force two-norm initial, final = 1.2635914 0.02032362
  Force max component initial, final = 1.2634311 0.0038217902
  Final line search alpha, max atom move = 7.9149545e-05 3.0249296e-07
  Iterations, force evaluations = 1 2

MPI task timing breakdown:
Section |  min time  |  avg time  |  max time  |%varavg| %total
---------------------------------------------------------------
Pair    | 6.8056     | 6.8056     | 6.8056     |   0.0 |100.00
Neigh   | 0          | 0          | 0          |   0.0 |  0.00
Comm    | 6.1694e-05 | 6.1694e-05 | 6.1694e-05 |   0.0 |  0.00
Output  | 0          | 0          | 0          |   0.0 |  0.00
Modify  | 0          | 0          | 0          |   0.0 |  0.00
Other   |            | 0.0002339  |            |       |  0.00

Nlocal:            500 ave         500 max         500 min
Histogram: 1 0 0 0 0 0 0 0 0 0
Nghost:           5584 ave        5584 max        5584 min
Histogram: 1 0 0 0 0 0 0 0 0 0
Neighs:              0 ave           0 max           0 min
Histogram: 1 0 0 0 0 0 0 0 0 0
FullNghs:       272734 ave      272734 max      272734 min
Histogram: 1 0 0 0 0 0 0 0 0 0

Total # of neighbors = 272734
Ave neighs/atom = 545.468
Neighbor list builds = 0
Dangerous builds = 0
unfix 2

variable lat_const equal "lx/5"
variable eatom equal "pe/count(all)"
variable teng equal "pe"
variable natoms equal "count(all)"

print "Lattice parameter (lx/5) = ${lat_const} A"
Lattice parameter (lx/5) = 3.47278752615302 A
print "Total Potential Energy (PE) = ${teng} eV"
Total Potential Energy (PE) = -3772.68408203125 eV
print "Number of atoms = ${natoms}"
Number of atoms = 500
print "Cohesive energy (PE/N) = ${eatom} eV"
Cohesive energy (PE/N) = -7.5453681640625 eV
print "Minimization completed."
Minimization completed.

write_data C6_7_minimized.data
System init for write_data ...
Total wall time: 0:02:24
