read_data B0_10.data
Reading data file ...
  triclinic box = (0 0 0) to (17.6 17.6 17.6) with tilt (1.0776892e-15 1.0776892e-15 1.0776892e-15)
  1 by 2 by 2 MPI processor grid
  reading atoms ...
  500 atoms
  read_data CPU = 0.008 seconds

mass 1 58.6934  # Ni
mass 2 55.845   # Fe
mass 3 51.9961  # Cr

pair_style eam/alloy
pair_coeff * * FeNiCr_bonny.eam.alloy Ni Fe Cr

neighbor 2.0 bin
neigh_modify delay 0 check yes
timestep 0.001

thermo 10
thermo_style custom step lx ly lz pe press fmax vol

# --- ЭТАПЫ МИНИМИЗАЦИИ ---
min_style cg
minimize 1.0e-8 1.0e-9 1000 5000

CITE-CITE-CITE-CITE-CITE-CITE-CITE-CITE-CITE-CITE-CITE-CITE-CITE

Your simulation uses code contributions which should be cited:

- Type Label Framework: https://doi.org/10.1021/acs.jpcb.3c08419

@Article{Gissinger24,
 author = {Jacob R. Gissinger, Ilia Nikiforov, Yaser Afshar, Brendon Waters, Moon-ki Choi, Daniel S. Karls, Alexander Stukowski, Wonpil Im, Hendrik Heinz, Axel Kohlmeyer, and Ellad B. Tadmor},
 title = {Type Label Framework for Bonded Force Fields in LAMMPS},
 journal = {J. Phys. Chem. B},
 year =    2024,
 volume =  128,
 number =  13,
 pages =   {3282–-3297}
}

CITE-CITE-CITE-CITE-CITE-CITE-CITE-CITE-CITE-CITE-CITE-CITE-CITE

Neighbor list info ...
  update: every = 1 steps, delay = 0 steps, check = yes
  max neighbors/atom: 2000, page size: 100000
  master list distance cutoff = 7.6
  ghost atom cutoff = 7.6
  binsize = 3.8, bins = 5 5 5
  1 neighbor lists, perpetual/occasional/extra = 1 0 0
  (1) pair eam/alloy, perpetual
      attributes: half, newton on
      pair build: half/bin/atomonly/newton/tri
      stencil: half/bin/3d/tri
      bin: standard
Per MPI rank memory allocation (min/avg/max) = 4.524 | 4.524 | 4.524 Mbytes
   Step           Lx             Ly             Lz           PotEng         Press           Fmax          Volume    
         0   17.6           17.6           17.6          -2100.0742      2421.5029      0.72933485     5451.776     
        10   17.6           17.6           17.6          -2102.9153      1749.645       0.0089784606   5451.776     
        16   17.6           17.6           17.6          -2102.9165      1752.6259      0.0012782265   5451.776     
Loop time of 0.0552377 on 4 procs for 16 steps with 500 atoms

62.9% CPU use with 4 MPI tasks x 1 OpenMP threads

Minimization stats:
  Stopping criterion = energy tolerance
  Energy initial, next-to-last, final = 
     -2100.07423902258  -2102.91648391859  -2102.91650263738
  Force two-norm initial, final = 9.001871 0.01428886
  Force max component initial, final = 0.72933485 0.0012782265
  Final line search alpha, max atom move = 1 0.0012782265
  Iterations, force evaluations = 16 32

MPI task timing breakdown:
Section |  min time  |  avg time  |  max time  |%varavg| %total
---------------------------------------------------------------
Pair    | 0.035329   | 0.042819   | 0.050316   |   3.6 | 77.52
Neigh   | 0          | 0          | 0          |   0.0 |  0.00
Comm    | 0.0040834  | 0.011594   | 0.019098   |   7.0 | 20.99
Output  | 2.3774e-05 | 3.5395e-05 | 6.9916e-05 |   0.0 |  0.06
Modify  | 0          | 0          | 0          |   0.0 |  0.00
Other   |            | 0.0007894  |            |       |  1.43

Nlocal:            125 ave         145 max         105 min
Histogram: 1 0 0 0 0 2 0 0 0 1
Nghost:           1737 ave        1757 max        1717 min
Histogram: 1 0 0 0 0 2 0 0 0 1
Neighs:          11000 ave       12724 max        9276 min
Histogram: 1 0 0 0 1 1 0 0 0 1

Total # of neighbors = 44000
Ave neighs/atom = 88
Neighbor list builds = 0
Dangerous builds = 0

# Релаксация ячейки aniso
fix 1 all box/relax aniso 0.0 vmax 0.0001
min_style cg
minimize 1.0e-10 1.0e-11 1000 5000
WARNING: Energy due to 3 extra global DOFs will be included in minimizer energies
 (src/min.cpp:219)
Per MPI rank memory allocation (min/avg/max) = 4.524 | 4.524 | 4.524 Mbytes
   Step           Lx             Ly             Lz           PotEng         Press           Fmax          Volume    
        16   17.6           17.6           17.6          -2102.9165      1752.6259      0.0012782265   5451.776     
        20   17.602613      17.606164      17.60704      -2102.9195      22.321229      0.0043289679   5456.6769    
        30   17.596301      17.608606      17.611576     -2102.9199      0.026397489    0.0012819666   5456.882     
        37   17.596248      17.608661      17.611642     -2102.92       -3.4112519      0.00076729372  5456.9032    
Loop time of 0.0450862 on 4 procs for 21 steps with 500 atoms

70.3% CPU use with 4 MPI tasks x 1 OpenMP threads

Minimization stats:
  Stopping criterion = energy tolerance
  Energy initial, next-to-last, final = 
     -2102.91650263738  -2102.91995729927  -2102.91995731405
  Force two-norm initial, final = 10.513983 0.021988451
  Force max component initial, final = 7.0075565 0.012348784
  Final line search alpha, max atom move = 0.039997673 0.00049392265
  Iterations, force evaluations = 21 36

MPI task timing breakdown:
Section |  min time  |  avg time  |  max time  |%varavg| %total
---------------------------------------------------------------
Pair    | 0.031197   | 0.03139    | 0.031798   |   0.1 | 69.62
Neigh   | 0          | 0          | 0          |   0.0 |  0.00
Comm    | 0.0033102  | 0.0065833  | 0.010093   |   4.0 | 14.60
Output  | 5.3909e-05 | 7.8654e-05 | 0.00015166 |   0.0 |  0.17
Modify  | 0          | 0          | 0          |   0.0 |  0.00
Other   |            | 0.007034   |            |       | 15.60

Nlocal:            125 ave         130 max         122 min
Histogram: 2 0 0 0 0 1 0 0 0 1
Nghost:           1737 ave        1740 max        1732 min
Histogram: 1 0 0 0 0 1 0 0 0 2
Neighs:          11000 ave       11438 max       10708 min
Histogram: 2 0 0 0 0 1 0 0 0 1

Total # of neighbors = 44000
Ave neighs/atom = 88
Neighbor list builds = 0
Dangerous builds = 0
unfix 1

# Промежуточная минимизация атомов
min_style cg
minimize 1.0e-10 1.0e-11 1000 5000
Per MPI rank memory allocation (min/avg/max) = 4.524 | 4.524 | 4.524 Mbytes
   Step           Lx             Ly             Lz           PotEng         Press           Fmax          Volume    
        37   17.596248      17.608661      17.611642     -2102.92       -3.4112519      0.00076729372  5456.9032    
        40   17.596248      17.608661      17.611642     -2102.92       -4.6442645      0.00049531749  5456.9032    
        44   17.596248      17.608661      17.611642     -2102.92       -2.5136788      0.00013483064  5456.9032    
Loop time of 0.016227 on 4 procs for 7 steps with 500 atoms

84.0% CPU use with 4 MPI tasks x 1 OpenMP threads

Minimization stats:
  Stopping criterion = energy tolerance
  Energy initial, next-to-last, final = 
     -2102.91995731405  -2102.91996738678  -2102.91996755454
  Force two-norm initial, final = 0.0087891623 0.0013851283
  Force max component initial, final = 0.00076729372 0.00013483064
  Final line search alpha, max atom move = 1 0.00013483064
  Iterations, force evaluations = 7 14

MPI task timing breakdown:
Section |  min time  |  avg time  |  max time  |%varavg| %total
---------------------------------------------------------------
Pair    | 0.012494   | 0.012927   | 0.014115   |   0.6 | 79.67
Neigh   | 0          | 0          | 0          |   0.0 |  0.00
Comm    | 0.0011697  | 0.002356   | 0.0027595  |   1.4 | 14.52
Output  | 4.0982e-05 | 6.3512e-05 | 0.00013029 |   0.0 |  0.39
Modify  | 0          | 0          | 0          |   0.0 |  0.00
Other   |            | 0.0008802  |            |       |  5.42

Nlocal:            125 ave         130 max         122 min
Histogram: 2 0 0 0 0 1 0 0 0 1
Nghost:           1737 ave        1740 max        1732 min
Histogram: 1 0 0 0 0 1 0 0 0 2
Neighs:          11000 ave       11438 max       10708 min
Histogram: 2 0 0 0 0 1 0 0 0 1

Total # of neighbors = 44000
Ave neighs/atom = 88
Neighbor list builds = 0
Dangerous builds = 0

# Релаксация ячейки iso
fix 2 all box/relax iso 0.0 vmax 0.0001
min_style cg
minimize 1.0e-10 1.0e-11 1000 5000
WARNING: Energy due to 1 extra global DOFs will be included in minimizer energies
 (src/min.cpp:219)
Per MPI rank memory allocation (min/avg/max) = 4.524 | 4.524 | 4.524 Mbytes
   Step           Lx             Ly             Lz           PotEng         Press           Fmax          Volume    
        44   17.596248      17.608661      17.611642     -2102.92       -2.5136788      0.00013483064  5456.9032    
        45   17.59624       17.608653      17.611634     -2102.92        0.0051932272   0.00013749774  5456.896     
Loop time of 0.00139866 on 4 procs for 1 steps with 500 atoms

44.7% CPU use with 4 MPI tasks x 1 OpenMP threads

Minimization stats:
  Stopping criterion = energy tolerance
  Energy initial, next-to-last, final = 
     -2102.91996755455  -2102.91996755455  -2102.91996756019
  Force two-norm initial, final = 0.025721574 0.0013875065
  Force max component initial, final = 0.025684252 0.00013749774
  Final line search alpha, max atom move = 0.0038934363 5.353387e-07
  Iterations, force evaluations = 1 2

MPI task timing breakdown:
Section |  min time  |  avg time  |  max time  |%varavg| %total
---------------------------------------------------------------
Pair    | 0.0011374  | 0.0011389  | 0.0011396  |   0.0 | 81.43
Neigh   | 0          | 0          | 0          |   0.0 |  0.00
Comm    | 0.00010501 | 0.00010711 | 0.00010864 |   0.0 |  7.66
Output  | 0          | 0          | 0          |   0.0 |  0.00
Modify  | 0          | 0          | 0          |   0.0 |  0.00
Other   |            | 0.0001527  |            |       | 10.92

Nlocal:            125 ave         130 max         122 min
Histogram: 2 0 0 0 0 1 0 0 0 1
Nghost:           1737 ave        1740 max        1732 min
Histogram: 1 0 0 0 0 1 0 0 0 2
Neighs:          11000 ave       11438 max       10708 min
Histogram: 2 0 0 0 0 1 0 0 0 1

Total # of neighbors = 44000
Ave neighs/atom = 88
Neighbor list builds = 0
Dangerous builds = 0
unfix 2

variable lat_const equal "lx/5"
variable eatom equal "pe/count(all)"
variable teng equal "pe"
variable natoms equal "count(all)"

print "Lattice parameter (lx/5) = ${lat_const} A"
Lattice parameter (lx/5) = 3.51924806133221 A
print "Total Potential Energy (PE) = ${teng} eV"
Total Potential Energy (PE) = -2102.91996756019 eV
print "Number of atoms = ${natoms}"
Number of atoms = 500
print "Cohesive energy (PE/N) = ${eatom} eV"
Cohesive energy (PE/N) = -4.20583993512037 eV
print "Minimization completed."
Minimization completed.

write_data B0_10_minimized.data
System init for write_data ...
Total wall time: 0:00:00
