read_data B0_3.data
Reading data file ...
  triclinic box = (0 0 0) to (17.6 17.6 17.6) with tilt (1.0776892e-15 1.0776892e-15 1.0776892e-15)
  1 by 2 by 2 MPI processor grid
  reading atoms ...
  500 atoms
  read_data CPU = 0.009 seconds

mass 1 58.6934  # Ni
mass 2 55.845   # Fe
mass 3 51.9961  # Cr

pair_style eam/alloy
pair_coeff * * FeNiCr_bonny.eam.alloy Ni Fe Cr

neighbor 2.0 bin
neigh_modify delay 0 check yes
timestep 0.001

thermo 10
thermo_style custom step lx ly lz pe press fmax vol

# --- ЭТАПЫ МИНИМИЗАЦИИ ---
min_style cg
minimize 1.0e-8 1.0e-9 1000 5000

CITE-CITE-CITE-CITE-CITE-CITE-CITE-CITE-CITE-CITE-CITE-CITE-CITE

Your simulation uses code contributions which should be cited:

- Type Label Framework: https://doi.org/10.1021/acs.jpcb.3c08419

@Article{Gissinger24,
 author = {Jacob R. Gissinger, Ilia Nikiforov, Yaser Afshar, Brendon Waters, Moon-ki Choi, Daniel S. Karls, Alexander Stukowski, Wonpil Im, Hendrik Heinz, Axel Kohlmeyer, and Ellad B. Tadmor},
 title = {Type Label Framework for Bonded Force Fields in LAMMPS},
 journal = {J. Phys. Chem. B},
 year =    2024,
 volume =  128,
 number =  13,
 pages =   {3282–-3297}
}

CITE-CITE-CITE-CITE-CITE-CITE-CITE-CITE-CITE-CITE-CITE-CITE-CITE

Neighbor list info ...
  update: every = 1 steps, delay = 0 steps, check = yes
  max neighbors/atom: 2000, page size: 100000
  master list distance cutoff = 7.6
  ghost atom cutoff = 7.6
  binsize = 3.8, bins = 5 5 5
  1 neighbor lists, perpetual/occasional/extra = 1 0 0
  (1) pair eam/alloy, perpetual
      attributes: half, newton on
      pair build: half/bin/atomonly/newton/tri
      stencil: half/bin/3d/tri
      bin: standard
Per MPI rank memory allocation (min/avg/max) = 4.524 | 4.524 | 4.524 Mbytes
   Step           Lx             Ly             Lz           PotEng         Press           Fmax          Volume    
         0   17.6           17.6           17.6          -2100.0216      2462.6416      0.81296006     5451.776     
        10   17.6           17.6           17.6          -2102.821       2246.494       0.013766059    5451.776     
        16   17.6           17.6           17.6          -2102.8224      2258.3733      0.0013818573   5451.776     
Loop time of 0.0411289 on 4 procs for 16 steps with 500 atoms

79.0% CPU use with 4 MPI tasks x 1 OpenMP threads

Minimization stats:
  Stopping criterion = energy tolerance
  Energy initial, next-to-last, final = 
     -2100.02156365267  -2102.82240422686   -2102.8224227631
  Force two-norm initial, final = 8.8145252 0.013440476
  Force max component initial, final = 0.81296006 0.0013818573
  Final line search alpha, max atom move = 1 0.0013818573
  Iterations, force evaluations = 16 32

MPI task timing breakdown:
Section |  min time  |  avg time  |  max time  |%varavg| %total
---------------------------------------------------------------
Pair    | 0.028798   | 0.02922    | 0.029817   |   0.2 | 71.04
Neigh   | 0          | 0          | 0          |   0.0 |  0.00
Comm    | 0.0033212  | 0.0075319  | 0.0098036  |   2.9 | 18.31
Output  | 2.4919e-05 | 3.9877e-05 | 8.3454e-05 |   0.0 |  0.10
Modify  | 0          | 0          | 0          |   0.0 |  0.00
Other   |            | 0.004337   |            |       | 10.55

Nlocal:            125 ave         145 max         105 min
Histogram: 1 0 0 0 0 2 0 0 0 1
Nghost:           1737 ave        1757 max        1717 min
Histogram: 1 0 0 0 0 2 0 0 0 1
Neighs:          11000 ave       12740 max        9225 min
Histogram: 1 0 0 0 0 2 0 0 0 1

Total # of neighbors = 44000
Ave neighs/atom = 88
Neighbor list builds = 0
Dangerous builds = 0

# Релаксация ячейки aniso
fix 1 all box/relax aniso 0.0 vmax 0.0001
min_style cg
minimize 1.0e-10 1.0e-11 1000 5000
WARNING: Energy due to 3 extra global DOFs will be included in minimizer energies
 (src/min.cpp:219)
Per MPI rank memory allocation (min/avg/max) = 4.524 | 4.524 | 4.524 Mbytes
   Step           Lx             Ly             Lz           PotEng         Press           Fmax          Volume    
        16   17.6           17.6           17.6          -2102.8224      2258.3733      0.0013818573   5451.776     
        20   17.604455      17.60704       17.605038     -2102.8269      447.08881      0.0048041909   5456.8988    
        30   17.601204      17.615188      17.604652     -2102.8275      0.39942707     0.0028661232   5458.2963    
        33   17.601353      17.615385      17.60442      -2102.8276     -0.14045525     0.001505595    5458.3317    
Loop time of 0.0230983 on 4 procs for 17 steps with 500 atoms

80.7% CPU use with 4 MPI tasks x 1 OpenMP threads

Minimization stats:
  Stopping criterion = energy tolerance
  Energy initial, next-to-last, final = 
      -2102.8224227631  -2102.82757858423  -2102.82757877878
  Force two-norm initial, final = 13.433077 0.024394179
  Force max component initial, final = 9.1299861 0.011984305
  Final line search alpha, max atom move = 0.0072682728 8.7105199e-05
  Iterations, force evaluations = 17 27

MPI task timing breakdown:
Section |  min time  |  avg time  |  max time  |%varavg| %total
---------------------------------------------------------------
Pair    | 0.018193   | 0.018279   | 0.018353   |   0.1 | 79.13
Neigh   | 0          | 0          | 0          |   0.0 |  0.00
Comm    | 0.0020095  | 0.0022657  | 0.0025048  |   0.4 |  9.81
Output  | 3.8422e-05 | 6.3475e-05 | 0.00013651 |   0.0 |  0.27
Modify  | 0          | 0          | 0          |   0.0 |  0.00
Other   |            | 0.00249    |            |       | 10.78

Nlocal:            125 ave         150 max         110 min
Histogram: 1 1 0 0 1 0 0 0 0 1
Nghost:           1737 ave        1752 max        1712 min
Histogram: 1 0 0 0 0 0 1 0 0 2
Neighs:          11000 ave       13226 max        9658 min
Histogram: 1 1 0 1 0 0 0 0 0 1

Total # of neighbors = 44000
Ave neighs/atom = 88
Neighbor list builds = 0
Dangerous builds = 0
unfix 1

# Промежуточная минимизация атомов
min_style cg
minimize 1.0e-10 1.0e-11 1000 5000
Per MPI rank memory allocation (min/avg/max) = 4.524 | 4.524 | 4.524 Mbytes
   Step           Lx             Ly             Lz           PotEng         Press           Fmax          Volume    
        33   17.601353      17.615385      17.60442      -2102.8276     -0.14045525     0.001505595    5458.3317    
        40   17.601353      17.615385      17.60442      -2102.8276      5.4283593      0.00020921797  5458.3317    
        42   17.601353      17.615385      17.60442      -2102.8276      5.7903486      0.00012280176  5458.3317    
Loop time of 0.0299823 on 4 procs for 9 steps with 500 atoms

82.9% CPU use with 4 MPI tasks x 1 OpenMP threads

Minimization stats:
  Stopping criterion = energy tolerance
  Energy initial, next-to-last, final = 
     -2102.82757877878  -2102.82761085141  -2102.82761103412
  Force two-norm initial, final = 0.017666785 0.0012906851
  Force max component initial, final = 0.001505595 0.00012280176
  Final line search alpha, max atom move = 1 0.00012280176
  Iterations, force evaluations = 9 18

MPI task timing breakdown:
Section |  min time  |  avg time  |  max time  |%varavg| %total
---------------------------------------------------------------
Pair    | 0.022447   | 0.022569   | 0.022756   |   0.1 | 75.27
Neigh   | 0          | 0          | 0          |   0.0 |  0.00
Comm    | 0.00204    | 0.0024799  | 0.0028999  |   0.7 |  8.27
Output  | 2.0568e-05 | 3.232e-05  | 6.7082e-05 |   0.0 |  0.11
Modify  | 0          | 0          | 0          |   0.0 |  0.00
Other   |            | 0.004901   |            |       | 16.35

Nlocal:            125 ave         150 max         110 min
Histogram: 1 1 0 0 1 0 0 0 0 1
Nghost:           1737 ave        1752 max        1712 min
Histogram: 1 0 0 0 0 0 1 0 0 2
Neighs:          11000 ave       13226 max        9658 min
Histogram: 1 1 0 1 0 0 0 0 0 1

Total # of neighbors = 44000
Ave neighs/atom = 88
Neighbor list builds = 0
Dangerous builds = 0

# Релаксация ячейки iso
fix 2 all box/relax iso 0.0 vmax 0.0001
min_style cg
minimize 1.0e-10 1.0e-11 1000 5000
WARNING: Energy due to 1 extra global DOFs will be included in minimizer energies
 (src/min.cpp:219)
Per MPI rank memory allocation (min/avg/max) = 4.524 | 4.524 | 4.524 Mbytes
   Step           Lx             Ly             Lz           PotEng         Press           Fmax          Volume    
        42   17.601353      17.615385      17.60442      -2102.8276      5.7903486      0.00012280176  5458.3317    
        43   17.601371      17.615402      17.604438     -2102.8276     -0.0076423858   0.00011852243  5458.3482    
Loop time of 0.00306453 on 4 procs for 1 steps with 500 atoms

82.9% CPU use with 4 MPI tasks x 1 OpenMP threads

Minimization stats:
  Stopping criterion = energy tolerance
  Energy initial, next-to-last, final = 
     -2102.82761103412  -2102.82761103412  -2102.82761106394
  Force two-norm initial, final = 0.059194151 0.0013050806
  Force max component initial, final = 0.059180078 0.00011852243
  Final line search alpha, max atom move = 0.0016897578 2.0027421e-07
  Iterations, force evaluations = 1 2

MPI task timing breakdown:
Section |  min time  |  avg time  |  max time  |%varavg| %total
---------------------------------------------------------------
Pair    | 0.0021846  | 0.0022951  | 0.0026201  |   0.4 | 74.89
Neigh   | 0          | 0          | 0          |   0.0 |  0.00
Comm    | 0.00017802 | 0.00050075 | 0.00061188 |   0.0 | 16.34
Output  | 0          | 0          | 0          |   0.0 |  0.00
Modify  | 0          | 0          | 0          |   0.0 |  0.00
Other   |            | 0.0002686  |            |       |  8.77

Nlocal:            125 ave         149 max         110 min
Histogram: 1 1 0 0 1 0 0 0 0 1
Nghost:           1737 ave        1752 max        1713 min
Histogram: 1 0 0 0 0 1 0 0 1 1
Neighs:          11000 ave       13138 max        9658 min
Histogram: 1 1 0 0 1 0 0 0 0 1

Total # of neighbors = 44000
Ave neighs/atom = 88
Neighbor list builds = 0
Dangerous builds = 0
unfix 2

variable lat_const equal "lx/5"
variable eatom equal "pe/count(all)"
variable teng equal "pe"
variable natoms equal "count(all)"

print "Lattice parameter (lx/5) = ${lat_const} A"
Lattice parameter (lx/5) = 3.52027424230741 A
print "Total Potential Energy (PE) = ${teng} eV"
Total Potential Energy (PE) = -2102.82761106394 eV
print "Number of atoms = ${natoms}"
Number of atoms = 500
print "Cohesive energy (PE/N) = ${eatom} eV"
Cohesive energy (PE/N) = -4.20565522212788 eV
print "Minimization completed."
Minimization completed.

write_data B0_3_minimized.data
System init for write_data ...
Total wall time: 0:00:00
