read_data B0_5.data
Reading data file ...
  triclinic box = (0 0 0) to (17.6 17.6 17.6) with tilt (1.0776892e-15 1.0776892e-15 1.0776892e-15)
  1 by 2 by 2 MPI processor grid
  reading atoms ...
  500 atoms
  read_data CPU = 0.006 seconds

mass 1 58.6934  # Ni
mass 2 55.845   # Fe
mass 3 51.9961  # Cr

pair_style eam/alloy
pair_coeff * * FeNiCr_bonny.eam.alloy Ni Fe Cr

neighbor 2.0 bin
neigh_modify delay 0 check yes
timestep 0.001

thermo 10
thermo_style custom step lx ly lz pe press fmax vol

# --- ЭТАПЫ МИНИМИЗАЦИИ ---
min_style cg
minimize 1.0e-8 1.0e-9 1000 5000

CITE-CITE-CITE-CITE-CITE-CITE-CITE-CITE-CITE-CITE-CITE-CITE-CITE

Your simulation uses code contributions which should be cited:

- Type Label Framework: https://doi.org/10.1021/acs.jpcb.3c08419

@Article{Gissinger24,
 author = {Jacob R. Gissinger, Ilia Nikiforov, Yaser Afshar, Brendon Waters, Moon-ki Choi, Daniel S. Karls, Alexander Stukowski, Wonpil Im, Hendrik Heinz, Axel Kohlmeyer, and Ellad B. Tadmor},
 title = {Type Label Framework for Bonded Force Fields in LAMMPS},
 journal = {J. Phys. Chem. B},
 year =    2024,
 volume =  128,
 number =  13,
 pages =   {3282–-3297}
}

CITE-CITE-CITE-CITE-CITE-CITE-CITE-CITE-CITE-CITE-CITE-CITE-CITE

Neighbor list info ...
  update: every = 1 steps, delay = 0 steps, check = yes
  max neighbors/atom: 2000, page size: 100000
  master list distance cutoff = 7.6
  ghost atom cutoff = 7.6
  binsize = 3.8, bins = 5 5 5
  1 neighbor lists, perpetual/occasional/extra = 1 0 0
  (1) pair eam/alloy, perpetual
      attributes: half, newton on
      pair build: half/bin/atomonly/newton/tri
      stencil: half/bin/3d/tri
      bin: standard
Per MPI rank memory allocation (min/avg/max) = 4.524 | 4.524 | 4.524 Mbytes
   Step           Lx             Ly             Lz           PotEng         Press           Fmax          Volume    
         0   17.6           17.6           17.6          -2098.6549      2727.6166      0.72459115     5451.776     
        10   17.6           17.6           17.6          -2101.5241      2047.3557      0.013276536    5451.776     
        17   17.6           17.6           17.6          -2101.5262      2054.8836      0.00094435837  5451.776     
Loop time of 0.0351301 on 4 procs for 17 steps with 500 atoms

65.2% CPU use with 4 MPI tasks x 1 OpenMP threads

Minimization stats:
  Stopping criterion = energy tolerance
  Energy initial, next-to-last, final = 
     -2098.65491025631  -2101.52622204008  -2101.52623303192
  Force two-norm initial, final = 8.713874 0.010876318
  Force max component initial, final = 0.72459115 0.00094435837
  Final line search alpha, max atom move = 1 0.00094435837
  Iterations, force evaluations = 17 34

MPI task timing breakdown:
Section |  min time  |  avg time  |  max time  |%varavg| %total
---------------------------------------------------------------
Pair    | 0.02892    | 0.029016   | 0.029116   |   0.1 | 82.60
Neigh   | 0          | 0          | 0          |   0.0 |  0.00
Comm    | 0.0033269  | 0.0038191  | 0.0043237  |   0.8 | 10.87
Output  | 2.3147e-05 | 3.5185e-05 | 7.1104e-05 |   0.0 |  0.10
Modify  | 0          | 0          | 0          |   0.0 |  0.00
Other   |            | 0.00226    |            |       |  6.43

Nlocal:            125 ave         145 max         105 min
Histogram: 1 0 0 0 0 2 0 0 0 1
Nghost:           1737 ave        1757 max        1717 min
Histogram: 1 0 0 0 0 2 0 0 0 1
Neighs:          11000 ave       12826 max        9223 min
Histogram: 1 0 0 0 2 0 0 0 0 1

Total # of neighbors = 44000
Ave neighs/atom = 88
Neighbor list builds = 0
Dangerous builds = 0

# Релаксация ячейки aniso
fix 1 all box/relax aniso 0.0 vmax 0.0001
min_style cg
minimize 1.0e-10 1.0e-11 1000 5000
WARNING: Energy due to 3 extra global DOFs will be included in minimizer energies
 (src/min.cpp:219)
Per MPI rank memory allocation (min/avg/max) = 4.524 | 4.524 | 4.524 Mbytes
   Step           Lx             Ly             Lz           PotEng         Press           Fmax          Volume    
        17   17.6           17.6           17.6          -2101.5262      2054.8836      0.00094435837  5451.776     
        20   17.604007      17.60528       17.603503     -2101.5297      654.32594      0.0028885023   5455.7387    
        30   17.604637      17.613799      17.600773     -2101.5305     -1.4432434      0.0029224202   5457.7276    
        35   17.60454       17.613885      17.600873     -2101.5305      0.45653342     0.001440848    5457.7554    
Loop time of 0.0378333 on 4 procs for 18 steps with 500 atoms

82.0% CPU use with 4 MPI tasks x 1 OpenMP threads

Minimization stats:
  Stopping criterion = energy tolerance
  Energy initial, next-to-last, final = 
     -2101.52623303192  -2101.53050219624  -2101.53050234597
  Force two-norm initial, final = 12.218419 0.015049531
  Force max component initial, final = 8.2637758 0.0031406215
  Final line search alpha, max atom move = 0.0017207608 5.4042583e-06
  Iterations, force evaluations = 18 29

MPI task timing breakdown:
Section |  min time  |  avg time  |  max time  |%varavg| %total
---------------------------------------------------------------
Pair    | 0.023089   | 0.023416   | 0.023711   |   0.2 | 61.89
Neigh   | 0          | 0          | 0          |   0.0 |  0.00
Comm    | 0.0051823  | 0.0055077  | 0.0058897  |   0.4 | 14.56
Output  | 4.0443e-05 | 6.6924e-05 | 0.00014565 |   0.0 |  0.18
Modify  | 0          | 0          | 0          |   0.0 |  0.00
Other   |            | 0.008842   |            |       | 23.37

Nlocal:            125 ave         136 max         116 min
Histogram: 1 0 0 1 0 1 0 0 0 1
Nghost:           1737 ave        1746 max        1726 min
Histogram: 1 0 0 0 0 1 0 1 0 1
Neighs:          11000 ave       11983 max       10271 min
Histogram: 1 0 1 0 1 0 0 0 0 1

Total # of neighbors = 44000
Ave neighs/atom = 88
Neighbor list builds = 0
Dangerous builds = 0
unfix 1

# Промежуточная минимизация атомов
min_style cg
minimize 1.0e-10 1.0e-11 1000 5000
Per MPI rank memory allocation (min/avg/max) = 4.524 | 4.524 | 4.524 Mbytes
   Step           Lx             Ly             Lz           PotEng         Press           Fmax          Volume    
        35   17.60454       17.613885      17.600873     -2101.5305      0.45653342     0.001440848    5457.7554    
        40   17.60454       17.613885      17.600873     -2101.5305      4.4723902      0.00039140381  5457.7554    
        44   17.60454       17.613885      17.600873     -2101.5305      3.6410193      8.9118239e-05  5457.7554    
Loop time of 0.021703 on 4 procs for 9 steps with 500 atoms

84.0% CPU use with 4 MPI tasks x 1 OpenMP threads

Minimization stats:
  Stopping criterion = energy tolerance
  Energy initial, next-to-last, final = 
     -2101.53050234597  -2101.53052339915  -2101.53052353857
  Force two-norm initial, final = 0.014415809 0.0010724886
  Force max component initial, final = 0.001440848 8.9118239e-05
  Final line search alpha, max atom move = 1 8.9118239e-05
  Iterations, force evaluations = 9 18

MPI task timing breakdown:
Section |  min time  |  avg time  |  max time  |%varavg| %total
---------------------------------------------------------------
Pair    | 0.017388   | 0.01778    | 0.01865    |   0.4 | 81.92
Neigh   | 0          | 0          | 0          |   0.0 |  0.00
Comm    | 0.0021114  | 0.0030926  | 0.0035605  |   1.0 | 14.25
Output  | 2.3308e-05 | 3.6997e-05 | 7.6462e-05 |   0.0 |  0.17
Modify  | 0          | 0          | 0          |   0.0 |  0.00
Other   |            | 0.0007934  |            |       |  3.66

Nlocal:            125 ave         136 max         116 min
Histogram: 1 0 0 1 0 1 0 0 0 1
Nghost:           1737 ave        1746 max        1726 min
Histogram: 1 0 0 0 0 1 0 1 0 1
Neighs:        10999.8 ave       11983 max       10271 min
Histogram: 1 0 1 0 1 0 0 0 0 1

Total # of neighbors = 43999
Ave neighs/atom = 87.998
Neighbor list builds = 0
Dangerous builds = 0

# Релаксация ячейки iso
fix 2 all box/relax iso 0.0 vmax 0.0001
min_style cg
minimize 1.0e-10 1.0e-11 1000 5000
WARNING: Energy due to 1 extra global DOFs will be included in minimizer energies
 (src/min.cpp:219)
Per MPI rank memory allocation (min/avg/max) = 4.524 | 4.524 | 4.524 Mbytes
   Step           Lx             Ly             Lz           PotEng         Press           Fmax          Volume    
        44   17.60454       17.613885      17.600873     -2101.5305      3.6410193      8.9118239e-05  5457.7554    
        45   17.604551      17.613897      17.600884     -2101.5305     -0.0060136452   9.1725434e-05  5457.7658    
Loop time of 0.00293595 on 4 procs for 1 steps with 500 atoms

68.8% CPU use with 4 MPI tasks x 1 OpenMP threads

Minimization stats:
  Stopping criterion = energy tolerance
  Energy initial, next-to-last, final = 
     -2101.53052353857  -2101.53052353857  -2101.53052355035
  Force two-norm initial, final = 0.037224449 0.0010754561
  Force max component initial, final = 0.037208996 9.1725434e-05
  Final line search alpha, max atom move = 0.0026875221 2.4651413e-07
  Iterations, force evaluations = 1 2

MPI task timing breakdown:
Section |  min time  |  avg time  |  max time  |%varavg| %total
---------------------------------------------------------------
Pair    | 0.0023528  | 0.0023872  | 0.002423   |   0.1 | 81.31
Neigh   | 0          | 0          | 0          |   0.0 |  0.00
Comm    | 0.00022454 | 0.00025942 | 0.00029344 |   0.0 |  8.84
Output  | 0          | 0          | 0          |   0.0 |  0.00
Modify  | 0          | 0          | 0          |   0.0 |  0.00
Other   |            | 0.0002893  |            |       |  9.85

Nlocal:            125 ave         136 max         116 min
Histogram: 1 0 0 1 0 1 0 0 0 1
Nghost:           1737 ave        1746 max        1726 min
Histogram: 1 0 0 0 0 1 0 1 0 1
Neighs:        10999.8 ave       11983 max       10271 min
Histogram: 1 0 1 0 1 0 0 0 0 1

Total # of neighbors = 43999
Ave neighs/atom = 87.998
Neighbor list builds = 0
Dangerous builds = 0
unfix 2

variable lat_const equal "lx/5"
variable eatom equal "pe/count(all)"
variable teng equal "pe"
variable natoms equal "count(all)"

print "Lattice parameter (lx/5) = ${lat_const} A"
Lattice parameter (lx/5) = 3.52091027177247 A
print "Total Potential Energy (PE) = ${teng} eV"
Total Potential Energy (PE) = -2101.53052355035 eV
print "Number of atoms = ${natoms}"
Number of atoms = 500
print "Cohesive energy (PE/N) = ${eatom} eV"
Cohesive energy (PE/N) = -4.2030610471007 eV
print "Minimization completed."
Minimization completed.

write_data B0_5_minimized.data
System init for write_data ...
Total wall time: 0:00:00
