read_data B0_7.data
Reading data file ...
  triclinic box = (0 0 0) to (17.6 17.6 17.6) with tilt (1.0776892e-15 1.0776892e-15 1.0776892e-15)
  1 by 2 by 2 MPI processor grid
  reading atoms ...
  500 atoms
  read_data CPU = 0.008 seconds

mass 1 58.6934  # Ni
mass 2 55.845   # Fe
mass 3 51.9961  # Cr

pair_style eam/alloy
pair_coeff * * FeNiCr_bonny.eam.alloy Ni Fe Cr

neighbor 2.0 bin
neigh_modify delay 0 check yes
timestep 0.001

thermo 10
thermo_style custom step lx ly lz pe press fmax vol

# --- ЭТАПЫ МИНИМИЗАЦИИ ---
min_style cg
minimize 1.0e-8 1.0e-9 1000 5000

CITE-CITE-CITE-CITE-CITE-CITE-CITE-CITE-CITE-CITE-CITE-CITE-CITE

Your simulation uses code contributions which should be cited:

- Type Label Framework: https://doi.org/10.1021/acs.jpcb.3c08419

@Article{Gissinger24,
 author = {Jacob R. Gissinger, Ilia Nikiforov, Yaser Afshar, Brendon Waters, Moon-ki Choi, Daniel S. Karls, Alexander Stukowski, Wonpil Im, Hendrik Heinz, Axel Kohlmeyer, and Ellad B. Tadmor},
 title = {Type Label Framework for Bonded Force Fields in LAMMPS},
 journal = {J. Phys. Chem. B},
 year =    2024,
 volume =  128,
 number =  13,
 pages =   {3282–-3297}
}

CITE-CITE-CITE-CITE-CITE-CITE-CITE-CITE-CITE-CITE-CITE-CITE-CITE

Neighbor list info ...
  update: every = 1 steps, delay = 0 steps, check = yes
  max neighbors/atom: 2000, page size: 100000
  master list distance cutoff = 7.6
  ghost atom cutoff = 7.6
  binsize = 3.8, bins = 5 5 5
  1 neighbor lists, perpetual/occasional/extra = 1 0 0
  (1) pair eam/alloy, perpetual
      attributes: half, newton on
      pair build: half/bin/atomonly/newton/tri
      stencil: half/bin/3d/tri
      bin: standard
Per MPI rank memory allocation (min/avg/max) = 4.524 | 4.524 | 4.524 Mbytes
   Step           Lx             Ly             Lz           PotEng         Press           Fmax          Volume    
         0   17.6           17.6           17.6          -2099.8699      1978.5316      0.76734005     5451.776     
        10   17.6           17.6           17.6          -2102.6181      1261.3836      0.010624939    5451.776     
        17   17.6           17.6           17.6          -2102.6194      1274.9259      0.0010459946   5451.776     
Loop time of 0.0353873 on 4 procs for 17 steps with 500 atoms

77.3% CPU use with 4 MPI tasks x 1 OpenMP threads

Minimization stats:
  Stopping criterion = energy tolerance
  Energy initial, next-to-last, final = 
     -2099.86991018484  -2102.61935404347  -2102.61936610327
  Force two-norm initial, final = 8.8056052 0.011032385
  Force max component initial, final = 0.76734005 0.0010459946
  Final line search alpha, max atom move = 1 0.0010459946
  Iterations, force evaluations = 17 34

MPI task timing breakdown:
Section |  min time  |  avg time  |  max time  |%varavg| %total
---------------------------------------------------------------
Pair    | 0.029187   | 0.030529   | 0.031824   |   0.7 | 86.27
Neigh   | 0          | 0          | 0          |   0.0 |  0.00
Comm    | 0.0023452  | 0.0037463  | 0.0051572  |   2.2 | 10.59
Output  | 2.4996e-05 | 3.8235e-05 | 7.5761e-05 |   0.0 |  0.11
Modify  | 0          | 0          | 0          |   0.0 |  0.00
Other   |            | 0.001074   |            |       |  3.03

Nlocal:            125 ave         145 max         105 min
Histogram: 1 0 0 0 0 2 0 0 0 1
Nghost:           1737 ave        1757 max        1717 min
Histogram: 1 0 0 0 0 2 0 0 0 1
Neighs:          11000 ave       12733 max        9285 min
Histogram: 1 0 0 0 1 1 0 0 0 1

Total # of neighbors = 44000
Ave neighs/atom = 88
Neighbor list builds = 0
Dangerous builds = 0

# Релаксация ячейки aniso
fix 1 all box/relax aniso 0.0 vmax 0.0001
min_style cg
minimize 1.0e-10 1.0e-11 1000 5000
WARNING: Energy due to 3 extra global DOFs will be included in minimizer energies
 (src/min.cpp:219)
Per MPI rank memory allocation (min/avg/max) = 4.524 | 4.524 | 4.524 Mbytes
   Step           Lx             Ly             Lz           PotEng         Press           Fmax          Volume    
        17   17.6           17.6           17.6          -2102.6194      1274.9259      0.0010459946   5451.776     
        20   17.601397      17.60528       17.604676     -2102.6211      30.580571      0.0033547081   5455.2935    
        30   17.594524      17.609981      17.607533     -2102.6215     -3.2412228      0.0012902583   5455.5045    
Loop time of 0.0485668 on 4 procs for 13 steps with 500 atoms

62.8% CPU use with 4 MPI tasks x 1 OpenMP threads

Minimization stats:
  Stopping criterion = energy tolerance
  Energy initial, next-to-last, final = 
     -2102.61936610327  -2102.62151775581  -2102.62151777665
  Force two-norm initial, final = 7.7754198 0.023397416
  Force max component initial, final = 5.34908 0.013469643
  Final line search alpha, max atom move = 0.015342285 0.00020665511
  Iterations, force evaluations = 13 21

MPI task timing breakdown:
Section |  min time  |  avg time  |  max time  |%varavg| %total
---------------------------------------------------------------
Pair    | 0.020564   | 0.021054   | 0.021611   |   0.3 | 43.35
Neigh   | 0          | 0          | 0          |   0.0 |  0.00
Comm    | 0.019051   | 0.01979    | 0.020604   |   0.4 | 40.75
Output  | 1.4119e-05 | 2.3229e-05 | 4.9925e-05 |   0.0 |  0.05
Modify  | 0          | 0          | 0          |   0.0 |  0.00
Other   |            | 0.0077     |            |       | 15.85

Nlocal:            125 ave         132 max         118 min
Histogram: 1 0 0 1 0 0 1 0 0 1
Nghost:           1737 ave        1744 max        1730 min
Histogram: 1 0 0 1 0 0 1 0 0 1
Neighs:          11000 ave       11587 max       10291 min
Histogram: 1 0 0 0 1 0 0 1 0 1

Total # of neighbors = 44000
Ave neighs/atom = 88
Neighbor list builds = 0
Dangerous builds = 0
unfix 1

# Промежуточная минимизация атомов
min_style cg
minimize 1.0e-10 1.0e-11 1000 5000
Per MPI rank memory allocation (min/avg/max) = 4.524 | 4.524 | 4.524 Mbytes
   Step           Lx             Ly             Lz           PotEng         Press           Fmax          Volume    
        30   17.594524      17.609981      17.607533     -2102.6215     -3.2412228      0.0012902583   5455.5045    
        38   17.594524      17.609981      17.607533     -2102.6215     -0.68823785     0.00014486631  5455.5045    
Loop time of 0.0170377 on 4 procs for 8 steps with 500 atoms

74.5% CPU use with 4 MPI tasks x 1 OpenMP threads

Minimization stats:
  Stopping criterion = energy tolerance
  Energy initial, next-to-last, final = 
     -2102.62151777665  -2102.62153641837  -2102.62153662722
  Force two-norm initial, final = 0.013127096 0.0014662628
  Force max component initial, final = 0.0012902583 0.00014486631
  Final line search alpha, max atom move = 1 0.00014486631
  Iterations, force evaluations = 8 16

MPI task timing breakdown:
Section |  min time  |  avg time  |  max time  |%varavg| %total
---------------------------------------------------------------
Pair    | 0.013146   | 0.013227   | 0.01328    |   0.0 | 77.64
Neigh   | 0          | 0          | 0          |   0.0 |  0.00
Comm    | 0.0010025  | 0.0022308  | 0.0034318  |   2.5 | 13.09
Output  | 0          | 0          | 0          |   0.0 |  0.00
Modify  | 0          | 0          | 0          |   0.0 |  0.00
Other   |            | 0.00158    |            |       |  9.27

Nlocal:            125 ave         132 max         118 min
Histogram: 1 0 0 1 0 0 1 0 0 1
Nghost:           1737 ave        1744 max        1730 min
Histogram: 1 0 0 1 0 0 1 0 0 1
Neighs:          11000 ave       11587 max       10291 min
Histogram: 1 0 0 0 1 0 0 1 0 1

Total # of neighbors = 44000
Ave neighs/atom = 88
Neighbor list builds = 0
Dangerous builds = 0

# Релаксация ячейки iso
fix 2 all box/relax iso 0.0 vmax 0.0001
min_style cg
minimize 1.0e-10 1.0e-11 1000 5000
WARNING: Energy due to 1 extra global DOFs will be included in minimizer energies
 (src/min.cpp:219)
Per MPI rank memory allocation (min/avg/max) = 4.524 | 4.524 | 4.524 Mbytes
   Step           Lx             Ly             Lz           PotEng         Press           Fmax          Volume    
        38   17.594524      17.609981      17.607533     -2102.6215     -0.68823785     0.00014486631  5455.5045    
        39   17.594522      17.609979      17.607531     -2102.6215      0.029237512    0.00014473732  5455.5025    
Loop time of 0.00557181 on 4 procs for 1 steps with 500 atoms

87.7% CPU use with 4 MPI tasks x 1 OpenMP threads

Minimization stats:
  Stopping criterion = energy tolerance
  Energy initial, next-to-last, final = 
     -2102.62153662722  -2102.62153662722  -2102.62153662768
  Force two-norm initial, final = 0.0071817433 0.0014926674
  Force max component initial, final = 0.0070304702 0.00029866623
  Final line search alpha, max atom move = 0.0142238 4.2481687e-06
  Iterations, force evaluations = 1 2

MPI task timing breakdown:
Section |  min time  |  avg time  |  max time  |%varavg| %total
---------------------------------------------------------------
Pair    | 0.0025207  | 0.0025798  | 0.0026118  |   0.1 | 46.30
Neigh   | 0          | 0          | 0          |   0.0 |  0.00
Comm    | 0.0003309  | 0.00036424 | 0.00040288 |   0.0 |  6.54
Output  | 0          | 0          | 0          |   0.0 |  0.00
Modify  | 0          | 0          | 0          |   0.0 |  0.00
Other   |            | 0.002628   |            |       | 47.16

Nlocal:            125 ave         132 max         118 min
Histogram: 1 0 0 1 0 0 1 0 0 1
Nghost:           1737 ave        1744 max        1730 min
Histogram: 1 0 0 1 0 0 1 0 0 1
Neighs:          11000 ave       11587 max       10291 min
Histogram: 1 0 0 0 1 0 0 1 0 1

Total # of neighbors = 44000
Ave neighs/atom = 88
Neighbor list builds = 0
Dangerous builds = 0
unfix 2

variable lat_const equal "lx/5"
variable eatom equal "pe/count(all)"
variable teng equal "pe"
variable natoms equal "count(all)"

print "Lattice parameter (lx/5) = ${lat_const} A"
Lattice parameter (lx/5) = 3.51890436726445 A
print "Total Potential Energy (PE) = ${teng} eV"
Total Potential Energy (PE) = -2102.62153662768 eV
print "Number of atoms = ${natoms}"
Number of atoms = 500
print "Cohesive energy (PE/N) = ${eatom} eV"
Cohesive energy (PE/N) = -4.20524307325535 eV
print "Minimization completed."
Minimization completed.

write_data B0_7_minimized.data
System init for write_data ...
Total wall time: 0:00:00
