                                                        
                 _ _     _         ____                 
            __ _(_) |__ | |__  ___|___ \                
           / _` | | '_ \| '_ \/ __| __) |               
          | (_| | | |_) | |_) \__ \/ __/                
           \__, |_|_.__/|_.__/|___/_____|               
           |___/                                        
      GIBBS2: (p,t) thermodynamics of solids.           
                                                        
by A. Otero-de-la-Roza, V. Lua~na and D. Abbasi. 

If you find this software useful, please cite:
  * Comput. Phys. Commun. 182 (2011) 1708--1720 
These articles describe the strain polynomial fits:
  * Comput. Phys. Commun. 182 (2011) 2232--2248.
  * Comput. Theor. Chem. doi:10.1016/j.comptc.2011.03.050 
Empirical energy corrections: 
  * Phys. Rev. B 84 (2011) 024109 

Dedicated to the memory of Miguel Alvarez Blanco (1969--2010).

tictac -- 2025.12.25, 20:13:31.211

* Reading main input file
+ Initializing phase: BM3
  Reading data from file: Fe34Ni33Cr33.dat
  Interpretation of columns in the data file:
    Volume:   1
    Energy:   2

* Input 
  Title: Fe34Ni33Cr33
  Output file (lu= 2): stdout
  Units: output is in atomic units, except where noted.
  Number of atoms per primitive cell:   1
  Molecular mass (amu):       55.51470000
  Number of phases:   1
  Phase   1: BM3
  Polynomial fit mode: slatec
  Polynomial weight mode: gibbs2
  Max. polynomial degree: 12

* Pressure range examined
  Minimum p_max across all phases (GPa):       48.144
  Pressure range (GPa):        0.000 ->      500.000
  Number of pressure points:    100

** STATIC RUN **

* Calculating static properties on pressure grid
+ Phase  1 (BM3)
# Volumes per formula unit.
# xV indicates position of V on the volume grid (0 = beginning, 1 = end)
# Num    p(GPa)    V(bohr^3)    xV
     1     0.0000    69.2608  0.4659376
     2     5.0505    68.1002  0.4100647
     3    10.1010    67.0363  0.3588497
     4    15.1515    66.0546  0.3115893
     5    20.2020    65.1435  0.2677294
     6    25.2525    64.2938  0.2268254
     7    30.3030    63.4980  0.1885150
     8    35.3535    62.7498  0.1524987
     9    40.4040    62.0441  0.1185263
    10    45.4545    61.3765  0.0863864
    11    50.5051    60.7432  0.0558988
    12    55.5556    60.1410  0.0269085
    13    60.6061  -- minimum outside volume grid --
    14    65.6566  -- minimum outside volume grid --
    15    70.7071  -- minimum outside volume grid --
    16    75.7576  -- minimum outside volume grid --
    17    80.8081  -- minimum outside volume grid --
    18    85.8586  -- minimum outside volume grid --
    19    90.9091  -- minimum outside volume grid --
    20    95.9596  -- minimum outside volume grid --
    21   101.0101  -- minimum outside volume grid --
    22   106.0606  -- minimum outside volume grid --
    23   111.1111  -- minimum outside volume grid --
    24   116.1616  -- minimum outside volume grid --
    25   121.2121  -- minimum outside volume grid --
    26   126.2626  -- minimum outside volume grid --
    27   131.3131  -- minimum outside volume grid --
    28   136.3636  -- minimum outside volume grid --
    29   141.4141  -- minimum outside volume grid --
    30   146.4646  -- minimum outside volume grid --
    31   151.5152  -- minimum outside volume grid --
    32   156.5657  -- minimum outside volume grid --
    33   161.6162  -- minimum outside volume grid --
    34   166.6667  -- minimum outside volume grid --
    35   171.7172  -- minimum outside volume grid --
    36   176.7677  -- minimum outside volume grid --
    37   181.8182  -- minimum outside volume grid --
    38   186.8687  -- minimum outside volume grid --
    39   191.9192  -- minimum outside volume grid --
    40   196.9697  -- minimum outside volume grid --
    41   202.0202  -- minimum outside volume grid --
    42   207.0707  -- minimum outside volume grid --
    43   212.1212  -- minimum outside volume grid --
    44   217.1717  -- minimum outside volume grid --
    45   222.2222  -- minimum outside volume grid --
    46   227.2727  -- minimum outside volume grid --
    47   232.3232  -- minimum outside volume grid --
    48   237.3737  -- minimum outside volume grid --
    49   242.4242  -- minimum outside volume grid --
    50   247.4747  -- minimum outside volume grid --
    51   252.5253  -- minimum outside volume grid --
    52   257.5758  -- minimum outside volume grid --
    53   262.6263  -- minimum outside volume grid --
    54   267.6768  -- minimum outside volume grid --
    55   272.7273  -- minimum outside volume grid --
    56   277.7778  -- minimum outside volume grid --
    57   282.8283  -- minimum outside volume grid --
    58   287.8788  -- minimum outside volume grid --
    59   292.9293  -- minimum outside volume grid --
    60   297.9798  -- minimum outside volume grid --
    61   303.0303  -- minimum outside volume grid --
    62   308.0808  -- minimum outside volume grid --
    63   313.1313  -- minimum outside volume grid --
    64   318.1818  -- minimum outside volume grid --
    65   323.2323  -- minimum outside volume grid --
    66   328.2828  -- minimum outside volume grid --
    67   333.3333  -- minimum outside volume grid --
    68   338.3838  -- minimum outside volume grid --
    69   343.4343  -- minimum outside volume grid --
    70   348.4848  -- minimum outside volume grid --
    71   353.5354  -- minimum outside volume grid --
    72   358.5859  -- minimum outside volume grid --
    73   363.6364  -- minimum outside volume grid --
    74   368.6869  -- minimum outside volume grid --
    75   373.7374  -- minimum outside volume grid --
    76   378.7879  -- minimum outside volume grid --
    77   383.8384  -- minimum outside volume grid --
    78   388.8889  -- minimum outside volume grid --
    79   393.9394  -- minimum outside volume grid --
    80   398.9899  -- minimum outside volume grid --
    81   404.0404  -- minimum outside volume grid --
    82   409.0909  -- minimum outside volume grid --
    83   414.1414  -- minimum outside volume grid --
    84   419.1919  -- minimum outside volume grid --
    85   424.2424  -- minimum outside volume grid --
    86   429.2929  -- minimum outside volume grid --
    87   434.3434  -- minimum outside volume grid --
    88   439.3939  -- minimum outside volume grid --
    89   444.4444  -- minimum outside volume grid --
    90   449.4949  -- minimum outside volume grid --
    91   454.5455  -- minimum outside volume grid --
    92   459.5960  -- minimum outside volume grid --
    93   464.6465  -- minimum outside volume grid --
    94   469.6970  -- minimum outside volume grid --
    95   474.7475  -- minimum outside volume grid --
    96   479.7980  -- minimum outside volume grid --
    97   484.8485  -- minimum outside volume grid --
    98   489.8990  -- minimum outside volume grid --
    99   494.9495  -- minimum outside volume grid --
   100   500.0000  -- minimum outside volume grid --
* Phase information after initial setup
+ Phase  1 (BM3)
  Number of volume points:   19
  Number of vfree units (Z):        1.000
  p(V) input data? F
  Calculable pressure range for this phase (GPa):      -30.883 ->       48.144
  Number of interpolated fields :    0
  Input units: 
    Volume : bohr^3
    Energy : Ry
    Pressure : GPa
    Frequency : Hartree
    DOS energy : Hartree
  Output units are atomic units (Ha), except where noted.
  First/last volume (bohr^3):   5.958200000000E+01    8.035478000000E+01
  First/last energy (Ha):  -1.269784954000E+03   -1.269786981500E+03
  Poisson ratio (sigma):       0.250000
  Poisson function, f(sigma):       0.859949
  Correction of static energy: no correction
  Energy fit mode:   130103
  S(V) fit mode:   130510
  ThetaD(V) fit mode:   130510
  omega(V) fit mode:   130506
  Number of fixed fit parameters:   0
  Static equilibrium volume (bohr^3):        69.2608183532
  Static equilibrium energy (Ha):     -1269.7936289142
  Static equilibrium energy (kJ/mol):  -3333842.6647967952
  Static bulk modulus (GPa):      287.930510
  Static EOS fit, error RMS (Ha):   2.2474835E-06
  Static EOS fit, max|error| (Ha):   3.7574416E-06
  r2 of the fit:   9.999850283819E-01
  Akaike information criterion:  -4.282722364123E+02
  Bayesian information (Schwarz) criterion:  -4.235500415164E+02
  Temperature model: Debye, Td from static B(V).
  All data points are ACTIVE for dynamic calculations

  Fit to static E(V) data:
# Copy in file : Fe34Ni33Cr33.eos_static
# All extensive properties per formula unit.
#   p(GPa)           E(Ha)             H(Ha)     V(bohr^3)      V/V0   p_fit(GPa)   B(GPa)         Bp      Bpp(GPa-1)
      0.0000  -1.269793629E+03  -1.269793629E+03    69.2608  1.0000000     0.0000   287.9305    4.4055848  -1.5486E-02
      5.0505  -1.269793531E+03  -1.269781841E+03    68.1002  0.9832426     5.0505   309.9930    4.3329513  -1.3364E-02
     10.1010  -1.269793258E+03  -1.269770243E+03    67.0363  0.9678821    10.1010   331.7137    4.2698537  -1.1686E-02
     15.1515  -1.269792838E+03  -1.269758820E+03    66.0546  0.9537077    15.1515   353.1356    4.2143702  -1.0332E-02
     20.2020  -1.269792291E+03  -1.269747560E+03    65.1435  0.9405532    20.2020   374.2935    4.1650811  -9.2214E-03
     25.2525  -1.269791636E+03  -1.269736451E+03    64.2938  0.9282852    25.2525   395.2158    4.1209121  -8.2967E-03
     30.3030  -1.269790885E+03  -1.269725484E+03    63.4980  0.9167951    30.3030   415.9261    4.0810328  -7.5169E-03
     35.3535  -1.269790051E+03  -1.269714648E+03    62.7498  0.9059931    35.3535   436.4444    4.0447901  -6.8523E-03
     40.4040  -1.269789143E+03  -1.269703938E+03    62.0441  0.8958040    40.4040   456.7878    4.0116622  -6.2802E-03
     45.4545  -1.269788169E+03  -1.269693345E+03    61.3765  0.8861646    45.4545   476.9708    3.9812264  -5.7837E-03
     50.5051  -1.269787137E+03  -1.269682863E+03    60.7432  0.8770207    50.5051   497.0062    3.9531364  -5.3494E-03
     55.5556  -1.269786052E+03  -1.269672488E+03    60.1410  0.8683259    55.5556   516.9049    3.9271052  -4.9669E-03
# Polynomial fit to strain: 
# Degree :  3
#      p(x) = a_0 + a_1 * f(V) + ... + a_n * f(V)^n
# a_00 =  -1.269793602680E+03
# a_01 =   1.801694099860E-02
# a_02 =   3.097083983929E+00
# a_03 =   1.259003598529E+00
# V_scal (bohr^3) =   6.865625000000E+01
# p_scal (GPa) =       0.000000000000

* Computed Debye temperatures from static data
+ Phase BM3
# ThetaD at static eq. volume:     432.48
# V(bohr^3)  Tdebye(K)   Tdebye_slater(K)
    59.5820     887.67     887.67
    61.0352     849.98     849.98
    62.5117     813.54     813.54
    64.0120     778.29     778.29
    66.4619     724.18     724.18
    67.0840     711.07     711.07
    68.6562     678.99     678.99
    70.2528     647.84     647.84
    71.2226     629.58     629.58
    71.8740     617.58     617.58
    72.2012     611.63     611.63
    73.5199     588.14     588.14
    74.1852     576.59     576.59
    76.2053     542.62     542.62
    76.8867     531.52     531.52
    77.2289     526.01     526.01
    78.6080     504.21     504.21
    79.3036     493.46     493.46
    80.3548     477.51     477.51

* Temperature range examined
  Min_{DebyeT} (K):      477.510
  Temperature range (K):        0.000 ->      716.265
  Number of T points:    100

GIBBS2 ended successfully (  0 WARNINGS,   0 COMMENTS)

tictac -- 2025.12.25, 20:13:31.222

