read_data A2_7.data
Reading data file ...
  triclinic box = (0 0 0) to (17.6 17.6 17.6) with tilt (1.0776892e-15 1.0776892e-15 1.0776892e-15)
  1 by 2 by 2 MPI processor grid
  reading atoms ...
  500 atoms
  read_data CPU = 0.017 seconds

mass 1 58.6934  # Ni
mass 2 55.845   # Fe
mass 3 51.9961  # Cr

pair_style eam/alloy
pair_coeff * * FeNiCr_bonny.eam.alloy Ni Fe Cr

neighbor 2.0 bin
neigh_modify delay 0 check yes
timestep 0.001

thermo 10
thermo_style custom step lx ly lz pe press fmax vol

# --- ЭТАПЫ МИНИМИЗАЦИИ ---
min_style cg
minimize 1.0e-8 1.0e-9 1000 5000

CITE-CITE-CITE-CITE-CITE-CITE-CITE-CITE-CITE-CITE-CITE-CITE-CITE

Your simulation uses code contributions which should be cited:

- Type Label Framework: https://doi.org/10.1021/acs.jpcb.3c08419

@Article{Gissinger24,
 author = {Jacob R. Gissinger, Ilia Nikiforov, Yaser Afshar, Brendon Waters, Moon-ki Choi, Daniel S. Karls, Alexander Stukowski, Wonpil Im, Hendrik Heinz, Axel Kohlmeyer, and Ellad B. Tadmor},
 title = {Type Label Framework for Bonded Force Fields in LAMMPS},
 journal = {J. Phys. Chem. B},
 year =    2024,
 volume =  128,
 number =  13,
 pages =   {3282–-3297}
}

CITE-CITE-CITE-CITE-CITE-CITE-CITE-CITE-CITE-CITE-CITE-CITE-CITE

Neighbor list info ...
  update: every = 1 steps, delay = 0 steps, check = yes
  max neighbors/atom: 2000, page size: 100000
  master list distance cutoff = 7.6
  ghost atom cutoff = 7.6
  binsize = 3.8, bins = 5 5 5
  1 neighbor lists, perpetual/occasional/extra = 1 0 0
  (1) pair eam/alloy, perpetual
      attributes: half, newton on
      pair build: half/bin/atomonly/newton/tri
      stencil: half/bin/3d/tri
      bin: standard
Per MPI rank memory allocation (min/avg/max) = 4.514 | 4.514 | 4.514 Mbytes
   Step           Lx             Ly             Lz           PotEng         Press           Fmax          Volume    
         0   17.6           17.6           17.6          -2112.5354     -9921.0239      0.68654359     5451.776     
        10   17.6           17.6           17.6          -2114.6258     -11210.945      0.0071365333   5451.776     
        16   17.6           17.6           17.6          -2114.6266     -11222.562      0.00096361463  5451.776     
Loop time of 0.0301489 on 4 procs for 16 steps with 500 atoms

71.4% CPU use with 4 MPI tasks x 1 OpenMP threads

Minimization stats:
  Stopping criterion = energy tolerance
  Energy initial, next-to-last, final = 
     -2112.53543473422  -2114.62661530222  -2114.62662848908
  Force two-norm initial, final = 7.2420181 0.010697644
  Force max component initial, final = 0.68654359 0.00096361463
  Final line search alpha, max atom move = 1 0.00096361463
  Iterations, force evaluations = 16 32

MPI task timing breakdown:
Section |  min time  |  avg time  |  max time  |%varavg| %total
---------------------------------------------------------------
Pair    | 0.022176   | 0.022241   | 0.022306   |   0.0 | 73.77
Neigh   | 0          | 0          | 0          |   0.0 |  0.00
Comm    | 0.0017886  | 0.0029575  | 0.0040831  |   2.0 |  9.81
Output  | 2.7997e-05 | 4.53e-05   | 9.6912e-05 |   0.0 |  0.15
Modify  | 0          | 0          | 0          |   0.0 |  0.00
Other   |            | 0.004905   |            |       | 16.27

Nlocal:            125 ave         180 max          80 min
Histogram: 1 0 0 0 2 0 0 0 0 1
Nghost:           1737 ave        1782 max        1682 min
Histogram: 1 0 0 0 0 0 2 0 0 1
Neighs:          11000 ave       15804 max        7058 min
Histogram: 1 0 0 0 2 0 0 0 0 1

Total # of neighbors = 44000
Ave neighs/atom = 88
Neighbor list builds = 0
Dangerous builds = 0

# Релаксация ячейки aniso
fix 1 all box/relax aniso 0.0 vmax 0.0001
min_style cg
minimize 1.0e-10 1.0e-11 1000 5000
WARNING: Energy due to 3 extra global DOFs will be included in minimizer energies
 (src/min.cpp:219)
Per MPI rank memory allocation (min/avg/max) = 4.514 | 4.514 | 4.514 Mbytes
   Step           Lx             Ly             Lz           PotEng         Press           Fmax          Volume    
        16   17.6           17.6           17.6          -2114.6266     -11222.562      0.00096361463  5451.776     
        20   17.59303       17.594263      17.59296      -2114.6659     -9179.7599      0.0059497836   5445.6614    
        30   17.575646      17.581275      17.57536      -2114.7288     -4153.9974      0.018568245    5430.8262    
        40   17.55855       17.577279      17.55776      -2114.7468     -36.499063      0.029261661    5418.8786    
        50   17.551098      17.589729      17.550015     -2114.7491      175.71033      0.025578308    5418.024     
        60   17.552386      17.589642      17.551118     -2114.7498     -107.3566       0.02231839     5418.7354    
        70   17.55095       17.588757      17.549298     -2114.7524      52.361162      0.0076631441   5417.4578    
        80   17.551952      17.587305      17.550596     -2114.7531     -88.246613      0.0033648445   5417.7203    
        89   17.550922      17.588172      17.549492     -2114.7532      1.5405951      0.0021997658   5417.3289    
Loop time of 0.144964 on 4 procs for 73 steps with 500 atoms

75.3% CPU use with 4 MPI tasks x 1 OpenMP threads

Minimization stats:
  Stopping criterion = energy tolerance
  Energy initial, next-to-last, final = 
     -2114.62662848908  -2114.75318074077  -2114.75318087742
  Force two-norm initial, final = 66.383564 0.02559894
  Force max component initial, final = 40.687047 0.0069924141
  Final line search alpha, max atom move = 0.0023860963 1.6684573e-05
  Iterations, force evaluations = 73 102

MPI task timing breakdown:
Section |  min time  |  avg time  |  max time  |%varavg| %total
---------------------------------------------------------------
Pair    | 0.090036   | 0.092457   | 0.095222   |   0.7 | 63.78
Neigh   | 0          | 0          | 0          |   0.0 |  0.00
Comm    | 0.023185   | 0.026482   | 0.029417   |   1.5 | 18.27
Output  | 0.00015979 | 0.00027923 | 0.0006348  |   0.0 |  0.19
Modify  | 0          | 0          | 0          |   0.0 |  0.00
Other   |            | 0.02575    |            |       | 17.76

Nlocal:            125 ave         139 max         108 min
Histogram: 1 0 0 0 0 1 1 0 0 1
Nghost:           1737 ave        1754 max        1723 min
Histogram: 1 0 0 1 1 0 0 0 0 1
Neighs:          11000 ave       12241 max        9517 min
Histogram: 1 0 0 0 0 1 1 0 0 1

Total # of neighbors = 44000
Ave neighs/atom = 88
Neighbor list builds = 0
Dangerous builds = 0
unfix 1

# Промежуточная минимизация атомов
min_style cg
minimize 1.0e-10 1.0e-11 1000 5000
Per MPI rank memory allocation (min/avg/max) = 4.514 | 4.514 | 4.514 Mbytes
   Step           Lx             Ly             Lz           PotEng         Press           Fmax          Volume    
        89   17.550922      17.588172      17.549492     -2114.7532      1.5405951      0.0021997658   5417.3289    
        90   17.550922      17.588172      17.549492     -2114.7532      14.749569      0.0012888852   5417.3289    
        99   17.550922      17.588172      17.549492     -2114.7532      3.9067925      0.00010068288  5417.3289    
Loop time of 0.0185965 on 4 procs for 10 steps with 500 atoms

85.8% CPU use with 4 MPI tasks x 1 OpenMP threads

Minimization stats:
  Stopping criterion = energy tolerance
  Energy initial, next-to-last, final = 
     -2114.75318087742  -2114.75324370094  -2114.75324382055
  Force two-norm initial, final = 0.023849864 0.0010634491
  Force max component initial, final = 0.0021997658 0.00010068288
  Final line search alpha, max atom move = 1 0.00010068288
  Iterations, force evaluations = 10 20

MPI task timing breakdown:
Section |  min time  |  avg time  |  max time  |%varavg| %total
---------------------------------------------------------------
Pair    | 0.014895   | 0.015075   | 0.015337   |   0.1 | 81.06
Neigh   | 0          | 0          | 0          |   0.0 |  0.00
Comm    | 0.0012701  | 0.001661   | 0.0019644  |   0.7 |  8.93
Output  | 2.2392e-05 | 3.7459e-05 | 8.1653e-05 |   0.0 |  0.20
Modify  | 0          | 0          | 0          |   0.0 |  0.00
Other   |            | 0.001823   |            |       |  9.80

Nlocal:            125 ave         137 max         108 min
Histogram: 1 0 0 0 0 1 0 1 0 1
Nghost:           1737 ave        1754 max        1725 min
Histogram: 1 0 1 0 1 0 0 0 0 1
Neighs:          11000 ave       12071 max        9517 min
Histogram: 1 0 0 0 0 1 0 1 0 1

Total # of neighbors = 44000
Ave neighs/atom = 88
Neighbor list builds = 0
Dangerous builds = 0

# Релаксация ячейки iso
fix 2 all box/relax iso 0.0 vmax 0.0001
min_style cg
minimize 1.0e-10 1.0e-11 1000 5000
WARNING: Energy due to 1 extra global DOFs will be included in minimizer energies
 (src/min.cpp:219)
Per MPI rank memory allocation (min/avg/max) = 4.514 | 4.514 | 4.514 Mbytes
   Step           Lx             Ly             Lz           PotEng         Press           Fmax          Volume    
        99   17.550922      17.588172      17.549492     -2114.7532      3.9067925      0.00010068288  5417.3289    
       100   17.550934      17.588184      17.549504     -2114.7532     -0.0059979667   0.00010558033  5417.3401    
Loop time of 0.0014038 on 4 procs for 1 steps with 500 atoms

79.7% CPU use with 4 MPI tasks x 1 OpenMP threads

Minimization stats:
  Stopping criterion = energy tolerance
  Energy initial, next-to-last, final = 
     -2114.75324382055  -2114.75324382055  -2114.75324383423
  Force two-norm initial, final = 0.03964357 0.0010947672
  Force max component initial, final = 0.039629304 0.00010558033
  Final line search alpha, max atom move = 0.0025233852 2.6641985e-07
  Iterations, force evaluations = 1 2

MPI task timing breakdown:
Section |  min time  |  avg time  |  max time  |%varavg| %total
---------------------------------------------------------------
Pair    | 0.0011581  | 0.001159   | 0.00116    |   0.0 | 82.56
Neigh   | 0          | 0          | 0          |   0.0 |  0.00
Comm    | 9.0174e-05 | 9.099e-05  | 9.17e-05   |   0.0 |  6.48
Output  | 0          | 0          | 0          |   0.0 |  0.00
Modify  | 0          | 0          | 0          |   0.0 |  0.00
Other   |            | 0.0001538  |            |       | 10.96

Nlocal:            125 ave         137 max         108 min
Histogram: 1 0 0 0 0 1 0 1 0 1
Nghost:           1737 ave        1754 max        1725 min
Histogram: 1 0 1 0 1 0 0 0 0 1
Neighs:          11000 ave       12067 max        9517 min
Histogram: 1 0 0 0 0 1 0 1 0 1

Total # of neighbors = 44000
Ave neighs/atom = 88
Neighbor list builds = 0
Dangerous builds = 0
unfix 2

variable lat_const equal "lx/5"
variable eatom equal "pe/count(all)"
variable teng equal "pe"
variable natoms equal "count(all)"

print "Lattice parameter (lx/5) = ${lat_const} A"
Lattice parameter (lx/5) = 3.51018689949356 A
print "Total Potential Energy (PE) = ${teng} eV"
Total Potential Energy (PE) = -2114.75324383423 eV
print "Number of atoms = ${natoms}"
Number of atoms = 500
print "Cohesive energy (PE/N) = ${eatom} eV"
Cohesive energy (PE/N) = -4.22950648766847 eV
print "Minimization completed."
Minimization completed.

write_data A2_7_minimized.data
System init for write_data ...
Total wall time: 0:00:00
