read_data A2_8.data
Reading data file ...
  triclinic box = (0 0 0) to (17.6 17.6 17.6) with tilt (1.0776892e-15 1.0776892e-15 1.0776892e-15)
  1 by 2 by 2 MPI processor grid
  reading atoms ...
  500 atoms
  read_data CPU = 0.009 seconds

mass 1 58.6934  # Ni
mass 2 55.845   # Fe
mass 3 51.9961  # Cr

pair_style eam/alloy
pair_coeff * * FeNiCr_bonny.eam.alloy Ni Fe Cr

neighbor 2.0 bin
neigh_modify delay 0 check yes
timestep 0.001

thermo 10
thermo_style custom step lx ly lz pe press fmax vol

# --- ЭТАПЫ МИНИМИЗАЦИИ ---
min_style cg
minimize 1.0e-8 1.0e-9 1000 5000

CITE-CITE-CITE-CITE-CITE-CITE-CITE-CITE-CITE-CITE-CITE-CITE-CITE

Your simulation uses code contributions which should be cited:

- Type Label Framework: https://doi.org/10.1021/acs.jpcb.3c08419

@Article{Gissinger24,
 author = {Jacob R. Gissinger, Ilia Nikiforov, Yaser Afshar, Brendon Waters, Moon-ki Choi, Daniel S. Karls, Alexander Stukowski, Wonpil Im, Hendrik Heinz, Axel Kohlmeyer, and Ellad B. Tadmor},
 title = {Type Label Framework for Bonded Force Fields in LAMMPS},
 journal = {J. Phys. Chem. B},
 year =    2024,
 volume =  128,
 number =  13,
 pages =   {3282–-3297}
}

CITE-CITE-CITE-CITE-CITE-CITE-CITE-CITE-CITE-CITE-CITE-CITE-CITE

Neighbor list info ...
  update: every = 1 steps, delay = 0 steps, check = yes
  max neighbors/atom: 2000, page size: 100000
  master list distance cutoff = 7.6
  ghost atom cutoff = 7.6
  binsize = 3.8, bins = 5 5 5
  1 neighbor lists, perpetual/occasional/extra = 1 0 0
  (1) pair eam/alloy, perpetual
      attributes: half, newton on
      pair build: half/bin/atomonly/newton/tri
      stencil: half/bin/3d/tri
      bin: standard
Per MPI rank memory allocation (min/avg/max) = 4.514 | 4.514 | 4.514 Mbytes
   Step           Lx             Ly             Lz           PotEng         Press           Fmax          Volume    
         0   17.6           17.6           17.6          -2111.4599     -11677.48       0.75861851     5451.776     
        10   17.6           17.6           17.6          -2113.471      -13499.362      0.0068387716   5451.776     
        16   17.6           17.6           17.6          -2113.4717     -13502.833      0.00089054706  5451.776     
Loop time of 0.0244403 on 4 procs for 16 steps with 500 atoms

76.7% CPU use with 4 MPI tasks x 1 OpenMP threads

Minimization stats:
  Stopping criterion = energy tolerance
  Energy initial, next-to-last, final = 
      -2111.4599097888  -2113.47172153707  -2113.47173124956
  Force two-norm initial, final = 7.1191026 0.0091345048
  Force max component initial, final = 0.75861851 0.00089054706
  Final line search alpha, max atom move = 1 0.00089054706
  Iterations, force evaluations = 16 32

MPI task timing breakdown:
Section |  min time  |  avg time  |  max time  |%varavg| %total
---------------------------------------------------------------
Pair    | 0.021806   | 0.021859   | 0.021956   |   0.0 | 89.44
Neigh   | 0          | 0          | 0          |   0.0 |  0.00
Comm    | 0.0015602  | 0.0016866  | 0.0017474  |   0.2 |  6.90
Output  | 2.4417e-05 | 3.4552e-05 | 6.4814e-05 |   0.0 |  0.14
Modify  | 0          | 0          | 0          |   0.0 |  0.00
Other   |            | 0.0008605  |            |       |  3.52

Nlocal:            125 ave         180 max          80 min
Histogram: 1 0 0 0 2 0 0 0 0 1
Nghost:           1737 ave        1782 max        1682 min
Histogram: 1 0 0 0 0 0 2 0 0 1
Neighs:          11000 ave       15846 max        7061 min
Histogram: 1 0 0 1 1 0 0 0 0 1

Total # of neighbors = 44000
Ave neighs/atom = 88
Neighbor list builds = 0
Dangerous builds = 0

# Релаксация ячейки aniso
fix 1 all box/relax aniso 0.0 vmax 0.0001
min_style cg
minimize 1.0e-10 1.0e-11 1000 5000
WARNING: Energy due to 3 extra global DOFs will be included in minimizer energies
 (src/min.cpp:219)
Per MPI rank memory allocation (min/avg/max) = 4.514 | 4.514 | 4.514 Mbytes
   Step           Lx             Ly             Lz           PotEng         Press           Fmax          Volume    
        16   17.6           17.6           17.6          -2113.4717     -13502.833      0.00089054706  5451.776     
        20   17.593755      17.594242      17.59296      -2113.5182     -11548.119      0.0054350285   5445.8795    
        30   17.578677      17.580664      17.57536      -2113.6008     -6739.182       0.018477225    5431.5739    
        40   17.565269      17.56965       17.55776      -2113.6388     -2293.6219      0.030271978    5418.5992    
        50   17.560017      17.571128      17.54016      -2113.6459      1.9675581      0.035814802    5412.0042    
        60   17.561408      17.577644      17.531123     -2113.6493     -3.3181393      0.024451192    5411.6504    
        70   17.561045      17.577079      17.529973     -2113.6519      15.949874      0.010191364    5411.0098    
        80   17.56035       17.576995      17.530376     -2113.6524     -0.79585425     0.0065016575   5410.8943    
        90   17.560395      17.577361      17.529035     -2113.653       18.361297      0.0016668501   5410.6066    
        96   17.560373      17.577388      17.529133     -2113.653       0.49588291     0.001422814    5410.6382    
Loop time of 0.162154 on 4 procs for 80 steps with 500 atoms

70.3% CPU use with 4 MPI tasks x 1 OpenMP threads

Minimization stats:
  Stopping criterion = energy tolerance
  Energy initial, next-to-last, final = 
     -2113.47173124956  -2113.65302810721  -2113.65302820898
  Force two-norm initial, final = 79.83336 0.022403944
  Force max component initial, final = 50.735922 0.014785619
  Final line search alpha, max atom move = 0.019113145 0.00028259969
  Iterations, force evaluations = 80 110

MPI task timing breakdown:
Section |  min time  |  avg time  |  max time  |%varavg| %total
---------------------------------------------------------------
Pair    | 0.098      | 0.098678   | 0.099445   |   0.2 | 60.85
Neigh   | 0          | 0          | 0          |   0.0 |  0.00
Comm    | 0.029316   | 0.030267   | 0.031318   |   0.4 | 18.67
Output  | 0.00019199 | 0.00034403 | 0.00079753 |   0.0 |  0.21
Modify  | 0          | 0          | 0          |   0.0 |  0.00
Other   |            | 0.03287    |            |       | 20.27

Nlocal:            125 ave         135 max         107 min
Histogram: 1 0 0 0 0 0 1 0 0 2
Nghost:           1737 ave        1755 max        1727 min
Histogram: 2 0 0 1 0 0 0 0 0 1
Neighs:          11000 ave       11946 max        9421 min
Histogram: 1 0 0 0 0 1 0 0 0 2

Total # of neighbors = 44000
Ave neighs/atom = 88
Neighbor list builds = 0
Dangerous builds = 0
unfix 1

# Промежуточная минимизация атомов
min_style cg
minimize 1.0e-10 1.0e-11 1000 5000
Per MPI rank memory allocation (min/avg/max) = 4.514 | 4.514 | 4.514 Mbytes
   Step           Lx             Ly             Lz           PotEng         Press           Fmax          Volume    
        96   17.560373      17.577388      17.529133     -2113.653       0.49588291     0.001422814    5410.6382    
       100   17.560373      17.577388      17.529133     -2113.653      -2.6941171      0.00047679379  5410.6382    
       103   17.560373      17.577388      17.529133     -2113.653      -1.3427524      0.00012919173  5410.6382    
Loop time of 0.033674 on 4 procs for 7 steps with 500 atoms

64.9% CPU use with 4 MPI tasks x 1 OpenMP threads

Minimization stats:
  Stopping criterion = energy tolerance
  Energy initial, next-to-last, final = 
     -2113.65302820898  -2113.65304628625  -2113.65304647548
  Force two-norm initial, final = 0.011749755 0.0015067598
  Force max component initial, final = 0.001422814 0.00012919173
  Final line search alpha, max atom move = 1 0.00012919173
  Iterations, force evaluations = 7 14

MPI task timing breakdown:
Section |  min time  |  avg time  |  max time  |%varavg| %total
---------------------------------------------------------------
Pair    | 0.019942   | 0.020836   | 0.02173    |   0.5 | 61.88
Neigh   | 0          | 0          | 0          |   0.0 |  0.00
Comm    | 0.0051774  | 0.0061219  | 0.0070203  |   0.8 | 18.18
Output  | 2.5042e-05 | 3.8655e-05 | 7.8911e-05 |   0.0 |  0.11
Modify  | 0          | 0          | 0          |   0.0 |  0.00
Other   |            | 0.006677   |            |       | 19.83

Nlocal:            125 ave         137 max         108 min
Histogram: 1 0 0 0 0 1 0 1 0 1
Nghost:           1737 ave        1754 max        1725 min
Histogram: 1 0 1 0 1 0 0 0 0 1
Neighs:          11000 ave       12132 max        9516 min
Histogram: 1 0 0 0 0 1 0 1 0 1

Total # of neighbors = 44000
Ave neighs/atom = 88
Neighbor list builds = 0
Dangerous builds = 0

# Релаксация ячейки iso
fix 2 all box/relax iso 0.0 vmax 0.0001
min_style cg
minimize 1.0e-10 1.0e-11 1000 5000
WARNING: Energy due to 1 extra global DOFs will be included in minimizer energies
 (src/min.cpp:219)
Per MPI rank memory allocation (min/avg/max) = 4.514 | 4.514 | 4.514 Mbytes
   Step           Lx             Ly             Lz           PotEng         Press           Fmax          Volume    
       103   17.560373      17.577388      17.529133     -2113.653      -1.3427524      0.00012919173  5410.6382    
       104   17.560368      17.577384      17.529128     -2113.653       0.015375911    0.00012962672  5410.6343    
Loop time of 0.00285553 on 4 procs for 1 steps with 500 atoms

89.1% CPU use with 4 MPI tasks x 1 OpenMP threads

Minimization stats:
  Stopping criterion = energy tolerance
  Energy initial, next-to-last, final = 
     -2113.65304647548  -2113.65304647548  -2113.65304647712
  Force two-norm initial, final = 0.013686837 0.0015189935
  Force max component initial, final = 0.013603646 0.00015577582
  Final line search alpha, max atom move = 0.0073509705 1.1451035e-06
  Iterations, force evaluations = 1 2

MPI task timing breakdown:
Section |  min time  |  avg time  |  max time  |%varavg| %total
---------------------------------------------------------------
Pair    | 0.0023836  | 0.0023929  | 0.0023973  |   0.0 | 83.80
Neigh   | 0          | 0          | 0          |   0.0 |  0.00
Comm    | 0.000226   | 0.0002316  | 0.00023894 |   0.0 |  8.11
Output  | 0          | 0          | 0          |   0.0 |  0.00
Modify  | 0          | 0          | 0          |   0.0 |  0.00
Other   |            | 0.000231   |            |       |  8.09

Nlocal:            125 ave         136 max         108 min
Histogram: 1 0 0 0 0 0 1 0 1 1
Nghost:           1737 ave        1754 max        1726 min
Histogram: 1 1 0 1 0 0 0 0 0 1
Neighs:          11000 ave       12045 max        9516 min
Histogram: 1 0 0 0 0 1 0 1 0 1

Total # of neighbors = 44000
Ave neighs/atom = 88
Neighbor list builds = 0
Dangerous builds = 0
unfix 2

variable lat_const equal "lx/5"
variable eatom equal "pe/count(all)"
variable teng equal "pe"
variable natoms equal "count(all)"

print "Lattice parameter (lx/5) = ${lat_const} A"
Lattice parameter (lx/5) = 3.51207367933648 A
print "Total Potential Energy (PE) = ${teng} eV"
Total Potential Energy (PE) = -2113.65304647712 eV
print "Number of atoms = ${natoms}"
Number of atoms = 500
print "Cohesive energy (PE/N) = ${eatom} eV"
Cohesive energy (PE/N) = -4.22730609295425 eV
print "Minimization completed."
Minimization completed.

write_data A2_8_minimized.data
System init for write_data ...
Total wall time: 0:00:00
