read_data B4_1.data
Reading data file ...
  triclinic box = (0 0 0) to (17.245 17.245 17.245) with tilt (1.0559517e-15 1.0559517e-15 1.0559517e-15)
  1 by 1 by 1 MPI processor grid
  reading atoms ...
  500 atoms
  read_data CPU = 0.004 seconds

mass 1 58.6934  # Ni
mass 2 55.845   # Fe
mass 3 51.9961  # Cr

pair_style metatomic pet-mad-latest.pt device cpu

This is the PET-MAD v1.0.2 model
================================

A universal interatomic potential for advanced materials modeling

Model authors
-------------

- Arslan Mazitov (arslan.mazitov@epfl.ch)
- Filippo Bigi
- Matthias Kellner
- Paolo Pegolo
- Davide Tisi
- Guillaume Fraux
- Sergey Pozdnyakov
- Philip Loche
- Michele Ceriotti (michele.ceriotti@epfl.ch)

Model references
----------------

Please cite the following references when using this model:
- about this specific model:
  * http://arxiv.org/abs/2503.14118
- about the architecture of this model:
  * LLPR (uncertainty method):
    https://iopscience.iop.org/article/10.1088/2632-2153/ad805f
  * LPR (if using per-atom uncertainty):
    https://pubs.acs.org/doi/10.1021/acs.jctc.3c00704
  * https://arxiv.org/abs/2305.19302v3

WARNING: the model declared support for unknown device 'cuda', it will be ignored (src/ML-METATOMIC/pair_metatomic.cpp:216)
Running simulation on cpu device with float32 data
pair_coeff * * 28 26 24

neighbor 2.0 bin
neigh_modify delay 0 check yes
timestep 0.001

thermo 10
thermo_style custom step lx ly lz pe press fmax vol

# --- ЭТАПЫ МИНИМИЗАЦИИ ---
min_style cg
minimize 1.0e-8 1.0e-9 1000 5000

CITE-CITE-CITE-CITE-CITE-CITE-CITE-CITE-CITE-CITE-CITE-CITE-CITE

Your simulation uses code contributions which should be cited:

- LLPR (uncertainty method): https://iopscience.iop.org/article/10.1088/2632-2153/ad805f
- LPR (if using per-atom uncertainty): https://pubs.acs.org/doi/10.1021/acs.jctc.3c00704
- https://arxiv.org/abs/2305.19302v3
- http://arxiv.org/abs/2503.14118
CITE-CITE-CITE-CITE-CITE-CITE-CITE-CITE-CITE-CITE-CITE-CITE-CITE

Neighbor list info ...
  update: every = 1 steps, delay = 0 steps, check = yes
  max neighbors/atom: 2000, page size: 100000
  master list distance cutoff = 11
  ghost atom cutoff = 11
  binsize = 5.5, bins = 4 4 4
  1 neighbor lists, perpetual/occasional/extra = 1 0 0
  (1) pair metatomic, perpetual
      attributes: full, newton on, ghost
      pair build: full/bin/ghost
      stencil: full/ghost/bin/3d
      bin: standard
Per MPI rank memory allocation (min/avg/max) = 19.8 | 19.8 | 19.8 Mbytes
   Step           Lx             Ly             Lz           PotEng         Press           Fmax          Volume    
         0   17.245         17.245         17.245        -4096.1689      68172.131      1.0545487      5128.491     
        10   17.245         17.245         17.245        -4101.7749      70144.182      0.0096278936   5128.491     
        12   17.245         17.245         17.245        -4101.7754      70143.571      0.0042443201   5128.491     
Loop time of 51.9768 on 8 procs for 12 steps with 500 atoms

766.5% CPU use with 1 MPI tasks x 8 OpenMP threads

Minimization stats:
  Stopping criterion = energy tolerance
  Energy initial, next-to-last, final = 
      -4096.1689453125    -4101.775390625    -4101.775390625
  Force two-norm initial, final = 11.261245 0.034308918
  Force max component initial, final = 1.0545487 0.0042443201
  Final line search alpha, max atom move = 1 0.0042443201
  Iterations, force evaluations = 12 24

MPI task timing breakdown:
Section |  min time  |  avg time  |  max time  |%varavg| %total
---------------------------------------------------------------
Pair    | 51.976     | 51.976     | 51.976     |   0.0 |100.00
Neigh   | 0          | 0          | 0          |   0.0 |  0.00
Comm    | 0.00057734 | 0.00057734 | 0.00057734 |   0.0 |  0.00
Output  | 8.0052e-05 | 8.0052e-05 | 8.0052e-05 |   0.0 |  0.00
Modify  | 0          | 0          | 0          |   0.0 |  0.00
Other   |            | 0.0005298  |            |       |  0.00

Nlocal:            500 ave         500 max         500 min
Histogram: 1 0 0 0 0 0 0 0 0 0
Nghost:           5584 ave        5584 max        5584 min
Histogram: 1 0 0 0 0 0 0 0 0 0
Neighs:              0 ave           0 max           0 min
Histogram: 1 0 0 0 0 0 0 0 0 0
FullNghs:       277000 ave      277000 max      277000 min
Histogram: 1 0 0 0 0 0 0 0 0 0

Total # of neighbors = 277000
Ave neighs/atom = 554
Neighbor list builds = 0
Dangerous builds = 0

# Релаксация ячейки aniso
fix 1 all box/relax aniso 0.0 vmax 0.0001
min_style cg
minimize 1.0e-10 1.0e-11 1000 5000
WARNING: Energy due to 3 extra global DOFs will be included in minimizer energies
 (src/min.cpp:222)
Per MPI rank memory allocation (min/avg/max) = 19.8 | 19.8 | 19.8 Mbytes
   Step           Lx             Ly             Lz           PotEng         Press           Fmax          Volume    
        12   17.245         17.245         17.245        -4101.7739      70143.564      0.0042365566   5128.491     
        20   17.258796      17.257579      17.258352     -4102.2637      62406.53       0.0096860826   5140.3144    
        30   17.276041      17.273142      17.274985     -4102.7949      52889.96       0.018026091    5155.0546    
        40   17.293286      17.288476      17.291538     -4103.2373      43561.959      0.027454678    5169.7302    
        50   17.310531      17.303496      17.307981     -4103.5938      34435.062      0.035910726    5184.3064    
        60   17.327776      17.318056      17.324261     -4103.8643      25542.521      0.045973063    5198.7229    
        70   17.345021      17.331868      17.340279     -4104.0532      16935.349      0.055679679    5212.8627    
        80   17.362266      17.344229      17.355788     -4104.1641      8782.2381      0.065514654    5226.4372    
        90   17.379511      17.352317      17.369813     -4104.2061      1748.8915      0.07496044     5238.2975    
        98   17.39195       17.344367      17.375197     -4104.2109      1.2177676      0.07809943     5241.2695    
Loop time of 215.334 on 8 procs for 86 steps with 500 atoms

784.1% CPU use with 1 MPI tasks x 8 OpenMP threads

Minimization stats:
  Stopping criterion = energy tolerance
  Energy initial, next-to-last, final = 
     -4101.77392578125      -4104.2109375      -4104.2109375
  Force two-norm initial, final = 389.15109 1.1196839
  Force max component initial, final = 233.57167 0.57690533
  Final line search alpha, max atom move = 2.2915417e-08 1.3220027e-08
  Iterations, force evaluations = 86 99

MPI task timing breakdown:
Section |  min time  |  avg time  |  max time  |%varavg| %total
---------------------------------------------------------------
Pair    | 215.32     | 215.32     | 215.32     |   0.0 |100.00
Neigh   | 0          | 0          | 0          |   0.0 |  0.00
Comm    | 0.0019341  | 0.0019341  | 0.0019341  |   0.0 |  0.00
Output  | 0.00063059 | 0.00063059 | 0.00063059 |   0.0 |  0.00
Modify  | 0          | 0          | 0          |   0.0 |  0.00
Other   |            | 0.007499   |            |       |  0.00

Nlocal:            500 ave         500 max         500 min
Histogram: 1 0 0 0 0 0 0 0 0 0
Nghost:           5584 ave        5584 max        5584 min
Histogram: 1 0 0 0 0 0 0 0 0 0
Neighs:              0 ave           0 max           0 min
Histogram: 1 0 0 0 0 0 0 0 0 0
FullNghs:       276786 ave      276786 max      276786 min
Histogram: 1 0 0 0 0 0 0 0 0 0

Total # of neighbors = 276786
Ave neighs/atom = 553.572
Neighbor list builds = 0
Dangerous builds = 0
unfix 1

# Промежуточная минимизация атомов
min_style cg
minimize 1.0e-10 1.0e-11 1000 5000
Per MPI rank memory allocation (min/avg/max) = 19.8 | 19.8 | 19.8 Mbytes
   Step           Lx             Ly             Lz           PotEng         Press           Fmax          Volume    
        98   17.39195       17.344367      17.375197     -4104.2109      1.2175976      0.07809943     5241.2695    
       100   17.39195       17.344367      17.375197     -4104.2412      750.43495      0.024630412    5241.2695    
       103   17.39195       17.344367      17.375197     -4104.2437      865.03823      0.0037955306   5241.2695    
Loop time of 24.9586 on 8 procs for 5 steps with 500 atoms

784.2% CPU use with 1 MPI tasks x 8 OpenMP threads

Minimization stats:
  Stopping criterion = energy tolerance
  Energy initial, next-to-last, final = 
         -4104.2109375  -4104.24365234375  -4104.24365234375
  Force two-norm initial, final = 0.82904351 0.038454367
  Force max component initial, final = 0.07809943 0.0037955306
  Final line search alpha, max atom move = 1 0.0037955306
  Iterations, force evaluations = 5 10

MPI task timing breakdown:
Section |  min time  |  avg time  |  max time  |%varavg| %total
---------------------------------------------------------------
Pair    | 24.958     | 24.958     | 24.958     |   0.0 |100.00
Neigh   | 0          | 0          | 0          |   0.0 |  0.00
Comm    | 0.00024713 | 0.00024713 | 0.00024713 |   0.0 |  0.00
Output  | 7.793e-05  | 7.793e-05  | 7.793e-05  |   0.0 |  0.00
Modify  | 0          | 0          | 0          |   0.0 |  0.00
Other   |            | 0.0002501  |            |       |  0.00

Nlocal:            500 ave         500 max         500 min
Histogram: 1 0 0 0 0 0 0 0 0 0
Nghost:           5584 ave        5584 max        5584 min
Histogram: 1 0 0 0 0 0 0 0 0 0
Neighs:              0 ave           0 max           0 min
Histogram: 1 0 0 0 0 0 0 0 0 0
FullNghs:       272394 ave      272394 max      272394 min
Histogram: 1 0 0 0 0 0 0 0 0 0

Total # of neighbors = 272394
Ave neighs/atom = 544.788
Neighbor list builds = 0
Dangerous builds = 0

# Релаксация ячейки iso
fix 2 all box/relax iso 0.0 vmax 0.0001
min_style cg
minimize 1.0e-10 1.0e-11 1000 5000
WARNING: Energy due to 1 extra global DOFs will be included in minimizer energies
 (src/min.cpp:222)
Per MPI rank memory allocation (min/avg/max) = 19.8 | 19.8 | 19.8 Mbytes
   Step           Lx             Ly             Lz           PotEng         Press           Fmax          Volume    
       103   17.39195       17.344367      17.375197     -4104.2437      865.04192      0.0037956983   5241.2695    
       105   17.393609      17.346022      17.376855     -4104.2441      0.073722264    0.003008727    5242.7696    
Loop time of 11.1275 on 8 procs for 2 steps with 500 atoms

786.3% CPU use with 1 MPI tasks x 8 OpenMP threads

Minimization stats:
  Stopping criterion = energy tolerance
  Energy initial, next-to-last, final = 
     -4104.24365234375    -4104.244140625    -4104.244140625
  Force two-norm initial, final = 8.4896346 0.024592444
  Force max component initial, final = 8.4895476 0.003008727
  Final line search alpha, max atom move = 1 0.003008727
  Iterations, force evaluations = 2 4

MPI task timing breakdown:
Section |  min time  |  avg time  |  max time  |%varavg| %total
---------------------------------------------------------------
Pair    | 11.127     | 11.127     | 11.127     |   0.0 |100.00
Neigh   | 0          | 0          | 0          |   0.0 |  0.00
Comm    | 0.00010914 | 0.00010914 | 0.00010914 |   0.0 |  0.00
Output  | 0          | 0          | 0          |   0.0 |  0.00
Modify  | 0          | 0          | 0          |   0.0 |  0.00
Other   |            | 0.0004092  |            |       |  0.00

Nlocal:            500 ave         500 max         500 min
Histogram: 1 0 0 0 0 0 0 0 0 0
Nghost:           5584 ave        5584 max        5584 min
Histogram: 1 0 0 0 0 0 0 0 0 0
Neighs:              0 ave           0 max           0 min
Histogram: 1 0 0 0 0 0 0 0 0 0
FullNghs:       272398 ave      272398 max      272398 min
Histogram: 1 0 0 0 0 0 0 0 0 0

Total # of neighbors = 272398
Ave neighs/atom = 544.796
Neighbor list builds = 0
Dangerous builds = 0
unfix 2

variable lat_const equal "lx/5"
variable eatom equal "pe/count(all)"
variable teng equal "pe"
variable natoms equal "count(all)"

print "Lattice parameter (lx/5) = ${lat_const} A"
Lattice parameter (lx/5) = 3.47872189429352 A
print "Total Potential Energy (PE) = ${teng} eV"
Total Potential Energy (PE) = -4104.244140625 eV
print "Number of atoms = ${natoms}"
Number of atoms = 500
print "Cohesive energy (PE/N) = ${eatom} eV"
Cohesive energy (PE/N) = -8.20848828125 eV
print "Minimization completed."
Minimization completed.

write_data B4_1_minimized.data
System init for write_data ...
Total wall time: 0:05:12
