read_data B4_11.data
Reading data file ...
  triclinic box = (0 0 0) to (17.245 17.245 17.245) with tilt (1.0559517e-15 1.0559517e-15 1.0559517e-15)
  1 by 1 by 1 MPI processor grid
  reading atoms ...
  500 atoms
  read_data CPU = 0.003 seconds

mass 1 58.6934  # Ni
mass 2 55.845   # Fe
mass 3 51.9961  # Cr

pair_style metatomic pet-mad-latest.pt device cpu

This is the PET-MAD v1.0.2 model
================================

A universal interatomic potential for advanced materials modeling

Model authors
-------------

- Arslan Mazitov (arslan.mazitov@epfl.ch)
- Filippo Bigi
- Matthias Kellner
- Paolo Pegolo
- Davide Tisi
- Guillaume Fraux
- Sergey Pozdnyakov
- Philip Loche
- Michele Ceriotti (michele.ceriotti@epfl.ch)

Model references
----------------

Please cite the following references when using this model:
- about this specific model:
  * http://arxiv.org/abs/2503.14118
- about the architecture of this model:
  * LLPR (uncertainty method):
    https://iopscience.iop.org/article/10.1088/2632-2153/ad805f
  * LPR (if using per-atom uncertainty):
    https://pubs.acs.org/doi/10.1021/acs.jctc.3c00704
  * https://arxiv.org/abs/2305.19302v3

WARNING: the model declared support for unknown device 'cuda', it will be ignored (src/ML-METATOMIC/pair_metatomic.cpp:216)
Running simulation on cpu device with float32 data
pair_coeff * * 28 26 24

neighbor 2.0 bin
neigh_modify delay 0 check yes
timestep 0.001

thermo 10
thermo_style custom step lx ly lz pe press fmax vol

# --- ЭТАПЫ МИНИМИЗАЦИИ ---
min_style cg
minimize 1.0e-8 1.0e-9 1000 5000

CITE-CITE-CITE-CITE-CITE-CITE-CITE-CITE-CITE-CITE-CITE-CITE-CITE

Your simulation uses code contributions which should be cited:

- LLPR (uncertainty method): https://iopscience.iop.org/article/10.1088/2632-2153/ad805f
- LPR (if using per-atom uncertainty): https://pubs.acs.org/doi/10.1021/acs.jctc.3c00704
- https://arxiv.org/abs/2305.19302v3
- http://arxiv.org/abs/2503.14118
CITE-CITE-CITE-CITE-CITE-CITE-CITE-CITE-CITE-CITE-CITE-CITE-CITE

Neighbor list info ...
  update: every = 1 steps, delay = 0 steps, check = yes
  max neighbors/atom: 2000, page size: 100000
  master list distance cutoff = 11
  ghost atom cutoff = 11
  binsize = 5.5, bins = 4 4 4
  1 neighbor lists, perpetual/occasional/extra = 1 0 0
  (1) pair metatomic, perpetual
      attributes: full, newton on, ghost
      pair build: full/bin/ghost
      stencil: full/ghost/bin/3d
      bin: standard
Per MPI rank memory allocation (min/avg/max) = 19.8 | 19.8 | 19.8 Mbytes
   Step           Lx             Ly             Lz           PotEng         Press           Fmax          Volume    
         0   17.245         17.245         17.245        -4094.1392      69337.133      1.1259054      5128.491     
        10   17.245         17.245         17.245        -4100.1899      71347.975      0.01870757     5128.491     
        13   17.245         17.245         17.245        -4100.1919      71358.776      0.0085255951   5128.491     
Loop time of 56.4608 on 8 procs for 13 steps with 500 atoms

763.9% CPU use with 1 MPI tasks x 8 OpenMP threads

Minimization stats:
  Stopping criterion = energy tolerance
  Energy initial, next-to-last, final = 
     -4094.13916015625  -4100.19189453125  -4100.19189453125
  Force two-norm initial, final = 11.618191 0.055525008
  Force max component initial, final = 1.1259054 0.0085255951
  Final line search alpha, max atom move = 1 0.0085255951
  Iterations, force evaluations = 13 26

MPI task timing breakdown:
Section |  min time  |  avg time  |  max time  |%varavg| %total
---------------------------------------------------------------
Pair    | 56.459     | 56.459     | 56.459     |   0.0 |100.00
Neigh   | 0          | 0          | 0          |   0.0 |  0.00
Comm    | 0.00086983 | 0.00086983 | 0.00086983 |   0.0 |  0.00
Output  | 3.111e-05  | 3.111e-05  | 3.111e-05  |   0.0 |  0.00
Modify  | 0          | 0          | 0          |   0.0 |  0.00
Other   |            | 0.0005247  |            |       |  0.00

Nlocal:            500 ave         500 max         500 min
Histogram: 1 0 0 0 0 0 0 0 0 0
Nghost:           5584 ave        5584 max        5584 min
Histogram: 1 0 0 0 0 0 0 0 0 0
Neighs:              0 ave           0 max           0 min
Histogram: 1 0 0 0 0 0 0 0 0 0
FullNghs:       277000 ave      277000 max      277000 min
Histogram: 1 0 0 0 0 0 0 0 0 0

Total # of neighbors = 277000
Ave neighs/atom = 554
Neighbor list builds = 0
Dangerous builds = 0

# Релаксация ячейки aniso
fix 1 all box/relax aniso 0.0 vmax 0.0001
min_style cg
minimize 1.0e-10 1.0e-11 1000 5000
WARNING: Energy due to 3 extra global DOFs will be included in minimizer energies
 (src/min.cpp:222)
Per MPI rank memory allocation (min/avg/max) = 19.8 | 19.8 | 19.8 Mbytes
   Step           Lx             Ly             Lz           PotEng         Press           Fmax          Volume    
        13   17.245         17.245         17.245        -4100.1914      71358.831      0.0085263848   5128.491     
        20   17.256355      17.256593      17.257072     -4100.6333      64526.539      0.0082380623   5138.9125    
        30   17.272481      17.273094      17.274317     -4101.188       54900.106      0.018051349    5153.7784    
        40   17.288467      17.289502      17.291562     -4101.6523      45445.519      0.028499186    5168.6031    
        50   17.304257      17.305783      17.308807     -4102.0288      36177.524      0.038688276    5183.3595    
        60   17.31976       17.321871      17.326052     -4102.3184      27113.686      0.048532173    5198         
        70   17.334796      17.33765       17.343297     -4102.5234      18306.108      0.057970565    5212.4344    
        80   17.348939      17.352842      17.360542     -4102.6475      9875.9265      0.066769823    5226.4498    
        90   17.360491      17.366344      17.377787     -4102.6973      2307.8854      0.074932188    5239.1986    
        97   17.359883      17.369581      17.388134     -4102.7017      3.080712       0.078383073    5243.1116    
Loop time of 221.861 on 8 procs for 84 steps with 500 atoms

768.6% CPU use with 1 MPI tasks x 8 OpenMP threads

Minimization stats:
  Stopping criterion = linesearch alpha is zero
  Energy initial, next-to-last, final = 
        -4100.19140625  -4102.70166015625  -4102.70166015625
  Force two-norm initial, final = 395.75002 1.6172213
  Force max component initial, final = 235.98366 1.073366
  Final line search alpha, max atom move = 2.8431555e-09 3.0517464e-09
  Iterations, force evaluations = 84 99

MPI task timing breakdown:
Section |  min time  |  avg time  |  max time  |%varavg| %total
---------------------------------------------------------------
Pair    | 221.85     | 221.85     | 221.85     |   0.0 |100.00
Neigh   | 0          | 0          | 0          |   0.0 |  0.00
Comm    | 0.0022344  | 0.0022344  | 0.0022344  |   0.0 |  0.00
Output  | 0.00037753 | 0.00037753 | 0.00037753 |   0.0 |  0.00
Modify  | 0          | 0          | 0          |   0.0 |  0.00
Other   |            | 0.007784   |            |       |  0.00

Nlocal:            500 ave         500 max         500 min
Histogram: 1 0 0 0 0 0 0 0 0 0
Nghost:           5584 ave        5584 max        5584 min
Histogram: 1 0 0 0 0 0 0 0 0 0
Neighs:              0 ave           0 max           0 min
Histogram: 1 0 0 0 0 0 0 0 0 0
FullNghs:       276702 ave      276702 max      276702 min
Histogram: 1 0 0 0 0 0 0 0 0 0

Total # of neighbors = 276702
Ave neighs/atom = 553.404
Neighbor list builds = 0
Dangerous builds = 0
unfix 1

# Промежуточная минимизация атомов
min_style cg
minimize 1.0e-10 1.0e-11 1000 5000
Per MPI rank memory allocation (min/avg/max) = 19.8 | 19.8 | 19.8 Mbytes
   Step           Lx             Ly             Lz           PotEng         Press           Fmax          Volume    
        97   17.359883      17.369581      17.388134     -4102.7017      3.0801535      0.078383043    5243.1116    
       100   17.359883      17.369581      17.388134     -4102.7324      856.20855      0.014180601    5243.1116    
       103   17.359883      17.369581      17.388134     -4102.7339      860.60853      0.0050031245   5243.1116    
Loop time of 29.5652 on 8 procs for 6 steps with 500 atoms

766.1% CPU use with 1 MPI tasks x 8 OpenMP threads

Minimization stats:
  Stopping criterion = energy tolerance
  Energy initial, next-to-last, final = 
     -4102.70166015625  -4102.73388671875  -4102.73388671875
  Force two-norm initial, final = 0.81536943 0.045126638
  Force max component initial, final = 0.078383043 0.0050031245
  Final line search alpha, max atom move = 1 0.0050031245
  Iterations, force evaluations = 6 12

MPI task timing breakdown:
Section |  min time  |  avg time  |  max time  |%varavg| %total
---------------------------------------------------------------
Pair    | 29.565     | 29.565     | 29.565     |   0.0 |100.00
Neigh   | 0          | 0          | 0          |   0.0 |  0.00
Comm    | 0.00033077 | 0.00033077 | 0.00033077 |   0.0 |  0.00
Output  | 2.782e-05  | 2.782e-05  | 2.782e-05  |   0.0 |  0.00
Modify  | 0          | 0          | 0          |   0.0 |  0.00
Other   |            | 0.0002475  |            |       |  0.00

Nlocal:            500 ave         500 max         500 min
Histogram: 1 0 0 0 0 0 0 0 0 0
Nghost:           5584 ave        5584 max        5584 min
Histogram: 1 0 0 0 0 0 0 0 0 0
Neighs:              0 ave           0 max           0 min
Histogram: 1 0 0 0 0 0 0 0 0 0
FullNghs:       272466 ave      272466 max      272466 min
Histogram: 1 0 0 0 0 0 0 0 0 0

Total # of neighbors = 272466
Ave neighs/atom = 544.932
Neighbor list builds = 0
Dangerous builds = 0

# Релаксация ячейки iso
fix 2 all box/relax iso 0.0 vmax 0.0001
min_style cg
minimize 1.0e-10 1.0e-11 1000 5000
WARNING: Energy due to 1 extra global DOFs will be included in minimizer energies
 (src/min.cpp:222)
Per MPI rank memory allocation (min/avg/max) = 19.8 | 19.8 | 19.8 Mbytes
   Step           Lx             Ly             Lz           PotEng         Press           Fmax          Volume    
       103   17.359883      17.369581      17.388134     -4102.7339      860.61496      0.0050033629   5243.1116    
       105   17.36184       17.37154       17.390094     -4102.7344     -183.65989      0.0047213882   5244.8854    
Loop time of 11.1426 on 8 procs for 2 steps with 500 atoms

785.0% CPU use with 1 MPI tasks x 8 OpenMP threads

Minimization stats:
  Stopping criterion = energy tolerance
  Energy initial, next-to-last, final = 
     -4102.73388671875       -4102.734375       -4102.734375
  Force two-norm initial, final = 8.4491902 1.803823
  Force max component initial, final = 8.4490697 1.8034839
  Final line search alpha, max atom move = 0.11998123 0.21638422
  Iterations, force evaluations = 2 4

MPI task timing breakdown:
Section |  min time  |  avg time  |  max time  |%varavg| %total
---------------------------------------------------------------
Pair    | 11.142     | 11.142     | 11.142     |   0.0 |100.00
Neigh   | 0          | 0          | 0          |   0.0 |  0.00
Comm    | 9.5089e-05 | 9.5089e-05 | 9.5089e-05 |   0.0 |  0.00
Output  | 0          | 0          | 0          |   0.0 |  0.00
Modify  | 0          | 0          | 0          |   0.0 |  0.00
Other   |            | 0.0003288  |            |       |  0.00

Nlocal:            500 ave         500 max         500 min
Histogram: 1 0 0 0 0 0 0 0 0 0
Nghost:           5584 ave        5584 max        5584 min
Histogram: 1 0 0 0 0 0 0 0 0 0
Neighs:              0 ave           0 max           0 min
Histogram: 1 0 0 0 0 0 0 0 0 0
FullNghs:       272354 ave      272354 max      272354 min
Histogram: 1 0 0 0 0 0 0 0 0 0

Total # of neighbors = 272354
Ave neighs/atom = 544.708
Neighbor list builds = 0
Dangerous builds = 0
unfix 2

variable lat_const equal "lx/5"
variable eatom equal "pe/count(all)"
variable teng equal "pe"
variable natoms equal "count(all)"

print "Lattice parameter (lx/5) = ${lat_const} A"
Lattice parameter (lx/5) = 3.47236807280451 A
print "Total Potential Energy (PE) = ${teng} eV"
Total Potential Energy (PE) = -4102.734375 eV
print "Number of atoms = ${natoms}"
Number of atoms = 500
print "Cohesive energy (PE/N) = ${eatom} eV"
Cohesive energy (PE/N) = -8.20546875 eV
print "Minimization completed."
Minimization completed.

write_data B4_11_minimized.data
System init for write_data ...
Total wall time: 0:05:28
