read_data B4_3.data
Reading data file ...
  triclinic box = (0 0 0) to (17.245 17.245 17.245) with tilt (1.0559517e-15 1.0559517e-15 1.0559517e-15)
  1 by 1 by 1 MPI processor grid
  reading atoms ...
  500 atoms
  read_data CPU = 0.004 seconds

mass 1 58.6934  # Ni
mass 2 55.845   # Fe
mass 3 51.9961  # Cr

pair_style metatomic pet-mad-latest.pt device cpu

This is the PET-MAD v1.0.2 model
================================

A universal interatomic potential for advanced materials modeling

Model authors
-------------

- Arslan Mazitov (arslan.mazitov@epfl.ch)
- Filippo Bigi
- Matthias Kellner
- Paolo Pegolo
- Davide Tisi
- Guillaume Fraux
- Sergey Pozdnyakov
- Philip Loche
- Michele Ceriotti (michele.ceriotti@epfl.ch)

Model references
----------------

Please cite the following references when using this model:
- about this specific model:
  * http://arxiv.org/abs/2503.14118
- about the architecture of this model:
  * LLPR (uncertainty method):
    https://iopscience.iop.org/article/10.1088/2632-2153/ad805f
  * LPR (if using per-atom uncertainty):
    https://pubs.acs.org/doi/10.1021/acs.jctc.3c00704
  * https://arxiv.org/abs/2305.19302v3

WARNING: the model declared support for unknown device 'cuda', it will be ignored (src/ML-METATOMIC/pair_metatomic.cpp:216)
Running simulation on cpu device with float32 data
pair_coeff * * 28 26 24

neighbor 2.0 bin
neigh_modify delay 0 check yes
timestep 0.001

thermo 10
thermo_style custom step lx ly lz pe press fmax vol

# --- ЭТАПЫ МИНИМИЗАЦИИ ---
min_style cg
minimize 1.0e-8 1.0e-9 1000 5000

CITE-CITE-CITE-CITE-CITE-CITE-CITE-CITE-CITE-CITE-CITE-CITE-CITE

Your simulation uses code contributions which should be cited:

- LLPR (uncertainty method): https://iopscience.iop.org/article/10.1088/2632-2153/ad805f
- LPR (if using per-atom uncertainty): https://pubs.acs.org/doi/10.1021/acs.jctc.3c00704
- https://arxiv.org/abs/2305.19302v3
- http://arxiv.org/abs/2503.14118
CITE-CITE-CITE-CITE-CITE-CITE-CITE-CITE-CITE-CITE-CITE-CITE-CITE

Neighbor list info ...
  update: every = 1 steps, delay = 0 steps, check = yes
  max neighbors/atom: 2000, page size: 100000
  master list distance cutoff = 11
  ghost atom cutoff = 11
  binsize = 5.5, bins = 4 4 4
  1 neighbor lists, perpetual/occasional/extra = 1 0 0
  (1) pair metatomic, perpetual
      attributes: full, newton on, ghost
      pair build: full/bin/ghost
      stencil: full/ghost/bin/3d
      bin: standard
Per MPI rank memory allocation (min/avg/max) = 19.8 | 19.8 | 19.8 Mbytes
   Step           Lx             Ly             Lz           PotEng         Press           Fmax          Volume    
         0   17.245         17.245         17.245        -4095.3853      68811.903      1.0695715      5128.491     
        10   17.245         17.245         17.245        -4101.3286      70588.846      0.029374704    5128.491     
        14   17.245         17.245         17.245        -4101.3311      70593.049      0.0045014322   5128.491     
Loop time of 61.378 on 8 procs for 14 steps with 500 atoms

766.4% CPU use with 1 MPI tasks x 8 OpenMP threads

Minimization stats:
  Stopping criterion = energy tolerance
  Energy initial, next-to-last, final = 
     -4095.38525390625   -4101.3310546875   -4101.3310546875
  Force two-norm initial, final = 11.300263 0.029729953
  Force max component initial, final = 1.0695715 0.0045014322
  Final line search alpha, max atom move = 1 0.0045014322
  Iterations, force evaluations = 14 28

MPI task timing breakdown:
Section |  min time  |  avg time  |  max time  |%varavg| %total
---------------------------------------------------------------
Pair    | 61.377     | 61.377     | 61.377     |   0.0 |100.00
Neigh   | 0          | 0          | 0          |   0.0 |  0.00
Comm    | 0.00069844 | 0.00069844 | 0.00069844 |   0.0 |  0.00
Output  | 7.6562e-05 | 7.6562e-05 | 7.6562e-05 |   0.0 |  0.00
Modify  | 0          | 0          | 0          |   0.0 |  0.00
Other   |            | 0.000541   |            |       |  0.00

Nlocal:            500 ave         500 max         500 min
Histogram: 1 0 0 0 0 0 0 0 0 0
Nghost:           5584 ave        5584 max        5584 min
Histogram: 1 0 0 0 0 0 0 0 0 0
Neighs:              0 ave           0 max           0 min
Histogram: 1 0 0 0 0 0 0 0 0 0
FullNghs:       277000 ave      277000 max      277000 min
Histogram: 1 0 0 0 0 0 0 0 0 0

Total # of neighbors = 277000
Ave neighs/atom = 554
Neighbor list builds = 0
Dangerous builds = 0

# Релаксация ячейки aniso
fix 1 all box/relax aniso 0.0 vmax 0.0001
min_style cg
minimize 1.0e-10 1.0e-11 1000 5000
WARNING: Energy due to 3 extra global DOFs will be included in minimizer energies
 (src/min.cpp:222)
Per MPI rank memory allocation (min/avg/max) = 19.8 | 19.8 | 19.8 Mbytes
   Step           Lx             Ly             Lz           PotEng         Press           Fmax          Volume    
        14   17.245         17.245         17.245        -4101.3306      70593.032      0.0045009609   5128.491     
        20   17.254872      17.254743      17.255347     -4101.7075      64735.752      0.0072018504   5137.4065    
        30   17.271261      17.270893      17.272592     -4102.2627      55107.988      0.017872855    5152.2432    
        40   17.287547      17.286902      17.289837     -4102.728       45659.565      0.028665949    5167.0356    
        50   17.303693      17.302718      17.307082     -4103.106       36401.254      0.03838148     5181.7562    
        60   17.319636      17.31825       17.324327     -4103.3965      27346.952      0.04755456     5196.3587    
        70   17.335251      17.333327      17.341572     -4103.6035      18549.157      0.056272753    5210.7533    
        80   17.350239      17.347541      17.358817     -4103.7295      10128.279      0.065813377    5224.7259    
        90   17.363465      17.359338      17.376062     -4103.7812      2557.0877      0.074283421    5237.4624    
        95   17.366909      17.361314      17.383523     -4103.7852      267.12952      0.077152252    5241.3471    
Loop time of 215.946 on 8 procs for 81 steps with 500 atoms

793.4% CPU use with 1 MPI tasks x 8 OpenMP threads

Minimization stats:
  Stopping criterion = energy tolerance
  Energy initial, next-to-last, final = 
     -4101.33056640625     -4103.78515625     -4103.78515625
  Force two-norm initial, final = 391.50869 3.4628448
  Force max component initial, final = 233.90482 3.2451446
  Final line search alpha, max atom move = 3.2939347e-09 1.0689294e-08
  Iterations, force evaluations = 81 95

MPI task timing breakdown:
Section |  min time  |  avg time  |  max time  |%varavg| %total
---------------------------------------------------------------
Pair    | 215.94     | 215.94     | 215.94     |   0.0 |100.00
Neigh   | 0          | 0          | 0          |   0.0 |  0.00
Comm    | 0.0018189  | 0.0018189  | 0.0018189  |   0.0 |  0.00
Output  | 0.00061048 | 0.00061048 | 0.00061048 |   0.0 |  0.00
Modify  | 0          | 0          | 0          |   0.0 |  0.00
Other   |            | 0.007289   |            |       |  0.00

Nlocal:            500 ave         500 max         500 min
Histogram: 1 0 0 0 0 0 0 0 0 0
Nghost:           5584 ave        5584 max        5584 min
Histogram: 1 0 0 0 0 0 0 0 0 0
Neighs:              0 ave           0 max           0 min
Histogram: 1 0 0 0 0 0 0 0 0 0
FullNghs:       276728 ave      276728 max      276728 min
Histogram: 1 0 0 0 0 0 0 0 0 0

Total # of neighbors = 276728
Ave neighs/atom = 553.456
Neighbor list builds = 0
Dangerous builds = 0
unfix 1

# Промежуточная минимизация атомов
min_style cg
minimize 1.0e-10 1.0e-11 1000 5000
Per MPI rank memory allocation (min/avg/max) = 19.8 | 19.8 | 19.8 Mbytes
   Step           Lx             Ly             Lz           PotEng         Press           Fmax          Volume    
        95   17.366909      17.361314      17.383523     -4103.7852      267.12842      0.07715226     5241.3471    
       100   17.366909      17.361314      17.383523     -4103.8159      1107.9259      0.0043726284   5241.3471    
Loop time of 24.8715 on 8 procs for 5 steps with 500 atoms

792.3% CPU use with 1 MPI tasks x 8 OpenMP threads

Minimization stats:
  Stopping criterion = energy tolerance
  Energy initial, next-to-last, final = 
        -4103.78515625  -4103.81591796875  -4103.81591796875
  Force two-norm initial, final = 0.79911602 0.030832654
  Force max component initial, final = 0.07715226 0.0043726284
  Final line search alpha, max atom move = 1 0.0043726284
  Iterations, force evaluations = 5 10

MPI task timing breakdown:
Section |  min time  |  avg time  |  max time  |%varavg| %total
---------------------------------------------------------------
Pair    | 24.871     | 24.871     | 24.871     |   0.0 |100.00
Neigh   | 0          | 0          | 0          |   0.0 |  0.00
Comm    | 0.00024431 | 0.00024431 | 0.00024431 |   0.0 |  0.00
Output  | 0          | 0          | 0          |   0.0 |  0.00
Modify  | 0          | 0          | 0          |   0.0 |  0.00
Other   |            | 0.0002503  |            |       |  0.00

Nlocal:            500 ave         500 max         500 min
Histogram: 1 0 0 0 0 0 0 0 0 0
Nghost:           5584 ave        5584 max        5584 min
Histogram: 1 0 0 0 0 0 0 0 0 0
Neighs:              0 ave           0 max           0 min
Histogram: 1 0 0 0 0 0 0 0 0 0
FullNghs:       272456 ave      272456 max      272456 min
Histogram: 1 0 0 0 0 0 0 0 0 0

Total # of neighbors = 272456
Ave neighs/atom = 544.912
Neighbor list builds = 0
Dangerous builds = 0

# Релаксация ячейки iso
fix 2 all box/relax iso 0.0 vmax 0.0001
min_style cg
minimize 1.0e-10 1.0e-11 1000 5000
WARNING: Energy due to 1 extra global DOFs will be included in minimizer energies
 (src/min.cpp:222)
Per MPI rank memory allocation (min/avg/max) = 19.8 | 19.8 | 19.8 Mbytes
   Step           Lx             Ly             Lz           PotEng         Press           Fmax          Volume    
       100   17.366909      17.361314      17.383523     -4103.8159      1107.9263      0.0043726303   5241.3471    
       102   17.368984      17.363389      17.3856       -4103.8164     -0.47316074     0.0047917366   5243.2265    
Loop time of 9.16655 on 8 procs for 2 steps with 500 atoms

791.0% CPU use with 1 MPI tasks x 8 OpenMP threads

Minimization stats:
  Stopping criterion = energy tolerance
  Energy initial, next-to-last, final = 
     -4103.81591796875     -4103.81640625     -4103.81640625
  Force two-norm initial, final = 10.873427 0.036915749
  Force max component initial, final = 10.873383 0.0047917366
  Final line search alpha, max atom move = 5.6397216e-05 2.702406e-07
  Iterations, force evaluations = 2 3

MPI task timing breakdown:
Section |  min time  |  avg time  |  max time  |%varavg| %total
---------------------------------------------------------------
Pair    | 9.1662     | 9.1662     | 9.1662     |   0.0 |100.00
Neigh   | 0          | 0          | 0          |   0.0 |  0.00
Comm    | 7.7188e-05 | 7.7188e-05 | 7.7188e-05 |   0.0 |  0.00
Output  | 0          | 0          | 0          |   0.0 |  0.00
Modify  | 0          | 0          | 0          |   0.0 |  0.00
Other   |            | 0.0003043  |            |       |  0.00

Nlocal:            500 ave         500 max         500 min
Histogram: 1 0 0 0 0 0 0 0 0 0
Nghost:           5584 ave        5584 max        5584 min
Histogram: 1 0 0 0 0 0 0 0 0 0
Neighs:              0 ave           0 max           0 min
Histogram: 1 0 0 0 0 0 0 0 0 0
FullNghs:       272432 ave      272432 max      272432 min
Histogram: 1 0 0 0 0 0 0 0 0 0

Total # of neighbors = 272432
Ave neighs/atom = 544.864
Neighbor list builds = 0
Dangerous builds = 0
unfix 2

variable lat_const equal "lx/5"
variable eatom equal "pe/count(all)"
variable teng equal "pe"
variable natoms equal "count(all)"

print "Lattice parameter (lx/5) = ${lat_const} A"
Lattice parameter (lx/5) = 3.47379687763874 A
print "Total Potential Energy (PE) = ${teng} eV"
Total Potential Energy (PE) = -4103.81640625 eV
print "Number of atoms = ${natoms}"
Number of atoms = 500
print "Cohesive energy (PE/N) = ${eatom} eV"
Cohesive energy (PE/N) = -8.2076328125 eV
print "Minimization completed."
Minimization completed.

write_data B4_3_minimized.data
System init for write_data ...
Total wall time: 0:05:21
