read_data B4_5.data
Reading data file ...
  triclinic box = (0 0 0) to (17.245 17.245 17.245) with tilt (1.0559517e-15 1.0559517e-15 1.0559517e-15)
  1 by 1 by 1 MPI processor grid
  reading atoms ...
  500 atoms
  read_data CPU = 0.003 seconds

mass 1 58.6934  # Ni
mass 2 55.845   # Fe
mass 3 51.9961  # Cr

pair_style metatomic pet-mad-latest.pt device cpu

This is the PET-MAD v1.0.2 model
================================

A universal interatomic potential for advanced materials modeling

Model authors
-------------

- Arslan Mazitov (arslan.mazitov@epfl.ch)
- Filippo Bigi
- Matthias Kellner
- Paolo Pegolo
- Davide Tisi
- Guillaume Fraux
- Sergey Pozdnyakov
- Philip Loche
- Michele Ceriotti (michele.ceriotti@epfl.ch)

Model references
----------------

Please cite the following references when using this model:
- about this specific model:
  * http://arxiv.org/abs/2503.14118
- about the architecture of this model:
  * LLPR (uncertainty method):
    https://iopscience.iop.org/article/10.1088/2632-2153/ad805f
  * LPR (if using per-atom uncertainty):
    https://pubs.acs.org/doi/10.1021/acs.jctc.3c00704
  * https://arxiv.org/abs/2305.19302v3

WARNING: the model declared support for unknown device 'cuda', it will be ignored (src/ML-METATOMIC/pair_metatomic.cpp:216)
Running simulation on cpu device with float32 data
pair_coeff * * 28 26 24

neighbor 2.0 bin
neigh_modify delay 0 check yes
timestep 0.001

thermo 10
thermo_style custom step lx ly lz pe press fmax vol

# --- ЭТАПЫ МИНИМИЗАЦИИ ---
min_style cg
minimize 1.0e-8 1.0e-9 1000 5000

CITE-CITE-CITE-CITE-CITE-CITE-CITE-CITE-CITE-CITE-CITE-CITE-CITE

Your simulation uses code contributions which should be cited:

- LLPR (uncertainty method): https://iopscience.iop.org/article/10.1088/2632-2153/ad805f
- LPR (if using per-atom uncertainty): https://pubs.acs.org/doi/10.1021/acs.jctc.3c00704
- https://arxiv.org/abs/2305.19302v3
- http://arxiv.org/abs/2503.14118
CITE-CITE-CITE-CITE-CITE-CITE-CITE-CITE-CITE-CITE-CITE-CITE-CITE

Neighbor list info ...
  update: every = 1 steps, delay = 0 steps, check = yes
  max neighbors/atom: 2000, page size: 100000
  master list distance cutoff = 11
  ghost atom cutoff = 11
  binsize = 5.5, bins = 4 4 4
  1 neighbor lists, perpetual/occasional/extra = 1 0 0
  (1) pair metatomic, perpetual
      attributes: full, newton on, ghost
      pair build: full/bin/ghost
      stencil: full/ghost/bin/3d
      bin: standard
Per MPI rank memory allocation (min/avg/max) = 19.8 | 19.8 | 19.8 Mbytes
   Step           Lx             Ly             Lz           PotEng         Press           Fmax          Volume    
         0   17.245         17.245         17.245        -4094.7107      69066.925      1.1842201      5128.491     
        10   17.245         17.245         17.245        -4100.8804      70518.273      0.0091838986   5128.491     
        13   17.245         17.245         17.245        -4100.8813      70519.638      0.0039810985   5128.491     
Loop time of 59.2327 on 8 procs for 13 steps with 500 atoms

772.3% CPU use with 1 MPI tasks x 8 OpenMP threads

Minimization stats:
  Stopping criterion = energy tolerance
  Energy initial, next-to-last, final = 
     -4094.71069335938  -4100.88134765625  -4100.88134765625
  Force two-norm initial, final = 11.766619 0.030300866
  Force max component initial, final = 1.1842201 0.0039810985
  Final line search alpha, max atom move = 1 0.0039810985
  Iterations, force evaluations = 13 26

MPI task timing breakdown:
Section |  min time  |  avg time  |  max time  |%varavg| %total
---------------------------------------------------------------
Pair    | 59.231     | 59.231     | 59.231     |   0.0 |100.00
Neigh   | 0          | 0          | 0          |   0.0 |  0.00
Comm    | 0.00060902 | 0.00060902 | 0.00060902 |   0.0 |  0.00
Output  | 3.0686e-05 | 3.0686e-05 | 3.0686e-05 |   0.0 |  0.00
Modify  | 0          | 0          | 0          |   0.0 |  0.00
Other   |            | 0.0005202  |            |       |  0.00

Nlocal:            500 ave         500 max         500 min
Histogram: 1 0 0 0 0 0 0 0 0 0
Nghost:           5584 ave        5584 max        5584 min
Histogram: 1 0 0 0 0 0 0 0 0 0
Neighs:              0 ave           0 max           0 min
Histogram: 1 0 0 0 0 0 0 0 0 0
FullNghs:       277000 ave      277000 max      277000 min
Histogram: 1 0 0 0 0 0 0 0 0 0

Total # of neighbors = 277000
Ave neighs/atom = 554
Neighbor list builds = 0
Dangerous builds = 0

# Релаксация ячейки aniso
fix 1 all box/relax aniso 0.0 vmax 0.0001
min_style cg
minimize 1.0e-10 1.0e-11 1000 5000
WARNING: Energy due to 3 extra global DOFs will be included in minimizer energies
 (src/min.cpp:222)
Per MPI rank memory allocation (min/avg/max) = 19.8 | 19.8 | 19.8 Mbytes
   Step           Lx             Ly             Lz           PotEng         Press           Fmax          Volume    
        13   17.245         17.245         17.245        -4100.8804      70519.605      0.0039809197   5128.491     
        20   17.256789      17.257072      17.256705     -4101.3237      63615.235      0.0086574033   5139.0751    
        30   17.273588      17.274317      17.273374     -4101.8779      53879.637      0.020480692    5154.1921    
        40   17.29032       17.291562      17.289963     -4102.3408      44300.332      0.032636084    5169.2949    
        50   17.30696       17.308807      17.306437     -4102.7129      34888.485      0.044653561    5184.365     
        60   17.323458      17.326052      17.322738     -4102.9966      25654.848      0.056518748    5199.3699    
        70   17.339713      17.343297      17.338742     -4103.1929      16641.168      0.068213344    5214.2415    
        80   17.355445      17.360542      17.354115     -4103.3047      7955.2226      0.079571396    5228.7935    
        90   17.368719      17.377787      17.366534     -4103.3389      333.22564      0.089237645    5241.7391    
        92   17.369101      17.379511      17.366642     -4103.3394     -56.545581      0.089563906    5242.4073    
Loop time of 212.713 on 8 procs for 79 steps with 500 atoms

777.1% CPU use with 1 MPI tasks x 8 OpenMP threads

Minimization stats:
  Stopping criterion = linesearch alpha is zero
  Energy initial, next-to-last, final = 
     -4100.88037109375  -4103.33935546875  -4103.33935546875
  Force two-norm initial, final = 391.00777 1.6013545
  Force max component initial, final = 229.71938 0.88508414
  Final line search alpha, max atom move = 3.3421835e-09 2.9581137e-09
  Iterations, force evaluations = 79 94

MPI task timing breakdown:
Section |  min time  |  avg time  |  max time  |%varavg| %total
---------------------------------------------------------------
Pair    | 212.7      | 212.7      | 212.7      |   0.0 |100.00
Neigh   | 0          | 0          | 0          |   0.0 |  0.00
Comm    | 0.002377   | 0.002377   | 0.002377   |   0.0 |  0.00
Output  | 0.0004579  | 0.0004579  | 0.0004579  |   0.0 |  0.00
Modify  | 0          | 0          | 0          |   0.0 |  0.00
Other   |            | 0.007233   |            |       |  0.00

Nlocal:            500 ave         500 max         500 min
Histogram: 1 0 0 0 0 0 0 0 0 0
Nghost:           5584 ave        5584 max        5584 min
Histogram: 1 0 0 0 0 0 0 0 0 0
Neighs:              0 ave           0 max           0 min
Histogram: 1 0 0 0 0 0 0 0 0 0
FullNghs:       276712 ave      276712 max      276712 min
Histogram: 1 0 0 0 0 0 0 0 0 0

Total # of neighbors = 276712
Ave neighs/atom = 553.424
Neighbor list builds = 0
Dangerous builds = 0
unfix 1

# Промежуточная минимизация атомов
min_style cg
minimize 1.0e-10 1.0e-11 1000 5000
Per MPI rank memory allocation (min/avg/max) = 19.8 | 19.8 | 19.8 Mbytes
   Step           Lx             Ly             Lz           PotEng         Press           Fmax          Volume    
        92   17.369101      17.379511      17.366642     -4103.3394     -56.544774      0.089563876    5242.4073    
        98   17.369101      17.379511      17.366642     -4103.3726      881.42121      0.0052631348   5242.4073    
Loop time of 29.1298 on 8 procs for 6 steps with 500 atoms

779.9% CPU use with 1 MPI tasks x 8 OpenMP threads

Minimization stats:
  Stopping criterion = energy tolerance
  Energy initial, next-to-last, final = 
     -4103.33935546875  -4103.37255859375  -4103.37255859375
  Force two-norm initial, final = 0.84005032 0.027887261
  Force max component initial, final = 0.089563876 0.0052631348
  Final line search alpha, max atom move = 1 0.0052631348
  Iterations, force evaluations = 6 12

MPI task timing breakdown:
Section |  min time  |  avg time  |  max time  |%varavg| %total
---------------------------------------------------------------
Pair    | 29.129     | 29.129     | 29.129     |   0.0 |100.00
Neigh   | 0          | 0          | 0          |   0.0 |  0.00
Comm    | 0.0003043  | 0.0003043  | 0.0003043  |   0.0 |  0.00
Output  | 0          | 0          | 0          |   0.0 |  0.00
Modify  | 0          | 0          | 0          |   0.0 |  0.00
Other   |            | 0.0002813  |            |       |  0.00

Nlocal:            500 ave         500 max         500 min
Histogram: 1 0 0 0 0 0 0 0 0 0
Nghost:           5584 ave        5584 max        5584 min
Histogram: 1 0 0 0 0 0 0 0 0 0
Neighs:              0 ave           0 max           0 min
Histogram: 1 0 0 0 0 0 0 0 0 0
FullNghs:       272382 ave      272382 max      272382 min
Histogram: 1 0 0 0 0 0 0 0 0 0

Total # of neighbors = 272382
Ave neighs/atom = 544.764
Neighbor list builds = 0
Dangerous builds = 0

# Релаксация ячейки iso
fix 2 all box/relax iso 0.0 vmax 0.0001
min_style cg
minimize 1.0e-10 1.0e-11 1000 5000
WARNING: Energy due to 1 extra global DOFs will be included in minimizer energies
 (src/min.cpp:222)
Per MPI rank memory allocation (min/avg/max) = 19.8 | 19.8 | 19.8 Mbytes
   Step           Lx             Ly             Lz           PotEng         Press           Fmax          Volume    
        98   17.369101      17.379511      17.366642     -4103.3726      881.42329      0.005263282    5242.4073    
       100   17.370859      17.381269      17.368399     -4103.373      -51.184715      0.0051401155   5243.9984    
Loop time of 11.4241 on 8 procs for 2 steps with 500 atoms

778.4% CPU use with 1 MPI tasks x 8 OpenMP threads

Minimization stats:
  Stopping criterion = energy tolerance
  Energy initial, next-to-last, final = 
     -4103.37255859375    -4103.373046875    -4103.373046875
  Force two-norm initial, final = 8.6522375 0.50323386
  Force max component initial, final = 8.6521926 0.50253904
  Final line search alpha, max atom move = 0.06941428 0.034883386
  Iterations, force evaluations = 2 4

MPI task timing breakdown:
Section |  min time  |  avg time  |  max time  |%varavg| %total
---------------------------------------------------------------
Pair    | 11.424     | 11.424     | 11.424     |   0.0 |100.00
Neigh   | 0          | 0          | 0          |   0.0 |  0.00
Comm    | 0.00016464 | 0.00016464 | 0.00016464 |   0.0 |  0.00
Output  | 0          | 0          | 0          |   0.0 |  0.00
Modify  | 0          | 0          | 0          |   0.0 |  0.00
Other   |            | 0.0003577  |            |       |  0.00

Nlocal:            500 ave         500 max         500 min
Histogram: 1 0 0 0 0 0 0 0 0 0
Nghost:           5584 ave        5584 max        5584 min
Histogram: 1 0 0 0 0 0 0 0 0 0
Neighs:              0 ave           0 max           0 min
Histogram: 1 0 0 0 0 0 0 0 0 0
FullNghs:       272326 ave      272326 max      272326 min
Histogram: 1 0 0 0 0 0 0 0 0 0

Total # of neighbors = 272326
Ave neighs/atom = 544.652
Neighbor list builds = 0
Dangerous builds = 0
unfix 2

variable lat_const equal "lx/5"
variable eatom equal "pe/count(all)"
variable teng equal "pe"
variable natoms equal "count(all)"

print "Lattice parameter (lx/5) = ${lat_const} A"
Lattice parameter (lx/5) = 3.47417170188851 A
print "Total Potential Energy (PE) = ${teng} eV"
Total Potential Energy (PE) = -4103.373046875 eV
print "Number of atoms = ${natoms}"
Number of atoms = 500
print "Cohesive energy (PE/N) = ${eatom} eV"
Cohesive energy (PE/N) = -8.20674609375 eV
print "Minimization completed."
Minimization completed.

write_data B4_5_minimized.data
System init for write_data ...
Total wall time: 0:05:22
