read_data B4_6.data
Reading data file ...
  triclinic box = (0 0 0) to (17.245 17.245 17.245) with tilt (1.0559517e-15 1.0559517e-15 1.0559517e-15)
  1 by 1 by 1 MPI processor grid
  reading atoms ...
  500 atoms
  read_data CPU = 0.004 seconds

mass 1 58.6934  # Ni
mass 2 55.845   # Fe
mass 3 51.9961  # Cr

pair_style metatomic pet-mad-latest.pt device cpu

This is the PET-MAD v1.0.2 model
================================

A universal interatomic potential for advanced materials modeling

Model authors
-------------

- Arslan Mazitov (arslan.mazitov@epfl.ch)
- Filippo Bigi
- Matthias Kellner
- Paolo Pegolo
- Davide Tisi
- Guillaume Fraux
- Sergey Pozdnyakov
- Philip Loche
- Michele Ceriotti (michele.ceriotti@epfl.ch)

Model references
----------------

Please cite the following references when using this model:
- about this specific model:
  * http://arxiv.org/abs/2503.14118
- about the architecture of this model:
  * LLPR (uncertainty method):
    https://iopscience.iop.org/article/10.1088/2632-2153/ad805f
  * LPR (if using per-atom uncertainty):
    https://pubs.acs.org/doi/10.1021/acs.jctc.3c00704
  * https://arxiv.org/abs/2305.19302v3

WARNING: the model declared support for unknown device 'cuda', it will be ignored (src/ML-METATOMIC/pair_metatomic.cpp:216)
Running simulation on cpu device with float32 data
pair_coeff * * 28 26 24

neighbor 2.0 bin
neigh_modify delay 0 check yes
timestep 0.001

thermo 10
thermo_style custom step lx ly lz pe press fmax vol

# --- ЭТАПЫ МИНИМИЗАЦИИ ---
min_style cg
minimize 1.0e-8 1.0e-9 1000 5000

CITE-CITE-CITE-CITE-CITE-CITE-CITE-CITE-CITE-CITE-CITE-CITE-CITE

Your simulation uses code contributions which should be cited:

- LLPR (uncertainty method): https://iopscience.iop.org/article/10.1088/2632-2153/ad805f
- LPR (if using per-atom uncertainty): https://pubs.acs.org/doi/10.1021/acs.jctc.3c00704
- https://arxiv.org/abs/2305.19302v3
- http://arxiv.org/abs/2503.14118
CITE-CITE-CITE-CITE-CITE-CITE-CITE-CITE-CITE-CITE-CITE-CITE-CITE

Neighbor list info ...
  update: every = 1 steps, delay = 0 steps, check = yes
  max neighbors/atom: 2000, page size: 100000
  master list distance cutoff = 11
  ghost atom cutoff = 11
  binsize = 5.5, bins = 4 4 4
  1 neighbor lists, perpetual/occasional/extra = 1 0 0
  (1) pair metatomic, perpetual
      attributes: full, newton on, ghost
      pair build: full/bin/ghost
      stencil: full/ghost/bin/3d
      bin: standard
Per MPI rank memory allocation (min/avg/max) = 19.8 | 19.8 | 19.8 Mbytes
   Step           Lx             Ly             Lz           PotEng         Press           Fmax          Volume    
         0   17.245         17.245         17.245        -4094.0891      69518.066      1.0344292      5128.491     
        10   17.245         17.245         17.245        -4100.207       71527.458      0.018106204    5128.491     
        13   17.245         17.245         17.245        -4100.2085      71516.092      0.0084512262   5128.491     
Loop time of 57.0606 on 8 procs for 13 steps with 500 atoms

768.9% CPU use with 1 MPI tasks x 8 OpenMP threads

Minimization stats:
  Stopping criterion = energy tolerance
  Energy initial, next-to-last, final = 
     -4094.08911132812  -4100.20849609375  -4100.20849609375
  Force two-norm initial, final = 11.482429 0.048013603
  Force max component initial, final = 1.0344292 0.0084512262
  Final line search alpha, max atom move = 1 0.0084512262
  Iterations, force evaluations = 13 26

MPI task timing breakdown:
Section |  min time  |  avg time  |  max time  |%varavg| %total
---------------------------------------------------------------
Pair    | 57.059     | 57.059     | 57.059     |   0.0 |100.00
Neigh   | 0          | 0          | 0          |   0.0 |  0.00
Comm    | 0.0006339  | 0.0006339  | 0.0006339  |   0.0 |  0.00
Output  | 2.6442e-05 | 2.6442e-05 | 2.6442e-05 |   0.0 |  0.00
Modify  | 0          | 0          | 0          |   0.0 |  0.00
Other   |            | 0.0005149  |            |       |  0.00

Nlocal:            500 ave         500 max         500 min
Histogram: 1 0 0 0 0 0 0 0 0 0
Nghost:           5584 ave        5584 max        5584 min
Histogram: 1 0 0 0 0 0 0 0 0 0
Neighs:              0 ave           0 max           0 min
Histogram: 1 0 0 0 0 0 0 0 0 0
FullNghs:       277000 ave      277000 max      277000 min
Histogram: 1 0 0 0 0 0 0 0 0 0

Total # of neighbors = 277000
Ave neighs/atom = 554
Neighbor list builds = 0
Dangerous builds = 0

# Релаксация ячейки aniso
fix 1 all box/relax aniso 0.0 vmax 0.0001
min_style cg
minimize 1.0e-10 1.0e-11 1000 5000
WARNING: Energy due to 3 extra global DOFs will be included in minimizer energies
 (src/min.cpp:222)
Per MPI rank memory allocation (min/avg/max) = 19.8 | 19.8 | 19.8 Mbytes
   Step           Lx             Ly             Lz           PotEng         Press           Fmax          Volume    
        13   17.245         17.245         17.245        -4100.209       71516.098      0.0084541263   5128.491     
        20   17.257072      17.25654       17.256975     -4100.6587      64585.283      0.010003051    5139.0813    
        30   17.274317      17.272953      17.274074     -4101.2227      54816.505      0.02227192     5154.2116    
        40   17.291562      17.289258      17.291163     -4101.6948      45199.256      0.034345131    5169.3362    
        50   17.308807      17.305416      17.308236     -4102.0767      35740.792      0.046155952    5184.4417    
        60   17.326052      17.321354      17.325287     -4102.3696      26450.293      0.057360496    5199.5036    
        70   17.343297      17.33692       17.3423       -4102.5742      17350.231      0.068025619    5214.4713    
        80   17.360542      17.351707      17.359236     -4102.6934      8526.1823      0.079195678    5229.2099    
        90   17.377787      17.362924      17.375826     -4102.7329      512.01908      0.089631945    5242.7939    
        92   17.379511      17.362668      17.377356     -4102.7334     -17.779313      0.090454012    5243.6986    
Loop time of 209.381 on 8 procs for 79 steps with 500 atoms

778.1% CPU use with 1 MPI tasks x 8 OpenMP threads

Minimization stats:
  Stopping criterion = linesearch alpha is zero
  Energy initial, next-to-last, final = 
       -4100.208984375   -4102.7333984375   -4102.7333984375
  Force two-norm initial, final = 396.57125 2.1453114
  Force max component initial, final = 232.84723 1.6654255
  Final line search alpha, max atom move = 1.8324243e-09 3.0517661e-09
  Iterations, force evaluations = 79 94

MPI task timing breakdown:
Section |  min time  |  avg time  |  max time  |%varavg| %total
---------------------------------------------------------------
Pair    | 209.37     | 209.37     | 209.37     |   0.0 |100.00
Neigh   | 0          | 0          | 0          |   0.0 |  0.00
Comm    | 0.0020061  | 0.0020061  | 0.0020061  |   0.0 |  0.00
Output  | 0.00039054 | 0.00039054 | 0.00039054 |   0.0 |  0.00
Modify  | 0          | 0          | 0          |   0.0 |  0.00
Other   |            | 0.007066   |            |       |  0.00

Nlocal:            500 ave         500 max         500 min
Histogram: 1 0 0 0 0 0 0 0 0 0
Nghost:           5584 ave        5584 max        5584 min
Histogram: 1 0 0 0 0 0 0 0 0 0
Neighs:              0 ave           0 max           0 min
Histogram: 1 0 0 0 0 0 0 0 0 0
FullNghs:       276652 ave      276652 max      276652 min
Histogram: 1 0 0 0 0 0 0 0 0 0

Total # of neighbors = 276652
Ave neighs/atom = 553.304
Neighbor list builds = 0
Dangerous builds = 0
unfix 1

# Промежуточная минимизация атомов
min_style cg
minimize 1.0e-10 1.0e-11 1000 5000
Per MPI rank memory allocation (min/avg/max) = 19.8 | 19.8 | 19.8 Mbytes
   Step           Lx             Ly             Lz           PotEng         Press           Fmax          Volume    
        92   17.379511      17.362668      17.377356     -4102.7334     -17.7789        0.09045402     5243.6986    
        96   17.379511      17.362668      17.377356     -4102.7646      839.08589      0.0064254552   5243.6986    
Loop time of 19.9958 on 8 procs for 4 steps with 500 atoms

780.4% CPU use with 1 MPI tasks x 8 OpenMP threads

Minimization stats:
  Stopping criterion = energy tolerance
  Energy initial, next-to-last, final = 
      -4102.7333984375   -4102.7646484375   -4102.7646484375
  Force two-norm initial, final = 0.83058228 0.05489856
  Force max component initial, final = 0.09045402 0.0064254552
  Final line search alpha, max atom move = 1 0.0064254552
  Iterations, force evaluations = 4 8

MPI task timing breakdown:
Section |  min time  |  avg time  |  max time  |%varavg| %total
---------------------------------------------------------------
Pair    | 19.995     | 19.995     | 19.995     |   0.0 |100.00
Neigh   | 0          | 0          | 0          |   0.0 |  0.00
Comm    | 0.00021085 | 0.00021085 | 0.00021085 |   0.0 |  0.00
Output  | 0          | 0          | 0          |   0.0 |  0.00
Modify  | 0          | 0          | 0          |   0.0 |  0.00
Other   |            | 0.0001715  |            |       |  0.00

Nlocal:            500 ave         500 max         500 min
Histogram: 1 0 0 0 0 0 0 0 0 0
Nghost:           5584 ave        5584 max        5584 min
Histogram: 1 0 0 0 0 0 0 0 0 0
Neighs:              0 ave           0 max           0 min
Histogram: 1 0 0 0 0 0 0 0 0 0
FullNghs:       272220 ave      272220 max      272220 min
Histogram: 1 0 0 0 0 0 0 0 0 0

Total # of neighbors = 272220
Ave neighs/atom = 544.44
Neighbor list builds = 0
Dangerous builds = 0

# Релаксация ячейки iso
fix 2 all box/relax iso 0.0 vmax 0.0001
min_style cg
minimize 1.0e-10 1.0e-11 1000 5000
WARNING: Energy due to 1 extra global DOFs will be included in minimizer energies
 (src/min.cpp:222)
Per MPI rank memory allocation (min/avg/max) = 19.8 | 19.8 | 19.8 Mbytes
   Step           Lx             Ly             Lz           PotEng         Press           Fmax          Volume    
        96   17.379511      17.362668      17.377356     -4102.7646      839.08819      0.0064259097   5243.6986    
        98   17.381124      17.364279      17.378969     -4102.7656     -0.26156994     0.0045799315   5245.1588    
Loop time of 11.0466 on 8 procs for 2 steps with 500 atoms

778.6% CPU use with 1 MPI tasks x 8 OpenMP threads

Minimization stats:
  Stopping criterion = energy tolerance
  Energy initial, next-to-last, final = 
      -4102.7646484375       -4102.765625       -4102.765625
  Force two-norm initial, final = 8.2388362 0.037489821
  Force max component initial, final = 8.2386532 0.0045799315
  Final line search alpha, max atom move = 1 0.0045799315
  Iterations, force evaluations = 2 4

MPI task timing breakdown:
Section |  min time  |  avg time  |  max time  |%varavg| %total
---------------------------------------------------------------
Pair    | 11.046     | 11.046     | 11.046     |   0.0 |100.00
Neigh   | 0          | 0          | 0          |   0.0 |  0.00
Comm    | 0.00010363 | 0.00010363 | 0.00010363 |   0.0 |  0.00
Output  | 0          | 0          | 0          |   0.0 |  0.00
Modify  | 0          | 0          | 0          |   0.0 |  0.00
Other   |            | 0.0003271  |            |       |  0.00

Nlocal:            500 ave         500 max         500 min
Histogram: 1 0 0 0 0 0 0 0 0 0
Nghost:           5584 ave        5584 max        5584 min
Histogram: 1 0 0 0 0 0 0 0 0 0
Neighs:              0 ave           0 max           0 min
Histogram: 1 0 0 0 0 0 0 0 0 0
FullNghs:       272214 ave      272214 max      272214 min
Histogram: 1 0 0 0 0 0 0 0 0 0

Total # of neighbors = 272214
Ave neighs/atom = 544.428
Neighbor list builds = 0
Dangerous builds = 0
unfix 2

variable lat_const equal "lx/5"
variable eatom equal "pe/count(all)"
variable teng equal "pe"
variable natoms equal "count(all)"

print "Lattice parameter (lx/5) = ${lat_const} A"
Lattice parameter (lx/5) = 3.47622481972326 A
print "Total Potential Energy (PE) = ${teng} eV"
Total Potential Energy (PE) = -4102.765625 eV
print "Number of atoms = ${natoms}"
Number of atoms = 500
print "Cohesive energy (PE/N) = ${eatom} eV"
Cohesive energy (PE/N) = -8.20553125 eV
print "Minimization completed."
Minimization completed.

write_data B4_6_minimized.data
System init for write_data ...
Total wall time: 0:05:06
