read_data B4_8.data
Reading data file ...
  triclinic box = (0 0 0) to (17.245 17.245 17.245) with tilt (1.0559517e-15 1.0559517e-15 1.0559517e-15)
  1 by 1 by 1 MPI processor grid
  reading atoms ...
  500 atoms
  read_data CPU = 0.003 seconds

mass 1 58.6934  # Ni
mass 2 55.845   # Fe
mass 3 51.9961  # Cr

pair_style metatomic pet-mad-latest.pt device cpu

This is the PET-MAD v1.0.2 model
================================

A universal interatomic potential for advanced materials modeling

Model authors
-------------

- Arslan Mazitov (arslan.mazitov@epfl.ch)
- Filippo Bigi
- Matthias Kellner
- Paolo Pegolo
- Davide Tisi
- Guillaume Fraux
- Sergey Pozdnyakov
- Philip Loche
- Michele Ceriotti (michele.ceriotti@epfl.ch)

Model references
----------------

Please cite the following references when using this model:
- about this specific model:
  * http://arxiv.org/abs/2503.14118
- about the architecture of this model:
  * LLPR (uncertainty method):
    https://iopscience.iop.org/article/10.1088/2632-2153/ad805f
  * LPR (if using per-atom uncertainty):
    https://pubs.acs.org/doi/10.1021/acs.jctc.3c00704
  * https://arxiv.org/abs/2305.19302v3

WARNING: the model declared support for unknown device 'cuda', it will be ignored (src/ML-METATOMIC/pair_metatomic.cpp:216)
Running simulation on cpu device with float32 data
pair_coeff * * 28 26 24

neighbor 2.0 bin
neigh_modify delay 0 check yes
timestep 0.001

thermo 10
thermo_style custom step lx ly lz pe press fmax vol

# --- ЭТАПЫ МИНИМИЗАЦИИ ---
min_style cg
minimize 1.0e-8 1.0e-9 1000 5000

CITE-CITE-CITE-CITE-CITE-CITE-CITE-CITE-CITE-CITE-CITE-CITE-CITE

Your simulation uses code contributions which should be cited:

- LLPR (uncertainty method): https://iopscience.iop.org/article/10.1088/2632-2153/ad805f
- LPR (if using per-atom uncertainty): https://pubs.acs.org/doi/10.1021/acs.jctc.3c00704
- https://arxiv.org/abs/2305.19302v3
- http://arxiv.org/abs/2503.14118
CITE-CITE-CITE-CITE-CITE-CITE-CITE-CITE-CITE-CITE-CITE-CITE-CITE

Neighbor list info ...
  update: every = 1 steps, delay = 0 steps, check = yes
  max neighbors/atom: 2000, page size: 100000
  master list distance cutoff = 11
  ghost atom cutoff = 11
  binsize = 5.5, bins = 4 4 4
  1 neighbor lists, perpetual/occasional/extra = 1 0 0
  (1) pair metatomic, perpetual
      attributes: full, newton on, ghost
      pair build: full/bin/ghost
      stencil: full/ghost/bin/3d
      bin: standard
Per MPI rank memory allocation (min/avg/max) = 19.8 | 19.8 | 19.8 Mbytes
   Step           Lx             Ly             Lz           PotEng         Press           Fmax          Volume    
         0   17.245         17.245         17.245        -4095.6118      69035.023      1.1840591      5128.491     
        10   17.245         17.245         17.245        -4101.6987      71189.125      0.020499155    5128.491     
        15   17.245         17.245         17.245        -4101.7017      71194.049      0.014115829    5128.491     
Loop time of 65.2453 on 8 procs for 15 steps with 500 atoms

769.7% CPU use with 1 MPI tasks x 8 OpenMP threads

Minimization stats:
  Stopping criterion = energy tolerance
  Energy initial, next-to-last, final = 
     -4095.61181640625  -4101.70166015625  -4101.70166015625
  Force two-norm initial, final = 11.535999 0.056849854
  Force max component initial, final = 1.1840591 0.014115829
  Final line search alpha, max atom move = 1 0.014115829
  Iterations, force evaluations = 15 30

MPI task timing breakdown:
Section |  min time  |  avg time  |  max time  |%varavg| %total
---------------------------------------------------------------
Pair    | 65.244     | 65.244     | 65.244     |   0.0 |100.00
Neigh   | 0          | 0          | 0          |   0.0 |  0.00
Comm    | 0.00074439 | 0.00074439 | 0.00074439 |   0.0 |  0.00
Output  | 7.6327e-05 | 7.6327e-05 | 7.6327e-05 |   0.0 |  0.00
Modify  | 0          | 0          | 0          |   0.0 |  0.00
Other   |            | 0.0005973  |            |       |  0.00

Nlocal:            500 ave         500 max         500 min
Histogram: 1 0 0 0 0 0 0 0 0 0
Nghost:           5584 ave        5584 max        5584 min
Histogram: 1 0 0 0 0 0 0 0 0 0
Neighs:              0 ave           0 max           0 min
Histogram: 1 0 0 0 0 0 0 0 0 0
FullNghs:       277000 ave      277000 max      277000 min
Histogram: 1 0 0 0 0 0 0 0 0 0

Total # of neighbors = 277000
Ave neighs/atom = 554
Neighbor list builds = 0
Dangerous builds = 0

# Релаксация ячейки aniso
fix 1 all box/relax aniso 0.0 vmax 0.0001
min_style cg
minimize 1.0e-10 1.0e-11 1000 5000
WARNING: Energy due to 3 extra global DOFs will be included in minimizer energies
 (src/min.cpp:222)
Per MPI rank memory allocation (min/avg/max) = 19.8 | 19.8 | 19.8 Mbytes
   Step           Lx             Ly             Lz           PotEng         Press           Fmax          Volume    
        15   17.245         17.245         17.245        -4101.7012      71194.098      0.014114719    5128.491     
        20   17.253391      17.253604      17.253623     -4102.0278      66195.691      0.014818016    5136.1132    
        30   17.270135      17.270813      17.270868     -4102.6108      56307.43       0.020651199    5151.3689    
        40   17.286811      17.288023      17.288113     -4103.1011      46571.433      0.033416841    5166.6351    
        50   17.303391      17.305234      17.305358     -4103.4995      36981.305      0.045561947    5181.9029    
        60   17.31983       17.322449      17.322603     -4103.8066      27534.989      0.056929965    5197.1596    
        70   17.336029      17.339667      17.339848     -4104.0244      18255.483      0.068026066    5212.3752    
        80   17.351721      17.356885      17.357093     -4104.1533      9197.192       0.079005823    5227.467     
        90   17.365092      17.37408       17.374338     -4104.1982      681.84891      0.089160599    5241.8809    
        92   17.365478      17.375789      17.376062     -4104.1987      6.9531373      0.089934051    5243.0335    
Loop time of 206.451 on 8 procs for 77 steps with 500 atoms

778.3% CPU use with 1 MPI tasks x 8 OpenMP threads

Minimization stats:
  Stopping criterion = linesearch alpha is zero
  Energy initial, next-to-last, final = 
       -4101.701171875  -4104.19873046875  -4104.19873046875
  Force two-norm initial, final = 394.74374 1.704521
  Force max component initial, final = 230.06932 1.1824476
  Final line search alpha, max atom move = 2.5808836e-09 3.0517596e-09
  Iterations, force evaluations = 77 92

MPI task timing breakdown:
Section |  min time  |  avg time  |  max time  |%varavg| %total
---------------------------------------------------------------
Pair    | 206.44     | 206.44     | 206.44     |   0.0 |100.00
Neigh   | 0          | 0          | 0          |   0.0 |  0.00
Comm    | 0.0019963  | 0.0019963  | 0.0019963  |   0.0 |  0.00
Output  | 0.00060413 | 0.00060413 | 0.00060413 |   0.0 |  0.00
Modify  | 0          | 0          | 0          |   0.0 |  0.00
Other   |            | 0.006868   |            |       |  0.00

Nlocal:            500 ave         500 max         500 min
Histogram: 1 0 0 0 0 0 0 0 0 0
Nghost:           5584 ave        5584 max        5584 min
Histogram: 1 0 0 0 0 0 0 0 0 0
Neighs:              0 ave           0 max           0 min
Histogram: 1 0 0 0 0 0 0 0 0 0
FullNghs:       276696 ave      276696 max      276696 min
Histogram: 1 0 0 0 0 0 0 0 0 0

Total # of neighbors = 276696
Ave neighs/atom = 553.392
Neighbor list builds = 0
Dangerous builds = 0
unfix 1

# Промежуточная минимизация атомов
min_style cg
minimize 1.0e-10 1.0e-11 1000 5000
Per MPI rank memory allocation (min/avg/max) = 19.8 | 19.8 | 19.8 Mbytes
   Step           Lx             Ly             Lz           PotEng         Press           Fmax          Volume    
        92   17.365478      17.375789      17.376062     -4104.1987      6.953878       0.089934051    5243.0335    
        97   17.365478      17.375789      17.376062     -4104.2324      926.12968      0.0057605654   5243.0335    
Loop time of 24.7471 on 8 procs for 5 steps with 500 atoms

783.1% CPU use with 1 MPI tasks x 8 OpenMP threads

Minimization stats:
  Stopping criterion = energy tolerance
  Energy initial, next-to-last, final = 
     -4104.19873046875    -4104.232421875    -4104.232421875
  Force two-norm initial, final = 0.85228071 0.034694819
  Force max component initial, final = 0.089934051 0.0057605654
  Final line search alpha, max atom move = 1 0.0057605654
  Iterations, force evaluations = 5 10

MPI task timing breakdown:
Section |  min time  |  avg time  |  max time  |%varavg| %total
---------------------------------------------------------------
Pair    | 24.747     | 24.747     | 24.747     |   0.0 |100.00
Neigh   | 0          | 0          | 0          |   0.0 |  0.00
Comm    | 0.00025292 | 0.00025292 | 0.00025292 |   0.0 |  0.00
Output  | 0          | 0          | 0          |   0.0 |  0.00
Modify  | 0          | 0          | 0          |   0.0 |  0.00
Other   |            | 0.0002528  |            |       |  0.00

Nlocal:            500 ave         500 max         500 min
Histogram: 1 0 0 0 0 0 0 0 0 0
Nghost:           5584 ave        5584 max        5584 min
Histogram: 1 0 0 0 0 0 0 0 0 0
Neighs:              0 ave           0 max           0 min
Histogram: 1 0 0 0 0 0 0 0 0 0
FullNghs:       272270 ave      272270 max      272270 min
Histogram: 1 0 0 0 0 0 0 0 0 0

Total # of neighbors = 272270
Ave neighs/atom = 544.54
Neighbor list builds = 0
Dangerous builds = 0

# Релаксация ячейки iso
fix 2 all box/relax iso 0.0 vmax 0.0001
min_style cg
minimize 1.0e-10 1.0e-11 1000 5000
WARNING: Energy due to 1 extra global DOFs will be included in minimizer energies
 (src/min.cpp:222)
Per MPI rank memory allocation (min/avg/max) = 19.8 | 19.8 | 19.8 Mbytes
   Step           Lx             Ly             Lz           PotEng         Press           Fmax          Volume    
        97   17.365478      17.375789      17.376062     -4104.2329      926.13154      0.0057605132   5243.0335    
        99   17.367215      17.377527      17.3778       -4104.2334      3.020777       0.0057893619   5244.6069    
Loop time of 38.4405 on 8 procs for 2 steps with 500 atoms

781.1% CPU use with 1 MPI tasks x 8 OpenMP threads

Minimization stats:
  Stopping criterion = energy tolerance
  Energy initial, next-to-last, final = 
     -4104.23291015625   -4104.2333984375   -4104.2333984375
  Force two-norm initial, final = 9.0922081 0.049260309
  Force max component initial, final = 9.0921419 0.029661907
  Final line search alpha, max atom move = 3.4236904e-07 1.0155319e-08
  Iterations, force evaluations = 2 16

MPI task timing breakdown:
Section |  min time  |  avg time  |  max time  |%varavg| %total
---------------------------------------------------------------
Pair    | 38.439     | 38.439     | 38.439     |   0.0 |100.00
Neigh   | 0          | 0          | 0          |   0.0 |  0.00
Comm    | 0.00033436 | 0.00033436 | 0.00033436 |   0.0 |  0.00
Output  | 0          | 0          | 0          |   0.0 |  0.00
Modify  | 0          | 0          | 0          |   0.0 |  0.00
Other   |            | 0.001178   |            |       |  0.00

Nlocal:            500 ave         500 max         500 min
Histogram: 1 0 0 0 0 0 0 0 0 0
Nghost:           5584 ave        5584 max        5584 min
Histogram: 1 0 0 0 0 0 0 0 0 0
Neighs:              0 ave           0 max           0 min
Histogram: 1 0 0 0 0 0 0 0 0 0
FullNghs:       272266 ave      272266 max      272266 min
Histogram: 1 0 0 0 0 0 0 0 0 0

Total # of neighbors = 272266
Ave neighs/atom = 544.532
Neighbor list builds = 0
Dangerous builds = 0
unfix 2

variable lat_const equal "lx/5"
variable eatom equal "pe/count(all)"
variable teng equal "pe"
variable natoms equal "count(all)"

print "Lattice parameter (lx/5) = ${lat_const} A"
Lattice parameter (lx/5) = 3.47344299501594 A
print "Total Potential Energy (PE) = ${teng} eV"
Total Potential Energy (PE) = -4104.2333984375 eV
print "Number of atoms = ${natoms}"
Number of atoms = 500
print "Cohesive energy (PE/N) = ${eatom} eV"
Cohesive energy (PE/N) = -8.208466796875 eV
print "Minimization completed."
Minimization completed.

write_data B4_8_minimized.data
System init for write_data ...
Total wall time: 0:05:44
