read_data B4_9.data
Reading data file ...
  triclinic box = (0 0 0) to (17.245 17.245 17.245) with tilt (1.0559517e-15 1.0559517e-15 1.0559517e-15)
  1 by 1 by 1 MPI processor grid
  reading atoms ...
  500 atoms
  read_data CPU = 0.004 seconds

mass 1 58.6934  # Ni
mass 2 55.845   # Fe
mass 3 51.9961  # Cr

pair_style metatomic pet-mad-latest.pt device cpu

This is the PET-MAD v1.0.2 model
================================

A universal interatomic potential for advanced materials modeling

Model authors
-------------

- Arslan Mazitov (arslan.mazitov@epfl.ch)
- Filippo Bigi
- Matthias Kellner
- Paolo Pegolo
- Davide Tisi
- Guillaume Fraux
- Sergey Pozdnyakov
- Philip Loche
- Michele Ceriotti (michele.ceriotti@epfl.ch)

Model references
----------------

Please cite the following references when using this model:
- about this specific model:
  * http://arxiv.org/abs/2503.14118
- about the architecture of this model:
  * LLPR (uncertainty method):
    https://iopscience.iop.org/article/10.1088/2632-2153/ad805f
  * LPR (if using per-atom uncertainty):
    https://pubs.acs.org/doi/10.1021/acs.jctc.3c00704
  * https://arxiv.org/abs/2305.19302v3

WARNING: the model declared support for unknown device 'cuda', it will be ignored (src/ML-METATOMIC/pair_metatomic.cpp:216)
Running simulation on cpu device with float32 data
pair_coeff * * 28 26 24

neighbor 2.0 bin
neigh_modify delay 0 check yes
timestep 0.001

thermo 10
thermo_style custom step lx ly lz pe press fmax vol

# --- ЭТАПЫ МИНИМИЗАЦИИ ---
min_style cg
minimize 1.0e-8 1.0e-9 1000 5000

CITE-CITE-CITE-CITE-CITE-CITE-CITE-CITE-CITE-CITE-CITE-CITE-CITE

Your simulation uses code contributions which should be cited:

- LLPR (uncertainty method): https://iopscience.iop.org/article/10.1088/2632-2153/ad805f
- LPR (if using per-atom uncertainty): https://pubs.acs.org/doi/10.1021/acs.jctc.3c00704
- https://arxiv.org/abs/2305.19302v3
- http://arxiv.org/abs/2503.14118
CITE-CITE-CITE-CITE-CITE-CITE-CITE-CITE-CITE-CITE-CITE-CITE-CITE

Neighbor list info ...
  update: every = 1 steps, delay = 0 steps, check = yes
  max neighbors/atom: 2000, page size: 100000
  master list distance cutoff = 11
  ghost atom cutoff = 11
  binsize = 5.5, bins = 4 4 4
  1 neighbor lists, perpetual/occasional/extra = 1 0 0
  (1) pair metatomic, perpetual
      attributes: full, newton on, ghost
      pair build: full/bin/ghost
      stencil: full/ghost/bin/3d
      bin: standard
Per MPI rank memory allocation (min/avg/max) = 19.8 | 19.8 | 19.8 Mbytes
   Step           Lx             Ly             Lz           PotEng         Press           Fmax          Volume    
         0   17.245         17.245         17.245        -4093.8877      69169.353      0.97083616     5128.491     
        10   17.245         17.245         17.245        -4099.938       71008.12       0.01872164     5128.491     
        13   17.245         17.245         17.245        -4099.9395      71010.701      0.0073705316   5128.491     
Loop time of 56.4937 on 8 procs for 13 steps with 500 atoms

769.3% CPU use with 1 MPI tasks x 8 OpenMP threads

Minimization stats:
  Stopping criterion = energy tolerance
  Energy initial, next-to-last, final = 
      -4093.8876953125    -4099.939453125    -4099.939453125
  Force two-norm initial, final = 11.254855 0.039184795
  Force max component initial, final = 0.97083616 0.0073705316
  Final line search alpha, max atom move = 1 0.0073705316
  Iterations, force evaluations = 13 26

MPI task timing breakdown:
Section |  min time  |  avg time  |  max time  |%varavg| %total
---------------------------------------------------------------
Pair    | 56.492     | 56.492     | 56.492     |   0.0 |100.00
Neigh   | 0          | 0          | 0          |   0.0 |  0.00
Comm    | 0.00084566 | 0.00084566 | 0.00084566 |   0.0 |  0.00
Output  | 3.2078e-05 | 3.2078e-05 | 3.2078e-05 |   0.0 |  0.00
Modify  | 0          | 0          | 0          |   0.0 |  0.00
Other   |            | 0.000502   |            |       |  0.00

Nlocal:            500 ave         500 max         500 min
Histogram: 1 0 0 0 0 0 0 0 0 0
Nghost:           5584 ave        5584 max        5584 min
Histogram: 1 0 0 0 0 0 0 0 0 0
Neighs:              0 ave           0 max           0 min
Histogram: 1 0 0 0 0 0 0 0 0 0
FullNghs:       277000 ave      277000 max      277000 min
Histogram: 1 0 0 0 0 0 0 0 0 0

Total # of neighbors = 277000
Ave neighs/atom = 554
Neighbor list builds = 0
Dangerous builds = 0

# Релаксация ячейки aniso
fix 1 all box/relax aniso 0.0 vmax 0.0001
min_style cg
minimize 1.0e-10 1.0e-11 1000 5000
WARNING: Energy due to 3 extra global DOFs will be included in minimizer energies
 (src/min.cpp:222)
Per MPI rank memory allocation (min/avg/max) = 19.8 | 19.8 | 19.8 Mbytes
   Step           Lx             Ly             Lz           PotEng         Press           Fmax          Volume    
        13   17.245         17.245         17.245        -4099.9385      71010.694      0.0073699951   5128.491     
        20   17.256227      17.257072      17.256639     -4100.3779      64203.54       0.0088949054   5138.888     
        30   17.272143      17.274317      17.273203     -4100.9272      54622.689      0.019621603    5153.7099    
        40   17.287879      17.291562      17.289673     -4101.3882      45214.542      0.02994395     5168.4784    
        50   17.30337       17.308807      17.306015     -4101.7612      36001.214      0.039884456    5183.1633    
        60   17.318506      17.326052      17.322169     -4102.0479      27009.287      0.04959549     5197.7131    
        70   17.333077      17.343297      17.338024     -4102.251       18295.91       0.059607387    5212.0301    
        80   17.346585      17.360542      17.353319     -4102.3745      9988.8593      0.070207745    5225.8843    
        90   17.357172      17.377787      17.367078     -4102.4258      2573.1846      0.079340681    5238.4185    
        96   17.357862      17.386409      17.371547     -4102.4307      133.97469      0.082007587    5242.5747    
Loop time of 222.978 on 8 procs for 83 steps with 500 atoms

784.6% CPU use with 1 MPI tasks x 8 OpenMP threads

Minimization stats:
  Stopping criterion = linesearch alpha is zero
  Energy initial, next-to-last, final = 
      -4099.9384765625   -4102.4306640625   -4102.4306640625
  Force two-norm initial, final = 393.86 3.5587642
  Force max component initial, final = 235.33876 2.8545874
  Final line search alpha, max atom move = 5.3453589e-10 1.5258794e-09
  Iterations, force evaluations = 83 99

MPI task timing breakdown:
Section |  min time  |  avg time  |  max time  |%varavg| %total
---------------------------------------------------------------
Pair    | 222.97     | 222.97     | 222.97     |   0.0 |100.00
Neigh   | 0          | 0          | 0          |   0.0 |  0.00
Comm    | 0.0019479  | 0.0019479  | 0.0019479  |   0.0 |  0.00
Output  | 0.00045037 | 0.00045037 | 0.00045037 |   0.0 |  0.00
Modify  | 0          | 0          | 0          |   0.0 |  0.00
Other   |            | 0.007735   |            |       |  0.00

Nlocal:            500 ave         500 max         500 min
Histogram: 1 0 0 0 0 0 0 0 0 0
Nghost:           5584 ave        5584 max        5584 min
Histogram: 1 0 0 0 0 0 0 0 0 0
Neighs:              0 ave           0 max           0 min
Histogram: 1 0 0 0 0 0 0 0 0 0
FullNghs:       276594 ave      276594 max      276594 min
Histogram: 1 0 0 0 0 0 0 0 0 0

Total # of neighbors = 276594
Ave neighs/atom = 553.188
Neighbor list builds = 0
Dangerous builds = 0
unfix 1

# Промежуточная минимизация атомов
min_style cg
minimize 1.0e-10 1.0e-11 1000 5000
Per MPI rank memory allocation (min/avg/max) = 19.8 | 19.8 | 19.8 Mbytes
   Step           Lx             Ly             Lz           PotEng         Press           Fmax          Volume    
        96   17.357862      17.386409      17.371547     -4102.4307      133.97536      0.082007587    5242.5747    
       100   17.357862      17.386409      17.371547     -4102.4648      1081.9916      0.016765818    5242.5747    
       101   17.357862      17.386409      17.371547     -4102.4648      1081.6295      0.0080794096   5242.5747    
Loop time of 25.312 on 8 procs for 5 steps with 500 atoms

788.3% CPU use with 1 MPI tasks x 8 OpenMP threads

Minimization stats:
  Stopping criterion = energy tolerance
  Energy initial, next-to-last, final = 
      -4102.4306640625     -4102.46484375     -4102.46484375
  Force two-norm initial, final = 0.83727079 0.045582597
  Force max component initial, final = 0.082007587 0.0080794096
  Final line search alpha, max atom move = 1 0.0080794096
  Iterations, force evaluations = 5 10

MPI task timing breakdown:
Section |  min time  |  avg time  |  max time  |%varavg| %total
---------------------------------------------------------------
Pair    | 25.311     | 25.311     | 25.311     |   0.0 |100.00
Neigh   | 0          | 0          | 0          |   0.0 |  0.00
Comm    | 0.00024351 | 0.00024351 | 0.00024351 |   0.0 |  0.00
Output  | 7.9957e-05 | 7.9957e-05 | 7.9957e-05 |   0.0 |  0.00
Modify  | 0          | 0          | 0          |   0.0 |  0.00
Other   |            | 0.0002659  |            |       |  0.00

Nlocal:            500 ave         500 max         500 min
Histogram: 1 0 0 0 0 0 0 0 0 0
Nghost:           5584 ave        5584 max        5584 min
Histogram: 1 0 0 0 0 0 0 0 0 0
Neighs:              0 ave           0 max           0 min
Histogram: 1 0 0 0 0 0 0 0 0 0
FullNghs:       272172 ave      272172 max      272172 min
Histogram: 1 0 0 0 0 0 0 0 0 0

Total # of neighbors = 272172
Ave neighs/atom = 544.344
Neighbor list builds = 0
Dangerous builds = 0

# Релаксация ячейки iso
fix 2 all box/relax iso 0.0 vmax 0.0001
min_style cg
minimize 1.0e-10 1.0e-11 1000 5000
WARNING: Energy due to 1 extra global DOFs will be included in minimizer energies
 (src/min.cpp:222)
Per MPI rank memory allocation (min/avg/max) = 19.8 | 19.8 | 19.8 Mbytes
   Step           Lx             Ly             Lz           PotEng         Press           Fmax          Volume    
       101   17.357862      17.386409      17.371547     -4102.4648      1081.6335      0.00807935     5242.5747    
       103   17.359899      17.388449      17.373586     -4102.4653     -0.21060558     0.0071733594   5244.4206    
Loop time of 9.16185 on 8 procs for 2 steps with 500 atoms

784.2% CPU use with 1 MPI tasks x 8 OpenMP threads

Minimization stats:
  Stopping criterion = energy tolerance
  Energy initial, next-to-last, final = 
        -4102.46484375  -4102.46533203125  -4102.46533203125
  Force two-norm initial, final = 10.617925 0.051906793
  Force max component initial, final = 10.617827 0.0071733594
  Final line search alpha, max atom move = 6.3794844e-05 4.5762334e-07
  Iterations, force evaluations = 2 3

MPI task timing breakdown:
Section |  min time  |  avg time  |  max time  |%varavg| %total
---------------------------------------------------------------
Pair    | 9.1615     | 9.1615     | 9.1615     |   0.0 |100.00
Neigh   | 0          | 0          | 0          |   0.0 |  0.00
Comm    | 8.0047e-05 | 8.0047e-05 | 8.0047e-05 |   0.0 |  0.00
Output  | 0          | 0          | 0          |   0.0 |  0.00
Modify  | 0          | 0          | 0          |   0.0 |  0.00
Other   |            | 0.0003059  |            |       |  0.00

Nlocal:            500 ave         500 max         500 min
Histogram: 1 0 0 0 0 0 0 0 0 0
Nghost:           5584 ave        5584 max        5584 min
Histogram: 1 0 0 0 0 0 0 0 0 0
Neighs:              0 ave           0 max           0 min
Histogram: 1 0 0 0 0 0 0 0 0 0
FullNghs:       272176 ave      272176 max      272176 min
Histogram: 1 0 0 0 0 0 0 0 0 0

Total # of neighbors = 272176
Ave neighs/atom = 544.352
Neighbor list builds = 0
Dangerous builds = 0
unfix 2

variable lat_const equal "lx/5"
variable eatom equal "pe/count(all)"
variable teng equal "pe"
variable natoms equal "count(all)"

print "Lattice parameter (lx/5) = ${lat_const} A"
Lattice parameter (lx/5) = 3.47197981422213 A
print "Total Potential Energy (PE) = ${teng} eV"
Total Potential Energy (PE) = -4102.46533203125 eV
print "Number of atoms = ${natoms}"
Number of atoms = 500
print "Cohesive energy (PE/N) = ${eatom} eV"
Cohesive energy (PE/N) = -8.2049306640625 eV
print "Minimization completed."
Minimization completed.

write_data B4_9_minimized.data
System init for write_data ...
Total wall time: 0:05:23
