read_data B0_11.data
Reading data file ...
  triclinic box = (0 0 0) to (17.245 17.245 17.245) with tilt (1.0559517e-15 1.0559517e-15 1.0559517e-15)
  1 by 1 by 1 MPI processor grid
  reading atoms ...
  500 atoms
  read_data CPU = 0.013 seconds

mass 1 58.6934  # Ni
mass 2 55.845   # Fe
mass 3 51.9961  # Cr

pair_style metatomic pet-mad-latest.pt device cpu

This is the PET-MAD v1.0.2 model
================================

A universal interatomic potential for advanced materials modeling

Model authors
-------------

- Arslan Mazitov (arslan.mazitov@epfl.ch)
- Filippo Bigi
- Matthias Kellner
- Paolo Pegolo
- Davide Tisi
- Guillaume Fraux
- Sergey Pozdnyakov
- Philip Loche
- Michele Ceriotti (michele.ceriotti@epfl.ch)

Model references
----------------

Please cite the following references when using this model:
- about this specific model:
  * http://arxiv.org/abs/2503.14118
- about the architecture of this model:
  * LLPR (uncertainty method):
    https://iopscience.iop.org/article/10.1088/2632-2153/ad805f
  * LPR (if using per-atom uncertainty):
    https://pubs.acs.org/doi/10.1021/acs.jctc.3c00704
  * https://arxiv.org/abs/2305.19302v3

WARNING: the model declared support for unknown device 'cuda', it will be ignored (src/ML-METATOMIC/pair_metatomic.cpp:216)
Running simulation on cpu device with float32 data
pair_coeff * * 28 26 24

neighbor 2.0 bin
neigh_modify delay 0 check yes
timestep 0.001

thermo 10
thermo_style custom step lx ly lz pe press fmax vol

# --- ЭТАПЫ МИНИМИЗАЦИИ ---
min_style cg
minimize 1.0e-8 1.0e-9 1000 5000

CITE-CITE-CITE-CITE-CITE-CITE-CITE-CITE-CITE-CITE-CITE-CITE-CITE

Your simulation uses code contributions which should be cited:

- LLPR (uncertainty method): https://iopscience.iop.org/article/10.1088/2632-2153/ad805f
- LPR (if using per-atom uncertainty): https://pubs.acs.org/doi/10.1021/acs.jctc.3c00704
- https://arxiv.org/abs/2305.19302v3
- http://arxiv.org/abs/2503.14118
CITE-CITE-CITE-CITE-CITE-CITE-CITE-CITE-CITE-CITE-CITE-CITE-CITE

Neighbor list info ...
  update: every = 1 steps, delay = 0 steps, check = yes
  max neighbors/atom: 2000, page size: 100000
  master list distance cutoff = 11
  ghost atom cutoff = 11
  binsize = 5.5, bins = 4 4 4
  1 neighbor lists, perpetual/occasional/extra = 1 0 0
  (1) pair metatomic, perpetual
      attributes: full, newton on, ghost
      pair build: full/bin/ghost
      stencil: full/ghost/bin/3d
      bin: standard
Per MPI rank memory allocation (min/avg/max) = 16.28 | 16.28 | 16.28 Mbytes
   Step           Lx             Ly             Lz           PotEng         Press           Fmax          Volume    
         0   17.245         17.245         17.245        -4043.7146      64440.448      0.98755461     5128.491     
        10   17.245         17.245         17.245        -4049.3457      66267.532      0.0078835189   5128.491     
        11   17.245         17.245         17.245        -4049.3457      66267.662      0.0060378909   5128.491     
Loop time of 77.178 on 4 procs for 11 steps with 500 atoms

270.6% CPU use with 1 MPI tasks x 4 OpenMP threads

Minimization stats:
  Stopping criterion = energy tolerance
  Energy initial, next-to-last, final = 
     -4043.71459960938    -4049.345703125    -4049.345703125
  Force two-norm initial, final = 11.128458 0.038608398
  Force max component initial, final = 0.98755461 0.0060378909
  Final line search alpha, max atom move = 1 0.0060378909
  Iterations, force evaluations = 11 22

MPI task timing breakdown:
Section |  min time  |  avg time  |  max time  |%varavg| %total
---------------------------------------------------------------
Pair    | 77.166     | 77.166     | 77.166     |   0.0 | 99.98
Neigh   | 0          | 0          | 0          |   0.0 |  0.00
Comm    | 0.0027816  | 0.0027816  | 0.0027816  |   0.0 |  0.00
Output  | 0.0028261  | 0.0028261  | 0.0028261  |   0.0 |  0.00
Modify  | 0          | 0          | 0          |   0.0 |  0.00
Other   |            | 0.006437   |            |       |  0.01

Nlocal:            500 ave         500 max         500 min
Histogram: 1 0 0 0 0 0 0 0 0 0
Nghost:           5584 ave        5584 max        5584 min
Histogram: 1 0 0 0 0 0 0 0 0 0
Neighs:              0 ave           0 max           0 min
Histogram: 1 0 0 0 0 0 0 0 0 0
FullNghs:       277000 ave      277000 max      277000 min
Histogram: 1 0 0 0 0 0 0 0 0 0

Total # of neighbors = 277000
Ave neighs/atom = 554
Neighbor list builds = 0
Dangerous builds = 0

# Релаксация ячейки aniso
fix 1 all box/relax aniso 0.0 vmax 0.0001
min_style cg
minimize 1.0e-10 1.0e-11 1000 5000
WARNING: Energy due to 3 extra global DOFs will be included in minimizer energies
 (src/min.cpp:222)
Per MPI rank memory allocation (min/avg/max) = 16.28 | 16.28 | 16.28 Mbytes
   Step           Lx             Ly             Lz           PotEng         Press           Fmax          Volume    
        11   17.245         17.245         17.245        -4049.345       66267.656      0.0060376879   5128.491     
        20   17.259822      17.260367      17.260521     -4049.8708      57529.364      0.010983646    5142.0966    
        30   17.276188      17.277422      17.277766     -4050.3684      47966.246      0.021319203    5157.2054    
        40   17.292407      17.294448      17.295011     -4050.7761      38566.427      0.03164997     5172.2915    
        50   17.308413      17.311432      17.312256     -4051.095       29341.286      0.041748956    5187.3304    
        60   17.32408       17.328348      17.329501     -4051.3267      20314.036      0.051285744    5202.2759    
        70   17.339107      17.345128      17.346746     -4051.4736      11541.976      0.060365535    5217.017     
        80   17.352322      17.36152       17.363991     -4051.5396      3276.4405      0.068824515    5231.1224    
        88   17.351542      17.37          17.374942     -4051.5466      21.212729      0.071971826    5236.7429    
Loop time of 204.647 on 4 procs for 77 steps with 500 atoms

374.0% CPU use with 1 MPI tasks x 4 OpenMP threads

Minimization stats:
  Stopping criterion = linesearch alpha is zero
  Energy initial, next-to-last, final = 
     -4049.34497070312  -4051.54663085938  -4051.54663085938
  Force two-norm initial, final = 367.46637 0.9086216
  Force max component initial, final = 215.88419 0.31217337
  Final line search alpha, max atom move = 9.7755762e-09 3.0516745e-09
  Iterations, force evaluations = 77 92

MPI task timing breakdown:
Section |  min time  |  avg time  |  max time  |%varavg| %total
---------------------------------------------------------------
Pair    | 204.63     | 204.63     | 204.63     |   0.0 | 99.99
Neigh   | 0          | 0          | 0          |   0.0 |  0.00
Comm    | 0.0033966  | 0.0033966  | 0.0033966  |   0.0 |  0.00
Output  | 0.0013048  | 0.0013048  | 0.0013048  |   0.0 |  0.00
Modify  | 0          | 0          | 0          |   0.0 |  0.00
Other   |            | 0.01633    |            |       |  0.01

Nlocal:            500 ave         500 max         500 min
Histogram: 1 0 0 0 0 0 0 0 0 0
Nghost:           5584 ave        5584 max        5584 min
Histogram: 1 0 0 0 0 0 0 0 0 0
Neighs:              0 ave           0 max           0 min
Histogram: 1 0 0 0 0 0 0 0 0 0
FullNghs:       276750 ave      276750 max      276750 min
Histogram: 1 0 0 0 0 0 0 0 0 0

Total # of neighbors = 276750
Ave neighs/atom = 553.5
Neighbor list builds = 0
Dangerous builds = 0
unfix 1

# Промежуточная минимизация атомов
min_style cg
minimize 1.0e-10 1.0e-11 1000 5000
Per MPI rank memory allocation (min/avg/max) = 16.28 | 16.28 | 16.28 Mbytes
   Step           Lx             Ly             Lz           PotEng         Press           Fmax          Volume    
        88   17.351542      17.37          17.374942     -4051.5466      21.213215      0.071971811    5236.7429    
        90   17.351542      17.37          17.374942     -4051.573       738.21513      0.017912291    5236.7429    
        94   17.351542      17.37          17.374942     -4051.5752      843.79326      0.0038979501   5236.7429    
Loop time of 107.644 on 4 procs for 6 steps with 500 atoms

333.7% CPU use with 1 MPI tasks x 4 OpenMP threads

Minimization stats:
  Stopping criterion = energy tolerance
  Energy initial, next-to-last, final = 
     -4051.54663085938   -4051.5751953125   -4051.5751953125
  Force two-norm initial, final = 0.77640493 0.023102081
  Force max component initial, final = 0.071971811 0.0038979501
  Final line search alpha, max atom move = 0.0009765625 3.8065918e-06
  Iterations, force evaluations = 6 32

MPI task timing breakdown:
Section |  min time  |  avg time  |  max time  |%varavg| %total
---------------------------------------------------------------
Pair    | 107.62     | 107.62     | 107.62     |   0.0 | 99.98
Neigh   | 0          | 0          | 0          |   0.0 |  0.00
Comm    | 0.002437   | 0.002437   | 0.002437   |   0.0 |  0.00
Output  | 0.00027397 | 0.00027397 | 0.00027397 |   0.0 |  0.00
Modify  | 0          | 0          | 0          |   0.0 |  0.00
Other   |            | 0.02135    |            |       |  0.02

Nlocal:            500 ave         500 max         500 min
Histogram: 1 0 0 0 0 0 0 0 0 0
Nghost:           5584 ave        5584 max        5584 min
Histogram: 1 0 0 0 0 0 0 0 0 0
Neighs:              0 ave           0 max           0 min
Histogram: 1 0 0 0 0 0 0 0 0 0
FullNghs:       272866 ave      272866 max      272866 min
Histogram: 1 0 0 0 0 0 0 0 0 0

Total # of neighbors = 272866
Ave neighs/atom = 545.732
Neighbor list builds = 0
Dangerous builds = 0

# Релаксация ячейки iso
fix 2 all box/relax iso 0.0 vmax 0.0001
min_style cg
minimize 1.0e-10 1.0e-11 1000 5000
WARNING: Energy due to 1 extra global DOFs will be included in minimizer energies
 (src/min.cpp:222)
Per MPI rank memory allocation (min/avg/max) = 16.28 | 16.28 | 16.28 Mbytes
   Step           Lx             Ly             Lz           PotEng         Press           Fmax          Volume    
        94   17.351542      17.37          17.374942     -4051.5752      843.79313      0.0038979799   5236.7429    
        97   17.353174      17.371634      17.376576     -4051.5757     -5.1932005      0.0035749972   5238.2207    
Loop time of 19.0955 on 4 procs for 3 steps with 500 atoms

352.8% CPU use with 1 MPI tasks x 4 OpenMP threads

Minimization stats:
  Stopping criterion = energy tolerance
  Energy initial, next-to-last, final = 
      -4051.5751953125  -4051.57568359375  -4051.57568359375
  Force two-norm initial, final = 8.2738916 0.053741604
  Force max component initial, final = 8.2738594 0.050931789
  Final line search alpha, max atom move = 0.0031949237 0.00016272318
  Iterations, force evaluations = 3 6

MPI task timing breakdown:
Section |  min time  |  avg time  |  max time  |%varavg| %total
---------------------------------------------------------------
Pair    | 19.094     | 19.094     | 19.094     |   0.0 | 99.99
Neigh   | 0          | 0          | 0          |   0.0 |  0.00
Comm    | 0.00021852 | 0.00021852 | 0.00021852 |   0.0 |  0.00
Output  | 0          | 0          | 0          |   0.0 |  0.00
Modify  | 0          | 0          | 0          |   0.0 |  0.00
Other   |            | 0.001053   |            |       |  0.01

Nlocal:            500 ave         500 max         500 min
Histogram: 1 0 0 0 0 0 0 0 0 0
Nghost:           5584 ave        5584 max        5584 min
Histogram: 1 0 0 0 0 0 0 0 0 0
Neighs:              0 ave           0 max           0 min
Histogram: 1 0 0 0 0 0 0 0 0 0
FullNghs:       272802 ave      272802 max      272802 min
Histogram: 1 0 0 0 0 0 0 0 0 0

Total # of neighbors = 272802
Ave neighs/atom = 545.604
Neighbor list builds = 0
Dangerous builds = 0
unfix 2

variable lat_const equal "lx/5"
variable eatom equal "pe/count(all)"
variable teng equal "pe"
variable natoms equal "count(all)"

print "Lattice parameter (lx/5) = ${lat_const} A"
Lattice parameter (lx/5) = 3.47063480902622 A
print "Total Potential Energy (PE) = ${teng} eV"
Total Potential Energy (PE) = -4051.57568359375 eV
print "Number of atoms = ${natoms}"
Number of atoms = 500
print "Cohesive energy (PE/N) = ${eatom} eV"
Cohesive energy (PE/N) = -8.1031513671875 eV
print "Minimization completed."
Minimization completed.

write_data B0_11_minimized.data
System init for write_data ...
Total wall time: 0:07:10
