read_data B0_4.data
Reading data file ...
  triclinic box = (0 0 0) to (17.245 17.245 17.245) with tilt (1.0559517e-15 1.0559517e-15 1.0559517e-15)
  1 by 1 by 1 MPI processor grid
  reading atoms ...
  500 atoms
  read_data CPU = 0.011 seconds

mass 1 58.6934  # Ni
mass 2 55.845   # Fe
mass 3 51.9961  # Cr

pair_style metatomic pet-mad-latest.pt device cpu

This is the PET-MAD v1.0.2 model
================================

A universal interatomic potential for advanced materials modeling

Model authors
-------------

- Arslan Mazitov (arslan.mazitov@epfl.ch)
- Filippo Bigi
- Matthias Kellner
- Paolo Pegolo
- Davide Tisi
- Guillaume Fraux
- Sergey Pozdnyakov
- Philip Loche
- Michele Ceriotti (michele.ceriotti@epfl.ch)

Model references
----------------

Please cite the following references when using this model:
- about this specific model:
  * http://arxiv.org/abs/2503.14118
- about the architecture of this model:
  * LLPR (uncertainty method):
    https://iopscience.iop.org/article/10.1088/2632-2153/ad805f
  * LPR (if using per-atom uncertainty):
    https://pubs.acs.org/doi/10.1021/acs.jctc.3c00704
  * https://arxiv.org/abs/2305.19302v3

WARNING: the model declared support for unknown device 'cuda', it will be ignored (src/ML-METATOMIC/pair_metatomic.cpp:216)
Running simulation on cpu device with float32 data
pair_coeff * * 28 26 24

neighbor 2.0 bin
neigh_modify delay 0 check yes
timestep 0.001

thermo 10
thermo_style custom step lx ly lz pe press fmax vol

# --- ЭТАПЫ МИНИМИЗАЦИИ ---
min_style cg
minimize 1.0e-8 1.0e-9 1000 5000

CITE-CITE-CITE-CITE-CITE-CITE-CITE-CITE-CITE-CITE-CITE-CITE-CITE

Your simulation uses code contributions which should be cited:

- LLPR (uncertainty method): https://iopscience.iop.org/article/10.1088/2632-2153/ad805f
- LPR (if using per-atom uncertainty): https://pubs.acs.org/doi/10.1021/acs.jctc.3c00704
- https://arxiv.org/abs/2305.19302v3
- http://arxiv.org/abs/2503.14118
CITE-CITE-CITE-CITE-CITE-CITE-CITE-CITE-CITE-CITE-CITE-CITE-CITE

Neighbor list info ...
  update: every = 1 steps, delay = 0 steps, check = yes
  max neighbors/atom: 2000, page size: 100000
  master list distance cutoff = 11
  ghost atom cutoff = 11
  binsize = 5.5, bins = 4 4 4
  1 neighbor lists, perpetual/occasional/extra = 1 0 0
  (1) pair metatomic, perpetual
      attributes: full, newton on, ghost
      pair build: full/bin/ghost
      stencil: full/ghost/bin/3d
      bin: standard
Per MPI rank memory allocation (min/avg/max) = 16.28 | 16.28 | 16.28 Mbytes
   Step           Lx             Ly             Lz           PotEng         Press           Fmax          Volume    
         0   17.245         17.245         17.245        -4042.7656      64737.277      1.054641       5128.491     
        10   17.245         17.245         17.245        -4048.5439      66493.169      0.007414069    5128.491     
        11   17.245         17.245         17.245        -4048.5439      66494.938      0.0055006146   5128.491     
Loop time of 65.2753 on 4 procs for 11 steps with 500 atoms

304.0% CPU use with 1 MPI tasks x 4 OpenMP threads

Minimization stats:
  Stopping criterion = energy tolerance
  Energy initial, next-to-last, final = 
          -4042.765625   -4048.5439453125   -4048.5439453125
  Force two-norm initial, final = 11.382079 0.037412726
  Force max component initial, final = 1.054641 0.0055006146
  Final line search alpha, max atom move = 1 0.0055006146
  Iterations, force evaluations = 11 22

MPI task timing breakdown:
Section |  min time  |  avg time  |  max time  |%varavg| %total
---------------------------------------------------------------
Pair    | 65.264     | 65.264     | 65.264     |   0.0 | 99.98
Neigh   | 0          | 0          | 0          |   0.0 |  0.00
Comm    | 0.0019221  | 0.0019221  | 0.0019221  |   0.0 |  0.00
Output  | 0.0035334  | 0.0035334  | 0.0035334  |   0.0 |  0.01
Modify  | 0          | 0          | 0          |   0.0 |  0.00
Other   |            | 0.005752   |            |       |  0.01

Nlocal:            500 ave         500 max         500 min
Histogram: 1 0 0 0 0 0 0 0 0 0
Nghost:           5584 ave        5584 max        5584 min
Histogram: 1 0 0 0 0 0 0 0 0 0
Neighs:              0 ave           0 max           0 min
Histogram: 1 0 0 0 0 0 0 0 0 0
FullNghs:       277000 ave      277000 max      277000 min
Histogram: 1 0 0 0 0 0 0 0 0 0

Total # of neighbors = 277000
Ave neighs/atom = 554
Neighbor list builds = 0
Dangerous builds = 0

# Релаксация ячейки aniso
fix 1 all box/relax aniso 0.0 vmax 0.0001
min_style cg
minimize 1.0e-10 1.0e-11 1000 5000
WARNING: Energy due to 3 extra global DOFs will be included in minimizer energies
 (src/min.cpp:222)
Per MPI rank memory allocation (min/avg/max) = 16.28 | 16.28 | 16.28 Mbytes
   Step           Lx             Ly             Lz           PotEng         Press           Fmax          Volume    
        11   17.245         17.245         17.245        -4048.543       66494.93       0.0054999739   5128.491     
        20   17.259838      17.260278      17.260521     -4049.0698      57800.43       0.011370063    5142.0749    
        30   17.276225      17.277222      17.277766     -4049.5693      48285.967      0.022981703    5157.1569    
        40   17.29247       17.29412       17.295011     -4049.9795      38929.417      0.034366995    5172.2119    
        50   17.308508      17.310951      17.312256     -4050.301       29743.233      0.045505673    5187.2147    
        60   17.324222      17.327682      17.329501     -4050.5361      20755.596      0.056354761    5202.1185    
        70   17.339336      17.344231      17.346746     -4050.6868      12023.515      0.067558765    5216.8161    
        80   17.352842      17.360311      17.363991     -4050.7568      3768.3951      0.078263223    5230.9148    
        86   17.356742      17.367527      17.372613     -4050.7654      322.5292       0.082757503    5236.8645    
Loop time of 175.304 on 4 procs for 75 steps with 500 atoms

373.2% CPU use with 1 MPI tasks x 4 OpenMP threads

Minimization stats:
  Stopping criterion = linesearch alpha is zero
  Energy initial, next-to-last, final = 
        -4048.54296875  -4050.76538085938  -4050.76538085938
  Force two-norm initial, final = 368.7195 3.1235201
  Force max component initial, final = 216.95595 2.4833482
  Final line search alpha, max atom move = 1.2288899e-09 3.0517616e-09
  Iterations, force evaluations = 75 90

MPI task timing breakdown:
Section |  min time  |  avg time  |  max time  |%varavg| %total
---------------------------------------------------------------
Pair    | 175.29     | 175.29     | 175.29     |   0.0 | 99.99
Neigh   | 0          | 0          | 0          |   0.0 |  0.00
Comm    | 0.0025513  | 0.0025513  | 0.0025513  |   0.0 |  0.00
Output  | 0.001092   | 0.001092   | 0.001092   |   0.0 |  0.00
Modify  | 0          | 0          | 0          |   0.0 |  0.00
Other   |            | 0.01155    |            |       |  0.01

Nlocal:            500 ave         500 max         500 min
Histogram: 1 0 0 0 0 0 0 0 0 0
Nghost:           5584 ave        5584 max        5584 min
Histogram: 1 0 0 0 0 0 0 0 0 0
Neighs:              0 ave           0 max           0 min
Histogram: 1 0 0 0 0 0 0 0 0 0
FullNghs:       276720 ave      276720 max      276720 min
Histogram: 1 0 0 0 0 0 0 0 0 0

Total # of neighbors = 276720
Ave neighs/atom = 553.44
Neighbor list builds = 0
Dangerous builds = 0
unfix 1

# Промежуточная минимизация атомов
min_style cg
minimize 1.0e-10 1.0e-11 1000 5000
Per MPI rank memory allocation (min/avg/max) = 16.28 | 16.28 | 16.28 Mbytes
   Step           Lx             Ly             Lz           PotEng         Press           Fmax          Volume    
        86   17.356742      17.367527      17.372613     -4050.7654      322.52923      0.082757503    5236.8645    
        90   17.356742      17.367527      17.372613     -4050.7917      1086.0898      0.0054035075   5236.8645    
        91   17.356742      17.367527      17.372613     -4050.7917      1087.0432      0.0044349208   5236.8645    
Loop time of 20.0205 on 4 procs for 5 steps with 500 atoms

368.8% CPU use with 1 MPI tasks x 4 OpenMP threads

Minimization stats:
  Stopping criterion = energy tolerance
  Energy initial, next-to-last, final = 
     -4050.76538085938  -4050.79174804688  -4050.79174804688
  Force two-norm initial, final = 0.7574199 0.030873751
  Force max component initial, final = 0.082757503 0.0044349208
  Final line search alpha, max atom move = 1 0.0044349208
  Iterations, force evaluations = 5 10

MPI task timing breakdown:
Section |  min time  |  avg time  |  max time  |%varavg| %total
---------------------------------------------------------------
Pair    | 20.02      | 20.02      | 20.02      |   0.0 |100.00
Neigh   | 0          | 0          | 0          |   0.0 |  0.00
Comm    | 0.00037699 | 0.00037699 | 0.00037699 |   0.0 |  0.00
Output  | 0.00014708 | 0.00014708 | 0.00014708 |   0.0 |  0.00
Modify  | 0          | 0          | 0          |   0.0 |  0.00
Other   |            | 0.0004221  |            |       |  0.00

Nlocal:            500 ave         500 max         500 min
Histogram: 1 0 0 0 0 0 0 0 0 0
Nghost:           5584 ave        5584 max        5584 min
Histogram: 1 0 0 0 0 0 0 0 0 0
Neighs:              0 ave           0 max           0 min
Histogram: 1 0 0 0 0 0 0 0 0 0
FullNghs:       272798 ave      272798 max      272798 min
Histogram: 1 0 0 0 0 0 0 0 0 0

Total # of neighbors = 272798
Ave neighs/atom = 545.596
Neighbor list builds = 0
Dangerous builds = 0

# Релаксация ячейки iso
fix 2 all box/relax iso 0.0 vmax 0.0001
min_style cg
minimize 1.0e-10 1.0e-11 1000 5000
WARNING: Energy due to 1 extra global DOFs will be included in minimizer energies
 (src/min.cpp:222)
Per MPI rank memory allocation (min/avg/max) = 16.28 | 16.28 | 16.28 Mbytes
   Step           Lx             Ly             Lz           PotEng         Press           Fmax          Volume    
        91   17.356742      17.367527      17.372613     -4050.7917      1087.0469      0.0044351891   5236.8645    
        93   17.358818      17.369605      17.374691     -4050.7925     -0.27637015     0.0043142997   5238.744     
Loop time of 7.27527 on 4 procs for 2 steps with 500 atoms

370.0% CPU use with 1 MPI tasks x 4 OpenMP threads

Minimization stats:
  Stopping criterion = energy tolerance
  Energy initial, next-to-last, final = 
     -4050.79174804688  -4050.79248046875  -4050.79248046875
  Force two-norm initial, final = 10.65939 0.035864136
  Force max component initial, final = 10.659345 0.0043142997
  Final line search alpha, max atom move = 5.7284978e-05 2.4714456e-07
  Iterations, force evaluations = 2 3

MPI task timing breakdown:
Section |  min time  |  avg time  |  max time  |%varavg| %total
---------------------------------------------------------------
Pair    | 7.2747     | 7.2747     | 7.2747     |   0.0 | 99.99
Neigh   | 0          | 0          | 0          |   0.0 |  0.00
Comm    | 0.00010765 | 0.00010765 | 0.00010765 |   0.0 |  0.00
Output  | 0          | 0          | 0          |   0.0 |  0.00
Modify  | 0          | 0          | 0          |   0.0 |  0.00
Other   |            | 0.0004932  |            |       |  0.01

Nlocal:            500 ave         500 max         500 min
Histogram: 1 0 0 0 0 0 0 0 0 0
Nghost:           5584 ave        5584 max        5584 min
Histogram: 1 0 0 0 0 0 0 0 0 0
Neighs:              0 ave           0 max           0 min
Histogram: 1 0 0 0 0 0 0 0 0 0
FullNghs:       272756 ave      272756 max      272756 min
Histogram: 1 0 0 0 0 0 0 0 0 0

Total # of neighbors = 272756
Ave neighs/atom = 545.512
Neighbor list builds = 0
Dangerous builds = 0
unfix 2

variable lat_const equal "lx/5"
variable eatom equal "pe/count(all)"
variable teng equal "pe"
variable natoms equal "count(all)"

print "Lattice parameter (lx/5) = ${lat_const} A"
Lattice parameter (lx/5) = 3.47176357495712 A
print "Total Potential Energy (PE) = ${teng} eV"
Total Potential Energy (PE) = -4050.79248046875 eV
print "Number of atoms = ${natoms}"
Number of atoms = 500
print "Cohesive energy (PE/N) = ${eatom} eV"
Cohesive energy (PE/N) = -8.1015849609375 eV
print "Minimization completed."
Minimization completed.

write_data B0_4_minimized.data
System init for write_data ...
Total wall time: 0:04:42
