read_data B0_7.data
Reading data file ...
  triclinic box = (0 0 0) to (17.245 17.245 17.245) with tilt (1.0559517e-15 1.0559517e-15 1.0559517e-15)
  1 by 1 by 1 MPI processor grid
  reading atoms ...
  500 atoms
  read_data CPU = 0.012 seconds

mass 1 58.6934  # Ni
mass 2 55.845   # Fe
mass 3 51.9961  # Cr

pair_style metatomic pet-mad-latest.pt device cpu

This is the PET-MAD v1.0.2 model
================================

A universal interatomic potential for advanced materials modeling

Model authors
-------------

- Arslan Mazitov (arslan.mazitov@epfl.ch)
- Filippo Bigi
- Matthias Kellner
- Paolo Pegolo
- Davide Tisi
- Guillaume Fraux
- Sergey Pozdnyakov
- Philip Loche
- Michele Ceriotti (michele.ceriotti@epfl.ch)

Model references
----------------

Please cite the following references when using this model:
- about this specific model:
  * http://arxiv.org/abs/2503.14118
- about the architecture of this model:
  * LLPR (uncertainty method):
    https://iopscience.iop.org/article/10.1088/2632-2153/ad805f
  * LPR (if using per-atom uncertainty):
    https://pubs.acs.org/doi/10.1021/acs.jctc.3c00704
  * https://arxiv.org/abs/2305.19302v3

WARNING: the model declared support for unknown device 'cuda', it will be ignored (src/ML-METATOMIC/pair_metatomic.cpp:216)
Running simulation on cpu device with float32 data
pair_coeff * * 28 26 24

neighbor 2.0 bin
neigh_modify delay 0 check yes
timestep 0.001

thermo 10
thermo_style custom step lx ly lz pe press fmax vol

# --- ЭТАПЫ МИНИМИЗАЦИИ ---
min_style cg
minimize 1.0e-8 1.0e-9 1000 5000

CITE-CITE-CITE-CITE-CITE-CITE-CITE-CITE-CITE-CITE-CITE-CITE-CITE

Your simulation uses code contributions which should be cited:

- LLPR (uncertainty method): https://iopscience.iop.org/article/10.1088/2632-2153/ad805f
- LPR (if using per-atom uncertainty): https://pubs.acs.org/doi/10.1021/acs.jctc.3c00704
- https://arxiv.org/abs/2305.19302v3
- http://arxiv.org/abs/2503.14118
CITE-CITE-CITE-CITE-CITE-CITE-CITE-CITE-CITE-CITE-CITE-CITE-CITE

Neighbor list info ...
  update: every = 1 steps, delay = 0 steps, check = yes
  max neighbors/atom: 2000, page size: 100000
  master list distance cutoff = 11
  ghost atom cutoff = 11
  binsize = 5.5, bins = 4 4 4
  1 neighbor lists, perpetual/occasional/extra = 1 0 0
  (1) pair metatomic, perpetual
      attributes: full, newton on, ghost
      pair build: full/bin/ghost
      stencil: full/ghost/bin/3d
      bin: standard
Per MPI rank memory allocation (min/avg/max) = 16.28 | 16.28 | 16.28 Mbytes
   Step           Lx             Ly             Lz           PotEng         Press           Fmax          Volume    
         0   17.245         17.245         17.245        -4042.9458      63740.493      0.9812507      5128.491     
        10   17.245         17.245         17.245        -4048.5854      65968.6        0.015317842    5128.491     
        12   17.245         17.245         17.245        -4048.5859      65968.541      0.0055440962   5128.491     
Loop time of 58.4886 on 4 procs for 12 steps with 500 atoms

326.9% CPU use with 1 MPI tasks x 4 OpenMP threads

Minimization stats:
  Stopping criterion = energy tolerance
  Energy initial, next-to-last, final = 
     -4042.94580078125      -4048.5859375      -4048.5859375
  Force two-norm initial, final = 11.188461 0.031234808
  Force max component initial, final = 0.9812507 0.0055440962
  Final line search alpha, max atom move = 1 0.0055440962
  Iterations, force evaluations = 12 24

MPI task timing breakdown:
Section |  min time  |  avg time  |  max time  |%varavg| %total
---------------------------------------------------------------
Pair    | 58.484     | 58.484     | 58.484     |   0.0 | 99.99
Neigh   | 0          | 0          | 0          |   0.0 |  0.00
Comm    | 0.0012591  | 0.0012591  | 0.0012591  |   0.0 |  0.00
Output  | 0.00014051 | 0.00014051 | 0.00014051 |   0.0 |  0.00
Modify  | 0          | 0          | 0          |   0.0 |  0.00
Other   |            | 0.002977   |            |       |  0.01

Nlocal:            500 ave         500 max         500 min
Histogram: 1 0 0 0 0 0 0 0 0 0
Nghost:           5584 ave        5584 max        5584 min
Histogram: 1 0 0 0 0 0 0 0 0 0
Neighs:              0 ave           0 max           0 min
Histogram: 1 0 0 0 0 0 0 0 0 0
FullNghs:       277000 ave      277000 max      277000 min
Histogram: 1 0 0 0 0 0 0 0 0 0

Total # of neighbors = 277000
Ave neighs/atom = 554
Neighbor list builds = 0
Dangerous builds = 0

# Релаксация ячейки aniso
fix 1 all box/relax aniso 0.0 vmax 0.0001
min_style cg
minimize 1.0e-10 1.0e-11 1000 5000
WARNING: Energy due to 3 extra global DOFs will be included in minimizer energies
 (src/min.cpp:222)
Per MPI rank memory allocation (min/avg/max) = 16.28 | 16.28 | 16.28 Mbytes
   Step           Lx             Ly             Lz           PotEng         Press           Fmax          Volume    
        12   17.245         17.245         17.245        -4048.5847      65968.52       0.0055438727   5128.491     
        20   17.258747      17.258796      17.258671     -4049.0596      58108.117      0.010693714    5140.7574    
        30   17.275918      17.276041      17.275732     -4049.5696      48414.212      0.023057789    5156.1058    
        40   17.293067      17.293286      17.292755     -4049.9878      38865.332      0.035512775    5171.4667    
        50   17.310185      17.310531      17.30972      -4050.3154      29458.355      0.047952622    5186.8317    
        60   17.327251      17.327776      17.326593     -4050.5532      20206.354      0.060665786    5202.1837    
        70   17.344215      17.345021      17.343287     -4050.7029      11134.605      0.075634301    5217.4809    
        80   17.360833      17.362266      17.359383     -4050.7661      2349.8401      0.090718895    5232.5243    
        84   17.365148      17.368938      17.361948     -4050.7693     -9.4662244      0.094149411    5236.6096    
Loop time of 188.298 on 4 procs for 72 steps with 500 atoms

358.7% CPU use with 1 MPI tasks x 4 OpenMP threads

Minimization stats:
  Stopping criterion = energy tolerance
  Energy initial, next-to-last, final = 
     -4048.58471679688  -4050.76928710938  -4050.76928710938
  Force two-norm initial, final = 365.74579 0.83565204
  Force max component initial, final = 211.9964 0.22834321
  Final line search alpha, max atom move = 6.2009538e-08 1.4159457e-08
  Iterations, force evaluations = 72 85

MPI task timing breakdown:
Section |  min time  |  avg time  |  max time  |%varavg| %total
---------------------------------------------------------------
Pair    | 188.27     | 188.27     | 188.27     |   0.0 | 99.99
Neigh   | 0          | 0          | 0          |   0.0 |  0.00
Comm    | 0.002848   | 0.002848   | 0.002848   |   0.0 |  0.00
Output  | 0.0065083  | 0.0065083  | 0.0065083  |   0.0 |  0.00
Modify  | 0          | 0          | 0          |   0.0 |  0.00
Other   |            | 0.0156     |            |       |  0.01

Nlocal:            500 ave         500 max         500 min
Histogram: 1 0 0 0 0 0 0 0 0 0
Nghost:           5584 ave        5584 max        5584 min
Histogram: 1 0 0 0 0 0 0 0 0 0
Neighs:              0 ave           0 max           0 min
Histogram: 1 0 0 0 0 0 0 0 0 0
FullNghs:       276770 ave      276770 max      276770 min
Histogram: 1 0 0 0 0 0 0 0 0 0

Total # of neighbors = 276770
Ave neighs/atom = 553.54
Neighbor list builds = 0
Dangerous builds = 0
unfix 1

# Промежуточная минимизация атомов
min_style cg
minimize 1.0e-10 1.0e-11 1000 5000
Per MPI rank memory allocation (min/avg/max) = 16.28 | 16.28 | 16.28 Mbytes
   Step           Lx             Ly             Lz           PotEng         Press           Fmax          Volume    
        84   17.365148      17.368938      17.361948     -4050.7693     -9.466735       0.094149411    5236.6096    
        89   17.365148      17.368938      17.361948     -4050.7981      829.59564      0.010293916    5236.6096    
Loop time of 21.3241 on 4 procs for 5 steps with 500 atoms

370.5% CPU use with 1 MPI tasks x 4 OpenMP threads

Minimization stats:
  Stopping criterion = energy tolerance
  Energy initial, next-to-last, final = 
     -4050.76928710938  -4050.79809570312  -4050.79809570312
  Force two-norm initial, final = 0.78957671 0.039587247
  Force max component initial, final = 0.094149411 0.010293916
  Final line search alpha, max atom move = 1 0.010293916
  Iterations, force evaluations = 5 10

MPI task timing breakdown:
Section |  min time  |  avg time  |  max time  |%varavg| %total
---------------------------------------------------------------
Pair    | 21.323     | 21.323     | 21.323     |   0.0 | 99.99
Neigh   | 0          | 0          | 0          |   0.0 |  0.00
Comm    | 0.00048143 | 0.00048143 | 0.00048143 |   0.0 |  0.00
Output  | 0          | 0          | 0          |   0.0 |  0.00
Modify  | 0          | 0          | 0          |   0.0 |  0.00
Other   |            | 0.0009963  |            |       |  0.00

Nlocal:            500 ave         500 max         500 min
Histogram: 1 0 0 0 0 0 0 0 0 0
Nghost:           5584 ave        5584 max        5584 min
Histogram: 1 0 0 0 0 0 0 0 0 0
Neighs:              0 ave           0 max           0 min
Histogram: 1 0 0 0 0 0 0 0 0 0
FullNghs:       272862 ave      272862 max      272862 min
Histogram: 1 0 0 0 0 0 0 0 0 0

Total # of neighbors = 272862
Ave neighs/atom = 545.724
Neighbor list builds = 0
Dangerous builds = 0

# Релаксация ячейки iso
fix 2 all box/relax iso 0.0 vmax 0.0001
min_style cg
minimize 1.0e-10 1.0e-11 1000 5000
WARNING: Energy due to 1 extra global DOFs will be included in minimizer energies
 (src/min.cpp:222)
Per MPI rank memory allocation (min/avg/max) = 16.28 | 16.28 | 16.28 Mbytes
   Step           Lx             Ly             Lz           PotEng         Press           Fmax          Volume    
        89   17.365148      17.368938      17.361948     -4050.7983      829.59377      0.010293841    5236.6096    
        90   17.366735      17.370525      17.363535     -4050.7988     -0.33691566     0.009524852    5238.0455    
        91   17.366782      17.370572      17.363582     -4050.7988     -0.9929709      0.0078302324   5238.0879    
Loop time of 9.23744 on 4 procs for 2 steps with 500 atoms

372.1% CPU use with 1 MPI tasks x 4 OpenMP threads

Minimization stats:
  Stopping criterion = energy tolerance
  Energy initial, next-to-last, final = 
     -4050.79833984375    -4050.798828125    -4050.798828125
  Force two-norm initial, final = 8.134516 0.028301505
  Force max component initial, final = 8.1344197 0.0097382145
  Final line search alpha, max atom move = 1 0.0097382145
  Iterations, force evaluations = 2 4

MPI task timing breakdown:
Section |  min time  |  avg time  |  max time  |%varavg| %total
---------------------------------------------------------------
Pair    | 9.2366     | 9.2366     | 9.2366     |   0.0 | 99.99
Neigh   | 0          | 0          | 0          |   0.0 |  0.00
Comm    | 0.00014554 | 0.00014554 | 0.00014554 |   0.0 |  0.00
Output  | 0.00014498 | 0.00014498 | 0.00014498 |   0.0 |  0.00
Modify  | 0          | 0          | 0          |   0.0 |  0.00
Other   |            | 0.0005925  |            |       |  0.01

Nlocal:            500 ave         500 max         500 min
Histogram: 1 0 0 0 0 0 0 0 0 0
Nghost:           5584 ave        5584 max        5584 min
Histogram: 1 0 0 0 0 0 0 0 0 0
Neighs:              0 ave           0 max           0 min
Histogram: 1 0 0 0 0 0 0 0 0 0
FullNghs:       272828 ave      272828 max      272828 min
Histogram: 1 0 0 0 0 0 0 0 0 0

Total # of neighbors = 272828
Ave neighs/atom = 545.656
Neighbor list builds = 0
Dangerous builds = 0
unfix 2

variable lat_const equal "lx/5"
variable eatom equal "pe/count(all)"
variable teng equal "pe"
variable natoms equal "count(all)"

print "Lattice parameter (lx/5) = ${lat_const} A"
Lattice parameter (lx/5) = 3.47335635757731 A
print "Total Potential Energy (PE) = ${teng} eV"
Total Potential Energy (PE) = -4050.798828125 eV
print "Number of atoms = ${natoms}"
Number of atoms = 500
print "Cohesive energy (PE/N) = ${eatom} eV"
Cohesive energy (PE/N) = -8.10159765625 eV
print "Minimization completed."
Minimization completed.

write_data B0_7_minimized.data
System init for write_data ...
Total wall time: 0:04:51
