read_data C0_11.data
Reading data file ...
  triclinic box = (0 0 0) to (17.35 17.35 17.35) with tilt (1.0623811e-15 1.0623811e-15 1.0623811e-15)
  1 by 1 by 1 MPI processor grid
  reading atoms ...
  500 atoms
  read_data CPU = 0.003 seconds

mass 1 58.6934  # Ni
mass 2 55.845   # Fe
mass 3 51.9961  # Cr

pair_style metatomic pet-mad-latest.pt device cpu

This is the PET-MAD v1.0.2 model
================================

A universal interatomic potential for advanced materials modeling

Model authors
-------------

- Arslan Mazitov (arslan.mazitov@epfl.ch)
- Filippo Bigi
- Matthias Kellner
- Paolo Pegolo
- Davide Tisi
- Guillaume Fraux
- Sergey Pozdnyakov
- Philip Loche
- Michele Ceriotti (michele.ceriotti@epfl.ch)

Model references
----------------

Please cite the following references when using this model:
- about this specific model:
  * http://arxiv.org/abs/2503.14118
- about the architecture of this model:
  * LLPR (uncertainty method):
    https://iopscience.iop.org/article/10.1088/2632-2153/ad805f
  * LPR (if using per-atom uncertainty):
    https://pubs.acs.org/doi/10.1021/acs.jctc.3c00704
  * https://arxiv.org/abs/2305.19302v3

WARNING: the model declared support for unknown device 'cuda', it will be ignored (src/ML-METATOMIC/pair_metatomic.cpp:216)
Running simulation on cpu device with float32 data
pair_coeff * * 28 26 24

neighbor 2.0 bin
neigh_modify delay 0 check yes
timestep 0.001

thermo 10
thermo_style custom step lx ly lz pe press fmax vol

# --- ЭТАПЫ МИНИМИЗАЦИИ ---
min_style cg
minimize 1.0e-8 1.0e-9 1000 5000

CITE-CITE-CITE-CITE-CITE-CITE-CITE-CITE-CITE-CITE-CITE-CITE-CITE

Your simulation uses code contributions which should be cited:

- LLPR (uncertainty method): https://iopscience.iop.org/article/10.1088/2632-2153/ad805f
- LPR (if using per-atom uncertainty): https://pubs.acs.org/doi/10.1021/acs.jctc.3c00704
- https://arxiv.org/abs/2305.19302v3
- http://arxiv.org/abs/2503.14118
CITE-CITE-CITE-CITE-CITE-CITE-CITE-CITE-CITE-CITE-CITE-CITE-CITE

Neighbor list info ...
  update: every = 1 steps, delay = 0 steps, check = yes
  max neighbors/atom: 2000, page size: 100000
  master list distance cutoff = 11
  ghost atom cutoff = 11
  binsize = 5.5, bins = 4 4 4
  1 neighbor lists, perpetual/occasional/extra = 1 0 0
  (1) pair metatomic, perpetual
      attributes: full, newton on, ghost
      pair build: full/bin/ghost
      stencil: full/ghost/bin/3d
      bin: standard
Per MPI rank memory allocation (min/avg/max) = 19.8 | 19.8 | 19.8 Mbytes
   Step           Lx             Ly             Lz           PotEng         Press           Fmax          Volume    
         0   17.35          17.35          17.35         -3813.5503      16035.156      1.185024       5222.7404    
        10   17.35          17.35          17.35         -3818.969       18317.919      0.043937266    5222.7404    
        16   17.35          17.35          17.35         -3818.9736      18338.341      0.0045900047   5222.7404    
Loop time of 75.0572 on 8 procs for 16 steps with 500 atoms

771.8% CPU use with 1 MPI tasks x 8 OpenMP threads

Minimization stats:
  Stopping criterion = energy tolerance
  Energy initial, next-to-last, final = 
     -3813.55029296875   -3818.9736328125   -3818.9736328125
  Force two-norm initial, final = 10.330003 0.019927836
  Force max component initial, final = 1.185024 0.0045900047
  Final line search alpha, max atom move = 1 0.0045900047
  Iterations, force evaluations = 16 32

MPI task timing breakdown:
Section |  min time  |  avg time  |  max time  |%varavg| %total
---------------------------------------------------------------
Pair    | 75.056     | 75.056     | 75.056     |   0.0 |100.00
Neigh   | 0          | 0          | 0          |   0.0 |  0.00
Comm    | 0.00080102 | 0.00080102 | 0.00080102 |   0.0 |  0.00
Output  | 8.155e-05  | 8.155e-05  | 8.155e-05  |   0.0 |  0.00
Modify  | 0          | 0          | 0          |   0.0 |  0.00
Other   |            | 0.0005554  |            |       |  0.00

Nlocal:            500 ave         500 max         500 min
Histogram: 1 0 0 0 0 0 0 0 0 0
Nghost:           5584 ave        5584 max        5584 min
Histogram: 1 0 0 0 0 0 0 0 0 0
Neighs:              0 ave           0 max           0 min
Histogram: 1 0 0 0 0 0 0 0 0 0
FullNghs:       277000 ave      277000 max      277000 min
Histogram: 1 0 0 0 0 0 0 0 0 0

Total # of neighbors = 277000
Ave neighs/atom = 554
Neighbor list builds = 0
Dangerous builds = 0

# Релаксация ячейки aniso
fix 1 all box/relax aniso 0.0 vmax 0.0001
min_style cg
minimize 1.0e-10 1.0e-11 1000 5000
WARNING: Energy due to 3 extra global DOFs will be included in minimizer energies
 (src/min.cpp:222)
Per MPI rank memory allocation (min/avg/max) = 19.8 | 19.8 | 19.8 Mbytes
   Step           Lx             Ly             Lz           PotEng         Press           Fmax          Volume    
        16   17.35          17.35          17.35         -3818.9736      18338.343      0.004589811    5222.7404    
        20   17.355808      17.35694       17.356455     -3819.0344      15181.383      0.0071748495   5228.5231    
        30   17.369372      17.37429       17.372174     -3819.1355      7588.8029      0.01567989     5242.5834    
        40   17.378817      17.39164       17.386096     -3819.1702      1044.3199      0.025837047    5254.8805    
        47   17.372719      17.401398      17.389071     -3819.1724     -10.058992      0.028162196    5256.883     
Loop time of 156.508 on 8 procs for 31 steps with 500 atoms

787.1% CPU use with 1 MPI tasks x 8 OpenMP threads

Minimization stats:
  Stopping criterion = linesearch alpha is zero
  Energy initial, next-to-last, final = 
      -3818.9736328125  -3819.17236328125  -3819.17236328125
  Force two-norm initial, final = 103.78352 0.33509805
  Force max component initial, final = 64.544945 0.18393202
  Final line search alpha, max atom move = 6.6367832e-08 1.220717e-08
  Iterations, force evaluations = 31 69

MPI task timing breakdown:
Section |  min time  |  avg time  |  max time  |%varavg| %total
---------------------------------------------------------------
Pair    | 156.5      | 156.5      | 156.5      |   0.0 |100.00
Neigh   | 0          | 0          | 0          |   0.0 |  0.00
Comm    | 0.0013047  | 0.0013047  | 0.0013047  |   0.0 |  0.00
Output  | 0.00013984 | 0.00013984 | 0.00013984 |   0.0 |  0.00
Modify  | 0          | 0          | 0          |   0.0 |  0.00
Other   |            | 0.005574   |            |       |  0.00

Nlocal:            500 ave         500 max         500 min
Histogram: 1 0 0 0 0 0 0 0 0 0
Nghost:           5584 ave        5584 max        5584 min
Histogram: 1 0 0 0 0 0 0 0 0 0
Neighs:              0 ave           0 max           0 min
Histogram: 1 0 0 0 0 0 0 0 0 0
FullNghs:       273752 ave      273752 max      273752 min
Histogram: 1 0 0 0 0 0 0 0 0 0

Total # of neighbors = 273752
Ave neighs/atom = 547.504
Neighbor list builds = 0
Dangerous builds = 0
unfix 1

# Промежуточная минимизация атомов
min_style cg
minimize 1.0e-10 1.0e-11 1000 5000
Per MPI rank memory allocation (min/avg/max) = 19.8 | 19.8 | 19.8 Mbytes
   Step           Lx             Ly             Lz           PotEng         Press           Fmax          Volume    
        47   17.372719      17.401398      17.389071     -3819.1724     -10.057714      0.02816222     5256.883     
        50   17.372719      17.401398      17.389071     -3819.175       248.08724      0.0052509457   5256.883     
Loop time of 15.629 on 8 procs for 3 steps with 500 atoms

787.0% CPU use with 1 MPI tasks x 8 OpenMP threads

Minimization stats:
  Stopping criterion = energy tolerance
  Energy initial, next-to-last, final = 
     -3819.17236328125  -3819.17504882812  -3819.17504882812
  Force two-norm initial, final = 0.26374118 0.026027527
  Force max component initial, final = 0.02816222 0.0052509457
  Final line search alpha, max atom move = 1 0.0052509457
  Iterations, force evaluations = 3 6

MPI task timing breakdown:
Section |  min time  |  avg time  |  max time  |%varavg| %total
---------------------------------------------------------------
Pair    | 15.629     | 15.629     | 15.629     |   0.0 |100.00
Neigh   | 0          | 0          | 0          |   0.0 |  0.00
Comm    | 0.00015313 | 0.00015313 | 0.00015313 |   0.0 |  0.00
Output  | 0          | 0          | 0          |   0.0 |  0.00
Modify  | 0          | 0          | 0          |   0.0 |  0.00
Other   |            | 0.0001908  |            |       |  0.00

Nlocal:            500 ave         500 max         500 min
Histogram: 1 0 0 0 0 0 0 0 0 0
Nghost:           5584 ave        5584 max        5584 min
Histogram: 1 0 0 0 0 0 0 0 0 0
Neighs:              0 ave           0 max           0 min
Histogram: 1 0 0 0 0 0 0 0 0 0
FullNghs:       271238 ave      271238 max      271238 min
Histogram: 1 0 0 0 0 0 0 0 0 0

Total # of neighbors = 271238
Ave neighs/atom = 542.476
Neighbor list builds = 0
Dangerous builds = 0

# Релаксация ячейки iso
fix 2 all box/relax iso 0.0 vmax 0.0001
min_style cg
minimize 1.0e-10 1.0e-11 1000 5000
WARNING: Energy due to 1 extra global DOFs will be included in minimizer energies
 (src/min.cpp:222)
Per MPI rank memory allocation (min/avg/max) = 19.8 | 19.8 | 19.8 Mbytes
   Step           Lx             Ly             Lz           PotEng         Press           Fmax          Volume    
        50   17.372719      17.401398      17.389071     -3819.175       248.08902      0.0052510053   5256.883     
        52   17.373231      17.401911      17.389584     -3819.1753     -0.016685618    0.005329892    5257.348     
Loop time of 11.2501 on 8 procs for 2 steps with 500 atoms

789.2% CPU use with 1 MPI tasks x 8 OpenMP threads

Minimization stats:
  Stopping criterion = energy tolerance
  Energy initial, next-to-last, final = 
     -3819.17504882812  -3819.17529296875  -3819.17529296875
  Force two-norm initial, final = 2.4421448 0.017373984
  Force max component initial, final = 2.4420061 0.005329892
  Final line search alpha, max atom move = 1 0.005329892
  Iterations, force evaluations = 2 4

MPI task timing breakdown:
Section |  min time  |  avg time  |  max time  |%varavg| %total
---------------------------------------------------------------
Pair    | 11.25      | 11.25      | 11.25      |   0.0 |100.00
Neigh   | 0          | 0          | 0          |   0.0 |  0.00
Comm    | 9.3685e-05 | 9.3685e-05 | 9.3685e-05 |   0.0 |  0.00
Output  | 0          | 0          | 0          |   0.0 |  0.00
Modify  | 0          | 0          | 0          |   0.0 |  0.00
Other   |            | 0.0003305  |            |       |  0.00

Nlocal:            500 ave         500 max         500 min
Histogram: 1 0 0 0 0 0 0 0 0 0
Nghost:           5584 ave        5584 max        5584 min
Histogram: 1 0 0 0 0 0 0 0 0 0
Neighs:              0 ave           0 max           0 min
Histogram: 1 0 0 0 0 0 0 0 0 0
FullNghs:       271254 ave      271254 max      271254 min
Histogram: 1 0 0 0 0 0 0 0 0 0

Total # of neighbors = 271254
Ave neighs/atom = 542.508
Neighbor list builds = 0
Dangerous builds = 0
unfix 2

variable lat_const equal "lx/5"
variable eatom equal "pe/count(all)"
variable teng equal "pe"
variable natoms equal "count(all)"

print "Lattice parameter (lx/5) = ${lat_const} A"
Lattice parameter (lx/5) = 3.47464617767706 A
print "Total Potential Energy (PE) = ${teng} eV"
Total Potential Energy (PE) = -3819.17529296875 eV
print "Number of atoms = ${natoms}"
Number of atoms = 500
print "Cohesive energy (PE/N) = ${eatom} eV"
Cohesive energy (PE/N) = -7.6383505859375 eV
print "Minimization completed."
Minimization completed.

write_data C0_11_minimized.data
System init for write_data ...
Total wall time: 0:04:28
