read_data C0_8.data
Reading data file ...
  triclinic box = (0 0 0) to (17.35 17.35 17.35) with tilt (1.0623811e-15 1.0623811e-15 1.0623811e-15)
  1 by 1 by 1 MPI processor grid
  reading atoms ...
  500 atoms
  read_data CPU = 0.003 seconds

mass 1 58.6934  # Ni
mass 2 55.845   # Fe
mass 3 51.9961  # Cr

pair_style metatomic pet-mad-latest.pt device cpu

This is the PET-MAD v1.0.2 model
================================

A universal interatomic potential for advanced materials modeling

Model authors
-------------

- Arslan Mazitov (arslan.mazitov@epfl.ch)
- Filippo Bigi
- Matthias Kellner
- Paolo Pegolo
- Davide Tisi
- Guillaume Fraux
- Sergey Pozdnyakov
- Philip Loche
- Michele Ceriotti (michele.ceriotti@epfl.ch)

Model references
----------------

Please cite the following references when using this model:
- about this specific model:
  * http://arxiv.org/abs/2503.14118
- about the architecture of this model:
  * LLPR (uncertainty method):
    https://iopscience.iop.org/article/10.1088/2632-2153/ad805f
  * LPR (if using per-atom uncertainty):
    https://pubs.acs.org/doi/10.1021/acs.jctc.3c00704
  * https://arxiv.org/abs/2305.19302v3

WARNING: the model declared support for unknown device 'cuda', it will be ignored (src/ML-METATOMIC/pair_metatomic.cpp:216)
Running simulation on cpu device with float32 data
pair_coeff * * 28 26 24

neighbor 2.0 bin
neigh_modify delay 0 check yes
timestep 0.001

thermo 10
thermo_style custom step lx ly lz pe press fmax vol

# --- ЭТАПЫ МИНИМИЗАЦИИ ---
min_style cg
minimize 1.0e-8 1.0e-9 1000 5000

CITE-CITE-CITE-CITE-CITE-CITE-CITE-CITE-CITE-CITE-CITE-CITE-CITE

Your simulation uses code contributions which should be cited:

- LLPR (uncertainty method): https://iopscience.iop.org/article/10.1088/2632-2153/ad805f
- LPR (if using per-atom uncertainty): https://pubs.acs.org/doi/10.1021/acs.jctc.3c00704
- https://arxiv.org/abs/2305.19302v3
- http://arxiv.org/abs/2503.14118
CITE-CITE-CITE-CITE-CITE-CITE-CITE-CITE-CITE-CITE-CITE-CITE-CITE

Neighbor list info ...
  update: every = 1 steps, delay = 0 steps, check = yes
  max neighbors/atom: 2000, page size: 100000
  master list distance cutoff = 11
  ghost atom cutoff = 11
  binsize = 5.5, bins = 4 4 4
  1 neighbor lists, perpetual/occasional/extra = 1 0 0
  (1) pair metatomic, perpetual
      attributes: full, newton on, ghost
      pair build: full/bin/ghost
      stencil: full/ghost/bin/3d
      bin: standard
Per MPI rank memory allocation (min/avg/max) = 19.8 | 19.8 | 19.8 Mbytes
   Step           Lx             Ly             Lz           PotEng         Press           Fmax          Volume    
         0   17.35          17.35          17.35         -3813.9221      16131.534      1.1856663      5222.7404    
        10   17.35          17.35          17.35         -3819.3115      18158.571      0.0059817284   5222.7404    
        12   17.35          17.35          17.35         -3819.3118      18160.023      0.0021728575   5222.7404    
Loop time of 53.2122 on 8 procs for 12 steps with 500 atoms

766.8% CPU use with 1 MPI tasks x 8 OpenMP threads

Minimization stats:
  Stopping criterion = energy tolerance
  Energy initial, next-to-last, final = 
     -3813.92211914062  -3819.31176757812  -3819.31176757812
  Force two-norm initial, final = 10.288516 0.024050797
  Force max component initial, final = 1.1856663 0.0021728575
  Final line search alpha, max atom move = 1 0.0021728575
  Iterations, force evaluations = 12 24

MPI task timing breakdown:
Section |  min time  |  avg time  |  max time  |%varavg| %total
---------------------------------------------------------------
Pair    | 53.211     | 53.211     | 53.211     |   0.0 |100.00
Neigh   | 0          | 0          | 0          |   0.0 |  0.00
Comm    | 0.00058602 | 0.00058602 | 0.00058602 |   0.0 |  0.00
Output  | 3.0445e-05 | 3.0445e-05 | 3.0445e-05 |   0.0 |  0.00
Modify  | 0          | 0          | 0          |   0.0 |  0.00
Other   |            | 0.0004425  |            |       |  0.00

Nlocal:            500 ave         500 max         500 min
Histogram: 1 0 0 0 0 0 0 0 0 0
Nghost:           5584 ave        5584 max        5584 min
Histogram: 1 0 0 0 0 0 0 0 0 0
Neighs:              0 ave           0 max           0 min
Histogram: 1 0 0 0 0 0 0 0 0 0
FullNghs:       277000 ave      277000 max      277000 min
Histogram: 1 0 0 0 0 0 0 0 0 0

Total # of neighbors = 277000
Ave neighs/atom = 554
Neighbor list builds = 0
Dangerous builds = 0

# Релаксация ячейки aniso
fix 1 all box/relax aniso 0.0 vmax 0.0001
min_style cg
minimize 1.0e-10 1.0e-11 1000 5000
WARNING: Energy due to 3 extra global DOFs will be included in minimizer energies
 (src/min.cpp:222)
Per MPI rank memory allocation (min/avg/max) = 19.8 | 19.8 | 19.8 Mbytes
   Step           Lx             Ly             Lz           PotEng         Press           Fmax          Volume    
        12   17.35          17.35          17.35         -3819.3115      18159.995      0.0021731555   5222.7404    
        20   17.360526      17.36388       17.362118     -3819.4167      12154.528      0.0089484751   5233.7429    
        30   17.37172       17.38123       17.376243     -3819.4888      5221.423       0.019386336    5246.6152    
        40   17.375212      17.39858       17.386361     -3819.5083      245.22493      0.027338959    5255.9668    
        45   17.368302      17.406704      17.386712     -3819.5098     -0.90118281     0.028499611    5256.4356    
Loop time of 103.95 on 8 procs for 33 steps with 500 atoms

780.1% CPU use with 1 MPI tasks x 8 OpenMP threads

Minimization stats:
  Stopping criterion = energy tolerance
  Energy initial, next-to-last, final = 
      -3819.3115234375    -3819.509765625    -3819.509765625
  Force two-norm initial, final = 103.03227 0.80833923
  Force max component initial, final = 66.48056 0.54060308
  Final line search alpha, max atom move = 2.5641592e-08 1.3861924e-08
  Iterations, force evaluations = 33 46

MPI task timing breakdown:
Section |  min time  |  avg time  |  max time  |%varavg| %total
---------------------------------------------------------------
Pair    | 103.94     | 103.94     | 103.94     |   0.0 |100.00
Neigh   | 0          | 0          | 0          |   0.0 |  0.00
Comm    | 0.00095225 | 0.00095225 | 0.00095225 |   0.0 |  0.00
Output  | 0.00019748 | 0.00019748 | 0.00019748 |   0.0 |  0.00
Modify  | 0          | 0          | 0          |   0.0 |  0.00
Other   |            | 0.003487   |            |       |  0.00

Nlocal:            500 ave         500 max         500 min
Histogram: 1 0 0 0 0 0 0 0 0 0
Nghost:           5584 ave        5584 max        5584 min
Histogram: 1 0 0 0 0 0 0 0 0 0
Neighs:              0 ave           0 max           0 min
Histogram: 1 0 0 0 0 0 0 0 0 0
FullNghs:       273868 ave      273868 max      273868 min
Histogram: 1 0 0 0 0 0 0 0 0 0

Total # of neighbors = 273868
Ave neighs/atom = 547.736
Neighbor list builds = 0
Dangerous builds = 0
unfix 1

# Промежуточная минимизация атомов
min_style cg
minimize 1.0e-10 1.0e-11 1000 5000
Per MPI rank memory allocation (min/avg/max) = 19.8 | 19.8 | 19.8 Mbytes
   Step           Lx             Ly             Lz           PotEng         Press           Fmax          Volume    
        45   17.368302      17.406704      17.386712     -3819.5098     -0.90109802     0.028499603    5256.4356    
        50   17.368302      17.406704      17.386712     -3819.5132      249.30535      0.0018112399   5256.4356    
Loop time of 25.3568 on 8 procs for 5 steps with 500 atoms

781.8% CPU use with 1 MPI tasks x 8 OpenMP threads

Minimization stats:
  Stopping criterion = energy tolerance
  Energy initial, next-to-last, final = 
       -3819.509765625  -3819.51318359375  -3819.51318359375
  Force two-norm initial, final = 0.26558411 0.01725828
  Force max component initial, final = 0.028499603 0.0018112399
  Final line search alpha, max atom move = 1 0.0018112399
  Iterations, force evaluations = 5 10

MPI task timing breakdown:
Section |  min time  |  avg time  |  max time  |%varavg| %total
---------------------------------------------------------------
Pair    | 25.356     | 25.356     | 25.356     |   0.0 |100.00
Neigh   | 0          | 0          | 0          |   0.0 |  0.00
Comm    | 0.00025394 | 0.00025394 | 0.00025394 |   0.0 |  0.00
Output  | 0          | 0          | 0          |   0.0 |  0.00
Modify  | 0          | 0          | 0          |   0.0 |  0.00
Other   |            | 0.0002086  |            |       |  0.00

Nlocal:            500 ave         500 max         500 min
Histogram: 1 0 0 0 0 0 0 0 0 0
Nghost:           5584 ave        5584 max        5584 min
Histogram: 1 0 0 0 0 0 0 0 0 0
Neighs:              0 ave           0 max           0 min
Histogram: 1 0 0 0 0 0 0 0 0 0
FullNghs:       271376 ave      271376 max      271376 min
Histogram: 1 0 0 0 0 0 0 0 0 0

Total # of neighbors = 271376
Ave neighs/atom = 542.752
Neighbor list builds = 0
Dangerous builds = 0

# Релаксация ячейки iso
fix 2 all box/relax iso 0.0 vmax 0.0001
min_style cg
minimize 1.0e-10 1.0e-11 1000 5000
WARNING: Energy due to 1 extra global DOFs will be included in minimizer energies
 (src/min.cpp:222)
Per MPI rank memory allocation (min/avg/max) = 19.8 | 19.8 | 19.8 Mbytes
   Step           Lx             Ly             Lz           PotEng         Press           Fmax          Volume    
        50   17.368302      17.406704      17.386712     -3819.5132      249.30538      0.0018112287   5256.4356    
        51   17.36882       17.407224      17.387231     -3819.5132     -0.12994469     0.0017607249   5256.9065    
Loop time of 6.81111 on 8 procs for 1 steps with 500 atoms

779.8% CPU use with 1 MPI tasks x 8 OpenMP threads

Minimization stats:
  Stopping criterion = energy tolerance
  Energy initial, next-to-last, final = 
     -3819.51318359375  -3819.51318359375  -3819.51318359375
  Force two-norm initial, final = 2.4538309 0.017827556
  Force max component initial, final = 2.4537702 0.0017607249
  Final line search alpha, max atom move = 4.0753612e-05 7.1755901e-08
  Iterations, force evaluations = 1 2

MPI task timing breakdown:
Section |  min time  |  avg time  |  max time  |%varavg| %total
---------------------------------------------------------------
Pair    | 6.8109     | 6.8109     | 6.8109     |   0.0 |100.00
Neigh   | 0          | 0          | 0          |   0.0 |  0.00
Comm    | 6.034e-05  | 6.034e-05  | 6.034e-05  |   0.0 |  0.00
Output  | 0          | 0          | 0          |   0.0 |  0.00
Modify  | 0          | 0          | 0          |   0.0 |  0.00
Other   |            | 0.0001812  |            |       |  0.00

Nlocal:            500 ave         500 max         500 min
Histogram: 1 0 0 0 0 0 0 0 0 0
Nghost:           5584 ave        5584 max        5584 min
Histogram: 1 0 0 0 0 0 0 0 0 0
Neighs:              0 ave           0 max           0 min
Histogram: 1 0 0 0 0 0 0 0 0 0
FullNghs:       271366 ave      271366 max      271366 min
Histogram: 1 0 0 0 0 0 0 0 0 0

Total # of neighbors = 271366
Ave neighs/atom = 542.732
Neighbor list builds = 0
Dangerous builds = 0
unfix 2

variable lat_const equal "lx/5"
variable eatom equal "pe/count(all)"
variable teng equal "pe"
variable natoms equal "count(all)"

print "Lattice parameter (lx/5) = ${lat_const} A"
Lattice parameter (lx/5) = 3.47376408966652 A
print "Total Potential Energy (PE) = ${teng} eV"
Total Potential Energy (PE) = -3819.51318359375 eV
print "Number of atoms = ${natoms}"
Number of atoms = 500
print "Cohesive energy (PE/N) = ${eatom} eV"
Cohesive energy (PE/N) = -7.6390263671875 eV
print "Minimization completed."
Minimization completed.

write_data C0_8_minimized.data
System init for write_data ...
Total wall time: 0:03:18
