read_data A5_11_pet.data
Reading data file ...
  triclinic box = (0 0 0) to (17.244999 17.244999 17.244999) with tilt (1.0559517e-15 1.0559517e-15 1.0559517e-15)
  1 by 1 by 1 MPI processor grid
  reading atoms ...
  500 atoms
  read_data CPU = 0.049 seconds

mass 1 58.6934  # Ni
mass 2 55.845   # Fe
mass 3 51.9961  # Cr

pair_style metatomic pet-mad-latest.pt device cpu

This is the PET-MAD v1.0.2 model
================================

A universal interatomic potential for advanced materials modeling

Model authors
-------------

- Arslan Mazitov (arslan.mazitov@epfl.ch)
- Filippo Bigi
- Matthias Kellner
- Paolo Pegolo
- Davide Tisi
- Guillaume Fraux
- Sergey Pozdnyakov
- Philip Loche
- Michele Ceriotti (michele.ceriotti@epfl.ch)

Model references
----------------

Please cite the following references when using this model:
- about this specific model:
  * http://arxiv.org/abs/2503.14118
- about the architecture of this model:
  * LLPR (uncertainty method):
    https://iopscience.iop.org/article/10.1088/2632-2153/ad805f
  * LPR (if using per-atom uncertainty):
    https://pubs.acs.org/doi/10.1021/acs.jctc.3c00704
  * https://arxiv.org/abs/2305.19302v3

WARNING: the model declared support for unknown device 'cuda', it will be ignored (src/ML-METATOMIC/pair_metatomic.cpp:216)
Running simulation on cpu device with float32 data
pair_coeff * * 28 26 24

neighbor 2.0 bin
neigh_modify delay 0 check yes
timestep 0.001

thermo 10
thermo_style custom step lx ly lz pe press fmax vol

# --- ЭТАПЫ МИНИМИЗАЦИИ ---
min_style cg
minimize 1.0e-8 1.0e-9 1000 5000

CITE-CITE-CITE-CITE-CITE-CITE-CITE-CITE-CITE-CITE-CITE-CITE-CITE

Your simulation uses code contributions which should be cited:

- LLPR (uncertainty method): https://iopscience.iop.org/article/10.1088/2632-2153/ad805f
- LPR (if using per-atom uncertainty): https://pubs.acs.org/doi/10.1021/acs.jctc.3c00704
- https://arxiv.org/abs/2305.19302v3
- http://arxiv.org/abs/2503.14118
CITE-CITE-CITE-CITE-CITE-CITE-CITE-CITE-CITE-CITE-CITE-CITE-CITE

Neighbor list info ...
  update: every = 1 steps, delay = 0 steps, check = yes
  max neighbors/atom: 2000, page size: 100000
  master list distance cutoff = 11
  ghost atom cutoff = 11
  binsize = 5.5, bins = 4 4 4
  1 neighbor lists, perpetual/occasional/extra = 1 0 0
  (1) pair metatomic, perpetual
      attributes: full, newton on, ghost
      pair build: full/bin/ghost
      stencil: full/ghost/bin/3d
      bin: standard
Per MPI rank memory allocation (min/avg/max) = 16.28 | 16.28 | 16.28 Mbytes
   Step           Lx             Ly             Lz           PotEng         Press           Fmax          Volume    
         0   17.244999      17.244999      17.244999     -4189.9834      13352.149      1.0320871      5128.4901    
        10   17.244999      17.244999      17.244999     -4195.1333      15953.544      0.013116209    5128.4901    
        13   17.244999      17.244999      17.244999     -4195.1343      15953.694      0.0048383623   5128.4901    
Loop time of 134.775 on 4 procs for 13 steps with 500 atoms

282.4% CPU use with 1 MPI tasks x 4 OpenMP threads

Minimization stats:
  Stopping criterion = energy tolerance
  Energy initial, next-to-last, final = 
      -4189.9833984375  -4195.13427734375  -4195.13427734375
  Force two-norm initial, final = 10.632734 0.020675968
  Force max component initial, final = 1.0320871 0.0048383623
  Final line search alpha, max atom move = 1 0.0048383623
  Iterations, force evaluations = 13 26

MPI task timing breakdown:
Section |  min time  |  avg time  |  max time  |%varavg| %total
---------------------------------------------------------------
Pair    | 134.76     | 134.76     | 134.76     |   0.0 | 99.99
Neigh   | 0          | 0          | 0          |   0.0 |  0.00
Comm    | 0.0034431  | 0.0034431  | 0.0034431  |   0.0 |  0.00
Output  | 0.0022088  | 0.0022088  | 0.0022088  |   0.0 |  0.00
Modify  | 0          | 0          | 0          |   0.0 |  0.00
Other   |            | 0.007897   |            |       |  0.01

Nlocal:            500 ave         500 max         500 min
Histogram: 1 0 0 0 0 0 0 0 0 0
Nghost:           5584 ave        5584 max        5584 min
Histogram: 1 0 0 0 0 0 0 0 0 0
Neighs:              0 ave           0 max           0 min
Histogram: 1 0 0 0 0 0 0 0 0 0
FullNghs:       277000 ave      277000 max      277000 min
Histogram: 1 0 0 0 0 0 0 0 0 0

Total # of neighbors = 277000
Ave neighs/atom = 554
Neighbor list builds = 0
Dangerous builds = 0

# Релаксация ячейки aniso
fix 1 all box/relax aniso 0.0 vmax 0.0001
min_style cg
minimize 1.0e-10 1.0e-11 1000 5000
WARNING: Energy due to 3 extra global DOFs will be included in minimizer energies
 (src/min.cpp:222)
Per MPI rank memory allocation (min/avg/max) = 16.28 | 16.28 | 16.28 Mbytes
   Step           Lx             Ly             Lz           PotEng         Press           Fmax          Volume    
        13   17.244999      17.244999      17.244999     -4195.1338      15953.682      0.0048384368   5128.4901    
        20   17.253423      17.255253      17.25707      -4195.2095      10044.684      0.0081395656   5137.6399    
        30   17.262285      17.268344      17.274315     -4195.2583      2589.0527      0.020996213    5149.3192    
        38   17.257746      17.273021      17.287874     -4195.2646      8.1641678      0.029437371    5153.4012    
Loop time of 149.904 on 4 procs for 25 steps with 500 atoms

332.7% CPU use with 1 MPI tasks x 4 OpenMP threads

Minimization stats:
  Stopping criterion = energy tolerance
  Energy initial, next-to-last, final = 
      -4195.1337890625   -4195.2646484375   -4195.2646484375
  Force two-norm initial, final = 89.154595 1.0569533
  Force max component initial, final = 58.970169 0.74821676
  Final line search alpha, max atom move = 1.6362331e-08 1.2242571e-08
  Iterations, force evaluations = 25 38

MPI task timing breakdown:
Section |  min time  |  avg time  |  max time  |%varavg| %total
---------------------------------------------------------------
Pair    | 149.87     | 149.87     | 149.87     |   0.0 | 99.98
Neigh   | 0          | 0          | 0          |   0.0 |  0.00
Comm    | 0.0018539  | 0.0018539  | 0.0018539  |   0.0 |  0.00
Output  | 0.00052223 | 0.00052223 | 0.00052223 |   0.0 |  0.00
Modify  | 0          | 0          | 0          |   0.0 |  0.00
Other   |            | 0.02984    |            |       |  0.02

Nlocal:            500 ave         500 max         500 min
Histogram: 1 0 0 0 0 0 0 0 0 0
Nghost:           5584 ave        5584 max        5584 min
Histogram: 1 0 0 0 0 0 0 0 0 0
Neighs:              0 ave           0 max           0 min
Histogram: 1 0 0 0 0 0 0 0 0 0
FullNghs:       276740 ave      276740 max      276740 min
Histogram: 1 0 0 0 0 0 0 0 0 0

Total # of neighbors = 276740
Ave neighs/atom = 553.48
Neighbor list builds = 0
Dangerous builds = 0
unfix 1

# Промежуточная минимизация атомов
min_style cg
minimize 1.0e-10 1.0e-11 1000 5000
Per MPI rank memory allocation (min/avg/max) = 16.28 | 16.28 | 16.28 Mbytes
   Step           Lx             Ly             Lz           PotEng         Press           Fmax          Volume    
        38   17.257746      17.273021      17.287874     -4195.2646      8.1638899      0.029437371    5153.4012    
        40   17.257746      17.273021      17.287874     -4195.2671      226.99838      0.0044908822   5153.4012    
        41   17.257746      17.273021      17.287874     -4195.2671      245.22623      0.0027647577   5153.4012    
Loop time of 28.7183 on 4 procs for 3 steps with 500 atoms

342.8% CPU use with 1 MPI tasks x 4 OpenMP threads

Minimization stats:
  Stopping criterion = energy tolerance
  Energy initial, next-to-last, final = 
      -4195.2646484375  -4195.26708984375  -4195.26708984375
  Force two-norm initial, final = 0.2187919 0.021030072
  Force max component initial, final = 0.029437371 0.0027647577
  Final line search alpha, max atom move = 1 0.0027647577
  Iterations, force evaluations = 3 6

MPI task timing breakdown:
Section |  min time  |  avg time  |  max time  |%varavg| %total
---------------------------------------------------------------
Pair    | 28.716     | 28.716     | 28.716     |   0.0 | 99.99
Neigh   | 0          | 0          | 0          |   0.0 |  0.00
Comm    | 0.00065144 | 0.00065144 | 0.00065144 |   0.0 |  0.00
Output  | 0.00025038 | 0.00025038 | 0.00025038 |   0.0 |  0.00
Modify  | 0          | 0          | 0          |   0.0 |  0.00
Other   |            | 0.0009479  |            |       |  0.00

Nlocal:            500 ave         500 max         500 min
Histogram: 1 0 0 0 0 0 0 0 0 0
Nghost:           5584 ave        5584 max        5584 min
Histogram: 1 0 0 0 0 0 0 0 0 0
Neighs:              0 ave           0 max           0 min
Histogram: 1 0 0 0 0 0 0 0 0 0
FullNghs:       276488 ave      276488 max      276488 min
Histogram: 1 0 0 0 0 0 0 0 0 0

Total # of neighbors = 276488
Ave neighs/atom = 552.976
Neighbor list builds = 0
Dangerous builds = 0

# Релаксация ячейки iso
fix 2 all box/relax iso 0.0 vmax 0.0001
min_style cg
minimize 1.0e-10 1.0e-11 1000 5000
WARNING: Energy due to 1 extra global DOFs will be included in minimizer energies
 (src/min.cpp:222)
Per MPI rank memory allocation (min/avg/max) = 16.28 | 16.28 | 16.28 Mbytes
   Step           Lx             Ly             Lz           PotEng         Press           Fmax          Volume    
        41   17.257746      17.273021      17.287874     -4195.2671      245.22453      0.0027643256   5153.4012    
        42   17.258179      17.273455      17.288309     -4195.2671     -0.20046645     0.0028097816   5153.7897    
Loop time of 12.1154 on 4 procs for 1 steps with 500 atoms

342.7% CPU use with 1 MPI tasks x 4 OpenMP threads

Minimization stats:
  Stopping criterion = energy tolerance
  Energy initial, next-to-last, final = 
     -4195.26708984375  -4195.26708984375  -4195.26708984375
  Force two-norm initial, final = 2.3663878 0.020695023
  Force max component initial, final = 2.3662944 0.0028097816
  Final line search alpha, max atom move = 4.2260169e-05 1.1874185e-07
  Iterations, force evaluations = 1 2

MPI task timing breakdown:
Section |  min time  |  avg time  |  max time  |%varavg| %total
---------------------------------------------------------------
Pair    | 12.115     | 12.115     | 12.115     |   0.0 | 99.99
Neigh   | 0          | 0          | 0          |   0.0 |  0.00
Comm    | 0.00014588 | 0.00014588 | 0.00014588 |   0.0 |  0.00
Output  | 0          | 0          | 0          |   0.0 |  0.00
Modify  | 0          | 0          | 0          |   0.0 |  0.00
Other   |            | 0.0005068  |            |       |  0.00

Nlocal:            500 ave         500 max         500 min
Histogram: 1 0 0 0 0 0 0 0 0 0
Nghost:           5584 ave        5584 max        5584 min
Histogram: 1 0 0 0 0 0 0 0 0 0
Neighs:              0 ave           0 max           0 min
Histogram: 1 0 0 0 0 0 0 0 0 0
FullNghs:       276468 ave      276468 max      276468 min
Histogram: 1 0 0 0 0 0 0 0 0 0

Total # of neighbors = 276468
Ave neighs/atom = 552.936
Neighbor list builds = 0
Dangerous builds = 0
unfix 2

variable lat_const equal "lx/5"
variable eatom equal "pe/count(all)"
variable teng equal "pe"
variable natoms equal "count(all)"

print "Lattice parameter (lx/5) = ${lat_const} A"
Lattice parameter (lx/5) = 3.45163589144252 A
print "Total Potential Energy (PE) = ${teng} eV"
Total Potential Energy (PE) = -4195.26708984375 eV
print "Number of atoms = ${natoms}"
Number of atoms = 500
print "Cohesive energy (PE/N) = ${eatom} eV"
Cohesive energy (PE/N) = -8.3905341796875 eV
print "Minimization completed."
Minimization completed.

write_data A5_11_pet_minimized.data
System init for write_data ...
Total wall time: 0:06:03
