read_data A5_3_pet.data
Reading data file ...
  triclinic box = (0 0 0) to (17.244999 17.244999 17.244999) with tilt (1.0559517e-15 1.0559517e-15 1.0559517e-15)
  1 by 1 by 1 MPI processor grid
  reading atoms ...
  500 atoms
  read_data CPU = 0.011 seconds

mass 1 58.6934  # Ni
mass 2 55.845   # Fe
mass 3 51.9961  # Cr

pair_style metatomic pet-mad-latest.pt device cpu

This is the PET-MAD v1.0.2 model
================================

A universal interatomic potential for advanced materials modeling

Model authors
-------------

- Arslan Mazitov (arslan.mazitov@epfl.ch)
- Filippo Bigi
- Matthias Kellner
- Paolo Pegolo
- Davide Tisi
- Guillaume Fraux
- Sergey Pozdnyakov
- Philip Loche
- Michele Ceriotti (michele.ceriotti@epfl.ch)

Model references
----------------

Please cite the following references when using this model:
- about this specific model:
  * http://arxiv.org/abs/2503.14118
- about the architecture of this model:
  * LLPR (uncertainty method):
    https://iopscience.iop.org/article/10.1088/2632-2153/ad805f
  * LPR (if using per-atom uncertainty):
    https://pubs.acs.org/doi/10.1021/acs.jctc.3c00704
  * https://arxiv.org/abs/2305.19302v3

WARNING: the model declared support for unknown device 'cuda', it will be ignored (src/ML-METATOMIC/pair_metatomic.cpp:216)
Running simulation on cpu device with float32 data
pair_coeff * * 28 26 24

neighbor 2.0 bin
neigh_modify delay 0 check yes
timestep 0.001

thermo 10
thermo_style custom step lx ly lz pe press fmax vol

# --- ЭТАПЫ МИНИМИЗАЦИИ ---
min_style cg
minimize 1.0e-8 1.0e-9 1000 5000

CITE-CITE-CITE-CITE-CITE-CITE-CITE-CITE-CITE-CITE-CITE-CITE-CITE

Your simulation uses code contributions which should be cited:

- LLPR (uncertainty method): https://iopscience.iop.org/article/10.1088/2632-2153/ad805f
- LPR (if using per-atom uncertainty): https://pubs.acs.org/doi/10.1021/acs.jctc.3c00704
- https://arxiv.org/abs/2305.19302v3
- http://arxiv.org/abs/2503.14118
CITE-CITE-CITE-CITE-CITE-CITE-CITE-CITE-CITE-CITE-CITE-CITE-CITE

Neighbor list info ...
  update: every = 1 steps, delay = 0 steps, check = yes
  max neighbors/atom: 2000, page size: 100000
  master list distance cutoff = 11
  ghost atom cutoff = 11
  binsize = 5.5, bins = 4 4 4
  1 neighbor lists, perpetual/occasional/extra = 1 0 0
  (1) pair metatomic, perpetual
      attributes: full, newton on, ghost
      pair build: full/bin/ghost
      stencil: full/ghost/bin/3d
      bin: standard
Per MPI rank memory allocation (min/avg/max) = 16.28 | 16.28 | 16.28 Mbytes
   Step           Lx             Ly             Lz           PotEng         Press           Fmax          Volume    
         0   17.244999      17.244999      17.244999     -4188.3564      14879.842      0.91157651     5128.4901    
        10   17.244999      17.244999      17.244999     -4193.6982      16937.113      0.0061564618   5128.4901    
        11   17.244999      17.244999      17.244999     -4193.6982      16935.564      0.0053622252   5128.4901    
Loop time of 104.16 on 4 procs for 11 steps with 500 atoms

262.8% CPU use with 1 MPI tasks x 4 OpenMP threads

Minimization stats:
  Stopping criterion = energy tolerance
  Energy initial, next-to-last, final = 
      -4188.3564453125   -4193.6982421875   -4193.6982421875
  Force two-norm initial, final = 10.762913 0.028290896
  Force max component initial, final = 0.91157651 0.0053622252
  Final line search alpha, max atom move = 1 0.0053622252
  Iterations, force evaluations = 11 22

MPI task timing breakdown:
Section |  min time  |  avg time  |  max time  |%varavg| %total
---------------------------------------------------------------
Pair    | 104.14     | 104.14     | 104.14     |   0.0 | 99.98
Neigh   | 0          | 0          | 0          |   0.0 |  0.00
Comm    | 0.0050469  | 0.0050469  | 0.0050469  |   0.0 |  0.00
Output  | 0.0086492  | 0.0086492  | 0.0086492  |   0.0 |  0.01
Modify  | 0          | 0          | 0          |   0.0 |  0.00
Other   |            | 0.01011    |            |       |  0.01

Nlocal:            500 ave         500 max         500 min
Histogram: 1 0 0 0 0 0 0 0 0 0
Nghost:           5584 ave        5584 max        5584 min
Histogram: 1 0 0 0 0 0 0 0 0 0
Neighs:              0 ave           0 max           0 min
Histogram: 1 0 0 0 0 0 0 0 0 0
FullNghs:       277000 ave      277000 max      277000 min
Histogram: 1 0 0 0 0 0 0 0 0 0

Total # of neighbors = 277000
Ave neighs/atom = 554
Neighbor list builds = 0
Dangerous builds = 0

# Релаксация ячейки aniso
fix 1 all box/relax aniso 0.0 vmax 0.0001
min_style cg
minimize 1.0e-10 1.0e-11 1000 5000
WARNING: Energy due to 3 extra global DOFs will be included in minimizer energies
 (src/min.cpp:222)
Per MPI rank memory allocation (min/avg/max) = 16.28 | 16.28 | 16.28 Mbytes
   Step           Lx             Ly             Lz           PotEng         Press           Fmax          Volume    
        11   17.244999      17.244999      17.244999     -4193.6978      16935.577      0.0053625694   5128.4901    
        20   17.260519      17.256385      17.257286     -4193.7954      9443.5445      0.0092296302   5140.1545    
        30   17.277764      17.265935      17.268529     -4193.8394      2247.8674      0.017267175    5151.4918    
        37   17.287249      17.26598       17.27066      -4193.8442      57.843778      0.020511329    5154.969     
Loop time of 241.256 on 4 procs for 26 steps with 500 atoms

304.4% CPU use with 1 MPI tasks x 4 OpenMP threads

Minimization stats:
  Stopping criterion = linesearch alpha is zero
  Energy initial, next-to-last, final = 
     -4193.69775390625  -4193.84423828125  -4193.84423828125
  Force two-norm initial, final = 94.501645 3.0909565
  Force max component initial, final = 62.755669 2.6325121
  Final line search alpha, max atom move = 1.1592556e-09 3.0517545e-09
  Iterations, force evaluations = 26 43

MPI task timing breakdown:
Section |  min time  |  avg time  |  max time  |%varavg| %total
---------------------------------------------------------------
Pair    | 241.24     | 241.24     | 241.24     |   0.0 | 99.99
Neigh   | 0          | 0          | 0          |   0.0 |  0.00
Comm    | 0.0020795  | 0.0020795  | 0.0020795  |   0.0 |  0.00
Output  | 0.00067661 | 0.00067661 | 0.00067661 |   0.0 |  0.00
Modify  | 0          | 0          | 0          |   0.0 |  0.00
Other   |            | 0.01266    |            |       |  0.01

Nlocal:            500 ave         500 max         500 min
Histogram: 1 0 0 0 0 0 0 0 0 0
Nghost:           5584 ave        5584 max        5584 min
Histogram: 1 0 0 0 0 0 0 0 0 0
Neighs:              0 ave           0 max           0 min
Histogram: 1 0 0 0 0 0 0 0 0 0
FullNghs:       276830 ave      276830 max      276830 min
Histogram: 1 0 0 0 0 0 0 0 0 0

Total # of neighbors = 276830
Ave neighs/atom = 553.66
Neighbor list builds = 0
Dangerous builds = 0
unfix 1

# Промежуточная минимизация атомов
min_style cg
minimize 1.0e-10 1.0e-11 1000 5000
Per MPI rank memory allocation (min/avg/max) = 16.28 | 16.28 | 16.28 Mbytes
   Step           Lx             Ly             Lz           PotEng         Press           Fmax          Volume    
        37   17.287249      17.26598       17.27066      -4193.8442      57.845513      0.020511329    5154.969     
        40   17.287249      17.26598       17.27066      -4193.8462      301.51283      0.0042290837   5154.969     
Loop time of 42.4294 on 4 procs for 3 steps with 500 atoms

345.5% CPU use with 1 MPI tasks x 4 OpenMP threads

Minimization stats:
  Stopping criterion = energy tolerance
  Energy initial, next-to-last, final = 
     -4193.84423828125  -4193.84619140625  -4193.84619140625
  Force two-norm initial, final = 0.22280378 0.023011889
  Force max component initial, final = 0.020511329 0.0042290837
  Final line search alpha, max atom move = 0.25 0.0010572709
  Iterations, force evaluations = 3 10

MPI task timing breakdown:
Section |  min time  |  avg time  |  max time  |%varavg| %total
---------------------------------------------------------------
Pair    | 42.428     | 42.428     | 42.428     |   0.0 |100.00
Neigh   | 0          | 0          | 0          |   0.0 |  0.00
Comm    | 0.00093341 | 0.00093341 | 0.00093341 |   0.0 |  0.00
Output  | 0          | 0          | 0          |   0.0 |  0.00
Modify  | 0          | 0          | 0          |   0.0 |  0.00
Other   |            | 0.0008216  |            |       |  0.00

Nlocal:            500 ave         500 max         500 min
Histogram: 1 0 0 0 0 0 0 0 0 0
Nghost:           5584 ave        5584 max        5584 min
Histogram: 1 0 0 0 0 0 0 0 0 0
Neighs:              0 ave           0 max           0 min
Histogram: 1 0 0 0 0 0 0 0 0 0
FullNghs:       276484 ave      276484 max      276484 min
Histogram: 1 0 0 0 0 0 0 0 0 0

Total # of neighbors = 276484
Ave neighs/atom = 552.968
Neighbor list builds = 0
Dangerous builds = 0

# Релаксация ячейки iso
fix 2 all box/relax iso 0.0 vmax 0.0001
min_style cg
minimize 1.0e-10 1.0e-11 1000 5000
WARNING: Energy due to 1 extra global DOFs will be included in minimizer energies
 (src/min.cpp:222)
Per MPI rank memory allocation (min/avg/max) = 16.28 | 16.28 | 16.28 Mbytes
   Step           Lx             Ly             Lz           PotEng         Press           Fmax          Volume    
        40   17.287249      17.26598       17.27066      -4193.8457      301.51286      0.0042290539   5154.969     
        42   17.287793      17.266523      17.271204     -4193.8462     -5.4097493      0.0049742055   5155.4558    
Loop time of 17.4405 on 4 procs for 2 steps with 500 atoms

340.4% CPU use with 1 MPI tasks x 4 OpenMP threads

Minimization stats:
  Stopping criterion = energy tolerance
  Energy initial, next-to-last, final = 
       -4193.845703125  -4193.84619140625  -4193.84619140625
  Force two-norm initial, final = 2.9104247 0.054535934
  Force max component initial, final = 2.9103338 0.052220549
  Final line search alpha, max atom move = 1 0.052220549
  Iterations, force evaluations = 2 4

MPI task timing breakdown:
Section |  min time  |  avg time  |  max time  |%varavg| %total
---------------------------------------------------------------
Pair    | 17.439     | 17.439     | 17.439     |   0.0 | 99.99
Neigh   | 0          | 0          | 0          |   0.0 |  0.00
Comm    | 0.00032532 | 0.00032532 | 0.00032532 |   0.0 |  0.00
Output  | 0          | 0          | 0          |   0.0 |  0.00
Modify  | 0          | 0          | 0          |   0.0 |  0.00
Other   |            | 0.001476   |            |       |  0.01

Nlocal:            500 ave         500 max         500 min
Histogram: 1 0 0 0 0 0 0 0 0 0
Nghost:           5584 ave        5584 max        5584 min
Histogram: 1 0 0 0 0 0 0 0 0 0
Neighs:              0 ave           0 max           0 min
Histogram: 1 0 0 0 0 0 0 0 0 0
FullNghs:       276466 ave      276466 max      276466 min
Histogram: 1 0 0 0 0 0 0 0 0 0

Total # of neighbors = 276466
Ave neighs/atom = 552.932
Neighbor list builds = 0
Dangerous builds = 0
unfix 2

variable lat_const equal "lx/5"
variable eatom equal "pe/count(all)"
variable teng equal "pe"
variable natoms equal "count(all)"

print "Lattice parameter (lx/5) = ${lat_const} A"
Lattice parameter (lx/5) = 3.45755866175378 A
print "Total Potential Energy (PE) = ${teng} eV"
Total Potential Energy (PE) = -4193.84619140625 eV
print "Number of atoms = ${natoms}"
Number of atoms = 500
print "Cohesive energy (PE/N) = ${eatom} eV"
Cohesive energy (PE/N) = -8.3876923828125 eV
print "Minimization completed."
Minimization completed.

write_data A5_3_pet_minimized.data
System init for write_data ...
Total wall time: 0:07:17
