read_data C5_10.data
Reading data file ...
  triclinic box = (0 0 0) to (17.35 17.35 17.35) with tilt (1.0623811e-15 1.0623811e-15 1.0623811e-15)
  1 by 1 by 1 MPI processor grid
  reading atoms ...
  500 atoms
  read_data CPU = 0.005 seconds

mass 1 58.6934  # Ni
mass 2 55.845   # Fe
mass 3 51.9961  # Cr

pair_style metatomic pet-mad-latest.pt device cpu

This is the PET-MAD v1.0.2 model
================================

A universal interatomic potential for advanced materials modeling

Model authors
-------------

- Arslan Mazitov (arslan.mazitov@epfl.ch)
- Filippo Bigi
- Matthias Kellner
- Paolo Pegolo
- Davide Tisi
- Guillaume Fraux
- Sergey Pozdnyakov
- Philip Loche
- Michele Ceriotti (michele.ceriotti@epfl.ch)

Model references
----------------

Please cite the following references when using this model:
- about this specific model:
  * http://arxiv.org/abs/2503.14118
- about the architecture of this model:
  * LLPR (uncertainty method):
    https://iopscience.iop.org/article/10.1088/2632-2153/ad805f
  * LPR (if using per-atom uncertainty):
    https://pubs.acs.org/doi/10.1021/acs.jctc.3c00704
  * https://arxiv.org/abs/2305.19302v3

WARNING: the model declared support for unknown device 'cuda', it will be ignored (src/ML-METATOMIC/pair_metatomic.cpp:216)
Running simulation on cpu device with float32 data
pair_coeff * * 28 26 24

neighbor 2.0 bin
neigh_modify delay 0 check yes
timestep 0.001

thermo 10
thermo_style custom step lx ly lz pe press fmax vol

# --- ЭТАПЫ МИНИМИЗАЦИИ ---
min_style cg
minimize 1.0e-8 1.0e-9 1000 5000

CITE-CITE-CITE-CITE-CITE-CITE-CITE-CITE-CITE-CITE-CITE-CITE-CITE

Your simulation uses code contributions which should be cited:

- LLPR (uncertainty method): https://iopscience.iop.org/article/10.1088/2632-2153/ad805f
- LPR (if using per-atom uncertainty): https://pubs.acs.org/doi/10.1021/acs.jctc.3c00704
- https://arxiv.org/abs/2305.19302v3
- http://arxiv.org/abs/2503.14118
CITE-CITE-CITE-CITE-CITE-CITE-CITE-CITE-CITE-CITE-CITE-CITE-CITE

Neighbor list info ...
  update: every = 1 steps, delay = 0 steps, check = yes
  max neighbors/atom: 2000, page size: 100000
  master list distance cutoff = 11
  ghost atom cutoff = 11
  binsize = 5.5, bins = 4 4 4
  1 neighbor lists, perpetual/occasional/extra = 1 0 0
  (1) pair metatomic, perpetual
      attributes: full, newton on, ghost
      pair build: full/bin/ghost
      stencil: full/ghost/bin/3d
      bin: standard
Per MPI rank memory allocation (min/avg/max) = 19.8 | 19.8 | 19.8 Mbytes
   Step           Lx             Ly             Lz           PotEng         Press           Fmax          Volume    
         0   17.35          17.35          17.35         -3861.425       27021.621      1.1033399      5222.7404    
        10   17.35          17.35          17.35         -3866.6492      28557.054      0.0063933656   5222.7404    
        12   17.35          17.35          17.35         -3866.6494      28558.206      0.0026774555   5222.7404    
Loop time of 55.8123 on 8 procs for 12 steps with 500 atoms

769.2% CPU use with 1 MPI tasks x 8 OpenMP threads

Minimization stats:
  Stopping criterion = energy tolerance
  Energy initial, next-to-last, final = 
     -3861.42504882812   -3866.6494140625   -3866.6494140625
  Force two-norm initial, final = 9.9544193 0.025305686
  Force max component initial, final = 1.1033399 0.0026774555
  Final line search alpha, max atom move = 1 0.0026774555
  Iterations, force evaluations = 12 24

MPI task timing breakdown:
Section |  min time  |  avg time  |  max time  |%varavg| %total
---------------------------------------------------------------
Pair    | 55.811     | 55.811     | 55.811     |   0.0 |100.00
Neigh   | 0          | 0          | 0          |   0.0 |  0.00
Comm    | 0.00079264 | 0.00079264 | 0.00079264 |   0.0 |  0.00
Output  | 2.7908e-05 | 2.7908e-05 | 2.7908e-05 |   0.0 |  0.00
Modify  | 0          | 0          | 0          |   0.0 |  0.00
Other   |            | 0.0004923  |            |       |  0.00

Nlocal:            500 ave         500 max         500 min
Histogram: 1 0 0 0 0 0 0 0 0 0
Nghost:           5584 ave        5584 max        5584 min
Histogram: 1 0 0 0 0 0 0 0 0 0
Neighs:              0 ave           0 max           0 min
Histogram: 1 0 0 0 0 0 0 0 0 0
FullNghs:       277000 ave      277000 max      277000 min
Histogram: 1 0 0 0 0 0 0 0 0 0

Total # of neighbors = 277000
Ave neighs/atom = 554
Neighbor list builds = 0
Dangerous builds = 0

# Релаксация ячейки aniso
fix 1 all box/relax aniso 0.0 vmax 0.0001
min_style cg
minimize 1.0e-10 1.0e-11 1000 5000
WARNING: Energy due to 3 extra global DOFs will be included in minimizer energies
 (src/min.cpp:222)
Per MPI rank memory allocation (min/avg/max) = 19.8 | 19.8 | 19.8 Mbytes
   Step           Lx             Ly             Lz           PotEng         Press           Fmax          Volume    
        12   17.35          17.35          17.35         -3866.6497      28558.225      0.0026773661   5222.7404    
        20   17.36388       17.363457      17.363405     -3866.8423      21713.001      0.010072023    5235.0141    
        30   17.38123       17.380116      17.37995      -3867.009       13323.243      0.021787375    5250.2707    
        40   17.39858       17.396347      17.39594      -3867.0957      5212.3771      0.033281714    5265.2593    
        48   17.412385      17.406523      17.405135     -3867.1118     -153.40119      0.041066796    5275.3062    
Loop time of 85.9362 on 8 procs for 36 steps with 500 atoms

780.5% CPU use with 1 MPI tasks x 8 OpenMP threads

Minimization stats:
  Stopping criterion = energy tolerance
  Energy initial, next-to-last, final = 
     -3866.64965820312  -3867.11181640625  -3867.11181640625
  Force two-norm initial, final = 161.25901 1.0821692
  Force max component initial, final = 94.961304 0.79312141
  Final line search alpha, max atom move = 8.2773289e-05 6.5649267e-05
  Iterations, force evaluations = 36 37

MPI task timing breakdown:
Section |  min time  |  avg time  |  max time  |%varavg| %total
---------------------------------------------------------------
Pair    | 85.932     | 85.932     | 85.932     |   0.0 |100.00
Neigh   | 0          | 0          | 0          |   0.0 |  0.00
Comm    | 0.00075884 | 0.00075884 | 0.00075884 |   0.0 |  0.00
Output  | 0.00014086 | 0.00014086 | 0.00014086 |   0.0 |  0.00
Modify  | 0          | 0          | 0          |   0.0 |  0.00
Other   |            | 0.002862   |            |       |  0.00

Nlocal:            500 ave         500 max         500 min
Histogram: 1 0 0 0 0 0 0 0 0 0
Nghost:           5584 ave        5584 max        5584 min
Histogram: 1 0 0 0 0 0 0 0 0 0
Neighs:              0 ave           0 max           0 min
Histogram: 1 0 0 0 0 0 0 0 0 0
FullNghs:       273582 ave      273582 max      273582 min
Histogram: 1 0 0 0 0 0 0 0 0 0

Total # of neighbors = 273582
Ave neighs/atom = 547.164
Neighbor list builds = 0
Dangerous builds = 0
unfix 1

# Промежуточная минимизация атомов
min_style cg
minimize 1.0e-10 1.0e-11 1000 5000
Per MPI rank memory allocation (min/avg/max) = 19.8 | 19.8 | 19.8 Mbytes
   Step           Lx             Ly             Lz           PotEng         Press           Fmax          Volume    
        48   17.412385      17.406523      17.405135     -3867.1118     -153.40137      0.041066825    5275.3062    
        50   17.412385      17.406523      17.405135     -3867.1179      200.63937      0.009406805    5275.3062    
        53   17.412385      17.406523      17.405135     -3867.1187      242.55512      0.0054521272   5275.3062    
Loop time of 100.75 on 8 procs for 5 steps with 500 atoms

779.2% CPU use with 1 MPI tasks x 8 OpenMP threads

Minimization stats:
  Stopping criterion = linesearch alpha is zero
  Energy initial, next-to-last, final = 
     -3867.11181640625  -3867.11865234375  -3867.11865234375
  Force two-norm initial, final = 0.362074 0.029072949
  Force max component initial, final = 0.041066825 0.0054521272
  Final line search alpha, max atom move = 7.6293945e-06 4.1596429e-08
  Iterations, force evaluations = 5 43

MPI task timing breakdown:
Section |  min time  |  avg time  |  max time  |%varavg| %total
---------------------------------------------------------------
Pair    | 100.75     | 100.75     | 100.75     |   0.0 |100.00
Neigh   | 0          | 0          | 0          |   0.0 |  0.00
Comm    | 0.00097977 | 0.00097977 | 0.00097977 |   0.0 |  0.00
Output  | 7.9002e-05 | 7.9002e-05 | 7.9002e-05 |   0.0 |  0.00
Modify  | 0          | 0          | 0          |   0.0 |  0.00
Other   |            | 0.0006654  |            |       |  0.00

Nlocal:            500 ave         500 max         500 min
Histogram: 1 0 0 0 0 0 0 0 0 0
Nghost:           5584 ave        5584 max        5584 min
Histogram: 1 0 0 0 0 0 0 0 0 0
Neighs:              0 ave           0 max           0 min
Histogram: 1 0 0 0 0 0 0 0 0 0
FullNghs:       269988 ave      269988 max      269988 min
Histogram: 1 0 0 0 0 0 0 0 0 0

Total # of neighbors = 269988
Ave neighs/atom = 539.976
Neighbor list builds = 0
Dangerous builds = 0

# Релаксация ячейки iso
fix 2 all box/relax iso 0.0 vmax 0.0001
min_style cg
minimize 1.0e-10 1.0e-11 1000 5000
WARNING: Energy due to 1 extra global DOFs will be included in minimizer energies
 (src/min.cpp:222)
Per MPI rank memory allocation (min/avg/max) = 19.8 | 19.8 | 19.8 Mbytes
   Step           Lx             Ly             Lz           PotEng         Press           Fmax          Volume    
        53   17.412385      17.406523      17.405135     -3867.1187      242.55288      0.005452157    5275.3062    
        54   17.41289       17.407027      17.405639     -3867.1187     -1.3705431      0.0056062043   5275.7649    
Loop time of 29.8085 on 8 procs for 1 steps with 500 atoms

785.6% CPU use with 1 MPI tasks x 8 OpenMP threads

Minimization stats:
  Stopping criterion = energy tolerance
  Energy initial, next-to-last, final = 
     -3867.11865234375  -3867.11865234375  -3867.11865234375
  Force two-norm initial, final = 2.396056 0.032173231
  Force max component initial, final = 2.3958797 0.013538683
  Final line search alpha, max atom move = 1.3043226e-06 1.7658811e-08
  Iterations, force evaluations = 1 12

MPI task timing breakdown:
Section |  min time  |  avg time  |  max time  |%varavg| %total
---------------------------------------------------------------
Pair    | 29.807     | 29.807     | 29.807     |   0.0 |100.00
Neigh   | 0          | 0          | 0          |   0.0 |  0.00
Comm    | 0.00024141 | 0.00024141 | 0.00024141 |   0.0 |  0.00
Output  | 0          | 0          | 0          |   0.0 |  0.00
Modify  | 0          | 0          | 0          |   0.0 |  0.00
Other   |            | 0.0008578  |            |       |  0.00

Nlocal:            500 ave         500 max         500 min
Histogram: 1 0 0 0 0 0 0 0 0 0
Nghost:           5584 ave        5584 max        5584 min
Histogram: 1 0 0 0 0 0 0 0 0 0
Neighs:              0 ave           0 max           0 min
Histogram: 1 0 0 0 0 0 0 0 0 0
FullNghs:       270000 ave      270000 max      270000 min
Histogram: 1 0 0 0 0 0 0 0 0 0

Total # of neighbors = 270000
Ave neighs/atom = 540
Neighbor list builds = 0
Dangerous builds = 0
unfix 2

variable lat_const equal "lx/5"
variable eatom equal "pe/count(all)"
variable teng equal "pe"
variable natoms equal "count(all)"

print "Lattice parameter (lx/5) = ${lat_const} A"
Lattice parameter (lx/5) = 3.48257797239813 A
print "Total Potential Energy (PE) = ${teng} eV"
Total Potential Energy (PE) = -3867.11865234375 eV
print "Number of atoms = ${natoms}"
Number of atoms = 500
print "Cohesive energy (PE/N) = ${eatom} eV"
Cohesive energy (PE/N) = -7.7342373046875 eV
print "Minimization completed."
Minimization completed.

write_data C5_10_minimized.data
System init for write_data ...
Total wall time: 0:04:42
