read_data C5_4.data
Reading data file ...
  triclinic box = (0 0 0) to (17.35 17.35 17.35) with tilt (1.0623811e-15 1.0623811e-15 1.0623811e-15)
  1 by 1 by 1 MPI processor grid
  reading atoms ...
  500 atoms
  read_data CPU = 0.005 seconds

mass 1 58.6934  # Ni
mass 2 55.845   # Fe
mass 3 51.9961  # Cr

pair_style metatomic pet-mad-latest.pt device cpu

This is the PET-MAD v1.0.2 model
================================

A universal interatomic potential for advanced materials modeling

Model authors
-------------

- Arslan Mazitov (arslan.mazitov@epfl.ch)
- Filippo Bigi
- Matthias Kellner
- Paolo Pegolo
- Davide Tisi
- Guillaume Fraux
- Sergey Pozdnyakov
- Philip Loche
- Michele Ceriotti (michele.ceriotti@epfl.ch)

Model references
----------------

Please cite the following references when using this model:
- about this specific model:
  * http://arxiv.org/abs/2503.14118
- about the architecture of this model:
  * LLPR (uncertainty method):
    https://iopscience.iop.org/article/10.1088/2632-2153/ad805f
  * LPR (if using per-atom uncertainty):
    https://pubs.acs.org/doi/10.1021/acs.jctc.3c00704
  * https://arxiv.org/abs/2305.19302v3

WARNING: the model declared support for unknown device 'cuda', it will be ignored (src/ML-METATOMIC/pair_metatomic.cpp:216)
Running simulation on cpu device with float32 data
pair_coeff * * 28 26 24

neighbor 2.0 bin
neigh_modify delay 0 check yes
timestep 0.001

thermo 10
thermo_style custom step lx ly lz pe press fmax vol

# --- ЭТАПЫ МИНИМИЗАЦИИ ---
min_style cg
minimize 1.0e-8 1.0e-9 1000 5000

CITE-CITE-CITE-CITE-CITE-CITE-CITE-CITE-CITE-CITE-CITE-CITE-CITE

Your simulation uses code contributions which should be cited:

- LLPR (uncertainty method): https://iopscience.iop.org/article/10.1088/2632-2153/ad805f
- LPR (if using per-atom uncertainty): https://pubs.acs.org/doi/10.1021/acs.jctc.3c00704
- https://arxiv.org/abs/2305.19302v3
- http://arxiv.org/abs/2503.14118
CITE-CITE-CITE-CITE-CITE-CITE-CITE-CITE-CITE-CITE-CITE-CITE-CITE

Neighbor list info ...
  update: every = 1 steps, delay = 0 steps, check = yes
  max neighbors/atom: 2000, page size: 100000
  master list distance cutoff = 11
  ghost atom cutoff = 11
  binsize = 5.5, bins = 4 4 4
  1 neighbor lists, perpetual/occasional/extra = 1 0 0
  (1) pair metatomic, perpetual
      attributes: full, newton on, ghost
      pair build: full/bin/ghost
      stencil: full/ghost/bin/3d
      bin: standard
Per MPI rank memory allocation (min/avg/max) = 19.8 | 19.8 | 19.8 Mbytes
   Step           Lx             Ly             Lz           PotEng         Press           Fmax          Volume    
         0   17.35          17.35          17.35         -3860.6667      25990.409      0.97459513     5222.7404    
        10   17.35          17.35          17.35         -3866.01        27742.993      0.0098385885   5222.7404    
        13   17.35          17.35          17.35         -3866.0107      27741.438      0.0028330088   5222.7404    
Loop time of 108.166 on 8 procs for 13 steps with 500 atoms

775.9% CPU use with 1 MPI tasks x 8 OpenMP threads

Minimization stats:
  Stopping criterion = energy tolerance
  Energy initial, next-to-last, final = 
     -3860.66674804688   -3866.0107421875   -3866.0107421875
  Force two-norm initial, final = 9.9875891 0.019191714
  Force max component initial, final = 0.97459513 0.0028330088
  Final line search alpha, max atom move = 0.0009765625 2.7666101e-06
  Iterations, force evaluations = 13 46

MPI task timing breakdown:
Section |  min time  |  avg time  |  max time  |%varavg| %total
---------------------------------------------------------------
Pair    | 108.16     | 108.16     | 108.16     |   0.0 |100.00
Neigh   | 0          | 0          | 0          |   0.0 |  0.00
Comm    | 0.0011597  | 0.0011597  | 0.0011597  |   0.0 |  0.00
Output  | 4.1556e-05 | 4.1556e-05 | 4.1556e-05 |   0.0 |  0.00
Modify  | 0          | 0          | 0          |   0.0 |  0.00
Other   |            | 0.0007022  |            |       |  0.00

Nlocal:            500 ave         500 max         500 min
Histogram: 1 0 0 0 0 0 0 0 0 0
Nghost:           5584 ave        5584 max        5584 min
Histogram: 1 0 0 0 0 0 0 0 0 0
Neighs:              0 ave           0 max           0 min
Histogram: 1 0 0 0 0 0 0 0 0 0
FullNghs:       277000 ave      277000 max      277000 min
Histogram: 1 0 0 0 0 0 0 0 0 0

Total # of neighbors = 277000
Ave neighs/atom = 554
Neighbor list builds = 0
Dangerous builds = 0

# Релаксация ячейки aniso
fix 1 all box/relax aniso 0.0 vmax 0.0001
min_style cg
minimize 1.0e-10 1.0e-11 1000 5000
WARNING: Energy due to 3 extra global DOFs will be included in minimizer energies
 (src/min.cpp:222)
Per MPI rank memory allocation (min/avg/max) = 19.8 | 19.8 | 19.8 Mbytes
   Step           Lx             Ly             Lz           PotEng         Press           Fmax          Volume    
        13   17.35          17.35          17.35         -3866.0115      27741.459      0.0028353631   5222.7404    
        20   17.360229      17.362145      17.360349     -3866.166       22244.926      0.0086947978   5232.5967    
        30   17.374179      17.379495      17.374517     -3866.3259      14692.271      0.020777762    5246.313     
        40   17.386735      17.396845      17.387393     -3866.4182      7679.2951      0.03191492     5259.2402    
        50   17.395721      17.414195      17.396962     -3866.4534      1862.4895      0.040749267    5270.1049    
        60   17.39219       17.431395      17.394919     -3866.4592      0.954292       0.045402378    5273.6197    
Loop time of 141.532 on 8 procs for 47 steps with 500 atoms

777.0% CPU use with 1 MPI tasks x 8 OpenMP threads

Minimization stats:
  Stopping criterion = energy tolerance
  Energy initial, next-to-last, final = 
     -3866.01147460938  -3866.45922851562  -3866.45922851562
  Force two-norm initial, final = 157.06716 1.3749389
  Force max component initial, final = 99.965584 1.0807874
  Final line search alpha, max atom move = 1.5085688e-08 1.6304421e-08
  Iterations, force evaluations = 47 60

MPI task timing breakdown:
Section |  min time  |  avg time  |  max time  |%varavg| %total
---------------------------------------------------------------
Pair    | 141.52     | 141.52     | 141.52     |   0.0 | 99.99
Neigh   | 0          | 0          | 0          |   0.0 |  0.00
Comm    | 0.0012323  | 0.0012323  | 0.0012323  |   0.0 |  0.00
Output  | 0.00030574 | 0.00030574 | 0.00030574 |   0.0 |  0.00
Modify  | 0          | 0          | 0          |   0.0 |  0.00
Other   |            | 0.008684   |            |       |  0.01

Nlocal:            500 ave         500 max         500 min
Histogram: 1 0 0 0 0 0 0 0 0 0
Nghost:           5584 ave        5584 max        5584 min
Histogram: 1 0 0 0 0 0 0 0 0 0
Neighs:              0 ave           0 max           0 min
Histogram: 1 0 0 0 0 0 0 0 0 0
FullNghs:       273668 ave      273668 max      273668 min
Histogram: 1 0 0 0 0 0 0 0 0 0

Total # of neighbors = 273668
Ave neighs/atom = 547.336
Neighbor list builds = 0
Dangerous builds = 0
unfix 1

# Промежуточная минимизация атомов
min_style cg
minimize 1.0e-10 1.0e-11 1000 5000
Per MPI rank memory allocation (min/avg/max) = 19.8 | 19.8 | 19.8 Mbytes
   Step           Lx             Ly             Lz           PotEng         Press           Fmax          Volume    
        60   17.39219       17.431395      17.394919     -3866.4592      0.95461795     0.045402415    5273.6197    
        65   17.39219       17.431395      17.394919     -3866.4663      376.96866      0.003212899    5273.6197    
Loop time of 34.7643 on 8 procs for 5 steps with 500 atoms

780.6% CPU use with 1 MPI tasks x 8 OpenMP threads

Minimization stats:
  Stopping criterion = energy tolerance
  Energy initial, next-to-last, final = 
     -3866.45922851562  -3866.46630859375  -3866.46630859375
  Force two-norm initial, final = 0.37251983 0.018507076
  Force max component initial, final = 0.045402415 0.003212899
  Final line search alpha, max atom move = 0.25 0.00080322474
  Iterations, force evaluations = 5 14

MPI task timing breakdown:
Section |  min time  |  avg time  |  max time  |%varavg| %total
---------------------------------------------------------------
Pair    | 34.764     | 34.764     | 34.764     |   0.0 |100.00
Neigh   | 0          | 0          | 0          |   0.0 |  0.00
Comm    | 0.00034784 | 0.00034784 | 0.00034784 |   0.0 |  0.00
Output  | 0          | 0          | 0          |   0.0 |  0.00
Modify  | 0          | 0          | 0          |   0.0 |  0.00
Other   |            | 0.0003141  |            |       |  0.00

Nlocal:            500 ave         500 max         500 min
Histogram: 1 0 0 0 0 0 0 0 0 0
Nghost:           5584 ave        5584 max        5584 min
Histogram: 1 0 0 0 0 0 0 0 0 0
Neighs:              0 ave           0 max           0 min
Histogram: 1 0 0 0 0 0 0 0 0 0
FullNghs:       270072 ave      270072 max      270072 min
Histogram: 1 0 0 0 0 0 0 0 0 0

Total # of neighbors = 270072
Ave neighs/atom = 540.144
Neighbor list builds = 0
Dangerous builds = 0

# Релаксация ячейки iso
fix 2 all box/relax iso 0.0 vmax 0.0001
min_style cg
minimize 1.0e-10 1.0e-11 1000 5000
WARNING: Energy due to 1 extra global DOFs will be included in minimizer energies
 (src/min.cpp:222)
Per MPI rank memory allocation (min/avg/max) = 19.8 | 19.8 | 19.8 Mbytes
   Step           Lx             Ly             Lz           PotEng         Press           Fmax          Volume    
        65   17.39219       17.431395      17.394919     -3866.4663      376.96835      0.0032128841   5273.6197    
        67   17.39297       17.432177      17.395699     -3866.4666     -0.19215927     0.0029086992   5274.3297    
Loop time of 79.2822 on 8 procs for 2 steps with 500 atoms

776.9% CPU use with 1 MPI tasks x 8 OpenMP threads

Minimization stats:
  Stopping criterion = linesearch alpha is zero
  Energy initial, next-to-last, final = 
     -3866.46630859375  -3866.46655273438  -3866.46655273438
  Force two-norm initial, final = 3.7224593 0.019868095
  Force max component initial, final = 3.7224133 0.0029086992
  Final line search alpha, max atom move = 3.0517578e-05 8.8766456e-08
  Iterations, force evaluations = 2 33

MPI task timing breakdown:
Section |  min time  |  avg time  |  max time  |%varavg| %total
---------------------------------------------------------------
Pair    | 79.279     | 79.279     | 79.279     |   0.0 |100.00
Neigh   | 0          | 0          | 0          |   0.0 |  0.00
Comm    | 0.0008047  | 0.0008047  | 0.0008047  |   0.0 |  0.00
Output  | 0          | 0          | 0          |   0.0 |  0.00
Modify  | 0          | 0          | 0          |   0.0 |  0.00
Other   |            | 0.002357   |            |       |  0.00

Nlocal:            500 ave         500 max         500 min
Histogram: 1 0 0 0 0 0 0 0 0 0
Nghost:           5584 ave        5584 max        5584 min
Histogram: 1 0 0 0 0 0 0 0 0 0
Neighs:              0 ave           0 max           0 min
Histogram: 1 0 0 0 0 0 0 0 0 0
FullNghs:       270082 ave      270082 max      270082 min
Histogram: 1 0 0 0 0 0 0 0 0 0

Total # of neighbors = 270082
Ave neighs/atom = 540.164
Neighbor list builds = 0
Dangerous builds = 0
unfix 2

variable lat_const equal "lx/5"
variable eatom equal "pe/count(all)"
variable teng equal "pe"
variable natoms equal "count(all)"

print "Lattice parameter (lx/5) = ${lat_const} A"
Lattice parameter (lx/5) = 3.47859405966062 A
print "Total Potential Energy (PE) = ${teng} eV"
Total Potential Energy (PE) = -3866.46655273438 eV
print "Number of atoms = ${natoms}"
Number of atoms = 500
print "Cohesive energy (PE/N) = ${eatom} eV"
Cohesive energy (PE/N) = -7.73293310546875 eV
print "Minimization completed."
Minimization completed.

write_data C5_4_minimized.data
System init for write_data ...
Total wall time: 0:06:13
