read_data C2_10.data
Reading data file ...
  triclinic box = (0 0 0) to (17.35 17.35 17.35) with tilt (1.0623811e-15 1.0623811e-15 1.0623811e-15)
  1 by 1 by 1 MPI processor grid
  reading atoms ...
  500 atoms
  read_data CPU = 0.003 seconds

mass 1 58.6934  # Ni
mass 2 55.845   # Fe
mass 3 51.9961  # Cr

pair_style metatomic pet-mad-latest.pt device cpu

This is the PET-MAD v1.0.2 model
================================

A universal interatomic potential for advanced materials modeling

Model authors
-------------

- Arslan Mazitov (arslan.mazitov@epfl.ch)
- Filippo Bigi
- Matthias Kellner
- Paolo Pegolo
- Davide Tisi
- Guillaume Fraux
- Sergey Pozdnyakov
- Philip Loche
- Michele Ceriotti (michele.ceriotti@epfl.ch)

Model references
----------------

Please cite the following references when using this model:
- about this specific model:
  * http://arxiv.org/abs/2503.14118
- about the architecture of this model:
  * LLPR (uncertainty method):
    https://iopscience.iop.org/article/10.1088/2632-2153/ad805f
  * LPR (if using per-atom uncertainty):
    https://pubs.acs.org/doi/10.1021/acs.jctc.3c00704
  * https://arxiv.org/abs/2305.19302v3

WARNING: the model declared support for unknown device 'cuda', it will be ignored (src/ML-METATOMIC/pair_metatomic.cpp:216)
Running simulation on cpu device with float32 data
pair_coeff * * 28 26 24

neighbor 2.0 bin
neigh_modify delay 0 check yes
timestep 0.001

thermo 10
thermo_style custom step lx ly lz pe press fmax vol

# --- ЭТАПЫ МИНИМИЗАЦИИ ---
min_style cg
minimize 1.0e-8 1.0e-9 1000 5000

CITE-CITE-CITE-CITE-CITE-CITE-CITE-CITE-CITE-CITE-CITE-CITE-CITE

Your simulation uses code contributions which should be cited:

- LLPR (uncertainty method): https://iopscience.iop.org/article/10.1088/2632-2153/ad805f
- LPR (if using per-atom uncertainty): https://pubs.acs.org/doi/10.1021/acs.jctc.3c00704
- https://arxiv.org/abs/2305.19302v3
- http://arxiv.org/abs/2503.14118
CITE-CITE-CITE-CITE-CITE-CITE-CITE-CITE-CITE-CITE-CITE-CITE-CITE

Neighbor list info ...
  update: every = 1 steps, delay = 0 steps, check = yes
  max neighbors/atom: 2000, page size: 100000
  master list distance cutoff = 11
  ghost atom cutoff = 11
  binsize = 5.5, bins = 4 4 4
  1 neighbor lists, perpetual/occasional/extra = 1 0 0
  (1) pair metatomic, perpetual
      attributes: full, newton on, ghost
      pair build: full/bin/ghost
      stencil: full/ghost/bin/3d
      bin: standard
Per MPI rank memory allocation (min/avg/max) = 19.8 | 19.8 | 19.8 Mbytes
   Step           Lx             Ly             Lz           PotEng         Press           Fmax          Volume    
         0   17.35          17.35          17.35         -3787.918       23969.932      1.1308527      5222.7404    
        10   17.35          17.35          17.35         -3792.8281      25517.534      0.0074024051   5222.7404    
        12   17.35          17.35          17.35         -3792.8284      25516.871      0.0026473789   5222.7404    
Loop time of 53.8032 on 8 procs for 12 steps with 500 atoms

766.0% CPU use with 1 MPI tasks x 8 OpenMP threads

Minimization stats:
  Stopping criterion = energy tolerance
  Energy initial, next-to-last, final = 
        -3787.91796875  -3792.82836914062  -3792.82836914062
  Force two-norm initial, final = 9.670613 0.024612431
  Force max component initial, final = 1.1308527 0.0026473789
  Final line search alpha, max atom move = 1 0.0026473789
  Iterations, force evaluations = 12 24

MPI task timing breakdown:
Section |  min time  |  avg time  |  max time  |%varavg| %total
---------------------------------------------------------------
Pair    | 53.802     | 53.802     | 53.802     |   0.0 |100.00
Neigh   | 0          | 0          | 0          |   0.0 |  0.00
Comm    | 0.00057279 | 0.00057279 | 0.00057279 |   0.0 |  0.00
Output  | 3.1844e-05 | 3.1844e-05 | 3.1844e-05 |   0.0 |  0.00
Modify  | 0          | 0          | 0          |   0.0 |  0.00
Other   |            | 0.000484   |            |       |  0.00

Nlocal:            500 ave         500 max         500 min
Histogram: 1 0 0 0 0 0 0 0 0 0
Nghost:           5584 ave        5584 max        5584 min
Histogram: 1 0 0 0 0 0 0 0 0 0
Neighs:              0 ave           0 max           0 min
Histogram: 1 0 0 0 0 0 0 0 0 0
FullNghs:       277000 ave      277000 max      277000 min
Histogram: 1 0 0 0 0 0 0 0 0 0

Total # of neighbors = 277000
Ave neighs/atom = 554
Neighbor list builds = 0
Dangerous builds = 0

# Релаксация ячейки aniso
fix 1 all box/relax aniso 0.0 vmax 0.0001
min_style cg
minimize 1.0e-10 1.0e-11 1000 5000
WARNING: Energy due to 3 extra global DOFs will be included in minimizer energies
 (src/min.cpp:222)
Per MPI rank memory allocation (min/avg/max) = 19.8 | 19.8 | 19.8 Mbytes
   Step           Lx             Ly             Lz           PotEng         Press           Fmax          Volume    
        12   17.35          17.35          17.35         -3792.8269      25516.864      0.0026481794   5222.7404    
        20   17.360973      17.36388       17.362554     -3792.9863      19406.238      0.0090034008   5234.0088    
        30   17.373667      17.38123       17.377785     -3793.1228      12095.973      0.020733684    5247.6689    
        40   17.384081      17.39858       17.391998     -3793.1946      5400.4288      0.03160122     5260.3544    
        50   17.387027      17.41593       17.40292      -3793.2163      473.28341      0.040119439    5269.8       
        57   17.378193      17.425971      17.404738     -3793.2195      0.70131738     0.041893154    5270.7099    
Loop time of 132.617 on 8 procs for 45 steps with 500 atoms

776.8% CPU use with 1 MPI tasks x 8 OpenMP threads

Minimization stats:
  Stopping criterion = linesearch alpha is zero
  Energy initial, next-to-last, final = 
     -3792.82690429688  -3793.21948242188  -3793.21948242188
  Force two-norm initial, final = 144.61624 1.5334651
  Force max component initial, final = 91.784805 1.1073568
  Final line search alpha, max atom move = 2.7559056e-09 3.0517709e-09
  Iterations, force evaluations = 45 60

MPI task timing breakdown:
Section |  min time  |  avg time  |  max time  |%varavg| %total
---------------------------------------------------------------
Pair    | 132.61     | 132.61     | 132.61     |   0.0 |100.00
Neigh   | 0          | 0          | 0          |   0.0 |  0.00
Comm    | 0.0011666  | 0.0011666  | 0.0011666  |   0.0 |  0.00
Output  | 0.0001698  | 0.0001698  | 0.0001698  |   0.0 |  0.00
Modify  | 0          | 0          | 0          |   0.0 |  0.00
Other   |            | 0.004612   |            |       |  0.00

Nlocal:            500 ave         500 max         500 min
Histogram: 1 0 0 0 0 0 0 0 0 0
Nghost:           5584 ave        5584 max        5584 min
Histogram: 1 0 0 0 0 0 0 0 0 0
Neighs:              0 ave           0 max           0 min
Histogram: 1 0 0 0 0 0 0 0 0 0
FullNghs:       273836 ave      273836 max      273836 min
Histogram: 1 0 0 0 0 0 0 0 0 0

Total # of neighbors = 273836
Ave neighs/atom = 547.672
Neighbor list builds = 0
Dangerous builds = 0
unfix 1

# Промежуточная минимизация атомов
min_style cg
minimize 1.0e-10 1.0e-11 1000 5000
Per MPI rank memory allocation (min/avg/max) = 19.8 | 19.8 | 19.8 Mbytes
   Step           Lx             Ly             Lz           PotEng         Press           Fmax          Volume    
        57   17.378193      17.425971      17.404738     -3793.2195      0.70259775     0.041893154    5270.7099    
        60   17.378193      17.425971      17.404738     -3793.2246      311.66257      0.0045009926   5270.7099    
        62   17.378193      17.425971      17.404738     -3793.2249      305.93103      0.0028822646   5270.7099    
Loop time of 24.4394 on 8 procs for 5 steps with 500 atoms

778.3% CPU use with 1 MPI tasks x 8 OpenMP threads

Minimization stats:
  Stopping criterion = energy tolerance
  Energy initial, next-to-last, final = 
     -3793.21948242188  -3793.22485351562  -3793.22485351562
  Force two-norm initial, final = 0.33942145 0.019904916
  Force max component initial, final = 0.041893154 0.0028822646
  Final line search alpha, max atom move = 1 0.0028822646
  Iterations, force evaluations = 5 10

MPI task timing breakdown:
Section |  min time  |  avg time  |  max time  |%varavg| %total
---------------------------------------------------------------
Pair    | 24.439     | 24.439     | 24.439     |   0.0 |100.00
Neigh   | 0          | 0          | 0          |   0.0 |  0.00
Comm    | 0.00024042 | 0.00024042 | 0.00024042 |   0.0 |  0.00
Output  | 8.0585e-05 | 8.0585e-05 | 8.0585e-05 |   0.0 |  0.00
Modify  | 0          | 0          | 0          |   0.0 |  0.00
Other   |            | 0.0002547  |            |       |  0.00

Nlocal:            500 ave         500 max         500 min
Histogram: 1 0 0 0 0 0 0 0 0 0
Nghost:           5584 ave        5584 max        5584 min
Histogram: 1 0 0 0 0 0 0 0 0 0
Neighs:              0 ave           0 max           0 min
Histogram: 1 0 0 0 0 0 0 0 0 0
FullNghs:       270274 ave      270274 max      270274 min
Histogram: 1 0 0 0 0 0 0 0 0 0

Total # of neighbors = 270274
Ave neighs/atom = 540.548
Neighbor list builds = 0
Dangerous builds = 0

# Релаксация ячейки iso
fix 2 all box/relax iso 0.0 vmax 0.0001
min_style cg
minimize 1.0e-10 1.0e-11 1000 5000
WARNING: Energy due to 1 extra global DOFs will be included in minimizer energies
 (src/min.cpp:222)
Per MPI rank memory allocation (min/avg/max) = 19.8 | 19.8 | 19.8 Mbytes
   Step           Lx             Ly             Lz           PotEng         Press           Fmax          Volume    
        62   17.378193      17.425971      17.404738     -3793.2249      305.92705      0.0028822497   5270.7099    
        64   17.378842      17.426622      17.405388     -3793.2251     -0.34566459     0.0026946887   5271.3       
Loop time of 78.9807 on 8 procs for 2 steps with 500 atoms

780.8% CPU use with 1 MPI tasks x 8 OpenMP threads

Minimization stats:
  Stopping criterion = linesearch alpha is zero
  Energy initial, next-to-last, final = 
     -3793.22485351562  -3793.22509765625  -3793.22509765625
  Force two-norm initial, final = 3.0193074 0.020928521
  Force max component initial, final = 3.0192418 0.0034116724
  Final line search alpha, max atom move = 1.5258789e-05 5.2057989e-08
  Iterations, force evaluations = 2 35

MPI task timing breakdown:
Section |  min time  |  avg time  |  max time  |%varavg| %total
---------------------------------------------------------------
Pair    | 78.978     | 78.978     | 78.978     |   0.0 |100.00
Neigh   | 0          | 0          | 0          |   0.0 |  0.00
Comm    | 0.00073075 | 0.00073075 | 0.00073075 |   0.0 |  0.00
Output  | 0          | 0          | 0          |   0.0 |  0.00
Modify  | 0          | 0          | 0          |   0.0 |  0.00
Other   |            | 0.002438   |            |       |  0.00

Nlocal:            500 ave         500 max         500 min
Histogram: 1 0 0 0 0 0 0 0 0 0
Nghost:           5584 ave        5584 max        5584 min
Histogram: 1 0 0 0 0 0 0 0 0 0
Neighs:              0 ave           0 max           0 min
Histogram: 1 0 0 0 0 0 0 0 0 0
FullNghs:       270294 ave      270294 max      270294 min
Histogram: 1 0 0 0 0 0 0 0 0 0

Total # of neighbors = 270294
Ave neighs/atom = 540.588
Neighbor list builds = 0
Dangerous builds = 0
unfix 2

variable lat_const equal "lx/5"
variable eatom equal "pe/count(all)"
variable teng equal "pe"
variable natoms equal "count(all)"

print "Lattice parameter (lx/5) = ${lat_const} A"
Lattice parameter (lx/5) = 3.47576833867708 A
print "Total Potential Energy (PE) = ${teng} eV"
Total Potential Energy (PE) = -3793.22509765625 eV
print "Number of atoms = ${natoms}"
Number of atoms = 500
print "Cohesive energy (PE/N) = ${eatom} eV"
Cohesive energy (PE/N) = -7.5864501953125 eV
print "Minimization completed."
Minimization completed.

write_data C2_10_minimized.data
System init for write_data ...
Total wall time: 0:04:59
