read_data C2_4.data
Reading data file ...
  triclinic box = (0 0 0) to (17.35 17.35 17.35) with tilt (1.0623811e-15 1.0623811e-15 1.0623811e-15)
  1 by 1 by 1 MPI processor grid
  reading atoms ...
  500 atoms
  read_data CPU = 0.004 seconds

mass 1 58.6934  # Ni
mass 2 55.845   # Fe
mass 3 51.9961  # Cr

pair_style metatomic pet-mad-latest.pt device cpu

This is the PET-MAD v1.0.2 model
================================

A universal interatomic potential for advanced materials modeling

Model authors
-------------

- Arslan Mazitov (arslan.mazitov@epfl.ch)
- Filippo Bigi
- Matthias Kellner
- Paolo Pegolo
- Davide Tisi
- Guillaume Fraux
- Sergey Pozdnyakov
- Philip Loche
- Michele Ceriotti (michele.ceriotti@epfl.ch)

Model references
----------------

Please cite the following references when using this model:
- about this specific model:
  * http://arxiv.org/abs/2503.14118
- about the architecture of this model:
  * LLPR (uncertainty method):
    https://iopscience.iop.org/article/10.1088/2632-2153/ad805f
  * LPR (if using per-atom uncertainty):
    https://pubs.acs.org/doi/10.1021/acs.jctc.3c00704
  * https://arxiv.org/abs/2305.19302v3

WARNING: the model declared support for unknown device 'cuda', it will be ignored (src/ML-METATOMIC/pair_metatomic.cpp:216)
Running simulation on cpu device with float32 data
pair_coeff * * 28 26 24

neighbor 2.0 bin
neigh_modify delay 0 check yes
timestep 0.001

thermo 10
thermo_style custom step lx ly lz pe press fmax vol

# --- ЭТАПЫ МИНИМИЗАЦИИ ---
min_style cg
minimize 1.0e-8 1.0e-9 1000 5000

CITE-CITE-CITE-CITE-CITE-CITE-CITE-CITE-CITE-CITE-CITE-CITE-CITE

Your simulation uses code contributions which should be cited:

- LLPR (uncertainty method): https://iopscience.iop.org/article/10.1088/2632-2153/ad805f
- LPR (if using per-atom uncertainty): https://pubs.acs.org/doi/10.1021/acs.jctc.3c00704
- https://arxiv.org/abs/2305.19302v3
- http://arxiv.org/abs/2503.14118
CITE-CITE-CITE-CITE-CITE-CITE-CITE-CITE-CITE-CITE-CITE-CITE-CITE

Neighbor list info ...
  update: every = 1 steps, delay = 0 steps, check = yes
  max neighbors/atom: 2000, page size: 100000
  master list distance cutoff = 11
  ghost atom cutoff = 11
  binsize = 5.5, bins = 4 4 4
  1 neighbor lists, perpetual/occasional/extra = 1 0 0
  (1) pair metatomic, perpetual
      attributes: full, newton on, ghost
      pair build: full/bin/ghost
      stencil: full/ghost/bin/3d
      bin: standard
Per MPI rank memory allocation (min/avg/max) = 19.8 | 19.8 | 19.8 Mbytes
   Step           Lx             Ly             Lz           PotEng         Press           Fmax          Volume    
         0   17.35          17.35          17.35         -3785.9695      25093.499      0.99313128     5222.7404    
        10   17.35          17.35          17.35         -3790.8247      26998.354      0.0077125654   5222.7404    
        12   17.35          17.35          17.35         -3790.825       27001.635      0.0029970706   5222.7404    
Loop time of 53.041 on 8 procs for 12 steps with 500 atoms

764.5% CPU use with 1 MPI tasks x 8 OpenMP threads

Minimization stats:
  Stopping criterion = energy tolerance
  Energy initial, next-to-last, final = 
     -3785.96948242188  -3790.82495117188  -3790.82495117188
  Force two-norm initial, final = 9.4228576 0.023479131
  Force max component initial, final = 0.99313128 0.0029970706
  Final line search alpha, max atom move = 1 0.0029970706
  Iterations, force evaluations = 12 24

MPI task timing breakdown:
Section |  min time  |  avg time  |  max time  |%varavg| %total
---------------------------------------------------------------
Pair    | 53.04      | 53.04      | 53.04      |   0.0 |100.00
Neigh   | 0          | 0          | 0          |   0.0 |  0.00
Comm    | 0.00061933 | 0.00061933 | 0.00061933 |   0.0 |  0.00
Output  | 2.7569e-05 | 2.7569e-05 | 2.7569e-05 |   0.0 |  0.00
Modify  | 0          | 0          | 0          |   0.0 |  0.00
Other   |            | 0.0005343  |            |       |  0.00

Nlocal:            500 ave         500 max         500 min
Histogram: 1 0 0 0 0 0 0 0 0 0
Nghost:           5584 ave        5584 max        5584 min
Histogram: 1 0 0 0 0 0 0 0 0 0
Neighs:              0 ave           0 max           0 min
Histogram: 1 0 0 0 0 0 0 0 0 0
FullNghs:       277000 ave      277000 max      277000 min
Histogram: 1 0 0 0 0 0 0 0 0 0

Total # of neighbors = 277000
Ave neighs/atom = 554
Neighbor list builds = 0
Dangerous builds = 0

# Релаксация ячейки aniso
fix 1 all box/relax aniso 0.0 vmax 0.0001
min_style cg
minimize 1.0e-10 1.0e-11 1000 5000
WARNING: Energy due to 3 extra global DOFs will be included in minimizer energies
 (src/min.cpp:222)
Per MPI rank memory allocation (min/avg/max) = 19.8 | 19.8 | 19.8 Mbytes
   Step           Lx             Ly             Lz           PotEng         Press           Fmax          Volume    
        12   17.35          17.35          17.35         -3790.8252      27001.642      0.002982989    5222.7404    
        20   17.361718      17.36388       17.362213     -3790.9961      20797.047      0.0085913986   5234.1308    
        30   17.375636      17.38123       17.376928     -3791.145       13336.433      0.017720088    5248.0047    
        40   17.387974      17.39858       17.390453     -3791.2273      6411.5877      0.026494559    5261.0654    
        50   17.395471      17.41593       17.400339     -3791.2539      907.94987      0.03366001     5271.577     
        57   17.391348      17.42634       17.399829     -3791.2566      1.0510563      0.035145223    5273.3235    
Loop time of 131.598 on 8 procs for 45 steps with 500 atoms

782.0% CPU use with 1 MPI tasks x 8 OpenMP threads

Minimization stats:
  Stopping criterion = linesearch alpha is zero
  Energy initial, next-to-last, final = 
      -3790.8251953125  -3791.25659179688  -3791.25659179688
  Force two-norm initial, final = 152.79892 1.7404631
  Force max component initial, final = 96.197128 1.3514464
  Final line search alpha, max atom move = 2.258136e-09 3.0517498e-09
  Iterations, force evaluations = 45 60

MPI task timing breakdown:
Section |  min time  |  avg time  |  max time  |%varavg| %total
---------------------------------------------------------------
Pair    | 131.59     | 131.59     | 131.59     |   0.0 |100.00
Neigh   | 0          | 0          | 0          |   0.0 |  0.00
Comm    | 0.0012063  | 0.0012063  | 0.0012063  |   0.0 |  0.00
Output  | 0.00011776 | 0.00011776 | 0.00011776 |   0.0 |  0.00
Modify  | 0          | 0          | 0          |   0.0 |  0.00
Other   |            | 0.004587   |            |       |  0.00

Nlocal:            500 ave         500 max         500 min
Histogram: 1 0 0 0 0 0 0 0 0 0
Nghost:           5584 ave        5584 max        5584 min
Histogram: 1 0 0 0 0 0 0 0 0 0
Neighs:              0 ave           0 max           0 min
Histogram: 1 0 0 0 0 0 0 0 0 0
FullNghs:       273796 ave      273796 max      273796 min
Histogram: 1 0 0 0 0 0 0 0 0 0

Total # of neighbors = 273796
Ave neighs/atom = 547.592
Neighbor list builds = 0
Dangerous builds = 0
unfix 1

# Промежуточная минимизация атомов
min_style cg
minimize 1.0e-10 1.0e-11 1000 5000
Per MPI rank memory allocation (min/avg/max) = 19.8 | 19.8 | 19.8 Mbytes
   Step           Lx             Ly             Lz           PotEng         Press           Fmax          Volume    
        57   17.391348      17.42634       17.399829     -3791.2566      1.0516358      0.035145238    5273.3235    
        60   17.391348      17.42634       17.399829     -3791.2622      345.26179      0.0048733577   5273.3235    
        62   17.391348      17.42634       17.399829     -3791.2625      342.46002      0.0029423535   5273.3235    
Loop time of 24.7869 on 8 procs for 5 steps with 500 atoms

780.9% CPU use with 1 MPI tasks x 8 OpenMP threads

Minimization stats:
  Stopping criterion = energy tolerance
  Energy initial, next-to-last, final = 
     -3791.25659179688  -3791.26245117188  -3791.26245117188
  Force two-norm initial, final = 0.35715564 0.016906935
  Force max component initial, final = 0.035145238 0.0029423535
  Final line search alpha, max atom move = 1 0.0029423535
  Iterations, force evaluations = 5 10

MPI task timing breakdown:
Section |  min time  |  avg time  |  max time  |%varavg| %total
---------------------------------------------------------------
Pair    | 24.786     | 24.786     | 24.786     |   0.0 |100.00
Neigh   | 0          | 0          | 0          |   0.0 |  0.00
Comm    | 0.00024107 | 0.00024107 | 0.00024107 |   0.0 |  0.00
Output  | 7.8495e-05 | 7.8495e-05 | 7.8495e-05 |   0.0 |  0.00
Modify  | 0          | 0          | 0          |   0.0 |  0.00
Other   |            | 0.0002585  |            |       |  0.00

Nlocal:            500 ave         500 max         500 min
Histogram: 1 0 0 0 0 0 0 0 0 0
Nghost:           5584 ave        5584 max        5584 min
Histogram: 1 0 0 0 0 0 0 0 0 0
Neighs:              0 ave           0 max           0 min
Histogram: 1 0 0 0 0 0 0 0 0 0
FullNghs:       270054 ave      270054 max      270054 min
Histogram: 1 0 0 0 0 0 0 0 0 0

Total # of neighbors = 270054
Ave neighs/atom = 540.108
Neighbor list builds = 0
Dangerous builds = 0

# Релаксация ячейки iso
fix 2 all box/relax iso 0.0 vmax 0.0001
min_style cg
minimize 1.0e-10 1.0e-11 1000 5000
WARNING: Energy due to 1 extra global DOFs will be included in minimizer energies
 (src/min.cpp:222)
Per MPI rank memory allocation (min/avg/max) = 19.8 | 19.8 | 19.8 Mbytes
   Step           Lx             Ly             Lz           PotEng         Press           Fmax          Volume    
        62   17.391348      17.42634       17.399829     -3791.2625      342.46035      0.0029423386   5273.3235    
        63   17.392072      17.427065      17.400553     -3791.2625     -0.05120119     0.0027547851   5273.9817    
Loop time of 6.71282 on 8 procs for 1 steps with 500 atoms

782.1% CPU use with 1 MPI tasks x 8 OpenMP threads

Minimization stats:
  Stopping criterion = energy tolerance
  Energy initial, next-to-last, final = 
     -3791.26245117188  -3791.26245117188  -3791.26245117188
  Force two-norm initial, final = 3.3815128 0.017913158
  Force max component initial, final = 3.3814705 0.0027547851
  Final line search alpha, max atom move = 2.9572932e-05 8.1467074e-08
  Iterations, force evaluations = 1 2

MPI task timing breakdown:
Section |  min time  |  avg time  |  max time  |%varavg| %total
---------------------------------------------------------------
Pair    | 6.7125     | 6.7125     | 6.7125     |   0.0 |100.00
Neigh   | 0          | 0          | 0          |   0.0 |  0.00
Comm    | 6.2408e-05 | 6.2408e-05 | 6.2408e-05 |   0.0 |  0.00
Output  | 0          | 0          | 0          |   0.0 |  0.00
Modify  | 0          | 0          | 0          |   0.0 |  0.00
Other   |            | 0.0002241  |            |       |  0.00

Nlocal:            500 ave         500 max         500 min
Histogram: 1 0 0 0 0 0 0 0 0 0
Nghost:           5584 ave        5584 max        5584 min
Histogram: 1 0 0 0 0 0 0 0 0 0
Neighs:              0 ave           0 max           0 min
Histogram: 1 0 0 0 0 0 0 0 0 0
FullNghs:       270058 ave      270058 max      270058 min
Histogram: 1 0 0 0 0 0 0 0 0 0

Total # of neighbors = 270058
Ave neighs/atom = 540.116
Neighbor list builds = 0
Dangerous builds = 0
unfix 2

variable lat_const equal "lx/5"
variable eatom equal "pe/count(all)"
variable teng equal "pe"
variable natoms equal "count(all)"

print "Lattice parameter (lx/5) = ${lat_const} A"
Lattice parameter (lx/5) = 3.47841438409811 A
print "Total Potential Energy (PE) = ${teng} eV"
Total Potential Energy (PE) = -3791.26245117188 eV
print "Number of atoms = ${natoms}"
Number of atoms = 500
print "Cohesive energy (PE/N) = ${eatom} eV"
Cohesive energy (PE/N) = -7.58252490234375 eV
print "Minimization completed."
Minimization completed.

write_data C2_4_minimized.data
System init for write_data ...
Total wall time: 0:03:45
