read_data C2_5.data
Reading data file ...
  triclinic box = (0 0 0) to (17.35 17.35 17.35) with tilt (1.0623811e-15 1.0623811e-15 1.0623811e-15)
  1 by 1 by 1 MPI processor grid
  reading atoms ...
  500 atoms
  read_data CPU = 0.003 seconds

mass 1 58.6934  # Ni
mass 2 55.845   # Fe
mass 3 51.9961  # Cr

pair_style metatomic pet-mad-latest.pt device cpu

This is the PET-MAD v1.0.2 model
================================

A universal interatomic potential for advanced materials modeling

Model authors
-------------

- Arslan Mazitov (arslan.mazitov@epfl.ch)
- Filippo Bigi
- Matthias Kellner
- Paolo Pegolo
- Davide Tisi
- Guillaume Fraux
- Sergey Pozdnyakov
- Philip Loche
- Michele Ceriotti (michele.ceriotti@epfl.ch)

Model references
----------------

Please cite the following references when using this model:
- about this specific model:
  * http://arxiv.org/abs/2503.14118
- about the architecture of this model:
  * LLPR (uncertainty method):
    https://iopscience.iop.org/article/10.1088/2632-2153/ad805f
  * LPR (if using per-atom uncertainty):
    https://pubs.acs.org/doi/10.1021/acs.jctc.3c00704
  * https://arxiv.org/abs/2305.19302v3

WARNING: the model declared support for unknown device 'cuda', it will be ignored (src/ML-METATOMIC/pair_metatomic.cpp:216)
Running simulation on cpu device with float32 data
pair_coeff * * 28 26 24

neighbor 2.0 bin
neigh_modify delay 0 check yes
timestep 0.001

thermo 10
thermo_style custom step lx ly lz pe press fmax vol

# --- ЭТАПЫ МИНИМИЗАЦИИ ---
min_style cg
minimize 1.0e-8 1.0e-9 1000 5000

CITE-CITE-CITE-CITE-CITE-CITE-CITE-CITE-CITE-CITE-CITE-CITE-CITE

Your simulation uses code contributions which should be cited:

- LLPR (uncertainty method): https://iopscience.iop.org/article/10.1088/2632-2153/ad805f
- LPR (if using per-atom uncertainty): https://pubs.acs.org/doi/10.1021/acs.jctc.3c00704
- https://arxiv.org/abs/2305.19302v3
- http://arxiv.org/abs/2503.14118
CITE-CITE-CITE-CITE-CITE-CITE-CITE-CITE-CITE-CITE-CITE-CITE-CITE

Neighbor list info ...
  update: every = 1 steps, delay = 0 steps, check = yes
  max neighbors/atom: 2000, page size: 100000
  master list distance cutoff = 11
  ghost atom cutoff = 11
  binsize = 5.5, bins = 4 4 4
  1 neighbor lists, perpetual/occasional/extra = 1 0 0
  (1) pair metatomic, perpetual
      attributes: full, newton on, ghost
      pair build: full/bin/ghost
      stencil: full/ghost/bin/3d
      bin: standard
Per MPI rank memory allocation (min/avg/max) = 19.8 | 19.8 | 19.8 Mbytes
   Step           Lx             Ly             Lz           PotEng         Press           Fmax          Volume    
         0   17.35          17.35          17.35         -3789.72        24471.111      1.1735299      5222.7404    
        10   17.35          17.35          17.35         -3794.834       26406.795      0.0055158436   5222.7404    
        12   17.35          17.35          17.35         -3794.8342      26405.182      0.0019808523   5222.7404    
Loop time of 54.6898 on 8 procs for 12 steps with 500 atoms

768.8% CPU use with 1 MPI tasks x 8 OpenMP threads

Minimization stats:
  Stopping criterion = energy tolerance
  Energy initial, next-to-last, final = 
     -3789.71997070312  -3794.83422851562  -3794.83422851562
  Force two-norm initial, final = 9.8971801 0.020074381
  Force max component initial, final = 1.1735299 0.0019808523
  Final line search alpha, max atom move = 1 0.0019808523
  Iterations, force evaluations = 12 24

MPI task timing breakdown:
Section |  min time  |  avg time  |  max time  |%varavg| %total
---------------------------------------------------------------
Pair    | 54.689     | 54.689     | 54.689     |   0.0 |100.00
Neigh   | 0          | 0          | 0          |   0.0 |  0.00
Comm    | 0.00060655 | 0.00060655 | 0.00060655 |   0.0 |  0.00
Output  | 7.6838e-05 | 7.6838e-05 | 7.6838e-05 |   0.0 |  0.00
Modify  | 0          | 0          | 0          |   0.0 |  0.00
Other   |            | 0.0005009  |            |       |  0.00

Nlocal:            500 ave         500 max         500 min
Histogram: 1 0 0 0 0 0 0 0 0 0
Nghost:           5584 ave        5584 max        5584 min
Histogram: 1 0 0 0 0 0 0 0 0 0
Neighs:              0 ave           0 max           0 min
Histogram: 1 0 0 0 0 0 0 0 0 0
FullNghs:       277000 ave      277000 max      277000 min
Histogram: 1 0 0 0 0 0 0 0 0 0

Total # of neighbors = 277000
Ave neighs/atom = 554
Neighbor list builds = 0
Dangerous builds = 0

# Релаксация ячейки aniso
fix 1 all box/relax aniso 0.0 vmax 0.0001
min_style cg
minimize 1.0e-10 1.0e-11 1000 5000
WARNING: Energy due to 3 extra global DOFs will be included in minimizer energies
 (src/min.cpp:222)
Per MPI rank memory allocation (min/avg/max) = 19.8 | 19.8 | 19.8 Mbytes
   Step           Lx             Ly             Lz           PotEng         Press           Fmax          Volume    
        12   17.35          17.35          17.35         -3794.8352      26405.183      0.0019803941   5222.7404    
        20   17.36388       17.361743      17.362153     -3795.0015      20194.43       0.0092354193   5234.12      
        30   17.38123       17.375714      17.376759     -3795.1453      12736.393      0.020509146    5247.9772    
        40   17.39858       17.388112      17.39007      -3795.2224      5833.7932      0.030957781    5260.9913    
        50   17.41593       17.395217      17.399013     -3795.2449      532.07718      0.039563894    5271.0986    
        57   17.42762       17.389478      17.396354     -3795.2468      9.3029819      0.041304335    5272.0907    
Loop time of 129.05 on 8 procs for 45 steps with 500 atoms

780.6% CPU use with 1 MPI tasks x 8 OpenMP threads

Minimization stats:
  Stopping criterion = energy tolerance
  Energy initial, next-to-last, final = 
     -3794.83520507812  -3795.24682617188  -3795.24682617188
  Force two-norm initial, final = 149.42629 0.36043567
  Force max component initial, final = 94.163033 0.047297833
  Final line search alpha, max atom move = 2.1957731e-07 1.0385531e-08
  Iterations, force evaluations = 45 57

MPI task timing breakdown:
Section |  min time  |  avg time  |  max time  |%varavg| %total
---------------------------------------------------------------
Pair    | 129.04     | 129.04     | 129.04     |   0.0 |100.00
Neigh   | 0          | 0          | 0          |   0.0 |  0.00
Comm    | 0.0011464  | 0.0011464  | 0.0011464  |   0.0 |  0.00
Output  | 0.00030514 | 0.00030514 | 0.00030514 |   0.0 |  0.00
Modify  | 0          | 0          | 0          |   0.0 |  0.00
Other   |            | 0.004277   |            |       |  0.00

Nlocal:            500 ave         500 max         500 min
Histogram: 1 0 0 0 0 0 0 0 0 0
Nghost:           5584 ave        5584 max        5584 min
Histogram: 1 0 0 0 0 0 0 0 0 0
Neighs:              0 ave           0 max           0 min
Histogram: 1 0 0 0 0 0 0 0 0 0
FullNghs:       273876 ave      273876 max      273876 min
Histogram: 1 0 0 0 0 0 0 0 0 0

Total # of neighbors = 273876
Ave neighs/atom = 547.752
Neighbor list builds = 0
Dangerous builds = 0
unfix 1

# Промежуточная минимизация атомов
min_style cg
minimize 1.0e-10 1.0e-11 1000 5000
Per MPI rank memory allocation (min/avg/max) = 19.8 | 19.8 | 19.8 Mbytes
   Step           Lx             Ly             Lz           PotEng         Press           Fmax          Volume    
        57   17.42762       17.389478      17.396354     -3795.2468      9.3042136      0.04130432     5272.0907    
        60   17.42762       17.389478      17.396354     -3795.2524      344.84164      0.005523175    5272.0907    
        62   17.42762       17.389478      17.396354     -3795.2527      340.05628      0.0017541647   5272.0907    
Loop time of 24.7435 on 8 procs for 5 steps with 500 atoms

780.9% CPU use with 1 MPI tasks x 8 OpenMP threads

Minimization stats:
  Stopping criterion = energy tolerance
  Energy initial, next-to-last, final = 
     -3795.24682617188  -3795.25268554688  -3795.25268554688
  Force two-norm initial, final = 0.35592418 0.01442254
  Force max component initial, final = 0.04130432 0.0017541647
  Final line search alpha, max atom move = 1 0.0017541647
  Iterations, force evaluations = 5 10

MPI task timing breakdown:
Section |  min time  |  avg time  |  max time  |%varavg| %total
---------------------------------------------------------------
Pair    | 24.743     | 24.743     | 24.743     |   0.0 |100.00
Neigh   | 0          | 0          | 0          |   0.0 |  0.00
Comm    | 0.00026629 | 0.00026629 | 0.00026629 |   0.0 |  0.00
Output  | 7.8761e-05 | 7.8761e-05 | 7.8761e-05 |   0.0 |  0.00
Modify  | 0          | 0          | 0          |   0.0 |  0.00
Other   |            | 0.0002056  |            |       |  0.00

Nlocal:            500 ave         500 max         500 min
Histogram: 1 0 0 0 0 0 0 0 0 0
Nghost:           5584 ave        5584 max        5584 min
Histogram: 1 0 0 0 0 0 0 0 0 0
Neighs:              0 ave           0 max           0 min
Histogram: 1 0 0 0 0 0 0 0 0 0
FullNghs:       270166 ave      270166 max      270166 min
Histogram: 1 0 0 0 0 0 0 0 0 0

Total # of neighbors = 270166
Ave neighs/atom = 540.332
Neighbor list builds = 0
Dangerous builds = 0

# Релаксация ячейки iso
fix 2 all box/relax iso 0.0 vmax 0.0001
min_style cg
minimize 1.0e-10 1.0e-11 1000 5000
WARNING: Energy due to 1 extra global DOFs will be included in minimizer energies
 (src/min.cpp:222)
Per MPI rank memory allocation (min/avg/max) = 19.8 | 19.8 | 19.8 Mbytes
   Step           Lx             Ly             Lz           PotEng         Press           Fmax          Volume    
        62   17.42762       17.389478      17.396354     -3795.2527      340.05807      0.0017545819   5272.0907    
        64   17.428339      17.390196      17.397072     -3795.2529      0.10285356     0.0015733279   5272.7435    
Loop time of 58.7222 on 8 procs for 2 steps with 500 atoms

779.5% CPU use with 1 MPI tasks x 8 OpenMP threads

Minimization stats:
  Stopping criterion = linesearch alpha is zero
  Energy initial, next-to-last, final = 
     -3795.25268554688   -3795.2529296875   -3795.2529296875
  Force two-norm initial, final = 3.3569963 0.015813688
  Force max component initial, final = 3.3569653 0.0015733279
  Final line search alpha, max atom move = 4.833523e-05 7.6047167e-08
  Iterations, force evaluations = 2 25

MPI task timing breakdown:
Section |  min time  |  avg time  |  max time  |%varavg| %total
---------------------------------------------------------------
Pair    | 58.72      | 58.72      | 58.72      |   0.0 |100.00
Neigh   | 0          | 0          | 0          |   0.0 |  0.00
Comm    | 0.00051941 | 0.00051941 | 0.00051941 |   0.0 |  0.00
Output  | 0          | 0          | 0          |   0.0 |  0.00
Modify  | 0          | 0          | 0          |   0.0 |  0.00
Other   |            | 0.001776   |            |       |  0.00

Nlocal:            500 ave         500 max         500 min
Histogram: 1 0 0 0 0 0 0 0 0 0
Nghost:           5584 ave        5584 max        5584 min
Histogram: 1 0 0 0 0 0 0 0 0 0
Neighs:              0 ave           0 max           0 min
Histogram: 1 0 0 0 0 0 0 0 0 0
FullNghs:       270148 ave      270148 max      270148 min
Histogram: 1 0 0 0 0 0 0 0 0 0

Total # of neighbors = 270148
Ave neighs/atom = 540.296
Neighbor list builds = 0
Dangerous builds = 0
unfix 2

variable lat_const equal "lx/5"
variable eatom equal "pe/count(all)"
variable teng equal "pe"
variable natoms equal "count(all)"

print "Lattice parameter (lx/5) = ${lat_const} A"
Lattice parameter (lx/5) = 3.48566777716076 A
print "Total Potential Energy (PE) = ${teng} eV"
Total Potential Energy (PE) = -3795.2529296875 eV
print "Number of atoms = ${natoms}"
Number of atoms = 500
print "Cohesive energy (PE/N) = ${eatom} eV"
Cohesive energy (PE/N) = -7.590505859375 eV
print "Minimization completed."
Minimization completed.

write_data C2_5_minimized.data
System init for write_data ...
Total wall time: 0:04:36
