read_data C1_1.data
Reading data file ...
  triclinic box = (0 0 0) to (17.35 17.35 17.35) with tilt (1.0623811e-15 1.0623811e-15 1.0623811e-15)
  1 by 1 by 1 MPI processor grid
  reading atoms ...
  500 atoms
  read_data CPU = 0.004 seconds

mass 1 58.6934  # Ni
mass 2 55.845   # Fe
mass 3 51.9961  # Cr

pair_style metatomic pet-mad-latest.pt device cpu

This is the PET-MAD v1.0.2 model
================================

A universal interatomic potential for advanced materials modeling

Model authors
-------------

- Arslan Mazitov (arslan.mazitov@epfl.ch)
- Filippo Bigi
- Matthias Kellner
- Paolo Pegolo
- Davide Tisi
- Guillaume Fraux
- Sergey Pozdnyakov
- Philip Loche
- Michele Ceriotti (michele.ceriotti@epfl.ch)

Model references
----------------

Please cite the following references when using this model:
- about this specific model:
  * http://arxiv.org/abs/2503.14118
- about the architecture of this model:
  * LLPR (uncertainty method):
    https://iopscience.iop.org/article/10.1088/2632-2153/ad805f
  * LPR (if using per-atom uncertainty):
    https://pubs.acs.org/doi/10.1021/acs.jctc.3c00704
  * https://arxiv.org/abs/2305.19302v3

WARNING: the model declared support for unknown device 'cuda', it will be ignored (src/ML-METATOMIC/pair_metatomic.cpp:216)
Running simulation on cpu device with float32 data
pair_coeff * * 28 26 24

neighbor 2.0 bin
neigh_modify delay 0 check yes
timestep 0.001

thermo 10
thermo_style custom step lx ly lz pe press fmax vol

# --- ЭТАПЫ МИНИМИЗАЦИИ ---
min_style cg
minimize 1.0e-8 1.0e-9 1000 5000

CITE-CITE-CITE-CITE-CITE-CITE-CITE-CITE-CITE-CITE-CITE-CITE-CITE

Your simulation uses code contributions which should be cited:

- LLPR (uncertainty method): https://iopscience.iop.org/article/10.1088/2632-2153/ad805f
- LPR (if using per-atom uncertainty): https://pubs.acs.org/doi/10.1021/acs.jctc.3c00704
- https://arxiv.org/abs/2305.19302v3
- http://arxiv.org/abs/2503.14118
CITE-CITE-CITE-CITE-CITE-CITE-CITE-CITE-CITE-CITE-CITE-CITE-CITE

Neighbor list info ...
  update: every = 1 steps, delay = 0 steps, check = yes
  max neighbors/atom: 2000, page size: 100000
  master list distance cutoff = 11
  ghost atom cutoff = 11
  binsize = 5.5, bins = 4 4 4
  1 neighbor lists, perpetual/occasional/extra = 1 0 0
  (1) pair metatomic, perpetual
      attributes: full, newton on, ghost
      pair build: full/bin/ghost
      stencil: full/ghost/bin/3d
      bin: standard
Per MPI rank memory allocation (min/avg/max) = 19.8 | 19.8 | 19.8 Mbytes
   Step           Lx             Ly             Lz           PotEng         Press           Fmax          Volume    
         0   17.35          17.35          17.35         -3837.9465      6106.7465      1.2066164      5222.7404    
        10   17.35          17.35          17.35         -3843.6023      8294.6364      0.0069929063   5222.7404    
        12   17.35          17.35          17.35         -3843.6025      8295.9825      0.0035613021   5222.7404    
Loop time of 53.4505 on 8 procs for 12 steps with 500 atoms

765.8% CPU use with 1 MPI tasks x 8 OpenMP threads

Minimization stats:
  Stopping criterion = energy tolerance
  Energy initial, next-to-last, final = 
     -3837.94653320312   -3843.6025390625   -3843.6025390625
  Force two-norm initial, final = 10.730074 0.019749171
  Force max component initial, final = 1.2066164 0.0035613021
  Final line search alpha, max atom move = 1 0.0035613021
  Iterations, force evaluations = 12 24

MPI task timing breakdown:
Section |  min time  |  avg time  |  max time  |%varavg| %total
---------------------------------------------------------------
Pair    | 53.449     | 53.449     | 53.449     |   0.0 |100.00
Neigh   | 0          | 0          | 0          |   0.0 |  0.00
Comm    | 0.00063784 | 0.00063784 | 0.00063784 |   0.0 |  0.00
Output  | 2.8216e-05 | 2.8216e-05 | 2.8216e-05 |   0.0 |  0.00
Modify  | 0          | 0          | 0          |   0.0 |  0.00
Other   |            | 0.0006259  |            |       |  0.00

Nlocal:            500 ave         500 max         500 min
Histogram: 1 0 0 0 0 0 0 0 0 0
Nghost:           5584 ave        5584 max        5584 min
Histogram: 1 0 0 0 0 0 0 0 0 0
Neighs:              0 ave           0 max           0 min
Histogram: 1 0 0 0 0 0 0 0 0 0
FullNghs:       277000 ave      277000 max      277000 min
Histogram: 1 0 0 0 0 0 0 0 0 0

Total # of neighbors = 277000
Ave neighs/atom = 554
Neighbor list builds = 0
Dangerous builds = 0

# Релаксация ячейки aniso
fix 1 all box/relax aniso 0.0 vmax 0.0001
min_style cg
minimize 1.0e-10 1.0e-11 1000 5000
WARNING: Energy due to 3 extra global DOFs will be included in minimizer energies
 (src/min.cpp:222)
Per MPI rank memory allocation (min/avg/max) = 19.8 | 19.8 | 19.8 Mbytes
   Step           Lx             Ly             Lz           PotEng         Press           Fmax          Volume    
        12   17.35          17.35          17.35         -3843.6023      8295.9868      0.0035615761   5222.7404    
        20   17.36388       17.358458      17.363782     -3843.6401      2364.8608      0.010013819    5233.6206    
        28   17.374056      17.352897      17.373668     -3843.6455      0.29588127     0.015081793    5237.9909    
Loop time of 66.2576 on 8 procs for 16 steps with 500 atoms

778.9% CPU use with 1 MPI tasks x 8 OpenMP threads

Minimization stats:
  Stopping criterion = energy tolerance
  Energy initial, next-to-last, final = 
     -3843.60229492188   -3843.6455078125   -3843.6455078125
  Force two-norm initial, final = 47.336522 0.69900497
  Force max component initial, final = 29.915907 0.55888952
  Final line search alpha, max atom move = 3.2606402e-08 1.8223376e-08
  Iterations, force evaluations = 16 29

MPI task timing breakdown:
Section |  min time  |  avg time  |  max time  |%varavg| %total
---------------------------------------------------------------
Pair    | 66.255     | 66.255     | 66.255     |   0.0 |100.00
Neigh   | 0          | 0          | 0          |   0.0 |  0.00
Comm    | 0.00058579 | 0.00058579 | 0.00058579 |   0.0 |  0.00
Output  | 2.6627e-05 | 2.6627e-05 | 2.6627e-05 |   0.0 |  0.00
Modify  | 0          | 0          | 0          |   0.0 |  0.00
Other   |            | 0.00216    |            |       |  0.00

Nlocal:            500 ave         500 max         500 min
Histogram: 1 0 0 0 0 0 0 0 0 0
Nghost:           5584 ave        5584 max        5584 min
Histogram: 1 0 0 0 0 0 0 0 0 0
Neighs:              0 ave           0 max           0 min
Histogram: 1 0 0 0 0 0 0 0 0 0
FullNghs:       273964 ave      273964 max      273964 min
Histogram: 1 0 0 0 0 0 0 0 0 0

Total # of neighbors = 273964
Ave neighs/atom = 547.928
Neighbor list builds = 0
Dangerous builds = 0
unfix 1

# Промежуточная минимизация атомов
min_style cg
minimize 1.0e-10 1.0e-11 1000 5000
Per MPI rank memory allocation (min/avg/max) = 19.8 | 19.8 | 19.8 Mbytes
   Step           Lx             Ly             Lz           PotEng         Press           Fmax          Volume    
        28   17.374056      17.352897      17.373668     -3843.6455      0.29543156     0.015081733    5237.9909    
        30   17.374056      17.352897      17.373668     -3843.6462      123.71332      0.0059560384   5237.9909    
        31   17.374056      17.352897      17.373668     -3843.6462      131.58581      0.0058383374   5237.9909    
Loop time of 15.8583 on 8 procs for 3 steps with 500 atoms

784.8% CPU use with 1 MPI tasks x 8 OpenMP threads

Minimization stats:
  Stopping criterion = energy tolerance
  Energy initial, next-to-last, final = 
      -3843.6455078125  -3843.64624023438  -3843.64624023438
  Force two-norm initial, final = 0.13627975 0.021274863
  Force max component initial, final = 0.015081733 0.0058383374
  Final line search alpha, max atom move = 1 0.0058383374
  Iterations, force evaluations = 3 6

MPI task timing breakdown:
Section |  min time  |  avg time  |  max time  |%varavg| %total
---------------------------------------------------------------
Pair    | 15.858     | 15.858     | 15.858     |   0.0 |100.00
Neigh   | 0          | 0          | 0          |   0.0 |  0.00
Comm    | 0.0001532  | 0.0001532  | 0.0001532  |   0.0 |  0.00
Output  | 7.954e-05  | 7.954e-05  | 7.954e-05  |   0.0 |  0.00
Modify  | 0          | 0          | 0          |   0.0 |  0.00
Other   |            | 0.0001435  |            |       |  0.00

Nlocal:            500 ave         500 max         500 min
Histogram: 1 0 0 0 0 0 0 0 0 0
Nghost:           5584 ave        5584 max        5584 min
Histogram: 1 0 0 0 0 0 0 0 0 0
Neighs:              0 ave           0 max           0 min
Histogram: 1 0 0 0 0 0 0 0 0 0
FullNghs:       272836 ave      272836 max      272836 min
Histogram: 1 0 0 0 0 0 0 0 0 0

Total # of neighbors = 272836
Ave neighs/atom = 545.672
Neighbor list builds = 0
Dangerous builds = 0

# Релаксация ячейки iso
fix 2 all box/relax iso 0.0 vmax 0.0001
min_style cg
minimize 1.0e-10 1.0e-11 1000 5000
WARNING: Energy due to 1 extra global DOFs will be included in minimizer energies
 (src/min.cpp:222)
Per MPI rank memory allocation (min/avg/max) = 19.8 | 19.8 | 19.8 Mbytes
   Step           Lx             Ly             Lz           PotEng         Press           Fmax          Volume    
        31   17.374056      17.352897      17.373668     -3843.6462      131.58562      0.0058383355   5237.9909    
        33   17.374327      17.353168      17.373939     -3843.6465     -0.50203636     0.0051306933   5238.2359    
Loop time of 56.1142 on 8 procs for 2 steps with 500 atoms

778.9% CPU use with 1 MPI tasks x 8 OpenMP threads

Minimization stats:
  Stopping criterion = energy tolerance
  Energy initial, next-to-last, final = 
     -3843.64624023438    -3843.646484375    -3843.646484375
  Force two-norm initial, final = 1.2907528 0.016427736
  Force max component initial, final = 1.2905775 0.0051306933
  Final line search alpha, max atom move = 0.0009765625 5.0104427e-06
  Iterations, force evaluations = 2 24

MPI task timing breakdown:
Section |  min time  |  avg time  |  max time  |%varavg| %total
---------------------------------------------------------------
Pair    | 56.112     | 56.112     | 56.112     |   0.0 |100.00
Neigh   | 0          | 0          | 0          |   0.0 |  0.00
Comm    | 0.00050481 | 0.00050481 | 0.00050481 |   0.0 |  0.00
Output  | 0          | 0          | 0          |   0.0 |  0.00
Modify  | 0          | 0          | 0          |   0.0 |  0.00
Other   |            | 0.001697   |            |       |  0.00

Nlocal:            500 ave         500 max         500 min
Histogram: 1 0 0 0 0 0 0 0 0 0
Nghost:           5584 ave        5584 max        5584 min
Histogram: 1 0 0 0 0 0 0 0 0 0
Neighs:              0 ave           0 max           0 min
Histogram: 1 0 0 0 0 0 0 0 0 0
FullNghs:       272826 ave      272826 max      272826 min
Histogram: 1 0 0 0 0 0 0 0 0 0

Total # of neighbors = 272826
Ave neighs/atom = 545.652
Neighbor list builds = 0
Dangerous builds = 0
unfix 2

variable lat_const equal "lx/5"
variable eatom equal "pe/count(all)"
variable teng equal "pe"
variable natoms equal "count(all)"

print "Lattice parameter (lx/5) = ${lat_const} A"
Lattice parameter (lx/5) = 3.4748654456692 A
print "Total Potential Energy (PE) = ${teng} eV"
Total Potential Energy (PE) = -3843.646484375 eV
print "Number of atoms = ${natoms}"
Number of atoms = 500
print "Cohesive energy (PE/N) = ${eatom} eV"
Cohesive energy (PE/N) = -7.68729296875 eV
print "Minimization completed."
Minimization completed.

write_data C1_1_minimized.data
System init for write_data ...
Total wall time: 0:03:21
