read_data C6_1.data
Reading data file ...
  triclinic box = (0 0 0) to (17.35 17.35 17.35) with tilt (1.0623811e-15 1.0623811e-15 1.0623811e-15)
  1 by 1 by 1 MPI processor grid
  reading atoms ...
  500 atoms
  read_data CPU = 0.005 seconds

mass 1 58.6934  # Ni
mass 2 55.845   # Fe
mass 3 51.9961  # Cr

pair_style metatomic pet-mad-latest.pt device cpu

This is the PET-MAD v1.0.2 model
================================

A universal interatomic potential for advanced materials modeling

Model authors
-------------

- Arslan Mazitov (arslan.mazitov@epfl.ch)
- Filippo Bigi
- Matthias Kellner
- Paolo Pegolo
- Davide Tisi
- Guillaume Fraux
- Sergey Pozdnyakov
- Philip Loche
- Michele Ceriotti (michele.ceriotti@epfl.ch)

Model references
----------------

Please cite the following references when using this model:
- about this specific model:
  * http://arxiv.org/abs/2503.14118
- about the architecture of this model:
  * LLPR (uncertainty method):
    https://iopscience.iop.org/article/10.1088/2632-2153/ad805f
  * LPR (if using per-atom uncertainty):
    https://pubs.acs.org/doi/10.1021/acs.jctc.3c00704
  * https://arxiv.org/abs/2305.19302v3

WARNING: the model declared support for unknown device 'cuda', it will be ignored (src/ML-METATOMIC/pair_metatomic.cpp:216)
Running simulation on cpu device with float32 data
pair_coeff * * 28 26 24

neighbor 2.0 bin
neigh_modify delay 0 check yes
timestep 0.001

thermo 10
thermo_style custom step lx ly lz pe press fmax vol

# --- ЭТАПЫ МИНИМИЗАЦИИ ---
min_style cg
minimize 1.0e-8 1.0e-9 1000 5000

CITE-CITE-CITE-CITE-CITE-CITE-CITE-CITE-CITE-CITE-CITE-CITE-CITE

Your simulation uses code contributions which should be cited:

- LLPR (uncertainty method): https://iopscience.iop.org/article/10.1088/2632-2153/ad805f
- LPR (if using per-atom uncertainty): https://pubs.acs.org/doi/10.1021/acs.jctc.3c00704
- https://arxiv.org/abs/2305.19302v3
- http://arxiv.org/abs/2503.14118
CITE-CITE-CITE-CITE-CITE-CITE-CITE-CITE-CITE-CITE-CITE-CITE-CITE

Neighbor list info ...
  update: every = 1 steps, delay = 0 steps, check = yes
  max neighbors/atom: 2000, page size: 100000
  master list distance cutoff = 11
  ghost atom cutoff = 11
  binsize = 5.5, bins = 4 4 4
  1 neighbor lists, perpetual/occasional/extra = 1 0 0
  (1) pair metatomic, perpetual
      attributes: full, newton on, ghost
      pair build: full/bin/ghost
      stencil: full/ghost/bin/3d
      bin: standard
Per MPI rank memory allocation (min/avg/max) = 19.8 | 19.8 | 19.8 Mbytes
   Step           Lx             Ly             Lz           PotEng         Press           Fmax          Volume    
         0   17.35          17.35          17.35         -3766.9834      6799.5075      1.1187918      5222.7404    
        10   17.35          17.35          17.35         -3772.2651      9361.644       0.029173248    5222.7404    
        14   17.35          17.35          17.35         -3772.2676      9357.2153      0.0044841021   5222.7404    
Loop time of 63.836 on 8 procs for 14 steps with 500 atoms

767.2% CPU use with 1 MPI tasks x 8 OpenMP threads

Minimization stats:
  Stopping criterion = energy tolerance
  Energy initial, next-to-last, final = 
      -3766.9833984375    -3772.267578125    -3772.267578125
  Force two-norm initial, final = 10.032999 0.027011535
  Force max component initial, final = 1.1187918 0.0044841021
  Final line search alpha, max atom move = 1 0.0044841021
  Iterations, force evaluations = 14 28

MPI task timing breakdown:
Section |  min time  |  avg time  |  max time  |%varavg| %total
---------------------------------------------------------------
Pair    | 63.833     | 63.833     | 63.833     |   0.0 |100.00
Neigh   | 0          | 0          | 0          |   0.0 |  0.00
Comm    | 0.00075839 | 0.00075839 | 0.00075839 |   0.0 |  0.00
Output  | 3.2421e-05 | 3.2421e-05 | 3.2421e-05 |   0.0 |  0.00
Modify  | 0          | 0          | 0          |   0.0 |  0.00
Other   |            | 0.001705   |            |       |  0.00

Nlocal:            500 ave         500 max         500 min
Histogram: 1 0 0 0 0 0 0 0 0 0
Nghost:           5584 ave        5584 max        5584 min
Histogram: 1 0 0 0 0 0 0 0 0 0
Neighs:              0 ave           0 max           0 min
Histogram: 1 0 0 0 0 0 0 0 0 0
FullNghs:       277000 ave      277000 max      277000 min
Histogram: 1 0 0 0 0 0 0 0 0 0

Total # of neighbors = 277000
Ave neighs/atom = 554
Neighbor list builds = 0
Dangerous builds = 0

# Релаксация ячейки aniso
fix 1 all box/relax aniso 0.0 vmax 0.0001
min_style cg
minimize 1.0e-10 1.0e-11 1000 5000
WARNING: Energy due to 3 extra global DOFs will be included in minimizer energies
 (src/min.cpp:222)
Per MPI rank memory allocation (min/avg/max) = 19.8 | 19.8 | 19.8 Mbytes
   Step           Lx             Ly             Lz           PotEng         Press           Fmax          Volume    
        14   17.35          17.35          17.35         -3772.2681      9357.2274      0.0044837147   5222.7404    
        20   17.35481       17.355608      17.36041      -3772.3018      5991.6978      0.0059907809   5229.0125    
        30   17.358771      17.361503      17.37776      -3772.3289      1624.4164      0.014489852    5237.211     
        40   17.353423      17.359509      17.39511      -3772.3389      27.570436      0.01958508     5240.2232    
        48   17.345667      17.354947      17.407633     -3772.3413     -0.57158622     0.021794431    5240.2741    
Loop time of 90.4954 on 8 procs for 34 steps with 500 atoms

777.6% CPU use with 1 MPI tasks x 8 OpenMP threads

Minimization stats:
  Stopping criterion = energy tolerance
  Energy initial, next-to-last, final = 
     -3772.26806640625  -3772.34130859375  -3772.34130859375
  Force two-norm initial, final = 55.324275 0.2364733
  Force max component initial, final = 43.792305 0.084755753
  Final line search alpha, max atom move = 7.1456532e-05 6.0563522e-06
  Iterations, force evaluations = 34 40

MPI task timing breakdown:
Section |  min time  |  avg time  |  max time  |%varavg| %total
---------------------------------------------------------------
Pair    | 90.491     | 90.491     | 90.491     |   0.0 |100.00
Neigh   | 0          | 0          | 0          |   0.0 |  0.00
Comm    | 0.00075713 | 0.00075713 | 0.00075713 |   0.0 |  0.00
Output  | 0.00014166 | 0.00014166 | 0.00014166 |   0.0 |  0.00
Modify  | 0          | 0          | 0          |   0.0 |  0.00
Other   |            | 0.003086   |            |       |  0.00

Nlocal:            500 ave         500 max         500 min
Histogram: 1 0 0 0 0 0 0 0 0 0
Nghost:           5584 ave        5584 max        5584 min
Histogram: 1 0 0 0 0 0 0 0 0 0
Neighs:              0 ave           0 max           0 min
Histogram: 1 0 0 0 0 0 0 0 0 0
FullNghs:       273828 ave      273828 max      273828 min
Histogram: 1 0 0 0 0 0 0 0 0 0

Total # of neighbors = 273828
Ave neighs/atom = 547.656
Neighbor list builds = 0
Dangerous builds = 0
unfix 1

# Промежуточная минимизация атомов
min_style cg
minimize 1.0e-10 1.0e-11 1000 5000
Per MPI rank memory allocation (min/avg/max) = 19.8 | 19.8 | 19.8 Mbytes
   Step           Lx             Ly             Lz           PotEng         Press           Fmax          Volume    
        48   17.345667      17.354947      17.407633     -3772.3413     -0.57163178     0.021794423    5240.2741    
        50   17.345667      17.354947      17.407633     -3772.3435      107.01007      0.0056415703   5240.2741    
        51   17.345667      17.354947      17.407633     -3772.3435      113.95399      0.0036899894   5240.2741    
Loop time of 15.8505 on 8 procs for 3 steps with 500 atoms

778.6% CPU use with 1 MPI tasks x 8 OpenMP threads

Minimization stats:
  Stopping criterion = energy tolerance
  Energy initial, next-to-last, final = 
     -3772.34130859375  -3772.34350585938  -3772.34350585938
  Force two-norm initial, final = 0.21312925 0.028562036
  Force max component initial, final = 0.021794423 0.0036899894
  Final line search alpha, max atom move = 1 0.0036899894
  Iterations, force evaluations = 3 6

MPI task timing breakdown:
Section |  min time  |  avg time  |  max time  |%varavg| %total
---------------------------------------------------------------
Pair    | 15.85      | 15.85      | 15.85      |   0.0 |100.00
Neigh   | 0          | 0          | 0          |   0.0 |  0.00
Comm    | 0.00014935 | 0.00014935 | 0.00014935 |   0.0 |  0.00
Output  | 7.8793e-05 | 7.8793e-05 | 7.8793e-05 |   0.0 |  0.00
Modify  | 0          | 0          | 0          |   0.0 |  0.00
Other   |            | 0.0001858  |            |       |  0.00

Nlocal:            500 ave         500 max         500 min
Histogram: 1 0 0 0 0 0 0 0 0 0
Nghost:           5584 ave        5584 max        5584 min
Histogram: 1 0 0 0 0 0 0 0 0 0
Neighs:              0 ave           0 max           0 min
Histogram: 1 0 0 0 0 0 0 0 0 0
FullNghs:       272426 ave      272426 max      272426 min
Histogram: 1 0 0 0 0 0 0 0 0 0

Total # of neighbors = 272426
Ave neighs/atom = 544.852
Neighbor list builds = 0
Dangerous builds = 0

# Релаксация ячейки iso
fix 2 all box/relax iso 0.0 vmax 0.0001
min_style cg
minimize 1.0e-10 1.0e-11 1000 5000
WARNING: Energy due to 1 extra global DOFs will be included in minimizer energies
 (src/min.cpp:222)
Per MPI rank memory allocation (min/avg/max) = 19.8 | 19.8 | 19.8 Mbytes
   Step           Lx             Ly             Lz           PotEng         Press           Fmax          Volume    
        51   17.345667      17.354947      17.407633     -3772.3433      113.94996      0.0036899261   5240.2741    
        53   17.346145      17.355425      17.408113     -3772.3435     -115.22569      0.0034690034   5240.7076    
Loop time of 50.9982 on 8 procs for 2 steps with 500 atoms

777.3% CPU use with 1 MPI tasks x 8 OpenMP threads

Minimization stats:
  Stopping criterion = energy tolerance
  Energy initial, next-to-last, final = 
     -3772.34326171875  -3772.34350585938  -3772.34350585938
  Force two-norm initial, final = 1.1184607 1.1308538
  Force max component initial, final = 1.118096 1.130676
  Final line search alpha, max atom move = 0.00044860635 0.00050722841
  Iterations, force evaluations = 2 22

MPI task timing breakdown:
Section |  min time  |  avg time  |  max time  |%varavg| %total
---------------------------------------------------------------
Pair    | 50.996     | 50.996     | 50.996     |   0.0 |100.00
Neigh   | 0          | 0          | 0          |   0.0 |  0.00
Comm    | 0.00044659 | 0.00044659 | 0.00044659 |   0.0 |  0.00
Output  | 0          | 0          | 0          |   0.0 |  0.00
Modify  | 0          | 0          | 0          |   0.0 |  0.00
Other   |            | 0.001591   |            |       |  0.00

Nlocal:            500 ave         500 max         500 min
Histogram: 1 0 0 0 0 0 0 0 0 0
Nghost:           5584 ave        5584 max        5584 min
Histogram: 1 0 0 0 0 0 0 0 0 0
Neighs:              0 ave           0 max           0 min
Histogram: 1 0 0 0 0 0 0 0 0 0
FullNghs:       272420 ave      272420 max      272420 min
Histogram: 1 0 0 0 0 0 0 0 0 0

Total # of neighbors = 272420
Ave neighs/atom = 544.84
Neighbor list builds = 0
Dangerous builds = 0
unfix 2

variable lat_const equal "lx/5"
variable eatom equal "pe/count(all)"
variable teng equal "pe"
variable natoms equal "count(all)"

print "Lattice parameter (lx/5) = ${lat_const} A"
Lattice parameter (lx/5) = 3.46922902735691 A
print "Total Potential Energy (PE) = ${teng} eV"
Total Potential Energy (PE) = -3772.34350585938 eV
print "Number of atoms = ${natoms}"
Number of atoms = 500
print "Cohesive energy (PE/N) = ${eatom} eV"
Cohesive energy (PE/N) = -7.54468701171875 eV
print "Minimization completed."
Minimization completed.

write_data C6_1_minimized.data
System init for write_data ...
Total wall time: 0:03:50
