read_data C6_6.data
Reading data file ...
  triclinic box = (0 0 0) to (17.35 17.35 17.35) with tilt (1.0623811e-15 1.0623811e-15 1.0623811e-15)
  1 by 1 by 1 MPI processor grid
  reading atoms ...
  500 atoms
  read_data CPU = 0.005 seconds

mass 1 58.6934  # Ni
mass 2 55.845   # Fe
mass 3 51.9961  # Cr

pair_style metatomic pet-mad-latest.pt device cpu

This is the PET-MAD v1.0.2 model
================================

A universal interatomic potential for advanced materials modeling

Model authors
-------------

- Arslan Mazitov (arslan.mazitov@epfl.ch)
- Filippo Bigi
- Matthias Kellner
- Paolo Pegolo
- Davide Tisi
- Guillaume Fraux
- Sergey Pozdnyakov
- Philip Loche
- Michele Ceriotti (michele.ceriotti@epfl.ch)

Model references
----------------

Please cite the following references when using this model:
- about this specific model:
  * http://arxiv.org/abs/2503.14118
- about the architecture of this model:
  * LLPR (uncertainty method):
    https://iopscience.iop.org/article/10.1088/2632-2153/ad805f
  * LPR (if using per-atom uncertainty):
    https://pubs.acs.org/doi/10.1021/acs.jctc.3c00704
  * https://arxiv.org/abs/2305.19302v3

WARNING: the model declared support for unknown device 'cuda', it will be ignored (src/ML-METATOMIC/pair_metatomic.cpp:216)
Running simulation on cpu device with float32 data
pair_coeff * * 28 26 24

neighbor 2.0 bin
neigh_modify delay 0 check yes
timestep 0.001

thermo 10
thermo_style custom step lx ly lz pe press fmax vol

# --- ЭТАПЫ МИНИМИЗАЦИИ ---
min_style cg
minimize 1.0e-8 1.0e-9 1000 5000

CITE-CITE-CITE-CITE-CITE-CITE-CITE-CITE-CITE-CITE-CITE-CITE-CITE

Your simulation uses code contributions which should be cited:

- LLPR (uncertainty method): https://iopscience.iop.org/article/10.1088/2632-2153/ad805f
- LPR (if using per-atom uncertainty): https://pubs.acs.org/doi/10.1021/acs.jctc.3c00704
- https://arxiv.org/abs/2305.19302v3
- http://arxiv.org/abs/2503.14118
CITE-CITE-CITE-CITE-CITE-CITE-CITE-CITE-CITE-CITE-CITE-CITE-CITE

Neighbor list info ...
  update: every = 1 steps, delay = 0 steps, check = yes
  max neighbors/atom: 2000, page size: 100000
  master list distance cutoff = 11
  ghost atom cutoff = 11
  binsize = 5.5, bins = 4 4 4
  1 neighbor lists, perpetual/occasional/extra = 1 0 0
  (1) pair metatomic, perpetual
      attributes: full, newton on, ghost
      pair build: full/bin/ghost
      stencil: full/ghost/bin/3d
      bin: standard
Per MPI rank memory allocation (min/avg/max) = 19.8 | 19.8 | 19.8 Mbytes
   Step           Lx             Ly             Lz           PotEng         Press           Fmax          Volume    
         0   17.35          17.35          17.35         -3769.7019      5391.2077      1.0378871      5222.7404    
        10   17.35          17.35          17.35         -3774.9153      8006.6058      0.024801835    5222.7404    
        13   17.35          17.35          17.35         -3774.9165      7999.0164      0.005412668    5222.7404    
Loop time of 60.3156 on 8 procs for 13 steps with 500 atoms

767.6% CPU use with 1 MPI tasks x 8 OpenMP threads

Minimization stats:
  Stopping criterion = energy tolerance
  Energy initial, next-to-last, final = 
     -3769.70190429688  -3774.91650390625  -3774.91650390625
  Force two-norm initial, final = 10.272052 0.0312169
  Force max component initial, final = 1.0378871 0.005412668
  Final line search alpha, max atom move = 1 0.005412668
  Iterations, force evaluations = 13 26

MPI task timing breakdown:
Section |  min time  |  avg time  |  max time  |%varavg| %total
---------------------------------------------------------------
Pair    | 60.314     | 60.314     | 60.314     |   0.0 |100.00
Neigh   | 0          | 0          | 0          |   0.0 |  0.00
Comm    | 0.00064201 | 0.00064201 | 0.00064201 |   0.0 |  0.00
Output  | 2.9742e-05 | 2.9742e-05 | 2.9742e-05 |   0.0 |  0.00
Modify  | 0          | 0          | 0          |   0.0 |  0.00
Other   |            | 0.0005624  |            |       |  0.00

Nlocal:            500 ave         500 max         500 min
Histogram: 1 0 0 0 0 0 0 0 0 0
Nghost:           5584 ave        5584 max        5584 min
Histogram: 1 0 0 0 0 0 0 0 0 0
Neighs:              0 ave           0 max           0 min
Histogram: 1 0 0 0 0 0 0 0 0 0
FullNghs:       277000 ave      277000 max      277000 min
Histogram: 1 0 0 0 0 0 0 0 0 0

Total # of neighbors = 277000
Ave neighs/atom = 554
Neighbor list builds = 0
Dangerous builds = 0

# Релаксация ячейки aniso
fix 1 all box/relax aniso 0.0 vmax 0.0001
min_style cg
minimize 1.0e-10 1.0e-11 1000 5000
WARNING: Energy due to 3 extra global DOFs will be included in minimizer energies
 (src/min.cpp:222)
Per MPI rank memory allocation (min/avg/max) = 19.8 | 19.8 | 19.8 Mbytes
   Step           Lx             Ly             Lz           PotEng         Press           Fmax          Volume    
        13   17.35          17.35          17.35         -3774.9167      7999.0186      0.0054134876   5222.7404    
        20   17.355758      17.362145      17.357221     -3774.9478      3944.1317      0.0068496987   5230.3068    
        30   17.35673       17.379495      17.361929     -3774.9626      250.30271      0.011905864    5237.247     
        38   17.34914       17.39164       17.358925     -3774.9656      0.77814704     0.015676104    5237.7086    
Loop time of 93.0525 on 8 procs for 25 steps with 500 atoms

783.4% CPU use with 1 MPI tasks x 8 OpenMP threads

Minimization stats:
  Stopping criterion = linesearch alpha is zero
  Energy initial, next-to-last, final = 
     -3774.91674804688  -3774.96557617188  -3774.96557617188
  Force two-norm initial, final = 46.697261 0.84326222
  Force max component initial, final = 35.531216 0.65969296
  Final line search alpha, max atom move = 9.2520401e-09 6.1035057e-09
  Iterations, force evaluations = 25 40

MPI task timing breakdown:
Section |  min time  |  avg time  |  max time  |%varavg| %total
---------------------------------------------------------------
Pair    | 93.049     | 93.049     | 93.049     |   0.0 |100.00
Neigh   | 0          | 0          | 0          |   0.0 |  0.00
Comm    | 0.00081579 | 0.00081579 | 0.00081579 |   0.0 |  0.00
Output  | 6.9582e-05 | 6.9582e-05 | 6.9582e-05 |   0.0 |  0.00
Modify  | 0          | 0          | 0          |   0.0 |  0.00
Other   |            | 0.002966   |            |       |  0.00

Nlocal:            500 ave         500 max         500 min
Histogram: 1 0 0 0 0 0 0 0 0 0
Nghost:           5584 ave        5584 max        5584 min
Histogram: 1 0 0 0 0 0 0 0 0 0
Neighs:              0 ave           0 max           0 min
Histogram: 1 0 0 0 0 0 0 0 0 0
FullNghs:       273914 ave      273914 max      273914 min
Histogram: 1 0 0 0 0 0 0 0 0 0

Total # of neighbors = 273914
Ave neighs/atom = 547.828
Neighbor list builds = 0
Dangerous builds = 0
unfix 1

# Промежуточная минимизация атомов
min_style cg
minimize 1.0e-10 1.0e-11 1000 5000
Per MPI rank memory allocation (min/avg/max) = 19.8 | 19.8 | 19.8 Mbytes
   Step           Lx             Ly             Lz           PotEng         Press           Fmax          Volume    
        38   17.34914       17.39164       17.358925     -3774.9656      0.7793747      0.015676115    5237.7086    
        40   17.34914       17.39164       17.358925     -3774.9668      103.46736      0.0053130388   5237.7086    
        41   17.34914       17.39164       17.358925     -3774.9668      109.53855      0.0034167171   5237.7086    
Loop time of 16.1707 on 8 procs for 3 steps with 500 atoms

782.2% CPU use with 1 MPI tasks x 8 OpenMP threads

Minimization stats:
  Stopping criterion = energy tolerance
  Energy initial, next-to-last, final = 
     -3774.96557617188    -3774.966796875    -3774.966796875
  Force two-norm initial, final = 0.15575607 0.022779091
  Force max component initial, final = 0.015676115 0.0034167171
  Final line search alpha, max atom move = 1 0.0034167171
  Iterations, force evaluations = 3 6

MPI task timing breakdown:
Section |  min time  |  avg time  |  max time  |%varavg| %total
---------------------------------------------------------------
Pair    | 16.17      | 16.17      | 16.17      |   0.0 |100.00
Neigh   | 0          | 0          | 0          |   0.0 |  0.00
Comm    | 0.0001766  | 0.0001766  | 0.0001766  |   0.0 |  0.00
Output  | 3.0065e-05 | 3.0065e-05 | 3.0065e-05 |   0.0 |  0.00
Modify  | 0          | 0          | 0          |   0.0 |  0.00
Other   |            | 0.0001399  |            |       |  0.00

Nlocal:            500 ave         500 max         500 min
Histogram: 1 0 0 0 0 0 0 0 0 0
Nghost:           5584 ave        5584 max        5584 min
Histogram: 1 0 0 0 0 0 0 0 0 0
Neighs:              0 ave           0 max           0 min
Histogram: 1 0 0 0 0 0 0 0 0 0
FullNghs:       272840 ave      272840 max      272840 min
Histogram: 1 0 0 0 0 0 0 0 0 0

Total # of neighbors = 272840
Ave neighs/atom = 545.68
Neighbor list builds = 0
Dangerous builds = 0

# Релаксация ячейки iso
fix 2 all box/relax iso 0.0 vmax 0.0001
min_style cg
minimize 1.0e-10 1.0e-11 1000 5000
WARNING: Energy due to 1 extra global DOFs will be included in minimizer energies
 (src/min.cpp:222)
Per MPI rank memory allocation (min/avg/max) = 19.8 | 19.8 | 19.8 Mbytes
   Step           Lx             Ly             Lz           PotEng         Press           Fmax          Volume    
        41   17.34914       17.39164       17.358925     -3774.9668      109.53832      0.0034172237   5237.7086    
        42   17.349372      17.391873      17.359157     -3774.9668     -1.8410745      0.0034218729   5237.9187    
Loop time of 38.7073 on 8 procs for 1 steps with 500 atoms

785.8% CPU use with 1 MPI tasks x 8 OpenMP threads

Minimization stats:
  Stopping criterion = energy tolerance
  Energy initial, next-to-last, final = 
       -3774.966796875    -3774.966796875    -3774.966796875
  Force two-norm initial, final = 1.0745235 0.029039875
  Force max component initial, final = 1.074282 0.018056568
  Final line search alpha, max atom move = 7.2722991e-07 1.3131277e-08
  Iterations, force evaluations = 1 16

MPI task timing breakdown:
Section |  min time  |  avg time  |  max time  |%varavg| %total
---------------------------------------------------------------
Pair    | 38.706     | 38.706     | 38.706     |   0.0 |100.00
Neigh   | 0          | 0          | 0          |   0.0 |  0.00
Comm    | 0.0003374  | 0.0003374  | 0.0003374  |   0.0 |  0.00
Output  | 0          | 0          | 0          |   0.0 |  0.00
Modify  | 0          | 0          | 0          |   0.0 |  0.00
Other   |            | 0.001087   |            |       |  0.00

Nlocal:            500 ave         500 max         500 min
Histogram: 1 0 0 0 0 0 0 0 0 0
Nghost:           5584 ave        5584 max        5584 min
Histogram: 1 0 0 0 0 0 0 0 0 0
Neighs:              0 ave           0 max           0 min
Histogram: 1 0 0 0 0 0 0 0 0 0
FullNghs:       272840 ave      272840 max      272840 min
Histogram: 1 0 0 0 0 0 0 0 0 0

Total # of neighbors = 272840
Ave neighs/atom = 545.68
Neighbor list builds = 0
Dangerous builds = 0
unfix 2

variable lat_const equal "lx/5"
variable eatom equal "pe/count(all)"
variable teng equal "pe"
variable natoms equal "count(all)"

print "Lattice parameter (lx/5) = ${lat_const} A"
Lattice parameter (lx/5) = 3.46987446794571 A
print "Total Potential Energy (PE) = ${teng} eV"
Total Potential Energy (PE) = -3774.966796875 eV
print "Number of atoms = ${natoms}"
Number of atoms = 500
print "Cohesive energy (PE/N) = ${eatom} eV"
Cohesive energy (PE/N) = -7.54993359375 eV
print "Minimization completed."
Minimization completed.

write_data C6_6_minimized.data
System init for write_data ...
Total wall time: 0:03:38
