read_data B2_1.data
Reading data file ...
  triclinic box = (0 0 0) to (17.6 17.6 17.6) with tilt (1.0776892e-15 1.0776892e-15 1.0776892e-15)
  1 by 2 by 2 MPI processor grid
  reading atoms ...
  500 atoms
  read_data CPU = 0.009 seconds

mass 1 58.6934  # Ni
mass 2 55.845   # Fe
mass 3 51.9961  # Cr

pair_style eam/alloy
pair_coeff * * FeNiCr_bonny.eam.alloy Ni Fe Cr

neighbor 2.0 bin
neigh_modify delay 0 check yes
timestep 0.001

thermo 10
thermo_style custom step lx ly lz pe press fmax vol

# --- ЭТАПЫ МИНИМИЗАЦИИ ---
min_style cg
minimize 1.0e-8 1.0e-9 1000 5000

CITE-CITE-CITE-CITE-CITE-CITE-CITE-CITE-CITE-CITE-CITE-CITE-CITE

Your simulation uses code contributions which should be cited:

- Type Label Framework: https://doi.org/10.1021/acs.jpcb.3c08419

@Article{Gissinger24,
 author = {Jacob R. Gissinger, Ilia Nikiforov, Yaser Afshar, Brendon Waters, Moon-ki Choi, Daniel S. Karls, Alexander Stukowski, Wonpil Im, Hendrik Heinz, Axel Kohlmeyer, and Ellad B. Tadmor},
 title = {Type Label Framework for Bonded Force Fields in LAMMPS},
 journal = {J. Phys. Chem. B},
 year =    2024,
 volume =  128,
 number =  13,
 pages =   {3282–-3297}
}

CITE-CITE-CITE-CITE-CITE-CITE-CITE-CITE-CITE-CITE-CITE-CITE-CITE

Neighbor list info ...
  update: every = 1 steps, delay = 0 steps, check = yes
  max neighbors/atom: 2000, page size: 100000
  master list distance cutoff = 7.6
  ghost atom cutoff = 7.6
  binsize = 3.8, bins = 5 5 5
  1 neighbor lists, perpetual/occasional/extra = 1 0 0
  (1) pair eam/alloy, perpetual
      attributes: half, newton on
      pair build: half/bin/atomonly/newton/tri
      stencil: half/bin/3d/tri
      bin: standard
Per MPI rank memory allocation (min/avg/max) = 4.524 | 4.524 | 4.524 Mbytes
   Step           Lx             Ly             Lz           PotEng         Press           Fmax          Volume    
         0   17.6           17.6           17.6          -2094.9834      4633.4544      0.68861429     5451.776     
        10   17.6           17.6           17.6          -2097.8874      3971.8612      0.0089853466   5451.776     
        16   17.6           17.6           17.6          -2097.8886      3966.4429      0.0013110602   5451.776     
Loop time of 0.0349524 on 4 procs for 16 steps with 500 atoms

78.0% CPU use with 4 MPI tasks x 1 OpenMP threads

Minimization stats:
  Stopping criterion = energy tolerance
  Energy initial, next-to-last, final = 
     -2094.98341023622  -2097.88860576612  -2097.88862437563
  Force two-norm initial, final = 8.9306354 0.013731613
  Force max component initial, final = 0.68861429 0.0013110602
  Final line search alpha, max atom move = 1 0.0013110602
  Iterations, force evaluations = 16 32

MPI task timing breakdown:
Section |  min time  |  avg time  |  max time  |%varavg| %total
---------------------------------------------------------------
Pair    | 0.02145    | 0.022096   | 0.02275    |   0.4 | 63.22
Neigh   | 0          | 0          | 0          |   0.0 |  0.00
Comm    | 0.0024623  | 0.0038089  | 0.0051497  |   2.1 | 10.90
Output  | 2.1967e-05 | 3.3928e-05 | 6.9469e-05 |   0.0 |  0.10
Modify  | 0          | 0          | 0          |   0.0 |  0.00
Other   |            | 0.009014   |            |       | 25.79

Nlocal:            125 ave         145 max         105 min
Histogram: 1 0 0 0 0 2 0 0 0 1
Nghost:           1737 ave        1757 max        1717 min
Histogram: 1 0 0 0 0 2 0 0 0 1
Neighs:          11000 ave       12811 max        9198 min
Histogram: 1 0 0 0 1 1 0 0 0 1

Total # of neighbors = 44000
Ave neighs/atom = 88
Neighbor list builds = 0
Dangerous builds = 0

# Релаксация ячейки aniso
fix 1 all box/relax aniso 0.0 vmax 0.0001
min_style cg
minimize 1.0e-10 1.0e-11 1000 5000
WARNING: Energy due to 3 extra global DOFs will be included in minimizer energies
 (src/min.cpp:219)
Per MPI rank memory allocation (min/avg/max) = 4.524 | 4.524 | 4.524 Mbytes
   Step           Lx             Ly             Lz           PotEng         Press           Fmax          Volume    
        16   17.6           17.6           17.6          -2097.8886      3966.4429      0.0013110602   5451.776     
        20   17.604642      17.60704       17.605676     -2097.8991      2069.604       0.0038688042   5457.1547    
        30   17.600666      17.624612      17.610971     -2097.9043      25.02687       0.0097320337   5463.01      
        40   17.598789      17.628027      17.610696     -2097.9049     -0.76232311     0.0022290264   5463.4       
        45   17.598792      17.62778       17.61104      -2097.9049     -8.5614032      0.0012169048   5463.4315    
Loop time of 0.0697614 on 4 procs for 29 steps with 500 atoms

68.7% CPU use with 4 MPI tasks x 1 OpenMP threads

Minimization stats:
  Stopping criterion = energy tolerance
  Energy initial, next-to-last, final = 
     -2097.88862437563  -2097.90489893378  -2097.90489901112
  Force two-norm initial, final = 23.60562 0.052564033
  Force max component initial, final = 15.913106 0.031083796
  Final line search alpha, max atom move = 0.037813032 0.0011753726
  Iterations, force evaluations = 29 44

MPI task timing breakdown:
Section |  min time  |  avg time  |  max time  |%varavg| %total
---------------------------------------------------------------
Pair    | 0.041572   | 0.041759   | 0.041909   |   0.1 | 59.86
Neigh   | 0          | 0          | 0          |   0.0 |  0.00
Comm    | 0.0059527  | 0.0097888  | 0.018552   |   5.2 | 14.03
Output  | 8.765e-05  | 0.00013187 | 0.00026142 |   0.0 |  0.19
Modify  | 0          | 0          | 0          |   0.0 |  0.00
Other   |            | 0.01808    |            |       | 25.92

Nlocal:            125 ave         151 max         111 min
Histogram: 1 1 1 0 0 0 0 0 0 1
Nghost:           1737 ave        1751 max        1711 min
Histogram: 1 0 0 0 0 0 0 1 1 1
Neighs:          11000 ave       13228 max        9824 min
Histogram: 1 1 1 0 0 0 0 0 0 1

Total # of neighbors = 44000
Ave neighs/atom = 88
Neighbor list builds = 0
Dangerous builds = 0
unfix 1

# Промежуточная минимизация атомов
min_style cg
minimize 1.0e-10 1.0e-11 1000 5000
Per MPI rank memory allocation (min/avg/max) = 4.524 | 4.524 | 4.524 Mbytes
   Step           Lx             Ly             Lz           PotEng         Press           Fmax          Volume    
        45   17.598792      17.62778       17.61104      -2097.9049     -8.5614032      0.0012169048   5463.4315    
        50   17.598792      17.62778       17.61104      -2097.9049     -6.4708122      0.00033030789  5463.4315    
        54   17.598792      17.62778       17.61104      -2097.9049     -6.3656913      0.00014005372  5463.4315    
Loop time of 0.0152 on 4 procs for 9 steps with 500 atoms

77.8% CPU use with 4 MPI tasks x 1 OpenMP threads

Minimization stats:
  Stopping criterion = energy tolerance
  Energy initial, next-to-last, final = 
     -2097.90489901112   -2097.9049250707  -2097.90492526659
  Force two-norm initial, final = 0.014132333 0.0013445695
  Force max component initial, final = 0.0012169048 0.00014005372
  Final line search alpha, max atom move = 1 0.00014005372
  Iterations, force evaluations = 9 18

MPI task timing breakdown:
Section |  min time  |  avg time  |  max time  |%varavg| %total
---------------------------------------------------------------
Pair    | 0.012162   | 0.01227    | 0.012381   |   0.1 | 80.72
Neigh   | 0          | 0          | 0          |   0.0 |  0.00
Comm    | 0.0012851  | 0.0017317  | 0.0021889  |   1.1 | 11.39
Output  | 2.1971e-05 | 3.2976e-05 | 6.5226e-05 |   0.0 |  0.22
Modify  | 0          | 0          | 0          |   0.0 |  0.00
Other   |            | 0.001165   |            |       |  7.67

Nlocal:            125 ave         153 max         108 min
Histogram: 1 0 1 1 0 0 0 0 0 1
Nghost:           1737 ave        1754 max        1709 min
Histogram: 1 0 0 0 0 0 1 0 1 1
Neighs:          11000 ave       13407 max        9556 min
Histogram: 1 1 0 1 0 0 0 0 0 1

Total # of neighbors = 44000
Ave neighs/atom = 88
Neighbor list builds = 0
Dangerous builds = 0

# Релаксация ячейки iso
fix 2 all box/relax iso 0.0 vmax 0.0001
min_style cg
minimize 1.0e-10 1.0e-11 1000 5000
WARNING: Energy due to 1 extra global DOFs will be included in minimizer energies
 (src/min.cpp:219)
Per MPI rank memory allocation (min/avg/max) = 4.524 | 4.524 | 4.524 Mbytes
   Step           Lx             Ly             Lz           PotEng         Press           Fmax          Volume    
        54   17.598792      17.62778       17.61104      -2097.9049     -6.3656913      0.00014005372  5463.4315    
        55   17.598773      17.62776       17.611021     -2097.9049     -0.0028120159   0.00013474144  5463.4133    
Loop time of 0.00586361 on 4 procs for 1 steps with 500 atoms

62.8% CPU use with 4 MPI tasks x 1 OpenMP threads

Minimization stats:
  Stopping criterion = energy tolerance
  Energy initial, next-to-last, final = 
     -2097.90492526659  -2097.90492526659  -2097.90492530291
  Force two-norm initial, final = 0.065135017 0.0013584326
  Force max component initial, final = 0.065121137 0.00013474144
  Final line search alpha, max atom move = 0.0015355997 2.0690891e-07
  Iterations, force evaluations = 1 2

MPI task timing breakdown:
Section |  min time  |  avg time  |  max time  |%varavg| %total
---------------------------------------------------------------
Pair    | 0.0043468  | 0.0043996  | 0.0044516  |   0.1 | 75.03
Neigh   | 0          | 0          | 0          |   0.0 |  0.00
Comm    | 0.00040894 | 0.00074342 | 0.001078   |   0.0 | 12.68
Output  | 0          | 0          | 0          |   0.0 |  0.00
Modify  | 0          | 0          | 0          |   0.0 |  0.00
Other   |            | 0.0007206  |            |       | 12.29

Nlocal:            125 ave         153 max         109 min
Histogram: 1 1 1 0 0 0 0 0 0 1
Nghost:           1737 ave        1753 max        1709 min
Histogram: 1 0 0 0 0 0 0 1 1 1
Neighs:          11000 ave       13415 max        9644 min
Histogram: 1 1 1 0 0 0 0 0 0 1

Total # of neighbors = 44000
Ave neighs/atom = 88
Neighbor list builds = 0
Dangerous builds = 0
unfix 2

variable lat_const equal "lx/5"
variable eatom equal "pe/count(all)"
variable teng equal "pe"
variable natoms equal "count(all)"

print "Lattice parameter (lx/5) = ${lat_const} A"
Lattice parameter (lx/5) = 3.51975455198935 A
print "Total Potential Energy (PE) = ${teng} eV"
Total Potential Energy (PE) = -2097.90492530291 eV
print "Number of atoms = ${natoms}"
Number of atoms = 500
print "Cohesive energy (PE/N) = ${eatom} eV"
Cohesive energy (PE/N) = -4.19580985060583 eV
print "Minimization completed."
Minimization completed.

write_data B2_1_minimized.data
System init for write_data ...
Total wall time: 0:00:00
