read_data B2_11.data
Reading data file ...
  triclinic box = (0 0 0) to (17.6 17.6 17.6) with tilt (1.0776892e-15 1.0776892e-15 1.0776892e-15)
  1 by 2 by 2 MPI processor grid
  reading atoms ...
  500 atoms
  read_data CPU = 0.008 seconds

mass 1 58.6934  # Ni
mass 2 55.845   # Fe
mass 3 51.9961  # Cr

pair_style eam/alloy
pair_coeff * * FeNiCr_bonny.eam.alloy Ni Fe Cr

neighbor 2.0 bin
neigh_modify delay 0 check yes
timestep 0.001

thermo 10
thermo_style custom step lx ly lz pe press fmax vol

# --- ЭТАПЫ МИНИМИЗАЦИИ ---
min_style cg
minimize 1.0e-8 1.0e-9 1000 5000

CITE-CITE-CITE-CITE-CITE-CITE-CITE-CITE-CITE-CITE-CITE-CITE-CITE

Your simulation uses code contributions which should be cited:

- Type Label Framework: https://doi.org/10.1021/acs.jpcb.3c08419

@Article{Gissinger24,
 author = {Jacob R. Gissinger, Ilia Nikiforov, Yaser Afshar, Brendon Waters, Moon-ki Choi, Daniel S. Karls, Alexander Stukowski, Wonpil Im, Hendrik Heinz, Axel Kohlmeyer, and Ellad B. Tadmor},
 title = {Type Label Framework for Bonded Force Fields in LAMMPS},
 journal = {J. Phys. Chem. B},
 year =    2024,
 volume =  128,
 number =  13,
 pages =   {3282–-3297}
}

CITE-CITE-CITE-CITE-CITE-CITE-CITE-CITE-CITE-CITE-CITE-CITE-CITE

Neighbor list info ...
  update: every = 1 steps, delay = 0 steps, check = yes
  max neighbors/atom: 2000, page size: 100000
  master list distance cutoff = 7.6
  ghost atom cutoff = 7.6
  binsize = 3.8, bins = 5 5 5
  1 neighbor lists, perpetual/occasional/extra = 1 0 0
  (1) pair eam/alloy, perpetual
      attributes: half, newton on
      pair build: half/bin/atomonly/newton/tri
      stencil: half/bin/3d/tri
      bin: standard
Per MPI rank memory allocation (min/avg/max) = 4.524 | 4.524 | 4.524 Mbytes
   Step           Lx             Ly             Lz           PotEng         Press           Fmax          Volume    
         0   17.6           17.6           17.6          -2093.5742      4491.512       0.8235285      5451.776     
        10   17.6           17.6           17.6          -2096.655       4209.6665      0.0089814745   5451.776     
        17   17.6           17.6           17.6          -2096.6562      4210.4986      0.0011357612   5451.776     
Loop time of 0.0275751 on 4 procs for 17 steps with 500 atoms

76.5% CPU use with 4 MPI tasks x 1 OpenMP threads

Minimization stats:
  Stopping criterion = energy tolerance
  Energy initial, next-to-last, final = 
     -2093.57417934591  -2096.65614462453  -2096.65615717782
  Force two-norm initial, final = 9.2332142 0.011900614
  Force max component initial, final = 0.8235285 0.0011357612
  Final line search alpha, max atom move = 1 0.0011357612
  Iterations, force evaluations = 17 34

MPI task timing breakdown:
Section |  min time  |  avg time  |  max time  |%varavg| %total
---------------------------------------------------------------
Pair    | 0.023151   | 0.023303   | 0.023516   |   0.1 | 84.51
Neigh   | 0          | 0          | 0          |   0.0 |  0.00
Comm    | 0.0020501  | 0.0024732  | 0.0028339  |   0.6 |  8.97
Output  | 2.6064e-05 | 5.2299e-05 | 9.4056e-05 |   0.0 |  0.19
Modify  | 0          | 0          | 0          |   0.0 |  0.00
Other   |            | 0.001747   |            |       |  6.34

Nlocal:            125 ave         145 max         105 min
Histogram: 1 0 0 0 0 2 0 0 0 1
Nghost:           1737 ave        1757 max        1717 min
Histogram: 1 0 0 0 0 2 0 0 0 1
Neighs:          11000 ave       12711 max        9228 min
Histogram: 1 0 0 0 0 2 0 0 0 1

Total # of neighbors = 44000
Ave neighs/atom = 88
Neighbor list builds = 0
Dangerous builds = 0

# Релаксация ячейки aniso
fix 1 all box/relax aniso 0.0 vmax 0.0001
min_style cg
minimize 1.0e-10 1.0e-11 1000 5000
WARNING: Energy due to 3 extra global DOFs will be included in minimizer energies
 (src/min.cpp:219)
Per MPI rank memory allocation (min/avg/max) = 4.524 | 4.524 | 4.524 Mbytes
   Step           Lx             Ly             Lz           PotEng         Press           Fmax          Volume    
        17   17.6           17.6           17.6          -2096.6562      4210.4986      0.0011357612   5451.776     
        20   17.605073      17.60528       17.60406      -2096.6658      2641.8711      0.0032581767   5456.2419    
        30   17.61681       17.620013      17.602478     -2096.6729     -50.634073      0.01012839     5463.9576    
        40   17.617401      17.620935      17.601679     -2096.6734     -0.40118389     0.0019631482   5464.1784    
        44   17.61746       17.621009      17.601676     -2096.6734     -11.574224      0.0011828777   5464.2188    
Loop time of 0.0662592 on 4 procs for 27 steps with 500 atoms

80.6% CPU use with 4 MPI tasks x 1 OpenMP threads

Minimization stats:
  Stopping criterion = energy tolerance
  Energy initial, next-to-last, final = 
     -2096.65615717783  -2096.67343433759  -2096.67343447163
  Force two-norm initial, final = 24.93572 0.069609389
  Force max component initial, final = 15.583613 0.041510128
  Final line search alpha, max atom move = 0.052235228 0.002168291
  Iterations, force evaluations = 27 42

MPI task timing breakdown:
Section |  min time  |  avg time  |  max time  |%varavg| %total
---------------------------------------------------------------
Pair    | 0.03617    | 0.03674    | 0.037883   |   0.4 | 55.45
Neigh   | 0          | 0          | 0          |   0.0 |  0.00
Comm    | 0.015259   | 0.017227   | 0.018619   |   1.1 | 26.00
Output  | 6.2127e-05 | 9.4518e-05 | 0.0001878  |   0.0 |  0.14
Modify  | 0          | 0          | 0          |   0.0 |  0.00
Other   |            | 0.0122     |            |       | 18.41

Nlocal:            125 ave         128 max         118 min
Histogram: 1 0 0 0 0 0 0 0 0 3
Nghost:           1737 ave        1744 max        1734 min
Histogram: 1 2 0 0 0 0 0 0 0 1
Neighs:          11000 ave       11264 max       10328 min
Histogram: 1 0 0 0 0 0 0 0 0 3

Total # of neighbors = 44000
Ave neighs/atom = 88
Neighbor list builds = 0
Dangerous builds = 0
unfix 1

# Промежуточная минимизация атомов
min_style cg
minimize 1.0e-10 1.0e-11 1000 5000
Per MPI rank memory allocation (min/avg/max) = 4.524 | 4.524 | 4.524 Mbytes
   Step           Lx             Ly             Lz           PotEng         Press           Fmax          Volume    
        44   17.61746       17.621009      17.601676     -2096.6734     -11.574224      0.0011828777   5464.2188    
        50   17.61746       17.621009      17.601676     -2096.6735     -4.7784731      0.0002939004   5464.2188    
        53   17.61746       17.621009      17.601676     -2096.6735     -6.9110041      0.00010730825  5464.2188    
Loop time of 0.0133846 on 4 procs for 9 steps with 500 atoms

75.1% CPU use with 4 MPI tasks x 1 OpenMP threads

Minimization stats:
  Stopping criterion = energy tolerance
  Energy initial, next-to-last, final = 
     -2096.67343447163  -2096.67345716999  -2096.67345733664
  Force two-norm initial, final = 0.012927321 0.0011499168
  Force max component initial, final = 0.0011828777 0.00010730825
  Final line search alpha, max atom move = 1 0.00010730825
  Iterations, force evaluations = 9 18

MPI task timing breakdown:
Section |  min time  |  avg time  |  max time  |%varavg| %total
---------------------------------------------------------------
Pair    | 0.011165   | 0.011235   | 0.011402   |   0.1 | 83.94
Neigh   | 0          | 0          | 0          |   0.0 |  0.00
Comm    | 0.00087245 | 0.0013011  | 0.0016169  |   0.9 |  9.72
Output  | 1.8948e-05 | 3.1277e-05 | 6.7917e-05 |   0.0 |  0.23
Modify  | 0          | 0          | 0          |   0.0 |  0.00
Other   |            | 0.0008176  |            |       |  6.11

Nlocal:            125 ave         128 max         118 min
Histogram: 1 0 0 0 0 0 0 0 0 3
Nghost:           1737 ave        1744 max        1734 min
Histogram: 1 2 0 0 0 0 0 0 0 1
Neighs:          11000 ave       11264 max       10328 min
Histogram: 1 0 0 0 0 0 0 0 0 3

Total # of neighbors = 44000
Ave neighs/atom = 88
Neighbor list builds = 0
Dangerous builds = 0

# Релаксация ячейки iso
fix 2 all box/relax iso 0.0 vmax 0.0001
min_style cg
minimize 1.0e-10 1.0e-11 1000 5000
WARNING: Energy due to 1 extra global DOFs will be included in minimizer energies
 (src/min.cpp:219)
Per MPI rank memory allocation (min/avg/max) = 4.524 | 4.524 | 4.524 Mbytes
   Step           Lx             Ly             Lz           PotEng         Press           Fmax          Volume    
        53   17.61746       17.621009      17.601676     -2096.6735     -6.9110041      0.00010730825  5464.2188    
        54   17.617438      17.620987      17.601655     -2096.6735     -0.0039834617   0.00010647284  5464.1988    
Loop time of 0.0015828 on 4 procs for 1 steps with 500 atoms

92.3% CPU use with 4 MPI tasks x 1 OpenMP threads

Minimization stats:
  Stopping criterion = energy tolerance
  Energy initial, next-to-last, final = 
     -2096.67345733664  -2096.67345733664  -2096.67345737972
  Force two-norm initial, final = 0.070719234 0.0011672241
  Force max component initial, final = 0.070709885 0.00010647284
  Final line search alpha, max atom move = 0.0014142294 1.5057703e-07
  Iterations, force evaluations = 1 2

MPI task timing breakdown:
Section |  min time  |  avg time  |  max time  |%varavg| %total
---------------------------------------------------------------
Pair    | 0.0013326  | 0.0013329  | 0.0013331  |   0.0 | 84.21
Neigh   | 0          | 0          | 0          |   0.0 |  0.00
Comm    | 0.00010583 | 0.00010626 | 0.00010686 |   0.0 |  6.71
Output  | 0          | 0          | 0          |   0.0 |  0.00
Modify  | 0          | 0          | 0          |   0.0 |  0.00
Other   |            | 0.0001437  |            |       |  9.08

Nlocal:            125 ave         128 max         118 min
Histogram: 1 0 0 0 0 0 0 0 1 2
Nghost:           1737 ave        1744 max        1734 min
Histogram: 2 0 1 0 0 0 0 0 0 1
Neighs:          11000 ave       11266 max       10328 min
Histogram: 1 0 0 0 0 0 0 0 0 3

Total # of neighbors = 44000
Ave neighs/atom = 88
Neighbor list builds = 0
Dangerous builds = 0
unfix 2

variable lat_const equal "lx/5"
variable eatom equal "pe/count(all)"
variable teng equal "pe"
variable natoms equal "count(all)"

print "Lattice parameter (lx/5) = ${lat_const} A"
Lattice parameter (lx/5) = 3.52348767982532 A
print "Total Potential Energy (PE) = ${teng} eV"
Total Potential Energy (PE) = -2096.67345737972 eV
print "Number of atoms = ${natoms}"
Number of atoms = 500
print "Cohesive energy (PE/N) = ${eatom} eV"
Cohesive energy (PE/N) = -4.19334691475945 eV
print "Minimization completed."
Minimization completed.

write_data B2_11_minimized.data
System init for write_data ...
Total wall time: 0:00:00
