read_data B2_2.data
Reading data file ...
  triclinic box = (0 0 0) to (17.6 17.6 17.6) with tilt (1.0776892e-15 1.0776892e-15 1.0776892e-15)
  1 by 2 by 2 MPI processor grid
  reading atoms ...
  500 atoms
  read_data CPU = 0.007 seconds

mass 1 58.6934  # Ni
mass 2 55.845   # Fe
mass 3 51.9961  # Cr

pair_style eam/alloy
pair_coeff * * FeNiCr_bonny.eam.alloy Ni Fe Cr

neighbor 2.0 bin
neigh_modify delay 0 check yes
timestep 0.001

thermo 10
thermo_style custom step lx ly lz pe press fmax vol

# --- ЭТАПЫ МИНИМИЗАЦИИ ---
min_style cg
minimize 1.0e-8 1.0e-9 1000 5000

CITE-CITE-CITE-CITE-CITE-CITE-CITE-CITE-CITE-CITE-CITE-CITE-CITE

Your simulation uses code contributions which should be cited:

- Type Label Framework: https://doi.org/10.1021/acs.jpcb.3c08419

@Article{Gissinger24,
 author = {Jacob R. Gissinger, Ilia Nikiforov, Yaser Afshar, Brendon Waters, Moon-ki Choi, Daniel S. Karls, Alexander Stukowski, Wonpil Im, Hendrik Heinz, Axel Kohlmeyer, and Ellad B. Tadmor},
 title = {Type Label Framework for Bonded Force Fields in LAMMPS},
 journal = {J. Phys. Chem. B},
 year =    2024,
 volume =  128,
 number =  13,
 pages =   {3282–-3297}
}

CITE-CITE-CITE-CITE-CITE-CITE-CITE-CITE-CITE-CITE-CITE-CITE-CITE

Neighbor list info ...
  update: every = 1 steps, delay = 0 steps, check = yes
  max neighbors/atom: 2000, page size: 100000
  master list distance cutoff = 7.6
  ghost atom cutoff = 7.6
  binsize = 3.8, bins = 5 5 5
  1 neighbor lists, perpetual/occasional/extra = 1 0 0
  (1) pair eam/alloy, perpetual
      attributes: half, newton on
      pair build: half/bin/atomonly/newton/tri
      stencil: half/bin/3d/tri
      bin: standard
Per MPI rank memory allocation (min/avg/max) = 4.524 | 4.524 | 4.524 Mbytes
   Step           Lx             Ly             Lz           PotEng         Press           Fmax          Volume    
         0   17.6           17.6           17.6          -2094.4952      5166.2996      0.79934841     5451.776     
        10   17.6           17.6           17.6          -2097.3603      4524.6134      0.016774425    5451.776     
        17   17.6           17.6           17.6          -2097.3625      4514.0879      0.00091725883  5451.776     
Loop time of 0.0401124 on 4 procs for 17 steps with 500 atoms

68.1% CPU use with 4 MPI tasks x 1 OpenMP threads

Minimization stats:
  Stopping criterion = energy tolerance
  Energy initial, next-to-last, final = 
     -2094.49515782817  -2097.36249745518  -2097.36250873835
  Force two-norm initial, final = 8.9389954 0.010961388
  Force max component initial, final = 0.79934841 0.00091725883
  Final line search alpha, max atom move = 1 0.00091725883
  Iterations, force evaluations = 17 34

MPI task timing breakdown:
Section |  min time  |  avg time  |  max time  |%varavg| %total
---------------------------------------------------------------
Pair    | 0.028395   | 0.0291     | 0.030466   |   0.5 | 72.55
Neigh   | 0          | 0          | 0          |   0.0 |  0.00
Comm    | 0.0035025  | 0.0053664  | 0.0069588  |   1.7 | 13.38
Output  | 2.2908e-05 | 3.5073e-05 | 7.1337e-05 |   0.0 |  0.09
Modify  | 0          | 0          | 0          |   0.0 |  0.00
Other   |            | 0.005611   |            |       | 13.99

Nlocal:            125 ave         145 max         105 min
Histogram: 1 0 0 0 0 2 0 0 0 1
Nghost:           1737 ave        1757 max        1717 min
Histogram: 1 0 0 0 0 2 0 0 0 1
Neighs:          11000 ave       12773 max        9271 min
Histogram: 1 0 0 0 2 0 0 0 0 1

Total # of neighbors = 44000
Ave neighs/atom = 88
Neighbor list builds = 0
Dangerous builds = 0

# Релаксация ячейки aniso
fix 1 all box/relax aniso 0.0 vmax 0.0001
min_style cg
minimize 1.0e-10 1.0e-11 1000 5000
WARNING: Energy due to 3 extra global DOFs will be included in minimizer energies
 (src/min.cpp:219)
Per MPI rank memory allocation (min/avg/max) = 4.524 | 4.524 | 4.524 Mbytes
   Step           Lx             Ly             Lz           PotEng         Press           Fmax          Volume    
        17   17.6           17.6           17.6          -2097.3625      4514.0879      0.00091725883  5451.776     
        20   17.60528       17.604609      17.603626     -2097.3726      3040.9286      0.0033616819   5455.9633    
        30   17.622578      17.614936      17.604051     -2097.3824      5.719105       0.01044251     5464.6598    
        40   17.628685      17.615135      17.598724     -2097.3832     -17.165709      0.004711793    5464.9611    
        50   17.628742      17.616248      17.597713     -2097.3834      0.027839941    0.0026526439   5465.0103    
        57   17.629023      17.61635       17.597448     -2097.3835      5.7796005      0.0010294884   5465.0464    
Loop time of 0.0624813 on 4 procs for 40 steps with 500 atoms

72.7% CPU use with 4 MPI tasks x 1 OpenMP threads

Minimization stats:
  Stopping criterion = energy tolerance
  Energy initial, next-to-last, final = 
     -2097.36250873835  -2097.38347884309  -2097.38347888878
  Force two-norm initial, final = 26.849388 0.03606877
  Force max component initial, final = 17.740174 0.022316282
  Final line search alpha, max atom move = 0.019881558 0.00044368245
  Iterations, force evaluations = 40 60

MPI task timing breakdown:
Section |  min time  |  avg time  |  max time  |%varavg| %total
---------------------------------------------------------------
Pair    | 0.044794   | 0.04552    | 0.046308   |   0.3 | 72.85
Neigh   | 0          | 0          | 0          |   0.0 |  0.00
Comm    | 0.006773   | 0.0087604  | 0.010368   |   1.4 | 14.02
Output  | 7.7421e-05 | 0.00012348 | 0.00026019 |   0.0 |  0.20
Modify  | 0          | 0          | 0          |   0.0 |  0.00
Other   |            | 0.008078   |            |       | 12.93

Nlocal:            125 ave         139 max         115 min
Histogram: 1 0 1 0 1 0 0 0 0 1
Nghost:           1737 ave        1747 max        1723 min
Histogram: 1 0 0 0 0 1 0 1 0 1
Neighs:          11000 ave       12259 max       10146 min
Histogram: 1 0 1 0 1 0 0 0 0 1

Total # of neighbors = 44000
Ave neighs/atom = 88
Neighbor list builds = 0
Dangerous builds = 0
unfix 1

# Промежуточная минимизация атомов
min_style cg
minimize 1.0e-10 1.0e-11 1000 5000
Per MPI rank memory allocation (min/avg/max) = 4.524 | 4.524 | 4.524 Mbytes
   Step           Lx             Ly             Lz           PotEng         Press           Fmax          Volume    
        57   17.629023      17.61635       17.597448     -2097.3835      5.7796005      0.0010294884   5465.0464    
        60   17.629023      17.61635       17.597448     -2097.3835      3.1071016      0.0009693383   5465.0464    
        66   17.629023      17.61635       17.597448     -2097.3835      8.1889832      8.5049257e-05  5465.0464    
Loop time of 0.0125766 on 4 procs for 9 steps with 500 atoms

67.4% CPU use with 4 MPI tasks x 1 OpenMP threads

Minimization stats:
  Stopping criterion = energy tolerance
  Energy initial, next-to-last, final = 
     -2097.38347888878  -2097.38350408234  -2097.38350424228
  Force two-norm initial, final = 0.011198106 0.00094620672
  Force max component initial, final = 0.0010294884 8.5049257e-05
  Final line search alpha, max atom move = 1 8.5049257e-05
  Iterations, force evaluations = 9 18

MPI task timing breakdown:
Section |  min time  |  avg time  |  max time  |%varavg| %total
---------------------------------------------------------------
Pair    | 0.009853   | 0.009899   | 0.0099636  |   0.0 | 78.71
Neigh   | 0          | 0          | 0          |   0.0 |  0.00
Comm    | 0.0011112  | 0.0016721  | 0.0019     |   0.8 | 13.30
Output  | 2.1645e-05 | 3.3252e-05 | 6.7544e-05 |   0.0 |  0.26
Modify  | 0          | 0          | 0          |   0.0 |  0.00
Other   |            | 0.0009723  |            |       |  7.73

Nlocal:            125 ave         139 max         115 min
Histogram: 1 0 1 0 1 0 0 0 0 1
Nghost:           1737 ave        1747 max        1723 min
Histogram: 1 0 0 0 0 1 0 1 0 1
Neighs:          11000 ave       12259 max       10146 min
Histogram: 1 0 1 0 1 0 0 0 0 1

Total # of neighbors = 44000
Ave neighs/atom = 88
Neighbor list builds = 0
Dangerous builds = 0

# Релаксация ячейки iso
fix 2 all box/relax iso 0.0 vmax 0.0001
min_style cg
minimize 1.0e-10 1.0e-11 1000 5000
WARNING: Energy due to 1 extra global DOFs will be included in minimizer energies
 (src/min.cpp:219)
Per MPI rank memory allocation (min/avg/max) = 4.524 | 4.524 | 4.524 Mbytes
   Step           Lx             Ly             Lz           PotEng         Press           Fmax          Volume    
        66   17.629023      17.61635       17.597448     -2097.3835      8.1889832      8.5049257e-05  5465.0464    
        67   17.629049      17.616375      17.597473     -2097.3835     -0.0078946461   8.5466114e-05  5465.07      
Loop time of 0.00215599 on 4 procs for 1 steps with 500 atoms

54.5% CPU use with 4 MPI tasks x 1 OpenMP threads

Minimization stats:
  Stopping criterion = energy tolerance
  Energy initial, next-to-last, final = 
     -2097.38350424228  -2097.38350424228  -2097.38350430273
  Force two-norm initial, final = 0.083803549 0.00096104989
  Force max component initial, final = 0.083798207 8.5466114e-05
  Final line search alpha, max atom move = 0.001193343 1.0199039e-07
  Iterations, force evaluations = 1 2

MPI task timing breakdown:
Section |  min time  |  avg time  |  max time  |%varavg| %total
---------------------------------------------------------------
Pair    | 0.0016551  | 0.0016634  | 0.0016686  |   0.0 | 77.15
Neigh   | 0          | 0          | 0          |   0.0 |  0.00
Comm    | 0.00014223 | 0.0001684  | 0.00019331 |   0.0 |  7.81
Output  | 0          | 0          | 0          |   0.0 |  0.00
Modify  | 0          | 0          | 0          |   0.0 |  0.00
Other   |            | 0.0003242  |            |       | 15.04

Nlocal:            125 ave         139 max         115 min
Histogram: 1 0 1 0 1 0 0 0 0 1
Nghost:           1737 ave        1747 max        1723 min
Histogram: 1 0 0 0 0 1 0 1 0 1
Neighs:          11000 ave       12259 max       10146 min
Histogram: 1 0 1 0 1 0 0 0 0 1

Total # of neighbors = 44000
Ave neighs/atom = 88
Neighbor list builds = 0
Dangerous builds = 0
unfix 2

variable lat_const equal "lx/5"
variable eatom equal "pe/count(all)"
variable teng equal "pe"
variable natoms equal "count(all)"

print "Lattice parameter (lx/5) = ${lat_const} A"
Lattice parameter (lx/5) = 3.52580971266247 A
print "Total Potential Energy (PE) = ${teng} eV"
Total Potential Energy (PE) = -2097.38350430273 eV
print "Number of atoms = ${natoms}"
Number of atoms = 500
print "Cohesive energy (PE/N) = ${eatom} eV"
Cohesive energy (PE/N) = -4.19476700860546 eV
print "Minimization completed."
Minimization completed.

write_data B2_2_minimized.data
System init for write_data ...
Total wall time: 0:00:00
