read_data B2_3.data
Reading data file ...
  triclinic box = (0 0 0) to (17.6 17.6 17.6) with tilt (1.0776892e-15 1.0776892e-15 1.0776892e-15)
  1 by 2 by 2 MPI processor grid
  reading atoms ...
  500 atoms
  read_data CPU = 0.011 seconds

mass 1 58.6934  # Ni
mass 2 55.845   # Fe
mass 3 51.9961  # Cr

pair_style eam/alloy
pair_coeff * * FeNiCr_bonny.eam.alloy Ni Fe Cr

neighbor 2.0 bin
neigh_modify delay 0 check yes
timestep 0.001

thermo 10
thermo_style custom step lx ly lz pe press fmax vol

# --- ЭТАПЫ МИНИМИЗАЦИИ ---
min_style cg
minimize 1.0e-8 1.0e-9 1000 5000

CITE-CITE-CITE-CITE-CITE-CITE-CITE-CITE-CITE-CITE-CITE-CITE-CITE

Your simulation uses code contributions which should be cited:

- Type Label Framework: https://doi.org/10.1021/acs.jpcb.3c08419

@Article{Gissinger24,
 author = {Jacob R. Gissinger, Ilia Nikiforov, Yaser Afshar, Brendon Waters, Moon-ki Choi, Daniel S. Karls, Alexander Stukowski, Wonpil Im, Hendrik Heinz, Axel Kohlmeyer, and Ellad B. Tadmor},
 title = {Type Label Framework for Bonded Force Fields in LAMMPS},
 journal = {J. Phys. Chem. B},
 year =    2024,
 volume =  128,
 number =  13,
 pages =   {3282–-3297}
}

CITE-CITE-CITE-CITE-CITE-CITE-CITE-CITE-CITE-CITE-CITE-CITE-CITE

Neighbor list info ...
  update: every = 1 steps, delay = 0 steps, check = yes
  max neighbors/atom: 2000, page size: 100000
  master list distance cutoff = 7.6
  ghost atom cutoff = 7.6
  binsize = 3.8, bins = 5 5 5
  1 neighbor lists, perpetual/occasional/extra = 1 0 0
  (1) pair eam/alloy, perpetual
      attributes: half, newton on
      pair build: half/bin/atomonly/newton/tri
      stencil: half/bin/3d/tri
      bin: standard
Per MPI rank memory allocation (min/avg/max) = 4.524 | 4.524 | 4.524 Mbytes
   Step           Lx             Ly             Lz           PotEng         Press           Fmax          Volume    
         0   17.6           17.6           17.6          -2094.2696      4727.859       0.90947208     5451.776     
        10   17.6           17.6           17.6          -2097.1114      3899.2171      0.010654856    5451.776     
        16   17.6           17.6           17.6          -2097.1128      3889.1877      0.0011812854   5451.776     
Loop time of 0.0231845 on 4 procs for 16 steps with 500 atoms

85.0% CPU use with 4 MPI tasks x 1 OpenMP threads

Minimization stats:
  Stopping criterion = energy tolerance
  Energy initial, next-to-last, final = 
      -2094.2696165089  -2097.11280572125  -2097.11282476491
  Force two-norm initial, final = 9.0071294 0.013503927
  Force max component initial, final = 0.90947208 0.0011812854
  Final line search alpha, max atom move = 1 0.0011812854
  Iterations, force evaluations = 16 32

MPI task timing breakdown:
Section |  min time  |  avg time  |  max time  |%varavg| %total
---------------------------------------------------------------
Pair    | 0.020883   | 0.020922   | 0.020998   |   0.0 | 90.24
Neigh   | 0          | 0          | 0          |   0.0 |  0.00
Comm    | 0.0014951  | 0.0015453  | 0.0016121  |   0.1 |  6.67
Output  | 2.2567e-05 | 3.2805e-05 | 6.3208e-05 |   0.0 |  0.14
Modify  | 0          | 0          | 0          |   0.0 |  0.00
Other   |            | 0.0006846  |            |       |  2.95

Nlocal:            125 ave         145 max         105 min
Histogram: 1 0 0 0 0 2 0 0 0 1
Nghost:           1737 ave        1757 max        1717 min
Histogram: 1 0 0 0 0 2 0 0 0 1
Neighs:          11000 ave       12734 max        9227 min
Histogram: 1 0 0 0 0 2 0 0 0 1

Total # of neighbors = 44000
Ave neighs/atom = 88
Neighbor list builds = 0
Dangerous builds = 0

# Релаксация ячейки aniso
fix 1 all box/relax aniso 0.0 vmax 0.0001
min_style cg
minimize 1.0e-10 1.0e-11 1000 5000
WARNING: Energy due to 3 extra global DOFs will be included in minimizer energies
 (src/min.cpp:219)
Per MPI rank memory allocation (min/avg/max) = 4.524 | 4.524 | 4.524 Mbytes
   Step           Lx             Ly             Lz           PotEng         Press           Fmax          Volume    
        16   17.6           17.6           17.6          -2097.1128      3889.1877      0.0011812854   5451.776     
        20   17.60704       17.603878      17.604267     -2097.1225      2239.6811      0.0042321197   5456.4811    
        30   17.62464       17.604439      17.606803     -2097.13        16.484133      0.01244527     5462.8962    
        40   17.639125      17.595355      17.602112     -2097.1318      46.814664      0.0081463483   5463.1087    
        50   17.640412      17.595606      17.60121      -2097.1321      0.60799184     0.0013081483   5463.3054    
        51   17.640457      17.595623      17.601249     -2097.1321     -10.209253      0.0012907898   5463.3367    
Loop time of 0.0407911 on 4 procs for 35 steps with 500 atoms

67.9% CPU use with 4 MPI tasks x 1 OpenMP threads

Minimization stats:
  Stopping criterion = energy tolerance
  Energy initial, next-to-last, final = 
     -2097.11282476491  -2097.13207371734  -2097.13207382558
  Force two-norm initial, final = 23.548465 0.062082618
  Force max component initial, final = 17.611111 0.037400003
  Final line search alpha, max atom move = 0.036980746 0.00138308
  Iterations, force evaluations = 35 49

MPI task timing breakdown:
Section |  min time  |  avg time  |  max time  |%varavg| %total
---------------------------------------------------------------
Pair    | 0.029423   | 0.029848   | 0.030325   |   0.2 | 73.17
Neigh   | 0          | 0          | 0          |   0.0 |  0.00
Comm    | 0.0032429  | 0.003762   | 0.0042043  |   0.7 |  9.22
Output  | 8.7463e-05 | 0.00014402 | 0.00030331 |   0.0 |  0.35
Modify  | 0          | 0          | 0          |   0.0 |  0.00
Other   |            | 0.007037   |            |       | 17.25

Nlocal:            125 ave         138 max         113 min
Histogram: 1 1 0 0 0 0 0 0 1 1
Nghost:           1737 ave        1749 max        1724 min
Histogram: 1 0 1 0 0 0 0 0 1 1
Neighs:          11000 ave       12189 max        9957 min
Histogram: 1 1 0 0 0 0 0 1 0 1

Total # of neighbors = 44000
Ave neighs/atom = 88
Neighbor list builds = 0
Dangerous builds = 0
unfix 1

# Промежуточная минимизация атомов
min_style cg
minimize 1.0e-10 1.0e-11 1000 5000
Per MPI rank memory allocation (min/avg/max) = 4.524 | 4.524 | 4.524 Mbytes
   Step           Lx             Ly             Lz           PotEng         Press           Fmax          Volume    
        51   17.640457      17.595623      17.601249     -2097.1321     -10.209253      0.0012907898   5463.3367    
        60   17.640457      17.595623      17.601249     -2097.1321     -7.253759       0.0001266218   5463.3367    
Loop time of 0.0135008 on 4 procs for 9 steps with 500 atoms

91.4% CPU use with 4 MPI tasks x 1 OpenMP threads

Minimization stats:
  Stopping criterion = energy tolerance
  Energy initial, next-to-last, final = 
     -2097.13207382558  -2097.13210000678  -2097.13210017105
  Force two-norm initial, final = 0.014556323 0.0012585628
  Force max component initial, final = 0.0012907898 0.0001266218
  Final line search alpha, max atom move = 1 0.0001266218
  Iterations, force evaluations = 9 18

MPI task timing breakdown:
Section |  min time  |  avg time  |  max time  |%varavg| %total
---------------------------------------------------------------
Pair    | 0.012107   | 0.012129   | 0.012178   |   0.0 | 89.84
Neigh   | 0          | 0          | 0          |   0.0 |  0.00
Comm    | 0.00095646 | 0.0010107  | 0.0010377  |   0.1 |  7.49
Output  | 0          | 0          | 0          |   0.0 |  0.00
Modify  | 0          | 0          | 0          |   0.0 |  0.00
Other   |            | 0.0003608  |            |       |  2.67

Nlocal:            125 ave         138 max         112 min
Histogram: 1 1 0 0 0 0 0 0 1 1
Nghost:           1737 ave        1750 max        1724 min
Histogram: 1 1 0 0 0 0 0 0 1 1
Neighs:          11000 ave       12189 max        9870 min
Histogram: 1 1 0 0 0 0 0 0 1 1

Total # of neighbors = 44000
Ave neighs/atom = 88
Neighbor list builds = 0
Dangerous builds = 0

# Релаксация ячейки iso
fix 2 all box/relax iso 0.0 vmax 0.0001
min_style cg
minimize 1.0e-10 1.0e-11 1000 5000
WARNING: Energy due to 1 extra global DOFs will be included in minimizer energies
 (src/min.cpp:219)
Per MPI rank memory allocation (min/avg/max) = 4.524 | 4.524 | 4.524 Mbytes
   Step           Lx             Ly             Lz           PotEng         Press           Fmax          Volume    
        60   17.640457      17.595623      17.601249     -2097.1321     -7.253759       0.0001266218   5463.3367    
        61   17.640434      17.5956        17.601227     -2097.1321     -0.0039718995   0.00012041665  5463.3158    
Loop time of 0.00329685 on 4 procs for 1 steps with 500 atoms

87.1% CPU use with 4 MPI tasks x 1 OpenMP threads

Minimization stats:
  Stopping criterion = energy tolerance
  Energy initial, next-to-last, final = 
     -2097.13210017105  -2097.13210017105  -2097.13210021846
  Force two-norm initial, final = 0.074215471 0.0012704335
  Force max component initial, final = 0.074204799 0.00012041665
  Final line search alpha, max atom move = 0.0013476217 1.622761e-07
  Iterations, force evaluations = 1 2

MPI task timing breakdown:
Section |  min time  |  avg time  |  max time  |%varavg| %total
---------------------------------------------------------------
Pair    | 0.0025561  | 0.0026385  | 0.0026757  |   0.1 | 80.03
Neigh   | 0          | 0          | 0          |   0.0 |  0.00
Comm    | 0.00034157 | 0.00038121 | 0.00046605 |   0.0 | 11.56
Output  | 0          | 0          | 0          |   0.0 |  0.00
Modify  | 0          | 0          | 0          |   0.0 |  0.00
Other   |            | 0.0002771  |            |       |  8.41

Nlocal:            125 ave         138 max         112 min
Histogram: 1 1 0 0 0 0 0 0 1 1
Nghost:           1737 ave        1750 max        1724 min
Histogram: 1 1 0 0 0 0 0 0 1 1
Neighs:          11000 ave       12189 max        9870 min
Histogram: 1 1 0 0 0 0 0 0 1 1

Total # of neighbors = 44000
Ave neighs/atom = 88
Neighbor list builds = 0
Dangerous builds = 0
unfix 2

variable lat_const equal "lx/5"
variable eatom equal "pe/count(all)"
variable teng equal "pe"
variable natoms equal "count(all)"

print "Lattice parameter (lx/5) = ${lat_const} A"
Lattice parameter (lx/5) = 3.52808685147434 A
print "Total Potential Energy (PE) = ${teng} eV"
Total Potential Energy (PE) = -2097.13210021846 eV
print "Number of atoms = ${natoms}"
Number of atoms = 500
print "Cohesive energy (PE/N) = ${eatom} eV"
Cohesive energy (PE/N) = -4.19426420043692 eV
print "Minimization completed."
Minimization completed.

write_data B2_3_minimized.data
System init for write_data ...
Total wall time: 0:00:00
