read_data B2_6.data
Reading data file ...
  triclinic box = (0 0 0) to (17.6 17.6 17.6) with tilt (1.0776892e-15 1.0776892e-15 1.0776892e-15)
  1 by 2 by 2 MPI processor grid
  reading atoms ...
  500 atoms
  read_data CPU = 0.011 seconds

mass 1 58.6934  # Ni
mass 2 55.845   # Fe
mass 3 51.9961  # Cr

pair_style eam/alloy
pair_coeff * * FeNiCr_bonny.eam.alloy Ni Fe Cr

neighbor 2.0 bin
neigh_modify delay 0 check yes
timestep 0.001

thermo 10
thermo_style custom step lx ly lz pe press fmax vol

# --- ЭТАПЫ МИНИМИЗАЦИИ ---
min_style cg
minimize 1.0e-8 1.0e-9 1000 5000

CITE-CITE-CITE-CITE-CITE-CITE-CITE-CITE-CITE-CITE-CITE-CITE-CITE

Your simulation uses code contributions which should be cited:

- Type Label Framework: https://doi.org/10.1021/acs.jpcb.3c08419

@Article{Gissinger24,
 author = {Jacob R. Gissinger, Ilia Nikiforov, Yaser Afshar, Brendon Waters, Moon-ki Choi, Daniel S. Karls, Alexander Stukowski, Wonpil Im, Hendrik Heinz, Axel Kohlmeyer, and Ellad B. Tadmor},
 title = {Type Label Framework for Bonded Force Fields in LAMMPS},
 journal = {J. Phys. Chem. B},
 year =    2024,
 volume =  128,
 number =  13,
 pages =   {3282–-3297}
}

CITE-CITE-CITE-CITE-CITE-CITE-CITE-CITE-CITE-CITE-CITE-CITE-CITE

Neighbor list info ...
  update: every = 1 steps, delay = 0 steps, check = yes
  max neighbors/atom: 2000, page size: 100000
  master list distance cutoff = 7.6
  ghost atom cutoff = 7.6
  binsize = 3.8, bins = 5 5 5
  1 neighbor lists, perpetual/occasional/extra = 1 0 0
  (1) pair eam/alloy, perpetual
      attributes: half, newton on
      pair build: half/bin/atomonly/newton/tri
      stencil: half/bin/3d/tri
      bin: standard
Per MPI rank memory allocation (min/avg/max) = 4.524 | 4.524 | 4.524 Mbytes
   Step           Lx             Ly             Lz           PotEng         Press           Fmax          Volume    
         0   17.6           17.6           17.6          -2094.1523      4315.9434      0.74890372     5451.776     
        10   17.6           17.6           17.6          -2096.9665      3474.0017      0.011416797    5451.776     
        16   17.6           17.6           17.6          -2096.9681      3482.3493      0.0012759828   5451.776     
Loop time of 0.0456518 on 4 procs for 16 steps with 500 atoms

58.7% CPU use with 4 MPI tasks x 1 OpenMP threads

Minimization stats:
  Stopping criterion = energy tolerance
  Energy initial, next-to-last, final = 
     -2094.15229882522  -2096.96804724782  -2096.96806723861
  Force two-norm initial, final = 8.7039011 0.014505219
  Force max component initial, final = 0.74890372 0.0012759828
  Final line search alpha, max atom move = 1 0.0012759828
  Iterations, force evaluations = 16 32

MPI task timing breakdown:
Section |  min time  |  avg time  |  max time  |%varavg| %total
---------------------------------------------------------------
Pair    | 0.031704   | 0.033491   | 0.035155   |   0.7 | 73.36
Neigh   | 0          | 0          | 0          |   0.0 |  0.00
Comm    | 0.0049712  | 0.007591   | 0.010298   |   2.4 | 16.63
Output  | 3.7653e-05 | 6.3527e-05 | 0.00013742 |   0.0 |  0.14
Modify  | 0          | 0          | 0          |   0.0 |  0.00
Other   |            | 0.004506   |            |       |  9.87

Nlocal:            125 ave         145 max         105 min
Histogram: 1 0 0 0 0 2 0 0 0 1
Nghost:           1737 ave        1757 max        1717 min
Histogram: 1 0 0 0 0 2 0 0 0 1
Neighs:          11000 ave       12758 max        9201 min
Histogram: 1 0 0 0 0 2 0 0 0 1

Total # of neighbors = 44000
Ave neighs/atom = 88
Neighbor list builds = 0
Dangerous builds = 0

# Релаксация ячейки aniso
fix 1 all box/relax aniso 0.0 vmax 0.0001
min_style cg
minimize 1.0e-10 1.0e-11 1000 5000
WARNING: Energy due to 3 extra global DOFs will be included in minimizer energies
 (src/min.cpp:219)
Per MPI rank memory allocation (min/avg/max) = 4.524 | 4.524 | 4.524 Mbytes
   Step           Lx             Ly             Lz           PotEng         Press           Fmax          Volume    
        16   17.6           17.6           17.6          -2096.9681      3482.3493      0.0012759828   5451.776     
        20   17.602902      17.603519      17.60704      -2096.9764      2012.2211      0.0034060157   5455.9466    
        30   17.601774      17.60513       17.62464      -2096.9843      54.180767      0.0093685002   5461.55      
        40   17.59106       17.598874      17.64224      -2096.987       0.30422914     0.01373558     5461.735     
        50   17.588277      17.597877      17.646077     -2096.9879      89.150699      0.0072684649   5461.7491    
        60   17.588854      17.598036      17.646454     -2096.9881     -30.918705      0.001882052    5462.0943    
        68   17.588251      17.597885      17.64704      -2096.9881     -5.7855762      0.00080960241  5462.0415    
Loop time of 0.092261 on 4 procs for 52 steps with 500 atoms

70.4% CPU use with 4 MPI tasks x 1 OpenMP threads

Minimization stats:
  Stopping criterion = energy tolerance
  Energy initial, next-to-last, final = 
     -2096.96806723861   -2096.9881415669  -2096.98814171287
  Force two-norm initial, final = 21.710666 0.042469965
  Force max component initial, final = 17.573739 0.03036189
  Final line search alpha, max atom move = 0.054394545 0.0016515212
  Iterations, force evaluations = 52 77

MPI task timing breakdown:
Section |  min time  |  avg time  |  max time  |%varavg| %total
---------------------------------------------------------------
Pair    | 0.065886   | 0.066873   | 0.067718   |   0.3 | 72.48
Neigh   | 0          | 0          | 0          |   0.0 |  0.00
Comm    | 0.0092236  | 0.012725   | 0.015442   |   2.0 | 13.79
Output  | 0.00010107 | 0.00016077 | 0.00033937 |   0.0 |  0.17
Modify  | 0          | 0          | 0          |   0.0 |  0.00
Other   |            | 0.0125     |            |       | 13.55

Nlocal:            125 ave         138 max          97 min
Histogram: 1 0 0 0 0 0 0 1 0 2
Nghost:           1737 ave        1765 max        1724 min
Histogram: 2 0 1 0 0 0 0 0 0 1
Neighs:          11000 ave       12178 max        8551 min
Histogram: 1 0 0 0 0 0 0 1 0 2

Total # of neighbors = 44000
Ave neighs/atom = 88
Neighbor list builds = 0
Dangerous builds = 0
unfix 1

# Промежуточная минимизация атомов
min_style cg
minimize 1.0e-10 1.0e-11 1000 5000
Per MPI rank memory allocation (min/avg/max) = 4.524 | 4.524 | 4.524 Mbytes
   Step           Lx             Ly             Lz           PotEng         Press           Fmax          Volume    
        68   17.588251      17.597885      17.64704      -2096.9881     -5.7855762      0.00080960241  5462.0415    
        70   17.588251      17.597885      17.64704      -2096.9882     -4.8327665      0.0009066649   5462.0415    
        77   17.588251      17.597885      17.64704      -2096.9882     -3.7412848      7.1353264e-05  5462.0415    
Loop time of 0.0162065 on 4 procs for 9 steps with 500 atoms

70.9% CPU use with 4 MPI tasks x 1 OpenMP threads

Minimization stats:
  Stopping criterion = energy tolerance
  Energy initial, next-to-last, final = 
     -2096.98814171287  -2096.98816190226  -2096.98816198107
  Force two-norm initial, final = 0.0088786686 0.00088624856
  Force max component initial, final = 0.00080960241 7.1353264e-05
  Final line search alpha, max atom move = 1 7.1353264e-05
  Iterations, force evaluations = 9 18

MPI task timing breakdown:
Section |  min time  |  avg time  |  max time  |%varavg| %total
---------------------------------------------------------------
Pair    | 0.013629   | 0.013694   | 0.013745   |   0.0 | 84.50
Neigh   | 0          | 0          | 0          |   0.0 |  0.00
Comm    | 0.001252   | 0.0014066  | 0.0015342  |   0.3 |  8.68
Output  | 2.4785e-05 | 3.9412e-05 | 8.3223e-05 |   0.0 |  0.24
Modify  | 0          | 0          | 0          |   0.0 |  0.00
Other   |            | 0.001066   |            |       |  6.58

Nlocal:            125 ave         138 max          98 min
Histogram: 1 0 0 0 0 0 0 1 0 2
Nghost:           1737 ave        1764 max        1724 min
Histogram: 2 0 1 0 0 0 0 0 0 1
Neighs:          11000 ave       12178 max        8635 min
Histogram: 1 0 0 0 0 0 0 1 0 2

Total # of neighbors = 44000
Ave neighs/atom = 88
Neighbor list builds = 0
Dangerous builds = 0

# Релаксация ячейки iso
fix 2 all box/relax iso 0.0 vmax 0.0001
min_style cg
minimize 1.0e-10 1.0e-11 1000 5000
WARNING: Energy due to 1 extra global DOFs will be included in minimizer energies
 (src/min.cpp:219)
Per MPI rank memory allocation (min/avg/max) = 4.524 | 4.524 | 4.524 Mbytes
   Step           Lx             Ly             Lz           PotEng         Press           Fmax          Volume    
        77   17.588251      17.597885      17.64704      -2096.9882     -3.7412848      7.1353264e-05  5462.0415    
        78   17.58824       17.597873      17.647029     -2096.9882     -0.001172504    7.3846193e-05  5462.0308    
Loop time of 0.00592053 on 4 procs for 1 steps with 500 atoms

85.0% CPU use with 4 MPI tasks x 1 OpenMP threads

Minimization stats:
  Stopping criterion = energy tolerance
  Energy initial, next-to-last, final = 
     -2096.98816198107  -2096.98816198107  -2096.98816199361
  Force two-norm initial, final = 0.038273936 0.00089526179
  Force max component initial, final = 0.038263674 7.3846193e-05
  Final line search alpha, max atom move = 0.0026134448 1.9299295e-07
  Iterations, force evaluations = 1 2

MPI task timing breakdown:
Section |  min time  |  avg time  |  max time  |%varavg| %total
---------------------------------------------------------------
Pair    | 0.0037106  | 0.0040543  | 0.0050698  |   0.9 | 68.48
Neigh   | 0          | 0          | 0          |   0.0 |  0.00
Comm    | 0.00036608 | 0.0014706  | 0.0019025  |   1.7 | 24.84
Output  | 0          | 0          | 0          |   0.0 |  0.00
Modify  | 0          | 0          | 0          |   0.0 |  0.00
Other   |            | 0.0003957  |            |       |  6.68

Nlocal:            125 ave         138 max          98 min
Histogram: 1 0 0 0 0 0 0 1 0 2
Nghost:           1737 ave        1764 max        1724 min
Histogram: 2 0 1 0 0 0 0 0 0 1
Neighs:          11000 ave       12178 max        8635 min
Histogram: 1 0 0 0 0 0 0 1 0 2

Total # of neighbors = 44000
Ave neighs/atom = 88
Neighbor list builds = 0
Dangerous builds = 0
unfix 2

variable lat_const equal "lx/5"
variable eatom equal "pe/count(all)"
variable teng equal "pe"
variable natoms equal "count(all)"

print "Lattice parameter (lx/5) = ${lat_const} A"
Lattice parameter (lx/5) = 3.51764791890733 A
print "Total Potential Energy (PE) = ${teng} eV"
Total Potential Energy (PE) = -2096.98816199361 eV
print "Number of atoms = ${natoms}"
Number of atoms = 500
print "Cohesive energy (PE/N) = ${eatom} eV"
Cohesive energy (PE/N) = -4.19397632398721 eV
print "Minimization completed."
Minimization completed.

write_data B2_6_minimized.data
System init for write_data ...
Total wall time: 0:00:00
