read_data B4_11.data
Reading data file ...
  triclinic box = (0 0 0) to (17.6 17.6 17.6) with tilt (1.0776892e-15 1.0776892e-15 1.0776892e-15)
  1 by 2 by 2 MPI processor grid
  reading atoms ...
  500 atoms
  read_data CPU = 0.011 seconds

mass 1 58.6934  # Ni
mass 2 55.845   # Fe
mass 3 51.9961  # Cr

pair_style eam/alloy
pair_coeff * * FeNiCr_bonny.eam.alloy Ni Fe Cr

neighbor 2.0 bin
neigh_modify delay 0 check yes
timestep 0.001

thermo 10
thermo_style custom step lx ly lz pe press fmax vol

# --- ЭТАПЫ МИНИМИЗАЦИИ ---
min_style cg
minimize 1.0e-8 1.0e-9 1000 5000

CITE-CITE-CITE-CITE-CITE-CITE-CITE-CITE-CITE-CITE-CITE-CITE-CITE

Your simulation uses code contributions which should be cited:

- Type Label Framework: https://doi.org/10.1021/acs.jpcb.3c08419

@Article{Gissinger24,
 author = {Jacob R. Gissinger, Ilia Nikiforov, Yaser Afshar, Brendon Waters, Moon-ki Choi, Daniel S. Karls, Alexander Stukowski, Wonpil Im, Hendrik Heinz, Axel Kohlmeyer, and Ellad B. Tadmor},
 title = {Type Label Framework for Bonded Force Fields in LAMMPS},
 journal = {J. Phys. Chem. B},
 year =    2024,
 volume =  128,
 number =  13,
 pages =   {3282–-3297}
}

CITE-CITE-CITE-CITE-CITE-CITE-CITE-CITE-CITE-CITE-CITE-CITE-CITE

Neighbor list info ...
  update: every = 1 steps, delay = 0 steps, check = yes
  max neighbors/atom: 2000, page size: 100000
  master list distance cutoff = 7.6
  ghost atom cutoff = 7.6
  binsize = 3.8, bins = 5 5 5
  1 neighbor lists, perpetual/occasional/extra = 1 0 0
  (1) pair eam/alloy, perpetual
      attributes: half, newton on
      pair build: half/bin/atomonly/newton/tri
      stencil: half/bin/3d/tri
      bin: standard
Per MPI rank memory allocation (min/avg/max) = 4.524 | 4.524 | 4.524 Mbytes
   Step           Lx             Ly             Lz           PotEng         Press           Fmax          Volume    
         0   17.6           17.6           17.6          -2089.8222      6172.6036      0.7770208      5451.776     
        10   17.6           17.6           17.6          -2092.6695      5062.8941      0.01311511     5451.776     
        16   17.6           17.6           17.6          -2092.6713      5060.992       0.0011461548   5451.776     
Loop time of 0.0571402 on 4 procs for 16 steps with 500 atoms

76.1% CPU use with 4 MPI tasks x 1 OpenMP threads

Minimization stats:
  Stopping criterion = energy tolerance
  Energy initial, next-to-last, final = 
     -2089.82218892545  -2092.67125782349  -2092.67127703021
  Force two-norm initial, final = 8.8778158 0.013631096
  Force max component initial, final = 0.7770208 0.0011461548
  Final line search alpha, max atom move = 1 0.0011461548
  Iterations, force evaluations = 16 32

MPI task timing breakdown:
Section |  min time  |  avg time  |  max time  |%varavg| %total
---------------------------------------------------------------
Pair    | 0.039537   | 0.04207    | 0.045576   |   1.1 | 73.63
Neigh   | 0          | 0          | 0          |   0.0 |  0.00
Comm    | 0.0065223  | 0.0089289  | 0.010635   |   1.8 | 15.63
Output  | 2.7762e-05 | 4.0368e-05 | 7.7607e-05 |   0.0 |  0.07
Modify  | 0          | 0          | 0          |   0.0 |  0.00
Other   |            | 0.006101   |            |       | 10.68

Nlocal:            125 ave         145 max         105 min
Histogram: 1 0 0 0 0 2 0 0 0 1
Nghost:           1737 ave        1757 max        1717 min
Histogram: 1 0 0 0 0 2 0 0 0 1
Neighs:          11000 ave       12757 max        9241 min
Histogram: 1 0 0 0 1 1 0 0 0 1

Total # of neighbors = 44000
Ave neighs/atom = 88
Neighbor list builds = 0
Dangerous builds = 0

# Релаксация ячейки aniso
fix 1 all box/relax aniso 0.0 vmax 0.0001
min_style cg
minimize 1.0e-10 1.0e-11 1000 5000
WARNING: Energy due to 3 extra global DOFs will be included in minimizer energies
 (src/min.cpp:219)
Per MPI rank memory allocation (min/avg/max) = 4.524 | 4.524 | 4.524 Mbytes
   Step           Lx             Ly             Lz           PotEng         Press           Fmax          Volume    
        16   17.6           17.6           17.6          -2092.6713      5060.992       0.0011461548   5451.776     
        20   17.60704       17.605144      17.60296      -2092.6851      3398.0456      0.0035333171   5456.4684    
        30   17.62464       17.614681      17.603284     -2092.7001      408.86611      0.011161208    5464.9822    
        40   17.641924      17.616767      17.587757     -2092.7055      1.5294782      0.017722195    5466.1635    
        50   17.651271      17.615715      17.580718     -2092.7071     -66.850936      0.010098358    5466.5441    
        60   17.652079      17.618107      17.578671     -2092.7076     -144.2814       0.0047177951   5466.9002    
        70   17.652439      17.617222      17.578053     -2092.7079      15.284714      0.0014943961   5466.5448    
        79   17.652917      17.618008      17.577065     -2092.708      -3.0410466      0.0010708295   5466.6294    
Loop time of 0.13952 on 4 procs for 63 steps with 500 atoms

74.6% CPU use with 4 MPI tasks x 1 OpenMP threads

Minimization stats:
  Stopping criterion = energy tolerance
  Energy initial, next-to-last, final = 
     -2092.67127703021   -2092.7079642149  -2092.70796422868
  Force two-norm initial, final = 31.080615 0.020371483
  Force max component initial, final = 23.244553 0.010474802
  Final line search alpha, max atom move = 0.027067433 0.00028352601
  Iterations, force evaluations = 63 88

MPI task timing breakdown:
Section |  min time  |  avg time  |  max time  |%varavg| %total
---------------------------------------------------------------
Pair    | 0.09274    | 0.093197   | 0.093906   |   0.2 | 66.80
Neigh   | 0          | 0          | 0          |   0.0 |  0.00
Comm    | 0.016205   | 0.018178   | 0.020794   |   1.5 | 13.03
Output  | 0.00012419 | 0.00020096 | 0.00043104 |   0.0 |  0.14
Modify  | 0          | 0          | 0          |   0.0 |  0.00
Other   |            | 0.02794    |            |       | 20.03

Nlocal:            125 ave         132 max         119 min
Histogram: 1 0 0 1 1 0 0 0 0 1
Nghost:           1737 ave        1743 max        1730 min
Histogram: 1 0 0 0 0 1 1 0 0 1
Neighs:          11000 ave       11568 max       10427 min
Histogram: 1 0 0 0 1 1 0 0 0 1

Total # of neighbors = 44000
Ave neighs/atom = 88
Neighbor list builds = 0
Dangerous builds = 0
unfix 1

# Промежуточная минимизация атомов
min_style cg
minimize 1.0e-10 1.0e-11 1000 5000
Per MPI rank memory allocation (min/avg/max) = 4.524 | 4.524 | 4.524 Mbytes
   Step           Lx             Ly             Lz           PotEng         Press           Fmax          Volume    
        79   17.652917      17.618008      17.577065     -2092.708      -3.0410466      0.0010708295   5466.6294    
        80   17.652917      17.618008      17.577065     -2092.708      -5.3135952      0.0012145061   5466.6294    
        87   17.652917      17.618008      17.577065     -2092.708       0.68147896     9.0863421e-05  5466.6294    
Loop time of 0.00973853 on 4 procs for 8 steps with 500 atoms

66.7% CPU use with 4 MPI tasks x 1 OpenMP threads

Minimization stats:
  Stopping criterion = energy tolerance
  Energy initial, next-to-last, final = 
     -2092.70796422868  -2092.70798857516  -2092.70798866394
  Force two-norm initial, final = 0.0096210504 0.00095078402
  Force max component initial, final = 0.0010708295 9.0863421e-05
  Final line search alpha, max atom move = 1 9.0863421e-05
  Iterations, force evaluations = 8 16

MPI task timing breakdown:
Section |  min time  |  avg time  |  max time  |%varavg| %total
---------------------------------------------------------------
Pair    | 0.0081994  | 0.0082151  | 0.0082327  |   0.0 | 84.36
Neigh   | 0          | 0          | 0          |   0.0 |  0.00
Comm    | 0.00090585 | 0.00092687 | 0.00094254 |   0.0 |  9.52
Output  | 2.1115e-05 | 2.9921e-05 | 5.5278e-05 |   0.0 |  0.31
Modify  | 0          | 0          | 0          |   0.0 |  0.00
Other   |            | 0.0005667  |            |       |  5.82

Nlocal:            125 ave         132 max         118 min
Histogram: 1 0 0 0 0 2 0 0 0 1
Nghost:           1737 ave        1744 max        1730 min
Histogram: 1 0 0 0 0 2 0 0 0 1
Neighs:          11000 ave       11574 max       10339 min
Histogram: 1 0 0 0 0 2 0 0 0 1

Total # of neighbors = 44000
Ave neighs/atom = 88
Neighbor list builds = 0
Dangerous builds = 0

# Релаксация ячейки iso
fix 2 all box/relax iso 0.0 vmax 0.0001
min_style cg
minimize 1.0e-10 1.0e-11 1000 5000
WARNING: Energy due to 1 extra global DOFs will be included in minimizer energies
 (src/min.cpp:219)
Per MPI rank memory allocation (min/avg/max) = 4.524 | 4.524 | 4.524 Mbytes
   Step           Lx             Ly             Lz           PotEng         Press           Fmax          Volume    
        87   17.652917      17.618008      17.577065     -2092.708       0.68147896     9.0863421e-05  5466.6294    
        88   17.652919      17.61801       17.577067     -2092.708      -0.013199996    9.1453119e-05  5466.6314    
Loop time of 0.0028694 on 4 procs for 1 steps with 500 atoms

76.9% CPU use with 4 MPI tasks x 1 OpenMP threads

Minimization stats:
  Stopping criterion = energy tolerance
  Energy initial, next-to-last, final = 
     -2092.70798866394  -2092.70798866394  -2092.70798866438
  Force two-norm initial, final = 0.0070401209 0.00095879819
  Force max component initial, final = 0.0069756227 0.00013511527
  Final line search alpha, max atom move = 0.014335638 1.9369635e-06
  Iterations, force evaluations = 1 2

MPI task timing breakdown:
Section |  min time  |  avg time  |  max time  |%varavg| %total
---------------------------------------------------------------
Pair    | 0.0024247  | 0.002432   | 0.002439   |   0.0 | 84.76
Neigh   | 0          | 0          | 0          |   0.0 |  0.00
Comm    | 0.00019247 | 0.00019592 | 0.00020009 |   0.0 |  6.83
Output  | 0          | 0          | 0          |   0.0 |  0.00
Modify  | 0          | 0          | 0          |   0.0 |  0.00
Other   |            | 0.0002414  |            |       |  8.41

Nlocal:            125 ave         132 max         117 min
Histogram: 1 0 0 0 0 1 1 0 0 1
Nghost:           1737 ave        1745 max        1730 min
Histogram: 1 0 0 0 2 0 0 0 0 1
Neighs:          11000 ave       11574 max       10253 min
Histogram: 1 0 0 0 0 0 2 0 0 1

Total # of neighbors = 44000
Ave neighs/atom = 88
Neighbor list builds = 0
Dangerous builds = 0
unfix 2

variable lat_const equal "lx/5"
variable eatom equal "pe/count(all)"
variable teng equal "pe"
variable natoms equal "count(all)"

print "Lattice parameter (lx/5) = ${lat_const} A"
Lattice parameter (lx/5) = 3.5305838392156 A
print "Total Potential Energy (PE) = ${teng} eV"
Total Potential Energy (PE) = -2092.70798866438 eV
print "Number of atoms = ${natoms}"
Number of atoms = 500
print "Cohesive energy (PE/N) = ${eatom} eV"
Cohesive energy (PE/N) = -4.18541597732875 eV
print "Minimization completed."
Minimization completed.

write_data B4_11_minimized.data
System init for write_data ...
Total wall time: 0:00:00
