read_data B4_4.data
Reading data file ...
  triclinic box = (0 0 0) to (17.6 17.6 17.6) with tilt (1.0776892e-15 1.0776892e-15 1.0776892e-15)
  1 by 2 by 2 MPI processor grid
  reading atoms ...
  500 atoms
  read_data CPU = 0.007 seconds

mass 1 58.6934  # Ni
mass 2 55.845   # Fe
mass 3 51.9961  # Cr

pair_style eam/alloy
pair_coeff * * FeNiCr_bonny.eam.alloy Ni Fe Cr

neighbor 2.0 bin
neigh_modify delay 0 check yes
timestep 0.001

thermo 10
thermo_style custom step lx ly lz pe press fmax vol

# --- ЭТАПЫ МИНИМИЗАЦИИ ---
min_style cg
minimize 1.0e-8 1.0e-9 1000 5000

CITE-CITE-CITE-CITE-CITE-CITE-CITE-CITE-CITE-CITE-CITE-CITE-CITE

Your simulation uses code contributions which should be cited:

- Type Label Framework: https://doi.org/10.1021/acs.jpcb.3c08419

@Article{Gissinger24,
 author = {Jacob R. Gissinger, Ilia Nikiforov, Yaser Afshar, Brendon Waters, Moon-ki Choi, Daniel S. Karls, Alexander Stukowski, Wonpil Im, Hendrik Heinz, Axel Kohlmeyer, and Ellad B. Tadmor},
 title = {Type Label Framework for Bonded Force Fields in LAMMPS},
 journal = {J. Phys. Chem. B},
 year =    2024,
 volume =  128,
 number =  13,
 pages =   {3282–-3297}
}

CITE-CITE-CITE-CITE-CITE-CITE-CITE-CITE-CITE-CITE-CITE-CITE-CITE

Neighbor list info ...
  update: every = 1 steps, delay = 0 steps, check = yes
  max neighbors/atom: 2000, page size: 100000
  master list distance cutoff = 7.6
  ghost atom cutoff = 7.6
  binsize = 3.8, bins = 5 5 5
  1 neighbor lists, perpetual/occasional/extra = 1 0 0
  (1) pair eam/alloy, perpetual
      attributes: half, newton on
      pair build: half/bin/atomonly/newton/tri
      stencil: half/bin/3d/tri
      bin: standard
Per MPI rank memory allocation (min/avg/max) = 4.524 | 4.524 | 4.524 Mbytes
   Step           Lx             Ly             Lz           PotEng         Press           Fmax          Volume    
         0   17.6           17.6           17.6          -2090.3927      6254.5463      0.76368722     5451.776     
        10   17.6           17.6           17.6          -2093.2683      5229.6837      0.013399702    5451.776     
        16   17.6           17.6           17.6          -2093.2699      5221.955       0.0011065212   5451.776     
Loop time of 0.0243229 on 4 procs for 16 steps with 500 atoms

84.4% CPU use with 4 MPI tasks x 1 OpenMP threads

Minimization stats:
  Stopping criterion = energy tolerance
  Energy initial, next-to-last, final = 
     -2090.39269919849   -2093.2698739825  -2093.26989333026
  Force two-norm initial, final = 9.0702689 0.013921331
  Force max component initial, final = 0.76368722 0.0011065212
  Final line search alpha, max atom move = 1 0.0011065212
  Iterations, force evaluations = 16 32

MPI task timing breakdown:
Section |  min time  |  avg time  |  max time  |%varavg| %total
---------------------------------------------------------------
Pair    | 0.021696   | 0.021704   | 0.021709   |   0.0 | 89.23
Neigh   | 0          | 0          | 0          |   0.0 |  0.00
Comm    | 0.0016716  | 0.0017706  | 0.0018676  |   0.2 |  7.28
Output  | 2.1902e-05 | 3.2893e-05 | 6.5498e-05 |   0.0 |  0.14
Modify  | 0          | 0          | 0          |   0.0 |  0.00
Other   |            | 0.0008155  |            |       |  3.35

Nlocal:            125 ave         145 max         105 min
Histogram: 1 0 0 0 0 2 0 0 0 1
Nghost:           1737 ave        1757 max        1717 min
Histogram: 1 0 0 0 0 2 0 0 0 1
Neighs:          11000 ave       12667 max        9238 min
Histogram: 1 0 0 0 0 2 0 0 0 1

Total # of neighbors = 44000
Ave neighs/atom = 88
Neighbor list builds = 0
Dangerous builds = 0

# Релаксация ячейки aniso
fix 1 all box/relax aniso 0.0 vmax 0.0001
min_style cg
minimize 1.0e-10 1.0e-11 1000 5000
WARNING: Energy due to 3 extra global DOFs will be included in minimizer energies
 (src/min.cpp:219)
Per MPI rank memory allocation (min/avg/max) = 4.524 | 4.524 | 4.524 Mbytes
   Step           Lx             Ly             Lz           PotEng         Press           Fmax          Volume    
        16   17.6           17.6           17.6          -2093.2699      5221.955       0.0011065212   5451.776     
        20   17.605246      17.603819      17.60704      -2093.2842      3444.704       0.0043514171   5456.7663    
        30   17.614423      17.606248      17.62464      -2093.2979      252.04994      0.01297395     5465.822     
        40   17.614036      17.591442      17.64224      -2093.3008      0.15194759     0.017730573    5466.559     
        50   17.614142      17.589095      17.645867     -2093.3022     -0.20019035     0.0025228352   5466.9864    
        57   17.614186      17.58911       17.645968     -2093.3022     -12.030354      0.0013374264   5467.0359    
Loop time of 0.0558596 on 4 procs for 41 steps with 500 atoms

90.4% CPU use with 4 MPI tasks x 1 OpenMP threads

Minimization stats:
  Stopping criterion = energy tolerance
  Energy initial, next-to-last, final = 
     -2093.26989333026  -2093.30224803228  -2093.30224817562
  Force two-norm initial, final = 31.490466 0.072764409
  Force max component initial, final = 22.65265 0.046188199
  Final line search alpha, max atom move = 0.04679333 0.0021612996
  Iterations, force evaluations = 41 58

MPI task timing breakdown:
Section |  min time  |  avg time  |  max time  |%varavg| %total
---------------------------------------------------------------
Pair    | 0.042569   | 0.042652   | 0.042709   |   0.0 | 76.36
Neigh   | 0          | 0          | 0          |   0.0 |  0.00
Comm    | 0.0040113  | 0.0047503  | 0.0054327  |   1.0 |  8.50
Output  | 7.877e-05  | 0.00012927 | 0.00027931 |   0.0 |  0.23
Modify  | 0          | 0          | 0          |   0.0 |  0.00
Other   |            | 0.008328   |            |       | 14.91

Nlocal:            125 ave         139 max         111 min
Histogram: 1 1 0 0 0 0 0 0 1 1
Nghost:           1737 ave        1751 max        1723 min
Histogram: 1 1 0 0 0 0 0 0 1 1
Neighs:          11000 ave       12238 max        9762 min
Histogram: 1 1 0 0 0 0 0 0 1 1

Total # of neighbors = 44000
Ave neighs/atom = 88
Neighbor list builds = 0
Dangerous builds = 0
unfix 1

# Промежуточная минимизация атомов
min_style cg
minimize 1.0e-10 1.0e-11 1000 5000
Per MPI rank memory allocation (min/avg/max) = 4.524 | 4.524 | 4.524 Mbytes
   Step           Lx             Ly             Lz           PotEng         Press           Fmax          Volume    
        57   17.614186      17.58911       17.645968     -2093.3022     -12.030354      0.0013374264   5467.0359    
        60   17.614186      17.58911       17.645968     -2093.3023     -11.178017      0.00086846586  5467.0359    
        66   17.614186      17.58911       17.645968     -2093.3023     -9.2705328      0.00012578931  5467.0359    
Loop time of 0.0118823 on 4 procs for 9 steps with 500 atoms

73.2% CPU use with 4 MPI tasks x 1 OpenMP threads

Minimization stats:
  Stopping criterion = energy tolerance
  Energy initial, next-to-last, final = 
     -2093.30224817562  -2093.30227712586  -2093.30227731719
  Force two-norm initial, final = 0.014212117 0.0013462502
  Force max component initial, final = 0.0013374264 0.00012578931
  Final line search alpha, max atom move = 1 0.00012578931
  Iterations, force evaluations = 9 18

MPI task timing breakdown:
Section |  min time  |  avg time  |  max time  |%varavg| %total
---------------------------------------------------------------
Pair    | 0.010055   | 0.010059   | 0.010062   |   0.0 | 84.65
Neigh   | 0          | 0          | 0          |   0.0 |  0.00
Comm    | 0.0011257  | 0.0011304  | 0.0011326  |   0.0 |  9.51
Output  | 2.1546e-05 | 3.4484e-05 | 7.2015e-05 |   0.0 |  0.29
Modify  | 0          | 0          | 0          |   0.0 |  0.00
Other   |            | 0.0006588  |            |       |  5.54

Nlocal:            125 ave         140 max         110 min
Histogram: 1 0 1 0 0 0 0 0 1 1
Nghost:           1737 ave        1752 max        1722 min
Histogram: 1 0 1 0 0 0 0 0 1 1
Neighs:          11000 ave       12324 max        9676 min
Histogram: 1 1 0 0 0 0 0 0 1 1

Total # of neighbors = 44000
Ave neighs/atom = 88
Neighbor list builds = 0
Dangerous builds = 0

# Релаксация ячейки iso
fix 2 all box/relax iso 0.0 vmax 0.0001
min_style cg
minimize 1.0e-10 1.0e-11 1000 5000
WARNING: Energy due to 1 extra global DOFs will be included in minimizer energies
 (src/min.cpp:219)
Per MPI rank memory allocation (min/avg/max) = 4.524 | 4.524 | 4.524 Mbytes
   Step           Lx             Ly             Lz           PotEng         Press           Fmax          Volume    
        66   17.614186      17.58911       17.645968     -2093.3023     -9.2705328      0.00012578931  5467.0359    
        67   17.614157      17.589082      17.645939     -2093.3023     -0.0050688033   0.000119966    5467.0095    
Loop time of 0.0126309 on 4 procs for 1 steps with 500 atoms

64.3% CPU use with 4 MPI tasks x 1 OpenMP threads

Minimization stats:
  Stopping criterion = energy tolerance
  Energy initial, next-to-last, final = 
     -2093.30227731719  -2093.30227731719  -2093.30227739384
  Force two-norm initial, final = 0.094909834 0.0013623929
  Force max component initial, final = 0.094900286 0.000119966
  Final line search alpha, max atom move = 0.0010537376 1.2641269e-07
  Iterations, force evaluations = 1 2

MPI task timing breakdown:
Section |  min time  |  avg time  |  max time  |%varavg| %total
---------------------------------------------------------------
Pair    | 0.012229   | 0.012263   | 0.012296   |   0.0 | 97.08
Neigh   | 0          | 0          | 0          |   0.0 |  0.00
Comm    | 0.00014935 | 0.00018383 | 0.00021832 |   0.0 |  1.46
Output  | 0          | 0          | 0          |   0.0 |  0.00
Modify  | 0          | 0          | 0          |   0.0 |  0.00
Other   |            | 0.0001844  |            |       |  1.46

Nlocal:            125 ave         140 max         110 min
Histogram: 1 0 1 0 0 0 0 0 1 1
Nghost:           1737 ave        1752 max        1722 min
Histogram: 1 0 1 0 0 0 0 0 1 1
Neighs:          11000 ave       12324 max        9676 min
Histogram: 1 1 0 0 0 0 0 0 1 1

Total # of neighbors = 44000
Ave neighs/atom = 88
Neighbor list builds = 0
Dangerous builds = 0
unfix 2

variable lat_const equal "lx/5"
variable eatom equal "pe/count(all)"
variable teng equal "pe"
variable natoms equal "count(all)"

print "Lattice parameter (lx/5) = ${lat_const} A"
Lattice parameter (lx/5) = 3.52283142483614 A
print "Total Potential Energy (PE) = ${teng} eV"
Total Potential Energy (PE) = -2093.30227739384 eV
print "Number of atoms = ${natoms}"
Number of atoms = 500
print "Cohesive energy (PE/N) = ${eatom} eV"
Cohesive energy (PE/N) = -4.18660455478768 eV
print "Minimization completed."
Minimization completed.

write_data B4_4_minimized.data
System init for write_data ...
Total wall time: 0:00:00
