read_data B4_6.data
Reading data file ...
  triclinic box = (0 0 0) to (17.6 17.6 17.6) with tilt (1.0776892e-15 1.0776892e-15 1.0776892e-15)
  1 by 2 by 2 MPI processor grid
  reading atoms ...
  500 atoms
  read_data CPU = 0.009 seconds

mass 1 58.6934  # Ni
mass 2 55.845   # Fe
mass 3 51.9961  # Cr

pair_style eam/alloy
pair_coeff * * FeNiCr_bonny.eam.alloy Ni Fe Cr

neighbor 2.0 bin
neigh_modify delay 0 check yes
timestep 0.001

thermo 10
thermo_style custom step lx ly lz pe press fmax vol

# --- ЭТАПЫ МИНИМИЗАЦИИ ---
min_style cg
minimize 1.0e-8 1.0e-9 1000 5000

CITE-CITE-CITE-CITE-CITE-CITE-CITE-CITE-CITE-CITE-CITE-CITE-CITE

Your simulation uses code contributions which should be cited:

- Type Label Framework: https://doi.org/10.1021/acs.jpcb.3c08419

@Article{Gissinger24,
 author = {Jacob R. Gissinger, Ilia Nikiforov, Yaser Afshar, Brendon Waters, Moon-ki Choi, Daniel S. Karls, Alexander Stukowski, Wonpil Im, Hendrik Heinz, Axel Kohlmeyer, and Ellad B. Tadmor},
 title = {Type Label Framework for Bonded Force Fields in LAMMPS},
 journal = {J. Phys. Chem. B},
 year =    2024,
 volume =  128,
 number =  13,
 pages =   {3282–-3297}
}

CITE-CITE-CITE-CITE-CITE-CITE-CITE-CITE-CITE-CITE-CITE-CITE-CITE

Neighbor list info ...
  update: every = 1 steps, delay = 0 steps, check = yes
  max neighbors/atom: 2000, page size: 100000
  master list distance cutoff = 7.6
  ghost atom cutoff = 7.6
  binsize = 3.8, bins = 5 5 5
  1 neighbor lists, perpetual/occasional/extra = 1 0 0
  (1) pair eam/alloy, perpetual
      attributes: half, newton on
      pair build: half/bin/atomonly/newton/tri
      stencil: half/bin/3d/tri
      bin: standard
Per MPI rank memory allocation (min/avg/max) = 4.524 | 4.524 | 4.524 Mbytes
   Step           Lx             Ly             Lz           PotEng         Press           Fmax          Volume    
         0   17.6           17.6           17.6          -2090.5991      6097.7758      0.97283001     5451.776     
        10   17.6           17.6           17.6          -2093.5079      4764.6276      0.010810514    5451.776     
        17   17.6           17.6           17.6          -2093.5098      4761.2448      0.0013977893   5451.776     
Loop time of 0.0413089 on 4 procs for 17 steps with 500 atoms

83.4% CPU use with 4 MPI tasks x 1 OpenMP threads

Minimization stats:
  Stopping criterion = energy tolerance
  Energy initial, next-to-last, final = 
      -2090.5990811675    -2093.509749165  -2093.50976286315
  Force two-norm initial, final = 8.996851 0.012116522
  Force max component initial, final = 0.97283001 0.0013977893
  Final line search alpha, max atom move = 1 0.0013977893
  Iterations, force evaluations = 17 34

MPI task timing breakdown:
Section |  min time  |  avg time  |  max time  |%varavg| %total
---------------------------------------------------------------
Pair    | 0.03393    | 0.034445   | 0.035469   |   0.3 | 83.38
Neigh   | 0          | 0          | 0          |   0.0 |  0.00
Comm    | 0.0036765  | 0.0041253  | 0.004926   |   0.8 |  9.99
Output  | 2.4169e-05 | 3.7768e-05 | 7.7362e-05 |   0.0 |  0.09
Modify  | 0          | 0          | 0          |   0.0 |  0.00
Other   |            | 0.002701   |            |       |  6.54

Nlocal:            125 ave         145 max         105 min
Histogram: 1 0 0 0 0 2 0 0 0 1
Nghost:           1737 ave        1757 max        1717 min
Histogram: 1 0 0 0 0 2 0 0 0 1
Neighs:          11000 ave       12743 max        9249 min
Histogram: 1 0 0 0 1 1 0 0 0 1

Total # of neighbors = 44000
Ave neighs/atom = 88
Neighbor list builds = 0
Dangerous builds = 0

# Релаксация ячейки aniso
fix 1 all box/relax aniso 0.0 vmax 0.0001
min_style cg
minimize 1.0e-10 1.0e-11 1000 5000
WARNING: Energy due to 3 extra global DOFs will be included in minimizer energies
 (src/min.cpp:219)
Per MPI rank memory allocation (min/avg/max) = 4.524 | 4.524 | 4.524 Mbytes
   Step           Lx             Ly             Lz           PotEng         Press           Fmax          Volume    
        17   17.6           17.6           17.6          -2093.5098      4761.2448      0.0013977893   5451.776     
        20   17.60528       17.603623      17.604175     -2093.5202      3315.2445      0.0033358837   5455.8281    
        30   17.62288       17.607562      17.612836     -2093.5315     -1.2444293      0.010960107    5465.1916    
        40   17.629816      17.60181       17.611974     -2093.5326      37.662542      0.0043993305   5465.2893    
        50   17.63295       17.599927      17.61162      -2093.5329      0.1080299      0.0012490921   5465.5663    
        54   17.632952      17.59995       17.611659     -2093.5329     -6.6661222      0.00093223893  5465.5859    
Loop time of 0.0642805 on 4 procs for 37 steps with 500 atoms

83.4% CPU use with 4 MPI tasks x 1 OpenMP threads

Minimization stats:
  Stopping criterion = energy tolerance
  Energy initial, next-to-last, final = 
     -2093.50976286315  -2093.53291272749  -2093.53291277897
  Force two-norm initial, final = 28.350697 0.040957795
  Force max component initial, final = 19.320632 0.02465779
  Final line search alpha, max atom move = 0.035273464 0.00086976566
  Iterations, force evaluations = 37 54

MPI task timing breakdown:
Section |  min time  |  avg time  |  max time  |%varavg| %total
---------------------------------------------------------------
Pair    | 0.05027    | 0.050395   | 0.050468   |   0.0 | 78.40
Neigh   | 0          | 0          | 0          |   0.0 |  0.00
Comm    | 0.0042367  | 0.0053378  | 0.0063079  |   1.2 |  8.30
Output  | 8.9035e-05 | 0.00014369 | 0.000305   |   0.0 |  0.22
Modify  | 0          | 0          | 0          |   0.0 |  0.00
Other   |            | 0.008404   |            |       | 13.07

Nlocal:            125 ave         136 max         117 min
Histogram: 2 0 0 0 0 0 1 0 0 1
Nghost:           1737 ave        1745 max        1726 min
Histogram: 1 0 0 1 0 0 0 0 0 2
Neighs:          11000 ave       11960 max       10298 min
Histogram: 2 0 0 0 0 0 1 0 0 1

Total # of neighbors = 44000
Ave neighs/atom = 88
Neighbor list builds = 0
Dangerous builds = 0
unfix 1

# Промежуточная минимизация атомов
min_style cg
minimize 1.0e-10 1.0e-11 1000 5000
Per MPI rank memory allocation (min/avg/max) = 4.524 | 4.524 | 4.524 Mbytes
   Step           Lx             Ly             Lz           PotEng         Press           Fmax          Volume    
        54   17.632952      17.59995       17.611659     -2093.5329     -6.6661222      0.00093223893  5465.5859    
        60   17.632952      17.59995       17.611659     -2093.5329     -4.8875038      0.00021743046  5465.5859    
        62   17.632952      17.59995       17.611659     -2093.5329     -4.4114459      0.00012106644  5465.5859    
Loop time of 0.0165011 on 4 procs for 8 steps with 500 atoms

81.7% CPU use with 4 MPI tasks x 1 OpenMP threads

Minimization stats:
  Stopping criterion = energy tolerance
  Energy initial, next-to-last, final = 
     -2093.53291277897   -2093.5329266494  -2093.53292683702
  Force two-norm initial, final = 0.010848767 0.0013865489
  Force max component initial, final = 0.00093223893 0.00012106644
  Final line search alpha, max atom move = 1 0.00012106644
  Iterations, force evaluations = 8 16

MPI task timing breakdown:
Section |  min time  |  avg time  |  max time  |%varavg| %total
---------------------------------------------------------------
Pair    | 0.013776   | 0.013848   | 0.013917   |   0.1 | 83.92
Neigh   | 0          | 0          | 0          |   0.0 |  0.00
Comm    | 0.0012879  | 0.0017018  | 0.0018754  |   0.6 | 10.31
Output  | 2.3666e-05 | 3.786e-05  | 8.017e-05  |   0.0 |  0.23
Modify  | 0          | 0          | 0          |   0.0 |  0.00
Other   |            | 0.0009139  |            |       |  5.54

Nlocal:            125 ave         136 max         117 min
Histogram: 2 0 0 0 0 0 1 0 0 1
Nghost:           1737 ave        1745 max        1726 min
Histogram: 1 0 0 1 0 0 0 0 0 2
Neighs:          11000 ave       11960 max       10298 min
Histogram: 2 0 0 0 0 0 1 0 0 1

Total # of neighbors = 44000
Ave neighs/atom = 88
Neighbor list builds = 0
Dangerous builds = 0

# Релаксация ячейки iso
fix 2 all box/relax iso 0.0 vmax 0.0001
min_style cg
minimize 1.0e-10 1.0e-11 1000 5000
WARNING: Energy due to 1 extra global DOFs will be included in minimizer energies
 (src/min.cpp:219)
Per MPI rank memory allocation (min/avg/max) = 4.524 | 4.524 | 4.524 Mbytes
   Step           Lx             Ly             Lz           PotEng         Press           Fmax          Volume    
        62   17.632952      17.59995       17.611659     -2093.5329     -4.4114459      0.00012106644  5465.5859    
        63   17.632938      17.599936      17.611646     -2093.5329      0.00059344691  0.0001232636   5465.5733    
Loop time of 0.00311396 on 4 procs for 1 steps with 500 atoms

77.2% CPU use with 4 MPI tasks x 1 OpenMP threads

Minimization stats:
  Stopping criterion = energy tolerance
  Energy initial, next-to-last, final = 
     -2093.53292683702  -2093.53292683702  -2093.53292685437
  Force two-norm initial, final = 0.045168253 0.0014200262
  Force max component initial, final = 0.045146967 0.0001232636
  Final line search alpha, max atom move = 0.0022149882 2.7302743e-07
  Iterations, force evaluations = 1 2

MPI task timing breakdown:
Section |  min time  |  avg time  |  max time  |%varavg| %total
---------------------------------------------------------------
Pair    | 0.002703   | 0.0027061  | 0.0027131  |   0.0 | 86.90
Neigh   | 0          | 0          | 0          |   0.0 |  0.00
Comm    | 0.00017699 | 0.00018153 | 0.00018611 |   0.0 |  5.83
Output  | 0          | 0          | 0          |   0.0 |  0.00
Modify  | 0          | 0          | 0          |   0.0 |  0.00
Other   |            | 0.0002264  |            |       |  7.27

Nlocal:            125 ave         136 max         117 min
Histogram: 1 1 0 0 0 1 0 0 0 1
Nghost:           1737 ave        1745 max        1726 min
Histogram: 1 0 0 0 1 0 0 0 1 1
Neighs:          11000 ave       11960 max       10298 min
Histogram: 1 1 0 0 0 1 0 0 0 1

Total # of neighbors = 44000
Ave neighs/atom = 88
Neighbor list builds = 0
Dangerous builds = 0
unfix 2

variable lat_const equal "lx/5"
variable eatom equal "pe/count(all)"
variable teng equal "pe"
variable natoms equal "count(all)"

print "Lattice parameter (lx/5) = ${lat_const} A"
Lattice parameter (lx/5) = 3.52658766511665 A
print "Total Potential Energy (PE) = ${teng} eV"
Total Potential Energy (PE) = -2093.53292685437 eV
print "Number of atoms = ${natoms}"
Number of atoms = 500
print "Cohesive energy (PE/N) = ${eatom} eV"
Cohesive energy (PE/N) = -4.18706585370874 eV
print "Minimization completed."
Minimization completed.

write_data B4_6_minimized.data
System init for write_data ...
Total wall time: 0:00:00
