read_data B4_9.data
Reading data file ...
  triclinic box = (0 0 0) to (17.6 17.6 17.6) with tilt (1.0776892e-15 1.0776892e-15 1.0776892e-15)
  1 by 2 by 2 MPI processor grid
  reading atoms ...
  500 atoms
  read_data CPU = 0.010 seconds

mass 1 58.6934  # Ni
mass 2 55.845   # Fe
mass 3 51.9961  # Cr

pair_style eam/alloy
pair_coeff * * FeNiCr_bonny.eam.alloy Ni Fe Cr

neighbor 2.0 bin
neigh_modify delay 0 check yes
timestep 0.001

thermo 10
thermo_style custom step lx ly lz pe press fmax vol

# --- ЭТАПЫ МИНИМИЗАЦИИ ---
min_style cg
minimize 1.0e-8 1.0e-9 1000 5000

CITE-CITE-CITE-CITE-CITE-CITE-CITE-CITE-CITE-CITE-CITE-CITE-CITE

Your simulation uses code contributions which should be cited:

- Type Label Framework: https://doi.org/10.1021/acs.jpcb.3c08419

@Article{Gissinger24,
 author = {Jacob R. Gissinger, Ilia Nikiforov, Yaser Afshar, Brendon Waters, Moon-ki Choi, Daniel S. Karls, Alexander Stukowski, Wonpil Im, Hendrik Heinz, Axel Kohlmeyer, and Ellad B. Tadmor},
 title = {Type Label Framework for Bonded Force Fields in LAMMPS},
 journal = {J. Phys. Chem. B},
 year =    2024,
 volume =  128,
 number =  13,
 pages =   {3282–-3297}
}

CITE-CITE-CITE-CITE-CITE-CITE-CITE-CITE-CITE-CITE-CITE-CITE-CITE

Neighbor list info ...
  update: every = 1 steps, delay = 0 steps, check = yes
  max neighbors/atom: 2000, page size: 100000
  master list distance cutoff = 7.6
  ghost atom cutoff = 7.6
  binsize = 3.8, bins = 5 5 5
  1 neighbor lists, perpetual/occasional/extra = 1 0 0
  (1) pair eam/alloy, perpetual
      attributes: half, newton on
      pair build: half/bin/atomonly/newton/tri
      stencil: half/bin/3d/tri
      bin: standard
Per MPI rank memory allocation (min/avg/max) = 4.524 | 4.524 | 4.524 Mbytes
   Step           Lx             Ly             Lz           PotEng         Press           Fmax          Volume    
         0   17.6           17.6           17.6          -2089.6789      6853.592       0.7484994      5451.776     
        10   17.6           17.6           17.6          -2092.5365      5666.9439      0.01215609     5451.776     
        17   17.6           17.6           17.6          -2092.538       5683.0594      0.00091646964  5451.776     
Loop time of 0.0492493 on 4 procs for 17 steps with 500 atoms

69.7% CPU use with 4 MPI tasks x 1 OpenMP threads

Minimization stats:
  Stopping criterion = energy tolerance
  Energy initial, next-to-last, final = 
     -2089.67890613057   -2092.5380223615  -2092.53803471972
  Force two-norm initial, final = 8.812984 0.010855532
  Force max component initial, final = 0.7484994 0.00091646964
  Final line search alpha, max atom move = 1 0.00091646964
  Iterations, force evaluations = 17 34

MPI task timing breakdown:
Section |  min time  |  avg time  |  max time  |%varavg| %total
---------------------------------------------------------------
Pair    | 0.035391   | 0.039473   | 0.043572   |   2.0 | 80.15
Neigh   | 0          | 0          | 0          |   0.0 |  0.00
Comm    | 0.0045646  | 0.0086661  | 0.012753   |   4.4 | 17.60
Output  | 2.5734e-05 | 3.92e-05   | 7.9409e-05 |   0.0 |  0.08
Modify  | 0          | 0          | 0          |   0.0 |  0.00
Other   |            | 0.001071   |            |       |  2.17

Nlocal:            125 ave         145 max         105 min
Histogram: 1 0 0 0 0 2 0 0 0 1
Nghost:           1737 ave        1757 max        1717 min
Histogram: 1 0 0 0 0 2 0 0 0 1
Neighs:          11000 ave       12808 max        9208 min
Histogram: 1 0 0 0 1 1 0 0 0 1

Total # of neighbors = 44000
Ave neighs/atom = 88
Neighbor list builds = 0
Dangerous builds = 0

# Релаксация ячейки aniso
fix 1 all box/relax aniso 0.0 vmax 0.0001
min_style cg
minimize 1.0e-10 1.0e-11 1000 5000
WARNING: Energy due to 3 extra global DOFs will be included in minimizer energies
 (src/min.cpp:219)
Per MPI rank memory allocation (min/avg/max) = 4.524 | 4.524 | 4.524 Mbytes
   Step           Lx             Ly             Lz           PotEng         Press           Fmax          Volume    
        17   17.6           17.6           17.6          -2092.538       5683.0594      0.00091646964  5451.776     
        20   17.604744      17.604896      17.60528      -2092.5521      4046.9642      0.004410034    5456.3989    
        30   17.613386      17.615967      17.62255      -2092.5669      31.357876      0.013651968    5467.8691    
        40   17.611635      17.615477      17.624241     -2092.5674      158.49799      0.0069198264   5467.6978    
        50   17.613878      17.616886      17.622952     -2092.5678     -9.0814224      0.0019751968   5468.4318    
        60   17.613145      17.616465      17.624202     -2092.5678     -2.3336573      0.0010013044   5468.4612    
Loop time of 0.0748088 on 4 procs for 43 steps with 500 atoms

72.6% CPU use with 4 MPI tasks x 1 OpenMP threads

Minimization stats:
  Stopping criterion = energy tolerance
  Energy initial, next-to-last, final = 
     -2092.53803471972  -2092.56783337892  -2092.56783340513
  Force two-norm initial, final = 33.523249 0.020600123
  Force max component initial, final = 20.431665 0.014146646
  Final line search alpha, max atom move = 0.0069737728 9.8655495e-05
  Iterations, force evaluations = 43 69

MPI task timing breakdown:
Section |  min time  |  avg time  |  max time  |%varavg| %total
---------------------------------------------------------------
Pair    | 0.056615   | 0.056711   | 0.056886   |   0.0 | 75.81
Neigh   | 0          | 0          | 0          |   0.0 |  0.00
Comm    | 0.0056024  | 0.0068279  | 0.0078164  |   1.1 |  9.13
Output  | 8.2018e-05 | 0.00012961 | 0.0002713  |   0.0 |  0.17
Modify  | 0          | 0          | 0          |   0.0 |  0.00
Other   |            | 0.01114    |            |       | 14.89

Nlocal:            125 ave         135 max         115 min
Histogram: 1 1 0 0 0 0 0 0 1 1
Nghost:           1737 ave        1747 max        1727 min
Histogram: 1 1 0 0 0 0 0 0 1 1
Neighs:          11000 ave       11879 max       10174 min
Histogram: 1 1 0 0 0 0 0 0 1 1

Total # of neighbors = 44000
Ave neighs/atom = 88
Neighbor list builds = 0
Dangerous builds = 0
unfix 1

# Промежуточная минимизация атомов
min_style cg
minimize 1.0e-10 1.0e-11 1000 5000
Per MPI rank memory allocation (min/avg/max) = 4.524 | 4.524 | 4.524 Mbytes
   Step           Lx             Ly             Lz           PotEng         Press           Fmax          Volume    
        60   17.613145      17.616465      17.624202     -2092.5678     -2.3336573      0.0010013044   5468.4612    
        69   17.613145      17.616465      17.624202     -2092.5679      3.1625966      9.760827e-05   5468.4612    
Loop time of 0.0204022 on 4 procs for 9 steps with 500 atoms

68.2% CPU use with 4 MPI tasks x 1 OpenMP threads

Minimization stats:
  Stopping criterion = energy tolerance
  Energy initial, next-to-last, final = 
     -2092.56783340513  -2092.56785163607  -2092.56785172293
  Force two-norm initial, final = 0.012155569 0.00099454865
  Force max component initial, final = 0.0010013044 9.760827e-05
  Final line search alpha, max atom move = 1 9.760827e-05
  Iterations, force evaluations = 9 18

MPI task timing breakdown:
Section |  min time  |  avg time  |  max time  |%varavg| %total
---------------------------------------------------------------
Pair    | 0.013111   | 0.013258   | 0.013422   |   0.1 | 64.98
Neigh   | 0          | 0          | 0          |   0.0 |  0.00
Comm    | 0.0015181  | 0.0028237  | 0.0035366  |   1.5 | 13.84
Output  | 0          | 0          | 0          |   0.0 |  0.00
Modify  | 0          | 0          | 0          |   0.0 |  0.00
Other   |            | 0.004321   |            |       | 21.18

Nlocal:            125 ave         135 max         116 min
Histogram: 2 0 0 0 0 0 0 0 1 1
Nghost:           1737 ave        1746 max        1727 min
Histogram: 1 1 0 0 0 0 0 0 0 2
Neighs:          11000 ave       11879 max       10264 min
Histogram: 2 0 0 0 0 0 0 1 0 1

Total # of neighbors = 44000
Ave neighs/atom = 88
Neighbor list builds = 0
Dangerous builds = 0

# Релаксация ячейки iso
fix 2 all box/relax iso 0.0 vmax 0.0001
min_style cg
minimize 1.0e-10 1.0e-11 1000 5000
WARNING: Energy due to 1 extra global DOFs will be included in minimizer energies
 (src/min.cpp:219)
Per MPI rank memory allocation (min/avg/max) = 4.524 | 4.524 | 4.524 Mbytes
   Step           Lx             Ly             Lz           PotEng         Press           Fmax          Volume    
        69   17.613145      17.616465      17.624202     -2092.5679      3.1625966      9.760827e-05   5468.4612    
        70   17.613155      17.616475      17.624212     -2092.5679     -0.0055992786   0.00010019383  5468.4703    
Loop time of 0.00315575 on 4 procs for 1 steps with 500 atoms

77.0% CPU use with 4 MPI tasks x 1 OpenMP threads

Minimization stats:
  Stopping criterion = energy tolerance
  Energy initial, next-to-last, final = 
     -2092.56785172293  -2092.56785172293  -2092.56785173195
  Force two-norm initial, final = 0.032398473 0.00099524468
  Force max component initial, final = 0.032383205 0.00010019383
  Final line search alpha, max atom move = 0.0030880205 3.094006e-07
  Iterations, force evaluations = 1 2

MPI task timing breakdown:
Section |  min time  |  avg time  |  max time  |%varavg| %total
---------------------------------------------------------------
Pair    | 0.0025012  | 0.0025311  | 0.0025855  |   0.1 | 80.20
Neigh   | 0          | 0          | 0          |   0.0 |  0.00
Comm    | 0.00026046 | 0.0003416  | 0.0003995  |   0.0 | 10.82
Output  | 0          | 0          | 0          |   0.0 |  0.00
Modify  | 0          | 0          | 0          |   0.0 |  0.00
Other   |            | 0.0002831  |            |       |  8.97

Nlocal:            125 ave         135 max         115 min
Histogram: 1 1 0 0 0 0 0 0 1 1
Nghost:           1737 ave        1747 max        1727 min
Histogram: 1 1 0 0 0 0 0 0 1 1
Neighs:          11000 ave       11879 max       10173 min
Histogram: 1 1 0 0 0 0 0 0 1 1

Total # of neighbors = 44000
Ave neighs/atom = 88
Neighbor list builds = 0
Dangerous builds = 0
unfix 2

variable lat_const equal "lx/5"
variable eatom equal "pe/count(all)"
variable teng equal "pe"
variable natoms equal "count(all)"

print "Lattice parameter (lx/5) = ${lat_const} A"
Lattice parameter (lx/5) = 3.52263090239388 A
print "Total Potential Energy (PE) = ${teng} eV"
Total Potential Energy (PE) = -2092.56785173195 eV
print "Number of atoms = ${natoms}"
Number of atoms = 500
print "Cohesive energy (PE/N) = ${eatom} eV"
Cohesive energy (PE/N) = -4.18513570346389 eV
print "Minimization completed."
Minimization completed.

write_data B4_9_minimized.data
System init for write_data ...
Total wall time: 0:00:00
