read_data B2_1.data
Reading data file ...
  triclinic box = (0 0 0) to (17.245 17.245 17.245) with tilt (1.0559517e-15 1.0559517e-15 1.0559517e-15)
  1 by 1 by 1 MPI processor grid
  reading atoms ...
  500 atoms
  read_data CPU = 0.004 seconds

mass 1 58.6934  # Ni
mass 2 55.845   # Fe
mass 3 51.9961  # Cr

pair_style metatomic pet-mad-latest.pt device cpu

This is the PET-MAD v1.0.2 model
================================

A universal interatomic potential for advanced materials modeling

Model authors
-------------

- Arslan Mazitov (arslan.mazitov@epfl.ch)
- Filippo Bigi
- Matthias Kellner
- Paolo Pegolo
- Davide Tisi
- Guillaume Fraux
- Sergey Pozdnyakov
- Philip Loche
- Michele Ceriotti (michele.ceriotti@epfl.ch)

Model references
----------------

Please cite the following references when using this model:
- about this specific model:
  * http://arxiv.org/abs/2503.14118
- about the architecture of this model:
  * LLPR (uncertainty method):
    https://iopscience.iop.org/article/10.1088/2632-2153/ad805f
  * LPR (if using per-atom uncertainty):
    https://pubs.acs.org/doi/10.1021/acs.jctc.3c00704
  * https://arxiv.org/abs/2305.19302v3

WARNING: the model declared support for unknown device 'cuda', it will be ignored (src/ML-METATOMIC/pair_metatomic.cpp:216)
Running simulation on cpu device with float32 data
pair_coeff * * 28 26 24

neighbor 2.0 bin
neigh_modify delay 0 check yes
timestep 0.001

thermo 10
thermo_style custom step lx ly lz pe press fmax vol

# --- ЭТАПЫ МИНИМИЗАЦИИ ---
min_style cg
minimize 1.0e-8 1.0e-9 1000 5000

CITE-CITE-CITE-CITE-CITE-CITE-CITE-CITE-CITE-CITE-CITE-CITE-CITE

Your simulation uses code contributions which should be cited:

- LLPR (uncertainty method): https://iopscience.iop.org/article/10.1088/2632-2153/ad805f
- LPR (if using per-atom uncertainty): https://pubs.acs.org/doi/10.1021/acs.jctc.3c00704
- https://arxiv.org/abs/2305.19302v3
- http://arxiv.org/abs/2503.14118
CITE-CITE-CITE-CITE-CITE-CITE-CITE-CITE-CITE-CITE-CITE-CITE-CITE

Neighbor list info ...
  update: every = 1 steps, delay = 0 steps, check = yes
  max neighbors/atom: 2000, page size: 100000
  master list distance cutoff = 11
  ghost atom cutoff = 11
  binsize = 5.5, bins = 4 4 4
  1 neighbor lists, perpetual/occasional/extra = 1 0 0
  (1) pair metatomic, perpetual
      attributes: full, newton on, ghost
      pair build: full/bin/ghost
      stencil: full/ghost/bin/3d
      bin: standard
Per MPI rank memory allocation (min/avg/max) = 19.8 | 19.8 | 19.8 Mbytes
   Step           Lx             Ly             Lz           PotEng         Press           Fmax          Volume    
         0   17.245         17.245         17.245        -4028.9189      74097.042      1.0458188      5128.491     
        10   17.245         17.245         17.245        -4035.2205      75610.041      0.014990382    5128.491     
        14   17.245         17.245         17.245        -4035.2219      75612.335      0.0039504319   5128.491     
Loop time of 65.2682 on 8 procs for 14 steps with 500 atoms

767.0% CPU use with 1 MPI tasks x 8 OpenMP threads

Minimization stats:
  Stopping criterion = energy tolerance
  Energy initial, next-to-last, final = 
      -4028.9189453125  -4035.22192382812  -4035.22192382812
  Force two-norm initial, final = 11.314892 0.035785518
  Force max component initial, final = 1.0458188 0.0039504319
  Final line search alpha, max atom move = 1 0.0039504319
  Iterations, force evaluations = 14 28

MPI task timing breakdown:
Section |  min time  |  avg time  |  max time  |%varavg| %total
---------------------------------------------------------------
Pair    | 65.267     | 65.267     | 65.267     |   0.0 |100.00
Neigh   | 0          | 0          | 0          |   0.0 |  0.00
Comm    | 0.00074405 | 0.00074405 | 0.00074405 |   0.0 |  0.00
Output  | 2.8768e-05 | 2.8768e-05 | 2.8768e-05 |   0.0 |  0.00
Modify  | 0          | 0          | 0          |   0.0 |  0.00
Other   |            | 0.0005482  |            |       |  0.00

Nlocal:            500 ave         500 max         500 min
Histogram: 1 0 0 0 0 0 0 0 0 0
Nghost:           5584 ave        5584 max        5584 min
Histogram: 1 0 0 0 0 0 0 0 0 0
Neighs:              0 ave           0 max           0 min
Histogram: 1 0 0 0 0 0 0 0 0 0
FullNghs:       277000 ave      277000 max      277000 min
Histogram: 1 0 0 0 0 0 0 0 0 0

Total # of neighbors = 277000
Ave neighs/atom = 554
Neighbor list builds = 0
Dangerous builds = 0

# Релаксация ячейки aniso
fix 1 all box/relax aniso 0.0 vmax 0.0001
min_style cg
minimize 1.0e-10 1.0e-11 1000 5000
WARNING: Energy due to 3 extra global DOFs will be included in minimizer energies
 (src/min.cpp:222)
Per MPI rank memory allocation (min/avg/max) = 19.8 | 19.8 | 19.8 Mbytes
   Step           Lx             Ly             Lz           PotEng         Press           Fmax          Volume    
        14   17.245         17.245         17.245        -4035.2207      75612.37       0.0039496124   5128.491     
        20   17.254324      17.255347      17.255237     -4035.6255      69865.347      0.0087329596   5137.3905    
        30   17.269719      17.272592      17.272278     -4036.229       60414.765      0.02251403     5152.1965    
        40   17.284891      17.289837      17.289288     -4036.7441      51140.699      0.035850048    5166.9546    
        50   17.299769      17.307082      17.306257     -4037.1731      42051.427      0.048574314    5181.6409    
        60   17.314245      17.324327      17.323168     -4037.5171      33161.307      0.060001969    5196.2166    
        70   17.328133      17.341572      17.339995     -4037.7783      24507.003      0.07147342     5210.6174    
        80   17.341067      17.358817      17.356684     -4037.96        16155.919      0.08258076     5224.7162    
        90   17.352145      17.376062      17.373107     -4038.0662      8277.3908      0.093116984    5238.1992    
       100   17.357721      17.393307      17.388737     -4038.1069      1582.8957      0.10264827     5249.8018    
       110   17.343677      17.406967      17.398336     -4038.114       0.50312969     0.10734949     5252.5717    
       120   17.342687      17.407077      17.39821      -4038.1187      228.96038      0.100878       5252.2673    
       123   17.342088      17.408525      17.399369     -4038.1194     -107.18494      0.10040234     5252.8726    
Loop time of 260.337 on 8 procs for 109 steps with 500 atoms

777.3% CPU use with 1 MPI tasks x 8 OpenMP threads

Minimization stats:
  Stopping criterion = energy tolerance
  Energy initial, next-to-last, final = 
       -4035.220703125  -4038.11938476562  -4038.11938476562
  Force two-norm initial, final = 419.63277 1.0460331
  Force max component initial, final = 250.96466 0.42368083
  Final line search alpha, max atom move = 0.00011055163 4.6838608e-05
  Iterations, force evaluations = 109 112

MPI task timing breakdown:
Section |  min time  |  avg time  |  max time  |%varavg| %total
---------------------------------------------------------------
Pair    | 260.32     | 260.32     | 260.32     |   0.0 |100.00
Neigh   | 0          | 0          | 0          |   0.0 |  0.00
Comm    | 0.0024256  | 0.0024256  | 0.0024256  |   0.0 |  0.00
Output  | 0.00060625 | 0.00060625 | 0.00060625 |   0.0 |  0.00
Modify  | 0          | 0          | 0          |   0.0 |  0.00
Other   |            | 0.008848   |            |       |  0.00

Nlocal:            500 ave         500 max         500 min
Histogram: 1 0 0 0 0 0 0 0 0 0
Nghost:           5584 ave        5584 max        5584 min
Histogram: 1 0 0 0 0 0 0 0 0 0
Neighs:              0 ave           0 max           0 min
Histogram: 1 0 0 0 0 0 0 0 0 0
FullNghs:       276532 ave      276532 max      276532 min
Histogram: 1 0 0 0 0 0 0 0 0 0

Total # of neighbors = 276532
Ave neighs/atom = 553.064
Neighbor list builds = 0
Dangerous builds = 0
unfix 1

# Промежуточная минимизация атомов
min_style cg
minimize 1.0e-10 1.0e-11 1000 5000
Per MPI rank memory allocation (min/avg/max) = 19.8 | 19.8 | 19.8 Mbytes
   Step           Lx             Ly             Lz           PotEng         Press           Fmax          Volume    
       123   17.342088      17.408525      17.399369     -4038.1194     -107.18216      0.10040228     5252.8726    
       130   17.342088      17.408525      17.399369     -4038.1553      777.1196       0.0070223957   5252.8726    
       131   17.342088      17.408525      17.399369     -4038.1553      767.91695      0.0038355067   5252.8726    
Loop time of 39.3493 on 8 procs for 8 steps with 500 atoms

772.9% CPU use with 1 MPI tasks x 8 OpenMP threads

Minimization stats:
  Stopping criterion = energy tolerance
  Energy initial, next-to-last, final = 
     -4038.11938476562   -4038.1552734375   -4038.1552734375
  Force two-norm initial, final = 0.83940465 0.026778159
  Force max component initial, final = 0.10040228 0.0038355067
  Final line search alpha, max atom move = 1 0.0038355067
  Iterations, force evaluations = 8 16

MPI task timing breakdown:
Section |  min time  |  avg time  |  max time  |%varavg| %total
---------------------------------------------------------------
Pair    | 39.348     | 39.348     | 39.348     |   0.0 |100.00
Neigh   | 0          | 0          | 0          |   0.0 |  0.00
Comm    | 0.00040959 | 0.00040959 | 0.00040959 |   0.0 |  0.00
Output  | 8.0143e-05 | 8.0143e-05 | 8.0143e-05 |   0.0 |  0.00
Modify  | 0          | 0          | 0          |   0.0 |  0.00
Other   |            | 0.0003465  |            |       |  0.00

Nlocal:            500 ave         500 max         500 min
Histogram: 1 0 0 0 0 0 0 0 0 0
Nghost:           5584 ave        5584 max        5584 min
Histogram: 1 0 0 0 0 0 0 0 0 0
Neighs:              0 ave           0 max           0 min
Histogram: 1 0 0 0 0 0 0 0 0 0
FullNghs:       271580 ave      271580 max      271580 min
Histogram: 1 0 0 0 0 0 0 0 0 0

Total # of neighbors = 271580
Ave neighs/atom = 543.16
Neighbor list builds = 0
Dangerous builds = 0

# Релаксация ячейки iso
fix 2 all box/relax iso 0.0 vmax 0.0001
min_style cg
minimize 1.0e-10 1.0e-11 1000 5000
WARNING: Energy due to 1 extra global DOFs will be included in minimizer energies
 (src/min.cpp:222)
Per MPI rank memory allocation (min/avg/max) = 19.8 | 19.8 | 19.8 Mbytes
   Step           Lx             Ly             Lz           PotEng         Press           Fmax          Volume    
       131   17.342088      17.408525      17.399369     -4038.155       767.91436      0.0038355142   5252.8726    
       133   17.343596      17.410039      17.400881     -4038.1555     -0.48833258     0.0028997436   5254.2424    
Loop time of 11.643 on 8 procs for 2 steps with 500 atoms

777.5% CPU use with 1 MPI tasks x 8 OpenMP threads

Minimization stats:
  Stopping criterion = energy tolerance
  Energy initial, next-to-last, final = 
     -4038.15502929688  -4038.15551757812  -4038.15551757812
  Force two-norm initial, final = 7.5530661 0.018323166
  Force max component initial, final = 7.5530186 0.0048039553
  Final line search alpha, max atom move = 1 0.0048039553
  Iterations, force evaluations = 2 4

MPI task timing breakdown:
Section |  min time  |  avg time  |  max time  |%varavg| %total
---------------------------------------------------------------
Pair    | 11.642     | 11.642     | 11.642     |   0.0 |100.00
Neigh   | 0          | 0          | 0          |   0.0 |  0.00
Comm    | 0.00010501 | 0.00010501 | 0.00010501 |   0.0 |  0.00
Output  | 0          | 0          | 0          |   0.0 |  0.00
Modify  | 0          | 0          | 0          |   0.0 |  0.00
Other   |            | 0.0003652  |            |       |  0.00

Nlocal:            500 ave         500 max         500 min
Histogram: 1 0 0 0 0 0 0 0 0 0
Nghost:           5584 ave        5584 max        5584 min
Histogram: 1 0 0 0 0 0 0 0 0 0
Neighs:              0 ave           0 max           0 min
Histogram: 1 0 0 0 0 0 0 0 0 0
FullNghs:       271562 ave      271562 max      271562 min
Histogram: 1 0 0 0 0 0 0 0 0 0

Total # of neighbors = 271562
Ave neighs/atom = 543.124
Neighbor list builds = 0
Dangerous builds = 0
unfix 2

variable lat_const equal "lx/5"
variable eatom equal "pe/count(all)"
variable teng equal "pe"
variable natoms equal "count(all)"

print "Lattice parameter (lx/5) = ${lat_const} A"
Lattice parameter (lx/5) = 3.46871912021719 A
print "Total Potential Energy (PE) = ${teng} eV"
Total Potential Energy (PE) = -4038.15551757812 eV
print "Number of atoms = ${natoms}"
Number of atoms = 500
print "Cohesive energy (PE/N) = ${eatom} eV"
Cohesive energy (PE/N) = -8.07631103515625 eV
print "Minimization completed."
Minimization completed.

write_data B2_1_minimized.data
System init for write_data ...
Total wall time: 0:06:26
