read_data B2_10.data
Reading data file ...
  triclinic box = (0 0 0) to (17.245 17.245 17.245) with tilt (1.0559517e-15 1.0559517e-15 1.0559517e-15)
  1 by 1 by 1 MPI processor grid
  reading atoms ...
  500 atoms
  read_data CPU = 0.004 seconds

mass 1 58.6934  # Ni
mass 2 55.845   # Fe
mass 3 51.9961  # Cr

pair_style metatomic pet-mad-latest.pt device cpu

This is the PET-MAD v1.0.2 model
================================

A universal interatomic potential for advanced materials modeling

Model authors
-------------

- Arslan Mazitov (arslan.mazitov@epfl.ch)
- Filippo Bigi
- Matthias Kellner
- Paolo Pegolo
- Davide Tisi
- Guillaume Fraux
- Sergey Pozdnyakov
- Philip Loche
- Michele Ceriotti (michele.ceriotti@epfl.ch)

Model references
----------------

Please cite the following references when using this model:
- about this specific model:
  * http://arxiv.org/abs/2503.14118
- about the architecture of this model:
  * LLPR (uncertainty method):
    https://iopscience.iop.org/article/10.1088/2632-2153/ad805f
  * LPR (if using per-atom uncertainty):
    https://pubs.acs.org/doi/10.1021/acs.jctc.3c00704
  * https://arxiv.org/abs/2305.19302v3

WARNING: the model declared support for unknown device 'cuda', it will be ignored (src/ML-METATOMIC/pair_metatomic.cpp:216)
Running simulation on cpu device with float32 data
pair_coeff * * 28 26 24

neighbor 2.0 bin
neigh_modify delay 0 check yes
timestep 0.001

thermo 10
thermo_style custom step lx ly lz pe press fmax vol

# --- ЭТАПЫ МИНИМИЗАЦИИ ---
min_style cg
minimize 1.0e-8 1.0e-9 1000 5000

CITE-CITE-CITE-CITE-CITE-CITE-CITE-CITE-CITE-CITE-CITE-CITE-CITE

Your simulation uses code contributions which should be cited:

- LLPR (uncertainty method): https://iopscience.iop.org/article/10.1088/2632-2153/ad805f
- LPR (if using per-atom uncertainty): https://pubs.acs.org/doi/10.1021/acs.jctc.3c00704
- https://arxiv.org/abs/2305.19302v3
- http://arxiv.org/abs/2503.14118
CITE-CITE-CITE-CITE-CITE-CITE-CITE-CITE-CITE-CITE-CITE-CITE-CITE

Neighbor list info ...
  update: every = 1 steps, delay = 0 steps, check = yes
  max neighbors/atom: 2000, page size: 100000
  master list distance cutoff = 11
  ghost atom cutoff = 11
  binsize = 5.5, bins = 4 4 4
  1 neighbor lists, perpetual/occasional/extra = 1 0 0
  (1) pair metatomic, perpetual
      attributes: full, newton on, ghost
      pair build: full/bin/ghost
      stencil: full/ghost/bin/3d
      bin: standard
Per MPI rank memory allocation (min/avg/max) = 19.8 | 19.8 | 19.8 Mbytes
   Step           Lx             Ly             Lz           PotEng         Press           Fmax          Volume    
         0   17.245         17.245         17.245        -4031.4553      72964.12       1.0463808      5128.491     
        10   17.245         17.245         17.245        -4037.1108      74853.594      0.015312918    5128.491     
        13   17.245         17.245         17.245        -4037.1118      74854.508      0.0062193871   5128.491     
Loop time of 64.7652 on 8 procs for 13 steps with 500 atoms

767.1% CPU use with 1 MPI tasks x 8 OpenMP threads

Minimization stats:
  Stopping criterion = energy tolerance
  Energy initial, next-to-last, final = 
     -4031.45532226562  -4037.11181640625  -4037.11181640625
  Force two-norm initial, final = 11.200236 0.037261337
  Force max component initial, final = 1.0463808 0.0062193871
  Final line search alpha, max atom move = 1 0.0062193871
  Iterations, force evaluations = 13 26

MPI task timing breakdown:
Section |  min time  |  avg time  |  max time  |%varavg| %total
---------------------------------------------------------------
Pair    | 64.764     | 64.764     | 64.764     |   0.0 |100.00
Neigh   | 0          | 0          | 0          |   0.0 |  0.00
Comm    | 0.00070268 | 0.00070268 | 0.00070268 |   0.0 |  0.00
Output  | 3.0188e-05 | 3.0188e-05 | 3.0188e-05 |   0.0 |  0.00
Modify  | 0          | 0          | 0          |   0.0 |  0.00
Other   |            | 0.0004757  |            |       |  0.00

Nlocal:            500 ave         500 max         500 min
Histogram: 1 0 0 0 0 0 0 0 0 0
Nghost:           5584 ave        5584 max        5584 min
Histogram: 1 0 0 0 0 0 0 0 0 0
Neighs:              0 ave           0 max           0 min
Histogram: 1 0 0 0 0 0 0 0 0 0
FullNghs:       277000 ave      277000 max      277000 min
Histogram: 1 0 0 0 0 0 0 0 0 0

Total # of neighbors = 277000
Ave neighs/atom = 554
Neighbor list builds = 0
Dangerous builds = 0

# Релаксация ячейки aniso
fix 1 all box/relax aniso 0.0 vmax 0.0001
min_style cg
minimize 1.0e-10 1.0e-11 1000 5000
WARNING: Energy due to 3 extra global DOFs will be included in minimizer energies
 (src/min.cpp:222)
Per MPI rank memory allocation (min/avg/max) = 19.8 | 19.8 | 19.8 Mbytes
   Step           Lx             Ly             Lz           PotEng         Press           Fmax          Volume    
        13   17.245         17.245         17.245        -4037.1116      74854.525      0.0062209219   5128.491     
        20   17.257072      17.255959      17.256423     -4037.5701      68261.245      0.011174209    5138.7441    
        30   17.274317      17.271483      17.272666     -4038.1511      58984.578      0.019562893    5153.3528    
        40   17.291562      17.286815      17.288795     -4038.6462      49880.396      0.029154956    5167.8978    
        50   17.308807      17.301895      17.304774     -4039.0571      40971.091      0.039581269    5182.3497    
        60   17.326052      17.316631      17.320549     -4039.3855      32268.745      0.048909962    5196.6642    
        70   17.343297      17.330864      17.33603      -4039.6338      23816.328      0.057142988    5210.7653    
        80   17.360542      17.344289      17.351037     -4039.8052      15688.955      0.064482629    5224.5057    
        90   17.377787      17.356169      17.36514      -4039.9041      8090.19        0.070924073    5237.5312    
       100   17.395032      17.363835      17.37678      -4039.9409      1735.2851      0.076695904    5248.56      
       110   17.410552      17.356194      17.378959     -4039.9465      0.50559986     0.079783857    5251.5898    
       111   17.410552      17.356194      17.378959     -4039.9465      0.50522556     0.079783857    5251.5898    
Loop time of 275.587 on 8 procs for 98 steps with 500 atoms

782.6% CPU use with 1 MPI tasks x 8 OpenMP threads

Minimization stats:
  Stopping criterion = linesearch alpha is zero
  Energy initial, next-to-last, final = 
     -4037.11157226562  -4039.94653320312  -4039.94653320312
  Force two-norm initial, final = 415.31912 1.0885904
  Force max component initial, final = 251.51656 0.46310873
  Final line search alpha, max atom move = 6.589749e-09 3.0517703e-09
  Iterations, force evaluations = 98 115

MPI task timing breakdown:
Section |  min time  |  avg time  |  max time  |%varavg| %total
---------------------------------------------------------------
Pair    | 275.57     | 275.57     | 275.57     |   0.0 | 99.99
Neigh   | 0          | 0          | 0          |   0.0 |  0.00
Comm    | 0.0022258  | 0.0022258  | 0.0022258  |   0.0 |  0.00
Output  | 0.0005447  | 0.0005447  | 0.0005447  |   0.0 |  0.00
Modify  | 0          | 0          | 0          |   0.0 |  0.00
Other   |            | 0.01216    |            |       |  0.00

Nlocal:            500 ave         500 max         500 min
Histogram: 1 0 0 0 0 0 0 0 0 0
Nghost:           5584 ave        5584 max        5584 min
Histogram: 1 0 0 0 0 0 0 0 0 0
Neighs:              0 ave           0 max           0 min
Histogram: 1 0 0 0 0 0 0 0 0 0
FullNghs:       276736 ave      276736 max      276736 min
Histogram: 1 0 0 0 0 0 0 0 0 0

Total # of neighbors = 276736
Ave neighs/atom = 553.472
Neighbor list builds = 0
Dangerous builds = 0
unfix 1

# Промежуточная минимизация атомов
min_style cg
minimize 1.0e-10 1.0e-11 1000 5000
Per MPI rank memory allocation (min/avg/max) = 19.8 | 19.8 | 19.8 Mbytes
   Step           Lx             Ly             Lz           PotEng         Press           Fmax          Volume    
       111   17.410552      17.356194      17.378959     -4039.9465      0.50573624     0.079783887    5251.5898    
       118   17.410552      17.356194      17.378959     -4039.9841      929.05114      0.007249929    5251.5898    
Loop time of 36.1355 on 8 procs for 7 steps with 500 atoms

784.3% CPU use with 1 MPI tasks x 8 OpenMP threads

Minimization stats:
  Stopping criterion = energy tolerance
  Energy initial, next-to-last, final = 
     -4039.94653320312  -4039.98413085938  -4039.98413085938
  Force two-norm initial, final = 0.88498755 0.032357424
  Force max component initial, final = 0.079783887 0.007249929
  Final line search alpha, max atom move = 1 0.007249929
  Iterations, force evaluations = 7 14

MPI task timing breakdown:
Section |  min time  |  avg time  |  max time  |%varavg| %total
---------------------------------------------------------------
Pair    | 36.135     | 36.135     | 36.135     |   0.0 |100.00
Neigh   | 0          | 0          | 0          |   0.0 |  0.00
Comm    | 0.00035358 | 0.00035358 | 0.00035358 |   0.0 |  0.00
Output  | 0          | 0          | 0          |   0.0 |  0.00
Modify  | 0          | 0          | 0          |   0.0 |  0.00
Other   |            | 0.0003189  |            |       |  0.00

Nlocal:            500 ave         500 max         500 min
Histogram: 1 0 0 0 0 0 0 0 0 0
Nghost:           5584 ave        5584 max        5584 min
Histogram: 1 0 0 0 0 0 0 0 0 0
Neighs:              0 ave           0 max           0 min
Histogram: 1 0 0 0 0 0 0 0 0 0
FullNghs:       271612 ave      271612 max      271612 min
Histogram: 1 0 0 0 0 0 0 0 0 0

Total # of neighbors = 271612
Ave neighs/atom = 543.224
Neighbor list builds = 0
Dangerous builds = 0

# Релаксация ячейки iso
fix 2 all box/relax iso 0.0 vmax 0.0001
min_style cg
minimize 1.0e-10 1.0e-11 1000 5000
WARNING: Energy due to 1 extra global DOFs will be included in minimizer energies
 (src/min.cpp:222)
Per MPI rank memory allocation (min/avg/max) = 19.8 | 19.8 | 19.8 Mbytes
   Step           Lx             Ly             Lz           PotEng         Press           Fmax          Volume    
       118   17.410552      17.356194      17.378959     -4039.9844      929.05481      0.0072503388   5251.5898    
       120   17.412324      17.357961      17.380728     -4039.9849      11.846347      0.0060740411   5253.1937    
Loop time of 49.5251 on 8 procs for 2 steps with 500 atoms

784.5% CPU use with 1 MPI tasks x 8 OpenMP threads

Minimization stats:
  Stopping criterion = energy tolerance
  Energy initial, next-to-last, final = 
          -4039.984375  -4039.98486328125  -4039.98486328125
  Force two-norm initial, final = 9.1357826 0.1212774
  Force max component initial, final = 9.1357253 0.11651305
  Final line search alpha, max atom move = 8.3008334e-08 9.6715538e-09
  Iterations, force evaluations = 2 20

MPI task timing breakdown:
Section |  min time  |  avg time  |  max time  |%varavg| %total
---------------------------------------------------------------
Pair    | 49.523     | 49.523     | 49.523     |   0.0 |100.00
Neigh   | 0          | 0          | 0          |   0.0 |  0.00
Comm    | 0.0005183  | 0.0005183  | 0.0005183  |   0.0 |  0.00
Output  | 0          | 0          | 0          |   0.0 |  0.00
Modify  | 0          | 0          | 0          |   0.0 |  0.00
Other   |            | 0.001442   |            |       |  0.00

Nlocal:            500 ave         500 max         500 min
Histogram: 1 0 0 0 0 0 0 0 0 0
Nghost:           5584 ave        5584 max        5584 min
Histogram: 1 0 0 0 0 0 0 0 0 0
Neighs:              0 ave           0 max           0 min
Histogram: 1 0 0 0 0 0 0 0 0 0
FullNghs:       271576 ave      271576 max      271576 min
Histogram: 1 0 0 0 0 0 0 0 0 0

Total # of neighbors = 271576
Ave neighs/atom = 543.152
Neighbor list builds = 0
Dangerous builds = 0
unfix 2

variable lat_const equal "lx/5"
variable eatom equal "pe/count(all)"
variable teng equal "pe"
variable natoms equal "count(all)"

print "Lattice parameter (lx/5) = ${lat_const} A"
Lattice parameter (lx/5) = 3.48246484035647 A
print "Total Potential Energy (PE) = ${teng} eV"
Total Potential Energy (PE) = -4039.98486328125 eV
print "Number of atoms = ${natoms}"
Number of atoms = 500
print "Cohesive energy (PE/N) = ${eatom} eV"
Cohesive energy (PE/N) = -8.0799697265625 eV
print "Minimization completed."
Minimization completed.

write_data B2_10_minimized.data
System init for write_data ...
Total wall time: 0:07:16
