read_data B2_2.data
Reading data file ...
  triclinic box = (0 0 0) to (17.245 17.245 17.245) with tilt (1.0559517e-15 1.0559517e-15 1.0559517e-15)
  1 by 1 by 1 MPI processor grid
  reading atoms ...
  500 atoms
  read_data CPU = 0.003 seconds

mass 1 58.6934  # Ni
mass 2 55.845   # Fe
mass 3 51.9961  # Cr

pair_style metatomic pet-mad-latest.pt device cpu

This is the PET-MAD v1.0.2 model
================================

A universal interatomic potential for advanced materials modeling

Model authors
-------------

- Arslan Mazitov (arslan.mazitov@epfl.ch)
- Filippo Bigi
- Matthias Kellner
- Paolo Pegolo
- Davide Tisi
- Guillaume Fraux
- Sergey Pozdnyakov
- Philip Loche
- Michele Ceriotti (michele.ceriotti@epfl.ch)

Model references
----------------

Please cite the following references when using this model:
- about this specific model:
  * http://arxiv.org/abs/2503.14118
- about the architecture of this model:
  * LLPR (uncertainty method):
    https://iopscience.iop.org/article/10.1088/2632-2153/ad805f
  * LPR (if using per-atom uncertainty):
    https://pubs.acs.org/doi/10.1021/acs.jctc.3c00704
  * https://arxiv.org/abs/2305.19302v3

WARNING: the model declared support for unknown device 'cuda', it will be ignored (src/ML-METATOMIC/pair_metatomic.cpp:216)
Running simulation on cpu device with float32 data
pair_coeff * * 28 26 24

neighbor 2.0 bin
neigh_modify delay 0 check yes
timestep 0.001

thermo 10
thermo_style custom step lx ly lz pe press fmax vol

# --- ЭТАПЫ МИНИМИЗАЦИИ ---
min_style cg
minimize 1.0e-8 1.0e-9 1000 5000

CITE-CITE-CITE-CITE-CITE-CITE-CITE-CITE-CITE-CITE-CITE-CITE-CITE

Your simulation uses code contributions which should be cited:

- LLPR (uncertainty method): https://iopscience.iop.org/article/10.1088/2632-2153/ad805f
- LPR (if using per-atom uncertainty): https://pubs.acs.org/doi/10.1021/acs.jctc.3c00704
- https://arxiv.org/abs/2305.19302v3
- http://arxiv.org/abs/2503.14118
CITE-CITE-CITE-CITE-CITE-CITE-CITE-CITE-CITE-CITE-CITE-CITE-CITE

Neighbor list info ...
  update: every = 1 steps, delay = 0 steps, check = yes
  max neighbors/atom: 2000, page size: 100000
  master list distance cutoff = 11
  ghost atom cutoff = 11
  binsize = 5.5, bins = 4 4 4
  1 neighbor lists, perpetual/occasional/extra = 1 0 0
  (1) pair metatomic, perpetual
      attributes: full, newton on, ghost
      pair build: full/bin/ghost
      stencil: full/ghost/bin/3d
      bin: standard
Per MPI rank memory allocation (min/avg/max) = 19.8 | 19.8 | 19.8 Mbytes
   Step           Lx             Ly             Lz           PotEng         Press           Fmax          Volume    
         0   17.245         17.245         17.245        -4029.4639      73129.27       1.1143701      5128.491     
        10   17.245         17.245         17.245        -4035.3208      74928.974      0.022703236    5128.491     
        18   17.245         17.245         17.245        -4035.3257      74913.325      0.003591232    5128.491     
Loop time of 84.4894 on 8 procs for 18 steps with 500 atoms

771.1% CPU use with 1 MPI tasks x 8 OpenMP threads

Minimization stats:
  Stopping criterion = energy tolerance
  Energy initial, next-to-last, final = 
      -4029.4638671875  -4035.32568359375  -4035.32568359375
  Force two-norm initial, final = 11.179275 0.032919403
  Force max component initial, final = 1.1143701 0.003591232
  Final line search alpha, max atom move = 1 0.003591232
  Iterations, force evaluations = 18 36

MPI task timing breakdown:
Section |  min time  |  avg time  |  max time  |%varavg| %total
---------------------------------------------------------------
Pair    | 84.488     | 84.488     | 84.488     |   0.0 |100.00
Neigh   | 0          | 0          | 0          |   0.0 |  0.00
Comm    | 0.0009342  | 0.0009342  | 0.0009342  |   0.0 |  0.00
Output  | 2.7872e-05 | 2.7872e-05 | 2.7872e-05 |   0.0 |  0.00
Modify  | 0          | 0          | 0          |   0.0 |  0.00
Other   |            | 0.0007032  |            |       |  0.00

Nlocal:            500 ave         500 max         500 min
Histogram: 1 0 0 0 0 0 0 0 0 0
Nghost:           5584 ave        5584 max        5584 min
Histogram: 1 0 0 0 0 0 0 0 0 0
Neighs:              0 ave           0 max           0 min
Histogram: 1 0 0 0 0 0 0 0 0 0
FullNghs:       277000 ave      277000 max      277000 min
Histogram: 1 0 0 0 0 0 0 0 0 0

Total # of neighbors = 277000
Ave neighs/atom = 554
Neighbor list builds = 0
Dangerous builds = 0

# Релаксация ячейки aniso
fix 1 all box/relax aniso 0.0 vmax 0.0001
min_style cg
minimize 1.0e-10 1.0e-11 1000 5000
WARNING: Energy due to 3 extra global DOFs will be included in minimizer energies
 (src/min.cpp:222)
Per MPI rank memory allocation (min/avg/max) = 19.8 | 19.8 | 19.8 Mbytes
   Step           Lx             Ly             Lz           PotEng         Press           Fmax          Volume    
        18   17.245         17.245         17.245        -4035.325       74913.367      0.0036037564   5128.491     
        20   17.248413      17.24838       17.248449     -4035.4656      72947.282      0.0040458292   5131.5374    
        30   17.265472      17.26526       17.265694     -4036.113       63198.084      0.01511617     5146.7802    
        40   17.28252       17.282102      17.282939     -4036.6692      53583.072      0.028310597    5162.0386    
        50   17.299556      17.298895      17.300184     -4037.1345      44108.51       0.042455748    5177.3084    
        60   17.316575      17.315619      17.317429     -4037.5105      34787.432      0.056337476    5192.5828    
        70   17.333565      17.332242      17.334674     -4037.7983      25621.526      0.069769248    5207.8484    
        80   17.350509      17.34869       17.351919     -4037.999       16625.67       0.082730517    5223.077     
        90   17.367341      17.364747      17.369164     -4038.1143      7841.6123      0.0953978      5238.1834    
       100   17.38321       17.377911      17.38619      -4038.1482     -123.96314      0.10655719     5252.0874    
Loop time of 196.59 on 8 procs for 82 steps with 500 atoms

772.8% CPU use with 1 MPI tasks x 8 OpenMP threads

Minimization stats:
  Stopping criterion = energy tolerance
  Energy initial, next-to-last, final = 
     -4035.32495117188  -4038.14819335938  -4038.14819335938
  Force two-norm initial, final = 415.34966 1.3648644
  Force max component initial, final = 242.24484 0.9867578
  Final line search alpha, max atom move = 5.1782761e-05 5.1097043e-05
  Iterations, force evaluations = 82 83

MPI task timing breakdown:
Section |  min time  |  avg time  |  max time  |%varavg| %total
---------------------------------------------------------------
Pair    | 196.58     | 196.58     | 196.58     |   0.0 |100.00
Neigh   | 0          | 0          | 0          |   0.0 |  0.00
Comm    | 0.0017465  | 0.0017465  | 0.0017465  |   0.0 |  0.00
Output  | 0.00050964 | 0.00050964 | 0.00050964 |   0.0 |  0.00
Modify  | 0          | 0          | 0          |   0.0 |  0.00
Other   |            | 0.006625   |            |       |  0.00

Nlocal:            500 ave         500 max         500 min
Histogram: 1 0 0 0 0 0 0 0 0 0
Nghost:           5584 ave        5584 max        5584 min
Histogram: 1 0 0 0 0 0 0 0 0 0
Neighs:              0 ave           0 max           0 min
Histogram: 1 0 0 0 0 0 0 0 0 0
FullNghs:       276670 ave      276670 max      276670 min
Histogram: 1 0 0 0 0 0 0 0 0 0

Total # of neighbors = 276670
Ave neighs/atom = 553.34
Neighbor list builds = 0
Dangerous builds = 0
unfix 1

# Промежуточная минимизация атомов
min_style cg
minimize 1.0e-10 1.0e-11 1000 5000
Per MPI rank memory allocation (min/avg/max) = 19.8 | 19.8 | 19.8 Mbytes
   Step           Lx             Ly             Lz           PotEng         Press           Fmax          Volume    
       100   17.38321       17.377911      17.38619      -4038.1482     -123.96239      0.10655719     5252.0874    
       105   17.38321       17.377911      17.38619      -4038.186       827.10077      0.0046726167   5252.0874    
Loop time of 25.815 on 8 procs for 5 steps with 500 atoms

774.8% CPU use with 1 MPI tasks x 8 OpenMP threads

Minimization stats:
  Stopping criterion = energy tolerance
  Energy initial, next-to-last, final = 
     -4038.14819335938  -4038.18603515625  -4038.18603515625
  Force two-norm initial, final = 0.90857742 0.037716368
  Force max component initial, final = 0.10655719 0.0046726167
  Final line search alpha, max atom move = 1 0.0046726167
  Iterations, force evaluations = 5 10

MPI task timing breakdown:
Section |  min time  |  avg time  |  max time  |%varavg| %total
---------------------------------------------------------------
Pair    | 25.814     | 25.814     | 25.814     |   0.0 |100.00
Neigh   | 0          | 0          | 0          |   0.0 |  0.00
Comm    | 0.0002827  | 0.0002827  | 0.0002827  |   0.0 |  0.00
Output  | 0          | 0          | 0          |   0.0 |  0.00
Modify  | 0          | 0          | 0          |   0.0 |  0.00
Other   |            | 0.000299   |            |       |  0.00

Nlocal:            500 ave         500 max         500 min
Histogram: 1 0 0 0 0 0 0 0 0 0
Nghost:           5584 ave        5584 max        5584 min
Histogram: 1 0 0 0 0 0 0 0 0 0
Neighs:              0 ave           0 max           0 min
Histogram: 1 0 0 0 0 0 0 0 0 0
FullNghs:       271606 ave      271606 max      271606 min
Histogram: 1 0 0 0 0 0 0 0 0 0

Total # of neighbors = 271606
Ave neighs/atom = 543.212
Neighbor list builds = 0
Dangerous builds = 0

# Релаксация ячейки iso
fix 2 all box/relax iso 0.0 vmax 0.0001
min_style cg
minimize 1.0e-10 1.0e-11 1000 5000
WARNING: Energy due to 1 extra global DOFs will be included in minimizer energies
 (src/min.cpp:222)
Per MPI rank memory allocation (min/avg/max) = 19.8 | 19.8 | 19.8 Mbytes
   Step           Lx             Ly             Lz           PotEng         Press           Fmax          Volume    
       105   17.38321       17.377911      17.38619      -4038.186       827.10065      0.0046727434   5252.0874    
       107   17.385051      17.379752      17.388031     -4038.1865     -122.49771      0.0042231996   5253.7566    
Loop time of 11.7935 on 8 procs for 2 steps with 500 atoms

774.3% CPU use with 1 MPI tasks x 8 OpenMP threads

Minimization stats:
  Stopping criterion = energy tolerance
  Energy initial, next-to-last, final = 
     -4038.18603515625   -4038.1865234375   -4038.1865234375
  Force two-norm initial, final = 8.134032 1.2055003
  Force max component initial, final = 8.1339445 1.2049327
  Final line search alpha, max atom move = 0.078769822 0.094912336
  Iterations, force evaluations = 2 4

MPI task timing breakdown:
Section |  min time  |  avg time  |  max time  |%varavg| %total
---------------------------------------------------------------
Pair    | 11.793     | 11.793     | 11.793     |   0.0 |100.00
Neigh   | 0          | 0          | 0          |   0.0 |  0.00
Comm    | 0.00010922 | 0.00010922 | 0.00010922 |   0.0 |  0.00
Output  | 0          | 0          | 0          |   0.0 |  0.00
Modify  | 0          | 0          | 0          |   0.0 |  0.00
Other   |            | 0.0004005  |            |       |  0.00

Nlocal:            500 ave         500 max         500 min
Histogram: 1 0 0 0 0 0 0 0 0 0
Nghost:           5584 ave        5584 max        5584 min
Histogram: 1 0 0 0 0 0 0 0 0 0
Neighs:              0 ave           0 max           0 min
Histogram: 1 0 0 0 0 0 0 0 0 0
FullNghs:       271598 ave      271598 max      271598 min
Histogram: 1 0 0 0 0 0 0 0 0 0

Total # of neighbors = 271598
Ave neighs/atom = 543.196
Neighbor list builds = 0
Dangerous builds = 0
unfix 2

variable lat_const equal "lx/5"
variable eatom equal "pe/count(all)"
variable teng equal "pe"
variable natoms equal "count(all)"

print "Lattice parameter (lx/5) = ${lat_const} A"
Lattice parameter (lx/5) = 3.47701022759361 A
print "Total Potential Energy (PE) = ${teng} eV"
Total Potential Energy (PE) = -4038.1865234375 eV
print "Number of atoms = ${natoms}"
Number of atoms = 500
print "Cohesive energy (PE/N) = ${eatom} eV"
Cohesive energy (PE/N) = -8.076373046875 eV
print "Minimization completed."
Minimization completed.

write_data B2_2_minimized.data
System init for write_data ...
Total wall time: 0:05:28
