read_data B2_9.data
Reading data file ...
  triclinic box = (0 0 0) to (17.245 17.245 17.245) with tilt (1.0559517e-15 1.0559517e-15 1.0559517e-15)
  1 by 1 by 1 MPI processor grid
  reading atoms ...
  500 atoms
  read_data CPU = 0.003 seconds

mass 1 58.6934  # Ni
mass 2 55.845   # Fe
mass 3 51.9961  # Cr

pair_style metatomic pet-mad-latest.pt device cpu

This is the PET-MAD v1.0.2 model
================================

A universal interatomic potential for advanced materials modeling

Model authors
-------------

- Arslan Mazitov (arslan.mazitov@epfl.ch)
- Filippo Bigi
- Matthias Kellner
- Paolo Pegolo
- Davide Tisi
- Guillaume Fraux
- Sergey Pozdnyakov
- Philip Loche
- Michele Ceriotti (michele.ceriotti@epfl.ch)

Model references
----------------

Please cite the following references when using this model:
- about this specific model:
  * http://arxiv.org/abs/2503.14118
- about the architecture of this model:
  * LLPR (uncertainty method):
    https://iopscience.iop.org/article/10.1088/2632-2153/ad805f
  * LPR (if using per-atom uncertainty):
    https://pubs.acs.org/doi/10.1021/acs.jctc.3c00704
  * https://arxiv.org/abs/2305.19302v3

WARNING: the model declared support for unknown device 'cuda', it will be ignored (src/ML-METATOMIC/pair_metatomic.cpp:216)
Running simulation on cpu device with float32 data
pair_coeff * * 28 26 24

neighbor 2.0 bin
neigh_modify delay 0 check yes
timestep 0.001

thermo 10
thermo_style custom step lx ly lz pe press fmax vol

# --- ЭТАПЫ МИНИМИЗАЦИИ ---
min_style cg
minimize 1.0e-8 1.0e-9 1000 5000

CITE-CITE-CITE-CITE-CITE-CITE-CITE-CITE-CITE-CITE-CITE-CITE-CITE

Your simulation uses code contributions which should be cited:

- LLPR (uncertainty method): https://iopscience.iop.org/article/10.1088/2632-2153/ad805f
- LPR (if using per-atom uncertainty): https://pubs.acs.org/doi/10.1021/acs.jctc.3c00704
- https://arxiv.org/abs/2305.19302v3
- http://arxiv.org/abs/2503.14118
CITE-CITE-CITE-CITE-CITE-CITE-CITE-CITE-CITE-CITE-CITE-CITE-CITE

Neighbor list info ...
  update: every = 1 steps, delay = 0 steps, check = yes
  max neighbors/atom: 2000, page size: 100000
  master list distance cutoff = 11
  ghost atom cutoff = 11
  binsize = 5.5, bins = 4 4 4
  1 neighbor lists, perpetual/occasional/extra = 1 0 0
  (1) pair metatomic, perpetual
      attributes: full, newton on, ghost
      pair build: full/bin/ghost
      stencil: full/ghost/bin/3d
      bin: standard
Per MPI rank memory allocation (min/avg/max) = 19.8 | 19.8 | 19.8 Mbytes
   Step           Lx             Ly             Lz           PotEng         Press           Fmax          Volume    
         0   17.245         17.245         17.245        -4029.8892      73571.713      1.0761123      5128.491     
        10   17.245         17.245         17.245        -4035.896       75713.325      0.017260645    5128.491     
        14   17.245         17.245         17.245        -4035.897       75705.615      0.0030868128   5128.491     
Loop time of 60.2774 on 8 procs for 14 steps with 500 atoms

768.3% CPU use with 1 MPI tasks x 8 OpenMP threads

Minimization stats:
  Stopping criterion = energy tolerance
  Energy initial, next-to-last, final = 
     -4029.88916015625  -4035.89697265625  -4035.89697265625
  Force two-norm initial, final = 11.337059 0.021280631
  Force max component initial, final = 1.0761123 0.0030868128
  Final line search alpha, max atom move = 1 0.0030868128
  Iterations, force evaluations = 14 28

MPI task timing breakdown:
Section |  min time  |  avg time  |  max time  |%varavg| %total
---------------------------------------------------------------
Pair    | 60.276     | 60.276     | 60.276     |   0.0 |100.00
Neigh   | 0          | 0          | 0          |   0.0 |  0.00
Comm    | 0.00074076 | 0.00074076 | 0.00074076 |   0.0 |  0.00
Output  | 3.1369e-05 | 3.1369e-05 | 3.1369e-05 |   0.0 |  0.00
Modify  | 0          | 0          | 0          |   0.0 |  0.00
Other   |            | 0.000565   |            |       |  0.00

Nlocal:            500 ave         500 max         500 min
Histogram: 1 0 0 0 0 0 0 0 0 0
Nghost:           5584 ave        5584 max        5584 min
Histogram: 1 0 0 0 0 0 0 0 0 0
Neighs:              0 ave           0 max           0 min
Histogram: 1 0 0 0 0 0 0 0 0 0
FullNghs:       277000 ave      277000 max      277000 min
Histogram: 1 0 0 0 0 0 0 0 0 0

Total # of neighbors = 277000
Ave neighs/atom = 554
Neighbor list builds = 0
Dangerous builds = 0

# Релаксация ячейки aniso
fix 1 all box/relax aniso 0.0 vmax 0.0001
min_style cg
minimize 1.0e-10 1.0e-11 1000 5000
WARNING: Energy due to 3 extra global DOFs will be included in minimizer energies
 (src/min.cpp:222)
Per MPI rank memory allocation (min/avg/max) = 19.8 | 19.8 | 19.8 Mbytes
   Step           Lx             Ly             Lz           PotEng         Press           Fmax          Volume    
        14   17.245         17.245         17.245        -4035.897       75705.668      0.0030910969   5128.491     
        20   17.254546      17.254354      17.255347     -4036.2939      70091.802      0.0072606951   5137.1937    
        30   17.270356      17.269821      17.272592     -4036.8862      60871.151      0.018181875    5151.6536    
        40   17.286011      17.285102      17.289837     -4037.3933      51827.637      0.027941152    5166.0384    
        50   17.301465      17.300141      17.307082     -4037.8174      42977.514      0.037886221    5180.3173    
        60   17.316652      17.314858      17.324327     -4038.1599      34343.035      0.047414366    5194.4458    
        70   17.331465      17.329119      17.341572     -4038.4233      25965.117      0.05647983     5208.3505    
        80   17.345708      17.34268       17.358817     -4038.6108      17918.845      0.065001324    5221.8978    
        90   17.358962      17.355022      17.376062     -4038.7273      10358.236      0.072630815    5234.8022    
       100   17.37003       17.36467       17.393307     -4038.7808      3731.1852      0.079021543    5246.2532    
       110   17.373641      17.365084      17.410552     -4038.7935      46.208678      0.082827255    5252.6718    
       112   17.373155      17.36407       17.412277     -4038.7939      7.4477314      0.082737163    5252.7384    
Loop time of 254.69 on 8 procs for 98 steps with 500 atoms

787.3% CPU use with 1 MPI tasks x 8 OpenMP threads

Minimization stats:
  Stopping criterion = linesearch alpha is zero
  Energy initial, next-to-last, final = 
     -4035.89697265625   -4038.7939453125   -4038.7939453125
  Force two-norm initial, final = 420.11874 3.3957277
  Force max component initial, final = 256.86731 2.6527003
  Final line search alpha, max atom move = 5.7521722e-10 1.5258789e-09
  Iterations, force evaluations = 98 114

MPI task timing breakdown:
Section |  min time  |  avg time  |  max time  |%varavg| %total
---------------------------------------------------------------
Pair    | 254.68     | 254.68     | 254.68     |   0.0 |100.00
Neigh   | 0          | 0          | 0          |   0.0 |  0.00
Comm    | 0.0021754  | 0.0021754  | 0.0021754  |   0.0 |  0.00
Output  | 0.00054974 | 0.00054974 | 0.00054974 |   0.0 |  0.00
Modify  | 0          | 0          | 0          |   0.0 |  0.00
Other   |            | 0.009098   |            |       |  0.00

Nlocal:            500 ave         500 max         500 min
Histogram: 1 0 0 0 0 0 0 0 0 0
Nghost:           5584 ave        5584 max        5584 min
Histogram: 1 0 0 0 0 0 0 0 0 0
Neighs:              0 ave           0 max           0 min
Histogram: 1 0 0 0 0 0 0 0 0 0
FullNghs:       276692 ave      276692 max      276692 min
Histogram: 1 0 0 0 0 0 0 0 0 0

Total # of neighbors = 276692
Ave neighs/atom = 553.384
Neighbor list builds = 0
Dangerous builds = 0
unfix 1

# Промежуточная минимизация атомов
min_style cg
minimize 1.0e-10 1.0e-11 1000 5000
Per MPI rank memory allocation (min/avg/max) = 19.8 | 19.8 | 19.8 Mbytes
   Step           Lx             Ly             Lz           PotEng         Press           Fmax          Volume    
       112   17.373155      17.36407       17.412277     -4038.7939      7.4465921      0.082737163    5252.7384    
       118   17.373155      17.36407       17.412277     -4038.8303      906.93049      0.0026108176   5252.7384    
Loop time of 28.9773 on 8 procs for 6 steps with 500 atoms

787.7% CPU use with 1 MPI tasks x 8 OpenMP threads

Minimization stats:
  Stopping criterion = energy tolerance
  Energy initial, next-to-last, final = 
      -4038.7939453125  -4038.83032226562  -4038.83032226562
  Force two-norm initial, final = 0.88946378 0.021326455
  Force max component initial, final = 0.082737163 0.0026108176
  Final line search alpha, max atom move = 1 0.0026108176
  Iterations, force evaluations = 6 12

MPI task timing breakdown:
Section |  min time  |  avg time  |  max time  |%varavg| %total
---------------------------------------------------------------
Pair    | 28.977     | 28.977     | 28.977     |   0.0 |100.00
Neigh   | 0          | 0          | 0          |   0.0 |  0.00
Comm    | 0.0003205  | 0.0003205  | 0.0003205  |   0.0 |  0.00
Output  | 0          | 0          | 0          |   0.0 |  0.00
Modify  | 0          | 0          | 0          |   0.0 |  0.00
Other   |            | 0.0002857  |            |       |  0.00

Nlocal:            500 ave         500 max         500 min
Histogram: 1 0 0 0 0 0 0 0 0 0
Nghost:           5584 ave        5584 max        5584 min
Histogram: 1 0 0 0 0 0 0 0 0 0
Neighs:              0 ave           0 max           0 min
Histogram: 1 0 0 0 0 0 0 0 0 0
FullNghs:       271672 ave      271672 max      271672 min
Histogram: 1 0 0 0 0 0 0 0 0 0

Total # of neighbors = 271672
Ave neighs/atom = 543.344
Neighbor list builds = 0
Dangerous builds = 0

# Релаксация ячейки iso
fix 2 all box/relax iso 0.0 vmax 0.0001
min_style cg
minimize 1.0e-10 1.0e-11 1000 5000
WARNING: Energy due to 1 extra global DOFs will be included in minimizer energies
 (src/min.cpp:222)
Per MPI rank memory allocation (min/avg/max) = 19.8 | 19.8 | 19.8 Mbytes
   Step           Lx             Ly             Lz           PotEng         Press           Fmax          Volume    
       118   17.373155      17.36407       17.412277     -4038.8303      906.93487      0.0026108474   5252.7384    
       120   17.374905      17.36582       17.414031     -4038.8308     -0.68511112     0.0029609799   5254.3262    
Loop time of 9.30675 on 8 procs for 2 steps with 500 atoms

786.4% CPU use with 1 MPI tasks x 8 OpenMP threads

Minimization stats:
  Stopping criterion = energy tolerance
  Energy initial, next-to-last, final = 
     -4038.83032226562  -4038.83081054688  -4038.83081054688
  Force two-norm initial, final = 8.9201882 0.023184195
  Force max component initial, final = 8.9201627 0.0067397718
  Final line search alpha, max atom move = 0.0017278306 1.1645184e-05
  Iterations, force evaluations = 2 3

MPI task timing breakdown:
Section |  min time  |  avg time  |  max time  |%varavg| %total
---------------------------------------------------------------
Pair    | 9.3064     | 9.3064     | 9.3064     |   0.0 |100.00
Neigh   | 0          | 0          | 0          |   0.0 |  0.00
Comm    | 7.6666e-05 | 7.6666e-05 | 7.6666e-05 |   0.0 |  0.00
Output  | 0          | 0          | 0          |   0.0 |  0.00
Modify  | 0          | 0          | 0          |   0.0 |  0.00
Other   |            | 0.0003123  |            |       |  0.00

Nlocal:            500 ave         500 max         500 min
Histogram: 1 0 0 0 0 0 0 0 0 0
Nghost:           5584 ave        5584 max        5584 min
Histogram: 1 0 0 0 0 0 0 0 0 0
Neighs:              0 ave           0 max           0 min
Histogram: 1 0 0 0 0 0 0 0 0 0
FullNghs:       271654 ave      271654 max      271654 min
Histogram: 1 0 0 0 0 0 0 0 0 0

Total # of neighbors = 271654
Ave neighs/atom = 543.308
Neighbor list builds = 0
Dangerous builds = 0
unfix 2

variable lat_const equal "lx/5"
variable eatom equal "pe/count(all)"
variable teng equal "pe"
variable natoms equal "count(all)"

print "Lattice parameter (lx/5) = ${lat_const} A"
Lattice parameter (lx/5) = 3.4749809887565 A
print "Total Potential Energy (PE) = ${teng} eV"
Total Potential Energy (PE) = -4038.83081054688 eV
print "Number of atoms = ${natoms}"
Number of atoms = 500
print "Cohesive energy (PE/N) = ${eatom} eV"
Cohesive energy (PE/N) = -8.07766162109375 eV
print "Minimization completed."
Minimization completed.

write_data B2_9_minimized.data
System init for write_data ...
Total wall time: 0:06:02
