read_data B5_10.data
Reading data file ...
  triclinic box = (0 0 0) to (17.245 17.245 17.245) with tilt (1.0559517e-15 1.0559517e-15 1.0559517e-15)
  1 by 1 by 1 MPI processor grid
  reading atoms ...
  500 atoms
  read_data CPU = 0.004 seconds

mass 1 58.6934  # Ni
mass 2 55.845   # Fe
mass 3 51.9961  # Cr

pair_style metatomic pet-mad-latest.pt device cpu

This is the PET-MAD v1.0.2 model
================================

A universal interatomic potential for advanced materials modeling

Model authors
-------------

- Arslan Mazitov (arslan.mazitov@epfl.ch)
- Filippo Bigi
- Matthias Kellner
- Paolo Pegolo
- Davide Tisi
- Guillaume Fraux
- Sergey Pozdnyakov
- Philip Loche
- Michele Ceriotti (michele.ceriotti@epfl.ch)

Model references
----------------

Please cite the following references when using this model:
- about this specific model:
  * http://arxiv.org/abs/2503.14118
- about the architecture of this model:
  * LLPR (uncertainty method):
    https://iopscience.iop.org/article/10.1088/2632-2153/ad805f
  * LPR (if using per-atom uncertainty):
    https://pubs.acs.org/doi/10.1021/acs.jctc.3c00704
  * https://arxiv.org/abs/2305.19302v3

WARNING: the model declared support for unknown device 'cuda', it will be ignored (src/ML-METATOMIC/pair_metatomic.cpp:216)
Running simulation on cpu device with float32 data
pair_coeff * * 28 26 24

neighbor 2.0 bin
neigh_modify delay 0 check yes
timestep 0.001

thermo 10
thermo_style custom step lx ly lz pe press fmax vol

# --- ЭТАПЫ МИНИМИЗАЦИИ ---
min_style cg
minimize 1.0e-8 1.0e-9 1000 5000

CITE-CITE-CITE-CITE-CITE-CITE-CITE-CITE-CITE-CITE-CITE-CITE-CITE

Your simulation uses code contributions which should be cited:

- LLPR (uncertainty method): https://iopscience.iop.org/article/10.1088/2632-2153/ad805f
- LPR (if using per-atom uncertainty): https://pubs.acs.org/doi/10.1021/acs.jctc.3c00704
- https://arxiv.org/abs/2305.19302v3
- http://arxiv.org/abs/2503.14118
CITE-CITE-CITE-CITE-CITE-CITE-CITE-CITE-CITE-CITE-CITE-CITE-CITE

Neighbor list info ...
  update: every = 1 steps, delay = 0 steps, check = yes
  max neighbors/atom: 2000, page size: 100000
  master list distance cutoff = 11
  ghost atom cutoff = 11
  binsize = 5.5, bins = 4 4 4
  1 neighbor lists, perpetual/occasional/extra = 1 0 0
  (1) pair metatomic, perpetual
      attributes: full, newton on, ghost
      pair build: full/bin/ghost
      stencil: full/ghost/bin/3d
      bin: standard
Per MPI rank memory allocation (min/avg/max) = 19.8 | 19.8 | 19.8 Mbytes
   Step           Lx             Ly             Lz           PotEng         Press           Fmax          Volume    
         0   17.245         17.245         17.245        -4079.6663      76968.166      1.2554138      5128.491     
        10   17.245         17.245         17.245        -4085.6919      78739.718      0.0315146      5128.491     
        15   17.245         17.245         17.245        -4085.6948      78739.045      0.0027074683   5128.491     
Loop time of 65.5051 on 8 procs for 15 steps with 500 atoms

767.5% CPU use with 1 MPI tasks x 8 OpenMP threads

Minimization stats:
  Stopping criterion = energy tolerance
  Energy initial, next-to-last, final = 
     -4079.66625976562  -4085.69482421875  -4085.69482421875
  Force two-norm initial, final = 11.68545 0.021517415
  Force max component initial, final = 1.2554138 0.0027074683
  Final line search alpha, max atom move = 1 0.0027074683
  Iterations, force evaluations = 15 30

MPI task timing breakdown:
Section |  min time  |  avg time  |  max time  |%varavg| %total
---------------------------------------------------------------
Pair    | 65.504     | 65.504     | 65.504     |   0.0 |100.00
Neigh   | 0          | 0          | 0          |   0.0 |  0.00
Comm    | 0.00079477 | 0.00079477 | 0.00079477 |   0.0 |  0.00
Output  | 2.8516e-05 | 2.8516e-05 | 2.8516e-05 |   0.0 |  0.00
Modify  | 0          | 0          | 0          |   0.0 |  0.00
Other   |            | 0.0005458  |            |       |  0.00

Nlocal:            500 ave         500 max         500 min
Histogram: 1 0 0 0 0 0 0 0 0 0
Nghost:           5584 ave        5584 max        5584 min
Histogram: 1 0 0 0 0 0 0 0 0 0
Neighs:              0 ave           0 max           0 min
Histogram: 1 0 0 0 0 0 0 0 0 0
FullNghs:       277000 ave      277000 max      277000 min
Histogram: 1 0 0 0 0 0 0 0 0 0

Total # of neighbors = 277000
Ave neighs/atom = 554
Neighbor list builds = 0
Dangerous builds = 0

# Релаксация ячейки aniso
fix 1 all box/relax aniso 0.0 vmax 0.0001
min_style cg
minimize 1.0e-10 1.0e-11 1000 5000
WARNING: Energy due to 3 extra global DOFs will be included in minimizer energies
 (src/min.cpp:222)
Per MPI rank memory allocation (min/avg/max) = 19.8 | 19.8 | 19.8 Mbytes
   Step           Lx             Ly             Lz           PotEng         Press           Fmax          Volume    
        15   17.245         17.245         17.245        -4085.6948      78739.053      0.002708599    5128.491     
        20   17.253377      17.253623      17.253285     -4086.0532      73806.03       0.0066381916   5136.0139    
        30   17.270101      17.270868      17.269804     -4086.7004      64054.959      0.019448988    5151.058     
        40   17.286773      17.288113      17.286242     -4087.2566      54460.15       0.030655831    5166.0917    
        50   17.303378      17.305358      17.302573     -4087.7227      45026.071      0.041522767    5181.1023    
        60   17.31989       17.322603      17.318756     -4088.1001      35761.101      0.052460849    5196.0695    
        70   17.336264      17.339848      17.334716     -4088.3906      26688.053      0.063249215    5210.9574    
        80   17.352412      17.357093      17.350309     -4088.5957      17841.263      0.07369101     5225.6949    
        90   17.368109      17.374338      17.365164     -4088.718       9318.4544      0.083601385    5240.1013    
       100   17.3823        17.391583      17.377535     -4088.7639      1603.6499      0.09224309     5253.3281    
       103   17.384704      17.39601       17.378663     -4088.7656      211.54994      0.09350346     5255.7329    
Loop time of 224.244 on 8 procs for 88 steps with 500 atoms

779.8% CPU use with 1 MPI tasks x 8 OpenMP threads

Minimization stats:
  Stopping criterion = energy tolerance
  Energy initial, next-to-last, final = 
     -4085.69482421875       -4088.765625       -4088.765625
  Force two-norm initial, final = 436.60632 2.653417
  Force max component initial, final = 257.75458 2.3288458
  Final line search alpha, max atom move = 7.4900731e-09 1.7443226e-08
  Iterations, force evaluations = 88 101

MPI task timing breakdown:
Section |  min time  |  avg time  |  max time  |%varavg| %total
---------------------------------------------------------------
Pair    | 224.23     | 224.23     | 224.23     |   0.0 |100.00
Neigh   | 0          | 0          | 0          |   0.0 |  0.00
Comm    | 0.0021018  | 0.0021018  | 0.0021018  |   0.0 |  0.00
Output  | 0.00042253 | 0.00042253 | 0.00042253 |   0.0 |  0.00
Modify  | 0          | 0          | 0          |   0.0 |  0.00
Other   |            | 0.007708   |            |       |  0.00

Nlocal:            500 ave         500 max         500 min
Histogram: 1 0 0 0 0 0 0 0 0 0
Nghost:           5584 ave        5584 max        5584 min
Histogram: 1 0 0 0 0 0 0 0 0 0
Neighs:              0 ave           0 max           0 min
Histogram: 1 0 0 0 0 0 0 0 0 0
FullNghs:       276738 ave      276738 max      276738 min
Histogram: 1 0 0 0 0 0 0 0 0 0

Total # of neighbors = 276738
Ave neighs/atom = 553.476
Neighbor list builds = 0
Dangerous builds = 0
unfix 1

# Промежуточная минимизация атомов
min_style cg
minimize 1.0e-10 1.0e-11 1000 5000
Per MPI rank memory allocation (min/avg/max) = 19.8 | 19.8 | 19.8 Mbytes
   Step           Lx             Ly             Lz           PotEng         Press           Fmax          Volume    
       103   17.384704      17.39601       17.378663     -4088.7656      211.55031      0.093503445    5255.7329    
       108   17.384704      17.39601       17.378663     -4088.8044      1177.6888      0.0057544839   5255.7329    
Loop time of 25.6259 on 8 procs for 5 steps with 500 atoms

779.0% CPU use with 1 MPI tasks x 8 OpenMP threads

Minimization stats:
  Stopping criterion = energy tolerance
  Energy initial, next-to-last, final = 
          -4088.765625  -4088.80444335938  -4088.80444335938
  Force two-norm initial, final = 0.93025934 0.039817084
  Force max component initial, final = 0.093503445 0.0057544839
  Final line search alpha, max atom move = 1 0.0057544839
  Iterations, force evaluations = 5 10

MPI task timing breakdown:
Section |  min time  |  avg time  |  max time  |%varavg| %total
---------------------------------------------------------------
Pair    | 25.625     | 25.625     | 25.625     |   0.0 |100.00
Neigh   | 0          | 0          | 0          |   0.0 |  0.00
Comm    | 0.00029034 | 0.00029034 | 0.00029034 |   0.0 |  0.00
Output  | 0          | 0          | 0          |   0.0 |  0.00
Modify  | 0          | 0          | 0          |   0.0 |  0.00
Other   |            | 0.0002474  |            |       |  0.00

Nlocal:            500 ave         500 max         500 min
Histogram: 1 0 0 0 0 0 0 0 0 0
Nghost:           5584 ave        5584 max        5584 min
Histogram: 1 0 0 0 0 0 0 0 0 0
Neighs:              0 ave           0 max           0 min
Histogram: 1 0 0 0 0 0 0 0 0 0
FullNghs:       271336 ave      271336 max      271336 min
Histogram: 1 0 0 0 0 0 0 0 0 0

Total # of neighbors = 271336
Ave neighs/atom = 542.672
Neighbor list builds = 0
Dangerous builds = 0

# Релаксация ячейки iso
fix 2 all box/relax iso 0.0 vmax 0.0001
min_style cg
minimize 1.0e-10 1.0e-11 1000 5000
WARNING: Energy due to 1 extra global DOFs will be included in minimizer energies
 (src/min.cpp:222)
Per MPI rank memory allocation (min/avg/max) = 19.8 | 19.8 | 19.8 Mbytes
   Step           Lx             Ly             Lz           PotEng         Press           Fmax          Volume    
       108   17.384704      17.39601       17.378663     -4088.8042      1177.6901      0.0057539754   5255.7329    
       110   17.386945      17.398252      17.380903     -4088.8052     -0.50302013     0.0057571884   5257.7658    
       111   17.386992      17.398299      17.38095      -4088.8052     -6.3047087      0.0032418668   5257.8084    
Loop time of 17.7918 on 8 procs for 3 steps with 500 atoms

776.0% CPU use with 1 MPI tasks x 8 OpenMP threads

Minimization stats:
  Stopping criterion = energy tolerance
  Energy initial, next-to-last, final = 
     -4088.80419921875  -4088.80517578125  -4088.80517578125
  Force two-norm initial, final = 11.589848 0.067508966
  Force max component initial, final = 11.58978 0.062061679
  Final line search alpha, max atom move = 0.5 0.031030839
  Iterations, force evaluations = 3 7

MPI task timing breakdown:
Section |  min time  |  avg time  |  max time  |%varavg| %total
---------------------------------------------------------------
Pair    | 17.791     | 17.791     | 17.791     |   0.0 |100.00
Neigh   | 0          | 0          | 0          |   0.0 |  0.00
Comm    | 0.00018275 | 0.00018275 | 0.00018275 |   0.0 |  0.00
Output  | 7.1782e-05 | 7.1782e-05 | 7.1782e-05 |   0.0 |  0.00
Modify  | 0          | 0          | 0          |   0.0 |  0.00
Other   |            | 0.000584   |            |       |  0.00

Nlocal:            500 ave         500 max         500 min
Histogram: 1 0 0 0 0 0 0 0 0 0
Nghost:           5584 ave        5584 max        5584 min
Histogram: 1 0 0 0 0 0 0 0 0 0
Neighs:              0 ave           0 max           0 min
Histogram: 1 0 0 0 0 0 0 0 0 0
FullNghs:       271320 ave      271320 max      271320 min
Histogram: 1 0 0 0 0 0 0 0 0 0

Total # of neighbors = 271320
Ave neighs/atom = 542.64
Neighbor list builds = 0
Dangerous builds = 0
unfix 2

variable lat_const equal "lx/5"
variable eatom equal "pe/count(all)"
variable teng equal "pe"
variable natoms equal "count(all)"

print "Lattice parameter (lx/5) = ${lat_const} A"
Lattice parameter (lx/5) = 3.47739836288722 A
print "Total Potential Energy (PE) = ${teng} eV"
Total Potential Energy (PE) = -4088.80517578125 eV
print "Number of atoms = ${natoms}"
Number of atoms = 500
print "Cohesive energy (PE/N) = ${eatom} eV"
Cohesive energy (PE/N) = -8.1776103515625 eV
print "Minimization completed."
Minimization completed.

write_data B5_10_minimized.data
System init for write_data ...
Total wall time: 0:05:43
