read_data B5_11.data
Reading data file ...
  triclinic box = (0 0 0) to (17.245 17.245 17.245) with tilt (1.0559517e-15 1.0559517e-15 1.0559517e-15)
  1 by 1 by 1 MPI processor grid
  reading atoms ...
  500 atoms
  read_data CPU = 0.004 seconds

mass 1 58.6934  # Ni
mass 2 55.845   # Fe
mass 3 51.9961  # Cr

pair_style metatomic pet-mad-latest.pt device cpu

This is the PET-MAD v1.0.2 model
================================

A universal interatomic potential for advanced materials modeling

Model authors
-------------

- Arslan Mazitov (arslan.mazitov@epfl.ch)
- Filippo Bigi
- Matthias Kellner
- Paolo Pegolo
- Davide Tisi
- Guillaume Fraux
- Sergey Pozdnyakov
- Philip Loche
- Michele Ceriotti (michele.ceriotti@epfl.ch)

Model references
----------------

Please cite the following references when using this model:
- about this specific model:
  * http://arxiv.org/abs/2503.14118
- about the architecture of this model:
  * LLPR (uncertainty method):
    https://iopscience.iop.org/article/10.1088/2632-2153/ad805f
  * LPR (if using per-atom uncertainty):
    https://pubs.acs.org/doi/10.1021/acs.jctc.3c00704
  * https://arxiv.org/abs/2305.19302v3

WARNING: the model declared support for unknown device 'cuda', it will be ignored (src/ML-METATOMIC/pair_metatomic.cpp:216)
Running simulation on cpu device with float32 data
pair_coeff * * 28 26 24

neighbor 2.0 bin
neigh_modify delay 0 check yes
timestep 0.001

thermo 10
thermo_style custom step lx ly lz pe press fmax vol

# --- ЭТАПЫ МИНИМИЗАЦИИ ---
min_style cg
minimize 1.0e-8 1.0e-9 1000 5000

CITE-CITE-CITE-CITE-CITE-CITE-CITE-CITE-CITE-CITE-CITE-CITE-CITE

Your simulation uses code contributions which should be cited:

- LLPR (uncertainty method): https://iopscience.iop.org/article/10.1088/2632-2153/ad805f
- LPR (if using per-atom uncertainty): https://pubs.acs.org/doi/10.1021/acs.jctc.3c00704
- https://arxiv.org/abs/2305.19302v3
- http://arxiv.org/abs/2503.14118
CITE-CITE-CITE-CITE-CITE-CITE-CITE-CITE-CITE-CITE-CITE-CITE-CITE

Neighbor list info ...
  update: every = 1 steps, delay = 0 steps, check = yes
  max neighbors/atom: 2000, page size: 100000
  master list distance cutoff = 11
  ghost atom cutoff = 11
  binsize = 5.5, bins = 4 4 4
  1 neighbor lists, perpetual/occasional/extra = 1 0 0
  (1) pair metatomic, perpetual
      attributes: full, newton on, ghost
      pair build: full/bin/ghost
      stencil: full/ghost/bin/3d
      bin: standard
Per MPI rank memory allocation (min/avg/max) = 19.8 | 19.8 | 19.8 Mbytes
   Step           Lx             Ly             Lz           PotEng         Press           Fmax          Volume    
         0   17.245         17.245         17.245        -4078.5151      77330.434      0.91328919     5128.491     
        10   17.245         17.245         17.245        -4084.4814      78753.562      0.0096952021   5128.491     
        12   17.245         17.245         17.245        -4084.4819      78750.104      0.0051366519   5128.491     
Loop time of 53.6436 on 8 procs for 12 steps with 500 atoms

764.9% CPU use with 1 MPI tasks x 8 OpenMP threads

Minimization stats:
  Stopping criterion = energy tolerance
  Energy initial, next-to-last, final = 
     -4078.51513671875  -4084.48193359375  -4084.48193359375
  Force two-norm initial, final = 11.342573 0.034785504
  Force max component initial, final = 0.91328919 0.0051366519
  Final line search alpha, max atom move = 1 0.0051366519
  Iterations, force evaluations = 12 24

MPI task timing breakdown:
Section |  min time  |  avg time  |  max time  |%varavg| %total
---------------------------------------------------------------
Pair    | 53.642     | 53.642     | 53.642     |   0.0 |100.00
Neigh   | 0          | 0          | 0          |   0.0 |  0.00
Comm    | 0.00058195 | 0.00058195 | 0.00058195 |   0.0 |  0.00
Output  | 7.7911e-05 | 7.7911e-05 | 7.7911e-05 |   0.0 |  0.00
Modify  | 0          | 0          | 0          |   0.0 |  0.00
Other   |            | 0.0004787  |            |       |  0.00

Nlocal:            500 ave         500 max         500 min
Histogram: 1 0 0 0 0 0 0 0 0 0
Nghost:           5584 ave        5584 max        5584 min
Histogram: 1 0 0 0 0 0 0 0 0 0
Neighs:              0 ave           0 max           0 min
Histogram: 1 0 0 0 0 0 0 0 0 0
FullNghs:       277000 ave      277000 max      277000 min
Histogram: 1 0 0 0 0 0 0 0 0 0

Total # of neighbors = 277000
Ave neighs/atom = 554
Neighbor list builds = 0
Dangerous builds = 0

# Релаксация ячейки aniso
fix 1 all box/relax aniso 0.0 vmax 0.0001
min_style cg
minimize 1.0e-10 1.0e-11 1000 5000
WARNING: Energy due to 3 extra global DOFs will be included in minimizer energies
 (src/min.cpp:222)
Per MPI rank memory allocation (min/avg/max) = 19.8 | 19.8 | 19.8 Mbytes
   Step           Lx             Ly             Lz           PotEng         Press           Fmax          Volume    
        12   17.245         17.245         17.245        -4084.4822      78750.142      0.0051363036   5128.491     
        20   17.258698      17.258796      17.258033     -4085.0459      70859.522      0.0088668615   5140.5526    
        30   17.275806      17.276041      17.274231     -4085.6667      61132.147      0.017866641    5155.6246    
        40   17.292897      17.293286      17.290299     -4086.1968      51563.714      0.027902931    5170.6814    
        50   17.309966      17.310531      17.306192     -4086.6367      42156.188      0.037831038    5185.7087    
        60   17.326999      17.327776      17.321842     -4086.988       32919.853      0.047408581    5200.6812    
        70   17.343978      17.345021      17.337116     -4087.2524      23884.453      0.056740999    5215.5534    
        80   17.360866      17.362266      17.351742     -4087.4316      15100.304      0.065823495    5230.2309    
        90   17.377554      17.379511      17.364933     -4087.5295      6720.7878      0.074777305    5244.4422    
       100   17.393157      17.396756      17.370256     -4087.5564      9.9596202      0.082663       5255.9704    
       103   17.394528      17.398894      17.366807     -4087.5571      3.1946811      0.082992166    5255.987     
Loop time of 242.971 on 8 procs for 91 steps with 500 atoms

772.0% CPU use with 1 MPI tasks x 8 OpenMP threads

Minimization stats:
  Stopping criterion = linesearch alpha is zero
  Energy initial, next-to-last, final = 
     -4084.48217773438  -4087.55712890625  -4087.55712890625
  Force two-norm initial, final = 436.73574 1.6190199
  Force max component initial, final = 257.24866 1.0956967
  Final line search alpha, max atom move = 2.7852327e-09 3.0517703e-09
  Iterations, force evaluations = 91 106

MPI task timing breakdown:
Section |  min time  |  avg time  |  max time  |%varavg| %total
---------------------------------------------------------------
Pair    | 242.96     | 242.96     | 242.96     |   0.0 |100.00
Neigh   | 0          | 0          | 0          |   0.0 |  0.00
Comm    | 0.0022859  | 0.0022859  | 0.0022859  |   0.0 |  0.00
Output  | 0.00071009 | 0.00071009 | 0.00071009 |   0.0 |  0.00
Modify  | 0          | 0          | 0          |   0.0 |  0.00
Other   |            | 0.00814    |            |       |  0.00

Nlocal:            500 ave         500 max         500 min
Histogram: 1 0 0 0 0 0 0 0 0 0
Nghost:           5584 ave        5584 max        5584 min
Histogram: 1 0 0 0 0 0 0 0 0 0
Neighs:              0 ave           0 max           0 min
Histogram: 1 0 0 0 0 0 0 0 0 0
FullNghs:       276674 ave      276674 max      276674 min
Histogram: 1 0 0 0 0 0 0 0 0 0

Total # of neighbors = 276674
Ave neighs/atom = 553.348
Neighbor list builds = 0
Dangerous builds = 0
unfix 1

# Промежуточная минимизация атомов
min_style cg
minimize 1.0e-10 1.0e-11 1000 5000
Per MPI rank memory allocation (min/avg/max) = 19.8 | 19.8 | 19.8 Mbytes
   Step           Lx             Ly             Lz           PotEng         Press           Fmax          Volume    
       103   17.394528      17.398894      17.366807     -4087.5571      3.195214       0.082992166    5255.987     
       108   17.394528      17.398894      17.366807     -4087.5933      893.71358      0.008651115    5255.987     
Loop time of 25.9283 on 8 procs for 5 steps with 500 atoms

773.2% CPU use with 1 MPI tasks x 8 OpenMP threads

Minimization stats:
  Stopping criterion = energy tolerance
  Energy initial, next-to-last, final = 
     -4087.55712890625  -4087.59326171875  -4087.59326171875
  Force two-norm initial, final = 0.87075288 0.041291132
  Force max component initial, final = 0.082992166 0.008651115
  Final line search alpha, max atom move = 1 0.008651115
  Iterations, force evaluations = 5 10

MPI task timing breakdown:
Section |  min time  |  avg time  |  max time  |%varavg| %total
---------------------------------------------------------------
Pair    | 25.928     | 25.928     | 25.928     |   0.0 |100.00
Neigh   | 0          | 0          | 0          |   0.0 |  0.00
Comm    | 0.00030012 | 0.00030012 | 0.00030012 |   0.0 |  0.00
Output  | 0          | 0          | 0          |   0.0 |  0.00
Modify  | 0          | 0          | 0          |   0.0 |  0.00
Other   |            | 0.0002682  |            |       |  0.00

Nlocal:            500 ave         500 max         500 min
Histogram: 1 0 0 0 0 0 0 0 0 0
Nghost:           5584 ave        5584 max        5584 min
Histogram: 1 0 0 0 0 0 0 0 0 0
Neighs:              0 ave           0 max           0 min
Histogram: 1 0 0 0 0 0 0 0 0 0
FullNghs:       271298 ave      271298 max      271298 min
Histogram: 1 0 0 0 0 0 0 0 0 0

Total # of neighbors = 271298
Ave neighs/atom = 542.596
Neighbor list builds = 0
Dangerous builds = 0

# Релаксация ячейки iso
fix 2 all box/relax iso 0.0 vmax 0.0001
min_style cg
minimize 1.0e-10 1.0e-11 1000 5000
WARNING: Energy due to 1 extra global DOFs will be included in minimizer energies
 (src/min.cpp:222)
Per MPI rank memory allocation (min/avg/max) = 19.8 | 19.8 | 19.8 Mbytes
   Step           Lx             Ly             Lz           PotEng         Press           Fmax          Volume    
       108   17.394528      17.398894      17.366807     -4087.5938      893.71387      0.0086515024   5255.987     
       110   17.396269      17.400635      17.368545     -4087.594       0.16157273     0.0090969354   5257.5648    
Loop time of 11.4897 on 8 procs for 2 steps with 500 atoms

767.4% CPU use with 1 MPI tasks x 8 OpenMP threads

Minimization stats:
  Stopping criterion = energy tolerance
  Energy initial, next-to-last, final = 
           -4087.59375  -4087.59399414062  -4087.59399414062
  Force two-norm initial, final = 8.7956606 0.027402576
  Force max component initial, final = 8.7955637 0.0090969354
  Final line search alpha, max atom move = 1 0.0090969354
  Iterations, force evaluations = 2 4

MPI task timing breakdown:
Section |  min time  |  avg time  |  max time  |%varavg| %total
---------------------------------------------------------------
Pair    | 11.489     | 11.489     | 11.489     |   0.0 |100.00
Neigh   | 0          | 0          | 0          |   0.0 |  0.00
Comm    | 0.00011054 | 0.00011054 | 0.00011054 |   0.0 |  0.00
Output  | 0          | 0          | 0          |   0.0 |  0.00
Modify  | 0          | 0          | 0          |   0.0 |  0.00
Other   |            | 0.0003716  |            |       |  0.00

Nlocal:            500 ave         500 max         500 min
Histogram: 1 0 0 0 0 0 0 0 0 0
Nghost:           5584 ave        5584 max        5584 min
Histogram: 1 0 0 0 0 0 0 0 0 0
Neighs:              0 ave           0 max           0 min
Histogram: 1 0 0 0 0 0 0 0 0 0
FullNghs:       271288 ave      271288 max      271288 min
Histogram: 1 0 0 0 0 0 0 0 0 0

Total # of neighbors = 271288
Ave neighs/atom = 542.576
Neighbor list builds = 0
Dangerous builds = 0
unfix 2

variable lat_const equal "lx/5"
variable eatom equal "pe/count(all)"
variable teng equal "pe"
variable natoms equal "count(all)"

print "Lattice parameter (lx/5) = ${lat_const} A"
Lattice parameter (lx/5) = 3.47925374666743 A
print "Total Potential Energy (PE) = ${teng} eV"
Total Potential Energy (PE) = -4087.59399414062 eV
print "Number of atoms = ${natoms}"
Number of atoms = 500
print "Cohesive energy (PE/N) = ${eatom} eV"
Cohesive energy (PE/N) = -8.17518798828125 eV
print "Minimization completed."
Minimization completed.

write_data B5_11_minimized.data
System init for write_data ...
Total wall time: 0:05:43
