read_data B5_1.data
Reading data file ...
  triclinic box = (0 0 0) to (17.245 17.245 17.245) with tilt (1.0559517e-15 1.0559517e-15 1.0559517e-15)
  1 by 1 by 1 MPI processor grid
  reading atoms ...
  500 atoms
  read_data CPU = 0.004 seconds

mass 1 58.6934  # Ni
mass 2 55.845   # Fe
mass 3 51.9961  # Cr

pair_style metatomic pet-mad-latest.pt device cpu

This is the PET-MAD v1.0.2 model
================================

A universal interatomic potential for advanced materials modeling

Model authors
-------------

- Arslan Mazitov (arslan.mazitov@epfl.ch)
- Filippo Bigi
- Matthias Kellner
- Paolo Pegolo
- Davide Tisi
- Guillaume Fraux
- Sergey Pozdnyakov
- Philip Loche
- Michele Ceriotti (michele.ceriotti@epfl.ch)

Model references
----------------

Please cite the following references when using this model:
- about this specific model:
  * http://arxiv.org/abs/2503.14118
- about the architecture of this model:
  * LLPR (uncertainty method):
    https://iopscience.iop.org/article/10.1088/2632-2153/ad805f
  * LPR (if using per-atom uncertainty):
    https://pubs.acs.org/doi/10.1021/acs.jctc.3c00704
  * https://arxiv.org/abs/2305.19302v3

WARNING: the model declared support for unknown device 'cuda', it will be ignored (src/ML-METATOMIC/pair_metatomic.cpp:216)
Running simulation on cpu device with float32 data
pair_coeff * * 28 26 24

neighbor 2.0 bin
neigh_modify delay 0 check yes
timestep 0.001

thermo 10
thermo_style custom step lx ly lz pe press fmax vol

# --- ЭТАПЫ МИНИМИЗАЦИИ ---
min_style cg
minimize 1.0e-8 1.0e-9 1000 5000

CITE-CITE-CITE-CITE-CITE-CITE-CITE-CITE-CITE-CITE-CITE-CITE-CITE

Your simulation uses code contributions which should be cited:

- LLPR (uncertainty method): https://iopscience.iop.org/article/10.1088/2632-2153/ad805f
- LPR (if using per-atom uncertainty): https://pubs.acs.org/doi/10.1021/acs.jctc.3c00704
- https://arxiv.org/abs/2305.19302v3
- http://arxiv.org/abs/2503.14118
CITE-CITE-CITE-CITE-CITE-CITE-CITE-CITE-CITE-CITE-CITE-CITE-CITE

Neighbor list info ...
  update: every = 1 steps, delay = 0 steps, check = yes
  max neighbors/atom: 2000, page size: 100000
  master list distance cutoff = 11
  ghost atom cutoff = 11
  binsize = 5.5, bins = 4 4 4
  1 neighbor lists, perpetual/occasional/extra = 1 0 0
  (1) pair metatomic, perpetual
      attributes: full, newton on, ghost
      pair build: full/bin/ghost
      stencil: full/ghost/bin/3d
      bin: standard
Per MPI rank memory allocation (min/avg/max) = 19.8 | 19.8 | 19.8 Mbytes
   Step           Lx             Ly             Lz           PotEng         Press           Fmax          Volume    
         0   17.245         17.245         17.245        -4077.7139      77297.847      1.0082248      5128.491     
        10   17.245         17.245         17.245        -4083.2505      79105.797      0.0082426816   5128.491     
        11   17.245         17.245         17.245        -4083.2505      79107.131      0.0042989403   5128.491     
Loop time of 48.6862 on 8 procs for 11 steps with 500 atoms

763.5% CPU use with 1 MPI tasks x 8 OpenMP threads

Minimization stats:
  Stopping criterion = energy tolerance
  Energy initial, next-to-last, final = 
      -4077.7138671875  -4083.25048828125  -4083.25048828125
  Force two-norm initial, final = 11.053605 0.037416625
  Force max component initial, final = 1.0082248 0.0042989403
  Final line search alpha, max atom move = 1 0.0042989403
  Iterations, force evaluations = 11 22

MPI task timing breakdown:
Section |  min time  |  avg time  |  max time  |%varavg| %total
---------------------------------------------------------------
Pair    | 48.685     | 48.685     | 48.685     |   0.0 |100.00
Neigh   | 0          | 0          | 0          |   0.0 |  0.00
Comm    | 0.00052816 | 0.00052816 | 0.00052816 |   0.0 |  0.00
Output  | 7.4105e-05 | 7.4105e-05 | 7.4105e-05 |   0.0 |  0.00
Modify  | 0          | 0          | 0          |   0.0 |  0.00
Other   |            | 0.0004794  |            |       |  0.00

Nlocal:            500 ave         500 max         500 min
Histogram: 1 0 0 0 0 0 0 0 0 0
Nghost:           5584 ave        5584 max        5584 min
Histogram: 1 0 0 0 0 0 0 0 0 0
Neighs:              0 ave           0 max           0 min
Histogram: 1 0 0 0 0 0 0 0 0 0
FullNghs:       277000 ave      277000 max      277000 min
Histogram: 1 0 0 0 0 0 0 0 0 0

Total # of neighbors = 277000
Ave neighs/atom = 554
Neighbor list builds = 0
Dangerous builds = 0

# Релаксация ячейки aniso
fix 1 all box/relax aniso 0.0 vmax 0.0001
min_style cg
minimize 1.0e-10 1.0e-11 1000 5000
WARNING: Energy due to 3 extra global DOFs will be included in minimizer energies
 (src/min.cpp:222)
Per MPI rank memory allocation (min/avg/max) = 19.8 | 19.8 | 19.8 Mbytes
   Step           Lx             Ly             Lz           PotEng         Press           Fmax          Volume    
        11   17.245         17.245         17.245        -4083.251       79107.138      0.0043006465   5128.491     
        20   17.259853      17.260521      17.259955     -4083.8804      70300.211      0.0095810294   5141.9831    
        30   17.276278      17.277766      17.276505     -4084.4924      60667.403      0.01885727     5156.9586    
        40   17.292597      17.295011      17.292966     -4085.0142      51196.131      0.028021738    5171.9052    
        50   17.308777      17.312256      17.309313     -4085.4475      41895.68       0.03708189     5186.8044    
        60   17.324761      17.329501      17.3255       -4085.7932      32782.635      0.04603225     5201.6254    
        70   17.340451      17.346746      17.341449     -4086.0532      23884.15       0.054561138    5216.3147    
        80   17.355649      17.363991      17.35699      -4086.2302      15258.266      0.062801339    5230.7603    
        90   17.369798      17.381236      17.371658     -4086.3276      7080.6959      0.070702285    5244.652     
       100   17.379607      17.398481      17.382694     -4086.356       396.40947      0.077412792    5256.1574    
       102   17.379497      17.400205      17.382888     -4086.3564      81.28339       0.077809095    5256.7037    
Loop time of 237.627 on 8 procs for 91 steps with 500 atoms

776.9% CPU use with 1 MPI tasks x 8 OpenMP threads

Minimization stats:
  Stopping criterion = linesearch alpha is zero
  Energy initial, next-to-last, final = 
      -4083.2509765625   -4086.3564453125   -4086.3564453125
  Force two-norm initial, final = 438.66297 2.6607996
  Force max component initial, final = 259.82651 2.246404
  Final line search alpha, max atom move = 1.3585052e-09 3.0517514e-09
  Iterations, force evaluations = 91 106

MPI task timing breakdown:
Section |  min time  |  avg time  |  max time  |%varavg| %total
---------------------------------------------------------------
Pair    | 237.62     | 237.62     | 237.62     |   0.0 |100.00
Neigh   | 0          | 0          | 0          |   0.0 |  0.00
Comm    | 0.0022366  | 0.0022366  | 0.0022366  |   0.0 |  0.00
Output  | 0.00050347 | 0.00050347 | 0.00050347 |   0.0 |  0.00
Modify  | 0          | 0          | 0          |   0.0 |  0.00
Other   |            | 0.008146   |            |       |  0.00

Nlocal:            500 ave         500 max         500 min
Histogram: 1 0 0 0 0 0 0 0 0 0
Nghost:           5584 ave        5584 max        5584 min
Histogram: 1 0 0 0 0 0 0 0 0 0
Neighs:              0 ave           0 max           0 min
Histogram: 1 0 0 0 0 0 0 0 0 0
FullNghs:       276792 ave      276792 max      276792 min
Histogram: 1 0 0 0 0 0 0 0 0 0

Total # of neighbors = 276792
Ave neighs/atom = 553.584
Neighbor list builds = 0
Dangerous builds = 0
unfix 1

# Промежуточная минимизация атомов
min_style cg
minimize 1.0e-10 1.0e-11 1000 5000
Per MPI rank memory allocation (min/avg/max) = 19.8 | 19.8 | 19.8 Mbytes
   Step           Lx             Ly             Lz           PotEng         Press           Fmax          Volume    
       102   17.379497      17.400205      17.382888     -4086.3564      81.283438      0.077809088    5256.7037    
       107   17.379497      17.400205      17.382888     -4086.3945      1014.8059      0.011311293    5256.7037    
Loop time of 24.7689 on 8 procs for 5 steps with 500 atoms

782.8% CPU use with 1 MPI tasks x 8 OpenMP threads

Minimization stats:
  Stopping criterion = energy tolerance
  Energy initial, next-to-last, final = 
      -4086.3564453125     -4086.39453125     -4086.39453125
  Force two-norm initial, final = 0.90939522 0.040342539
  Force max component initial, final = 0.077809088 0.011311293
  Final line search alpha, max atom move = 1 0.011311293
  Iterations, force evaluations = 5 10

MPI task timing breakdown:
Section |  min time  |  avg time  |  max time  |%varavg| %total
---------------------------------------------------------------
Pair    | 24.768     | 24.768     | 24.768     |   0.0 |100.00
Neigh   | 0          | 0          | 0          |   0.0 |  0.00
Comm    | 0.00029746 | 0.00029746 | 0.00029746 |   0.0 |  0.00
Output  | 0          | 0          | 0          |   0.0 |  0.00
Modify  | 0          | 0          | 0          |   0.0 |  0.00
Other   |            | 0.0002261  |            |       |  0.00

Nlocal:            500 ave         500 max         500 min
Histogram: 1 0 0 0 0 0 0 0 0 0
Nghost:           5584 ave        5584 max        5584 min
Histogram: 1 0 0 0 0 0 0 0 0 0
Neighs:              0 ave           0 max           0 min
Histogram: 1 0 0 0 0 0 0 0 0 0
FullNghs:       271316 ave      271316 max      271316 min
Histogram: 1 0 0 0 0 0 0 0 0 0

Total # of neighbors = 271316
Ave neighs/atom = 542.632
Neighbor list builds = 0
Dangerous builds = 0

# Релаксация ячейки iso
fix 2 all box/relax iso 0.0 vmax 0.0001
min_style cg
minimize 1.0e-10 1.0e-11 1000 5000
WARNING: Energy due to 1 extra global DOFs will be included in minimizer energies
 (src/min.cpp:222)
Per MPI rank memory allocation (min/avg/max) = 19.8 | 19.8 | 19.8 Mbytes
   Step           Lx             Ly             Lz           PotEng         Press           Fmax          Volume    
       107   17.379497      17.400205      17.382888     -4086.3945      1014.814       0.011310086    5256.7037    
       109   17.38143       17.40214       17.384821     -4086.3953      0.019080819    0.011261344    5258.4578    
Loop time of 9.08026 on 8 procs for 2 steps with 500 atoms

778.9% CPU use with 1 MPI tasks x 8 OpenMP threads

Minimization stats:
  Stopping criterion = energy tolerance
  Energy initial, next-to-last, final = 
        -4086.39453125  -4086.39526367188  -4086.39526367188
  Force two-norm initial, final = 9.9888241 0.045405001
  Force max component initial, final = 9.9887426 0.011261344
  Final line search alpha, max atom move = 9.9494871e-05 1.120446e-06
  Iterations, force evaluations = 2 3

MPI task timing breakdown:
Section |  min time  |  avg time  |  max time  |%varavg| %total
---------------------------------------------------------------
Pair    | 9.0799     | 9.0799     | 9.0799     |   0.0 |100.00
Neigh   | 0          | 0          | 0          |   0.0 |  0.00
Comm    | 8.8617e-05 | 8.8617e-05 | 8.8617e-05 |   0.0 |  0.00
Output  | 0          | 0          | 0          |   0.0 |  0.00
Modify  | 0          | 0          | 0          |   0.0 |  0.00
Other   |            | 0.0003025  |            |       |  0.00

Nlocal:            500 ave         500 max         500 min
Histogram: 1 0 0 0 0 0 0 0 0 0
Nghost:           5584 ave        5584 max        5584 min
Histogram: 1 0 0 0 0 0 0 0 0 0
Neighs:              0 ave           0 max           0 min
Histogram: 1 0 0 0 0 0 0 0 0 0
FullNghs:       271304 ave      271304 max      271304 min
Histogram: 1 0 0 0 0 0 0 0 0 0

Total # of neighbors = 271304
Ave neighs/atom = 542.608
Neighbor list builds = 0
Dangerous builds = 0
unfix 2

variable lat_const equal "lx/5"
variable eatom equal "pe/count(all)"
variable teng equal "pe"
variable natoms equal "count(all)"

print "Lattice parameter (lx/5) = ${lat_const} A"
Lattice parameter (lx/5) = 3.47628595471515 A
print "Total Potential Energy (PE) = ${teng} eV"
Total Potential Energy (PE) = -4086.39526367188 eV
print "Number of atoms = ${natoms}"
Number of atoms = 500
print "Cohesive energy (PE/N) = ${eatom} eV"
Cohesive energy (PE/N) = -8.17279052734375 eV
print "Minimization completed."
Minimization completed.

write_data B5_1_minimized.data
System init for write_data ...
Total wall time: 0:05:29
