read_data B5_5.data
Reading data file ...
  triclinic box = (0 0 0) to (17.245 17.245 17.245) with tilt (1.0559517e-15 1.0559517e-15 1.0559517e-15)
  1 by 1 by 1 MPI processor grid
  reading atoms ...
  500 atoms
  read_data CPU = 0.004 seconds

mass 1 58.6934  # Ni
mass 2 55.845   # Fe
mass 3 51.9961  # Cr

pair_style metatomic pet-mad-latest.pt device cpu

This is the PET-MAD v1.0.2 model
================================

A universal interatomic potential for advanced materials modeling

Model authors
-------------

- Arslan Mazitov (arslan.mazitov@epfl.ch)
- Filippo Bigi
- Matthias Kellner
- Paolo Pegolo
- Davide Tisi
- Guillaume Fraux
- Sergey Pozdnyakov
- Philip Loche
- Michele Ceriotti (michele.ceriotti@epfl.ch)

Model references
----------------

Please cite the following references when using this model:
- about this specific model:
  * http://arxiv.org/abs/2503.14118
- about the architecture of this model:
  * LLPR (uncertainty method):
    https://iopscience.iop.org/article/10.1088/2632-2153/ad805f
  * LPR (if using per-atom uncertainty):
    https://pubs.acs.org/doi/10.1021/acs.jctc.3c00704
  * https://arxiv.org/abs/2305.19302v3

WARNING: the model declared support for unknown device 'cuda', it will be ignored (src/ML-METATOMIC/pair_metatomic.cpp:216)
Running simulation on cpu device with float32 data
pair_coeff * * 28 26 24

neighbor 2.0 bin
neigh_modify delay 0 check yes
timestep 0.001

thermo 10
thermo_style custom step lx ly lz pe press fmax vol

# --- ЭТАПЫ МИНИМИЗАЦИИ ---
min_style cg
minimize 1.0e-8 1.0e-9 1000 5000

CITE-CITE-CITE-CITE-CITE-CITE-CITE-CITE-CITE-CITE-CITE-CITE-CITE

Your simulation uses code contributions which should be cited:

- LLPR (uncertainty method): https://iopscience.iop.org/article/10.1088/2632-2153/ad805f
- LPR (if using per-atom uncertainty): https://pubs.acs.org/doi/10.1021/acs.jctc.3c00704
- https://arxiv.org/abs/2305.19302v3
- http://arxiv.org/abs/2503.14118
CITE-CITE-CITE-CITE-CITE-CITE-CITE-CITE-CITE-CITE-CITE-CITE-CITE

Neighbor list info ...
  update: every = 1 steps, delay = 0 steps, check = yes
  max neighbors/atom: 2000, page size: 100000
  master list distance cutoff = 11
  ghost atom cutoff = 11
  binsize = 5.5, bins = 4 4 4
  1 neighbor lists, perpetual/occasional/extra = 1 0 0
  (1) pair metatomic, perpetual
      attributes: full, newton on, ghost
      pair build: full/bin/ghost
      stencil: full/ghost/bin/3d
      bin: standard
Per MPI rank memory allocation (min/avg/max) = 19.8 | 19.8 | 19.8 Mbytes
   Step           Lx             Ly             Lz           PotEng         Press           Fmax          Volume    
         0   17.245         17.245         17.245        -4076.9883      77826.664      1.1849344      5128.491     
        10   17.245         17.245         17.245        -4083.2383      79444.077      0.053531811    5128.491     
        16   17.245         17.245         17.245        -4083.2466      79424.51       0.0062298067   5128.491     
Loop time of 70.3749 on 8 procs for 16 steps with 500 atoms

769.7% CPU use with 1 MPI tasks x 8 OpenMP threads

Minimization stats:
  Stopping criterion = energy tolerance
  Energy initial, next-to-last, final = 
        -4076.98828125  -4083.24658203125  -4083.24658203125
  Force two-norm initial, final = 11.758851 0.031291653
  Force max component initial, final = 1.1849344 0.0062298067
  Final line search alpha, max atom move = 1 0.0062298067
  Iterations, force evaluations = 16 32

MPI task timing breakdown:
Section |  min time  |  avg time  |  max time  |%varavg| %total
---------------------------------------------------------------
Pair    | 70.373     | 70.373     | 70.373     |   0.0 |100.00
Neigh   | 0          | 0          | 0          |   0.0 |  0.00
Comm    | 0.00077016 | 0.00077016 | 0.00077016 |   0.0 |  0.00
Output  | 7.8622e-05 | 7.8622e-05 | 7.8622e-05 |   0.0 |  0.00
Modify  | 0          | 0          | 0          |   0.0 |  0.00
Other   |            | 0.0006279  |            |       |  0.00

Nlocal:            500 ave         500 max         500 min
Histogram: 1 0 0 0 0 0 0 0 0 0
Nghost:           5584 ave        5584 max        5584 min
Histogram: 1 0 0 0 0 0 0 0 0 0
Neighs:              0 ave           0 max           0 min
Histogram: 1 0 0 0 0 0 0 0 0 0
FullNghs:       277000 ave      277000 max      277000 min
Histogram: 1 0 0 0 0 0 0 0 0 0

Total # of neighbors = 277000
Ave neighs/atom = 554
Neighbor list builds = 0
Dangerous builds = 0

# Релаксация ячейки aniso
fix 1 all box/relax aniso 0.0 vmax 0.0001
min_style cg
minimize 1.0e-10 1.0e-11 1000 5000
WARNING: Energy due to 3 extra global DOFs will be included in minimizer energies
 (src/min.cpp:222)
Per MPI rank memory allocation (min/avg/max) = 19.8 | 19.8 | 19.8 Mbytes
   Step           Lx             Ly             Lz           PotEng         Press           Fmax          Volume    
        16   17.245         17.245         17.245        -4083.2466      79424.512      0.0062302165   5128.491     
        20   17.251433      17.251552      17.251898     -4083.533       75537.497      0.0053387284   5134.4062    
        30   17.267437      17.267876      17.269143     -4084.1855      65937.198      0.015781522    5149.1741    
        40   17.283305      17.284106      17.286388     -4084.7485      56508.457      0.02662015     5163.9019    
        50   17.299         17.300216      17.303633     -4085.2244      47255.118      0.037188299    5178.5695    
        60   17.314459      17.316162      17.320878     -4085.6138      38189.338      0.047473475    5193.1455    
        70   17.329588      17.331883      17.338123     -4085.9187      29343.663      0.057453938    5207.5813    
        80   17.344213      17.347259      17.355368     -4086.1421      20763.609      0.067765132    5221.7884    
        90   17.357962      17.362038      17.372613     -4086.2866      12550.175      0.077639334    5235.5771    
       100   17.369747      17.375483      17.389858     -4086.3589      5024.8663      0.086710081    5248.3938    
       110   17.373113      17.383232      17.407103     -4086.3755      55.186942      0.093100108    5256.9598    
       120   17.36438       17.380388      17.415683     -4086.3784      615.31673      0.089533322    5256.0471    
       125   17.368541      17.38255       17.414338     -4086.3799     -240.76156      0.08812739     5257.5547    
Loop time of 254.001 on 8 procs for 109 steps with 500 atoms

779.8% CPU use with 1 MPI tasks x 8 OpenMP threads

Minimization stats:
  Stopping criterion = energy tolerance
  Energy initial, next-to-last, final = 
     -4083.24658203125   -4086.3798828125   -4086.3798828125
  Force two-norm initial, final = 440.53591 1.6686855
  Force max component initial, final = 264.46442 1.0103376
  Final line search alpha, max atom move = 9.7910729e-05 9.892289e-05
  Iterations, force evaluations = 109 112

MPI task timing breakdown:
Section |  min time  |  avg time  |  max time  |%varavg| %total
---------------------------------------------------------------
Pair    | 253.99     | 253.99     | 253.99     |   0.0 |100.00
Neigh   | 0          | 0          | 0          |   0.0 |  0.00
Comm    | 0.002253   | 0.002253   | 0.002253   |   0.0 |  0.00
Output  | 0.00096473 | 0.00096473 | 0.00096473 |   0.0 |  0.00
Modify  | 0          | 0          | 0          |   0.0 |  0.00
Other   |            | 0.009058   |            |       |  0.00

Nlocal:            500 ave         500 max         500 min
Histogram: 1 0 0 0 0 0 0 0 0 0
Nghost:           5584 ave        5584 max        5584 min
Histogram: 1 0 0 0 0 0 0 0 0 0
Neighs:              0 ave           0 max           0 min
Histogram: 1 0 0 0 0 0 0 0 0 0
FullNghs:       276602 ave      276602 max      276602 min
Histogram: 1 0 0 0 0 0 0 0 0 0

Total # of neighbors = 276602
Ave neighs/atom = 553.204
Neighbor list builds = 0
Dangerous builds = 0
unfix 1

# Промежуточная минимизация атомов
min_style cg
minimize 1.0e-10 1.0e-11 1000 5000
Per MPI rank memory allocation (min/avg/max) = 19.8 | 19.8 | 19.8 Mbytes
   Step           Lx             Ly             Lz           PotEng         Press           Fmax          Volume    
       125   17.368541      17.38255       17.414338     -4086.3799     -240.76151      0.088127375    5257.5547    
       130   17.368541      17.38255       17.414338     -4086.4189      718.37826      0.008250393    5257.5547    
       131   17.368541      17.38255       17.414338     -4086.4189      732.82863      0.0047580749   5257.5547    
Loop time of 29.5789 on 8 procs for 6 steps with 500 atoms

783.4% CPU use with 1 MPI tasks x 8 OpenMP threads

Minimization stats:
  Stopping criterion = energy tolerance
  Energy initial, next-to-last, final = 
      -4086.3798828125   -4086.4189453125   -4086.4189453125
  Force two-norm initial, final = 0.90540121 0.025511771
  Force max component initial, final = 0.088127375 0.0047580749
  Final line search alpha, max atom move = 1 0.0047580749
  Iterations, force evaluations = 6 12

MPI task timing breakdown:
Section |  min time  |  avg time  |  max time  |%varavg| %total
---------------------------------------------------------------
Pair    | 29.578     | 29.578     | 29.578     |   0.0 |100.00
Neigh   | 0          | 0          | 0          |   0.0 |  0.00
Comm    | 0.00028677 | 0.00028677 | 0.00028677 |   0.0 |  0.00
Output  | 7.7633e-05 | 7.7633e-05 | 7.7633e-05 |   0.0 |  0.00
Modify  | 0          | 0          | 0          |   0.0 |  0.00
Other   |            | 0.0002874  |            |       |  0.00

Nlocal:            500 ave         500 max         500 min
Histogram: 1 0 0 0 0 0 0 0 0 0
Nghost:           5584 ave        5584 max        5584 min
Histogram: 1 0 0 0 0 0 0 0 0 0
Neighs:              0 ave           0 max           0 min
Histogram: 1 0 0 0 0 0 0 0 0 0
FullNghs:       271234 ave      271234 max      271234 min
Histogram: 1 0 0 0 0 0 0 0 0 0

Total # of neighbors = 271234
Ave neighs/atom = 542.468
Neighbor list builds = 0
Dangerous builds = 0

# Релаксация ячейки iso
fix 2 all box/relax iso 0.0 vmax 0.0001
min_style cg
minimize 1.0e-10 1.0e-11 1000 5000
WARNING: Energy due to 1 extra global DOFs will be included in minimizer energies
 (src/min.cpp:222)
Per MPI rank memory allocation (min/avg/max) = 19.8 | 19.8 | 19.8 Mbytes
   Step           Lx             Ly             Lz           PotEng         Press           Fmax          Volume    
       131   17.368541      17.38255       17.414338     -4086.4189      732.8302       0.00475768     5257.5547    
       134   17.369949      17.38396       17.41575      -4086.4194     -0.83993661     0.0064932108   5258.8337    
Loop time of 15.8107 on 8 procs for 3 steps with 500 atoms

778.7% CPU use with 1 MPI tasks x 8 OpenMP threads

Minimization stats:
  Stopping criterion = energy tolerance
  Energy initial, next-to-last, final = 
      -4086.4189453125  -4086.41943359375  -4086.41943359375
  Force two-norm initial, final = 7.2144092 0.020568972
  Force max component initial, final = 7.2143641 0.0082701165
  Final line search alpha, max atom move = 0.00052084538 4.307452e-06
  Iterations, force evaluations = 3 6

MPI task timing breakdown:
Section |  min time  |  avg time  |  max time  |%varavg| %total
---------------------------------------------------------------
Pair    | 15.81      | 15.81      | 15.81      |   0.0 |100.00
Neigh   | 0          | 0          | 0          |   0.0 |  0.00
Comm    | 0.0001358  | 0.0001358  | 0.0001358  |   0.0 |  0.00
Output  | 0          | 0          | 0          |   0.0 |  0.00
Modify  | 0          | 0          | 0          |   0.0 |  0.00
Other   |            | 0.0005045  |            |       |  0.00

Nlocal:            500 ave         500 max         500 min
Histogram: 1 0 0 0 0 0 0 0 0 0
Nghost:           5584 ave        5584 max        5584 min
Histogram: 1 0 0 0 0 0 0 0 0 0
Neighs:              0 ave           0 max           0 min
Histogram: 1 0 0 0 0 0 0 0 0 0
FullNghs:       271236 ave      271236 max      271236 min
Histogram: 1 0 0 0 0 0 0 0 0 0

Total # of neighbors = 271236
Ave neighs/atom = 542.472
Neighbor list builds = 0
Dangerous builds = 0
unfix 2

variable lat_const equal "lx/5"
variable eatom equal "pe/count(all)"
variable teng equal "pe"
variable natoms equal "count(all)"

print "Lattice parameter (lx/5) = ${lat_const} A"
Lattice parameter (lx/5) = 3.47398979722979 A
print "Total Potential Energy (PE) = ${teng} eV"
Total Potential Energy (PE) = -4086.41943359375 eV
print "Number of atoms = ${natoms}"
Number of atoms = 500
print "Cohesive energy (PE/N) = ${eatom} eV"
Cohesive energy (PE/N) = -8.1728388671875 eV
print "Minimization completed."
Minimization completed.

write_data B5_5_minimized.data
System init for write_data ...
Total wall time: 0:06:19
