read_data B5_6.data
Reading data file ...
  triclinic box = (0 0 0) to (17.245 17.245 17.245) with tilt (1.0559517e-15 1.0559517e-15 1.0559517e-15)
  1 by 1 by 1 MPI processor grid
  reading atoms ...
  500 atoms
  read_data CPU = 0.003 seconds

mass 1 58.6934  # Ni
mass 2 55.845   # Fe
mass 3 51.9961  # Cr

pair_style metatomic pet-mad-latest.pt device cpu

This is the PET-MAD v1.0.2 model
================================

A universal interatomic potential for advanced materials modeling

Model authors
-------------

- Arslan Mazitov (arslan.mazitov@epfl.ch)
- Filippo Bigi
- Matthias Kellner
- Paolo Pegolo
- Davide Tisi
- Guillaume Fraux
- Sergey Pozdnyakov
- Philip Loche
- Michele Ceriotti (michele.ceriotti@epfl.ch)

Model references
----------------

Please cite the following references when using this model:
- about this specific model:
  * http://arxiv.org/abs/2503.14118
- about the architecture of this model:
  * LLPR (uncertainty method):
    https://iopscience.iop.org/article/10.1088/2632-2153/ad805f
  * LPR (if using per-atom uncertainty):
    https://pubs.acs.org/doi/10.1021/acs.jctc.3c00704
  * https://arxiv.org/abs/2305.19302v3

WARNING: the model declared support for unknown device 'cuda', it will be ignored (src/ML-METATOMIC/pair_metatomic.cpp:216)
Running simulation on cpu device with float32 data
pair_coeff * * 28 26 24

neighbor 2.0 bin
neigh_modify delay 0 check yes
timestep 0.001

thermo 10
thermo_style custom step lx ly lz pe press fmax vol

# --- ЭТАПЫ МИНИМИЗАЦИИ ---
min_style cg
minimize 1.0e-8 1.0e-9 1000 5000

CITE-CITE-CITE-CITE-CITE-CITE-CITE-CITE-CITE-CITE-CITE-CITE-CITE

Your simulation uses code contributions which should be cited:

- LLPR (uncertainty method): https://iopscience.iop.org/article/10.1088/2632-2153/ad805f
- LPR (if using per-atom uncertainty): https://pubs.acs.org/doi/10.1021/acs.jctc.3c00704
- https://arxiv.org/abs/2305.19302v3
- http://arxiv.org/abs/2503.14118
CITE-CITE-CITE-CITE-CITE-CITE-CITE-CITE-CITE-CITE-CITE-CITE-CITE

Neighbor list info ...
  update: every = 1 steps, delay = 0 steps, check = yes
  max neighbors/atom: 2000, page size: 100000
  master list distance cutoff = 11
  ghost atom cutoff = 11
  binsize = 5.5, bins = 4 4 4
  1 neighbor lists, perpetual/occasional/extra = 1 0 0
  (1) pair metatomic, perpetual
      attributes: full, newton on, ghost
      pair build: full/bin/ghost
      stencil: full/ghost/bin/3d
      bin: standard
Per MPI rank memory allocation (min/avg/max) = 19.8 | 19.8 | 19.8 Mbytes
   Step           Lx             Ly             Lz           PotEng         Press           Fmax          Volume    
         0   17.245         17.245         17.245        -4077.9553      77847.355      1.1705573      5128.491     
        10   17.245         17.245         17.245        -4084.2742      79675.273      0.042894032    5128.491     
        17   17.245         17.245         17.245        -4084.2778      79674.945      0.0076612532   5128.491     
Loop time of 76.5932 on 8 procs for 17 steps with 500 atoms

770.5% CPU use with 1 MPI tasks x 8 OpenMP threads

Minimization stats:
  Stopping criterion = energy tolerance
  Energy initial, next-to-last, final = 
     -4077.95532226562  -4084.27783203125  -4084.27783203125
  Force two-norm initial, final = 11.561391 0.040322178
  Force max component initial, final = 1.1705573 0.0076612532
  Final line search alpha, max atom move = 1 0.0076612532
  Iterations, force evaluations = 17 34

MPI task timing breakdown:
Section |  min time  |  avg time  |  max time  |%varavg| %total
---------------------------------------------------------------
Pair    | 76.592     | 76.592     | 76.592     |   0.0 |100.00
Neigh   | 0          | 0          | 0          |   0.0 |  0.00
Comm    | 0.00080265 | 0.00080265 | 0.00080265 |   0.0 |  0.00
Output  | 7.9756e-05 | 7.9756e-05 | 7.9756e-05 |   0.0 |  0.00
Modify  | 0          | 0          | 0          |   0.0 |  0.00
Other   |            | 0.0006415  |            |       |  0.00

Nlocal:            500 ave         500 max         500 min
Histogram: 1 0 0 0 0 0 0 0 0 0
Nghost:           5584 ave        5584 max        5584 min
Histogram: 1 0 0 0 0 0 0 0 0 0
Neighs:              0 ave           0 max           0 min
Histogram: 1 0 0 0 0 0 0 0 0 0
FullNghs:       277000 ave      277000 max      277000 min
Histogram: 1 0 0 0 0 0 0 0 0 0

Total # of neighbors = 277000
Ave neighs/atom = 554
Neighbor list builds = 0
Dangerous builds = 0

# Релаксация ячейки aniso
fix 1 all box/relax aniso 0.0 vmax 0.0001
min_style cg
minimize 1.0e-10 1.0e-11 1000 5000
WARNING: Energy due to 3 extra global DOFs will be included in minimizer energies
 (src/min.cpp:222)
Per MPI rank memory allocation (min/avg/max) = 19.8 | 19.8 | 19.8 Mbytes
   Step           Lx             Ly             Lz           PotEng         Press           Fmax          Volume    
        17   17.245         17.245         17.245        -4084.2783      79674.963      0.0076640043   5128.491     
        20   17.250174      17.249925      17.250035     -4084.4983      76710.689      0.0096019479   5132.9929    
        30   17.267419      17.26629       17.266784     -4085.1707      66930.236      0.01603787     5147.9923    
        40   17.284664      17.282555      17.283471     -4085.7515      57307.056      0.028626442    5162.9727    
        50   17.301909      17.298692      17.300078     -4086.2427      47846.053      0.041358143    5177.92      
        60   17.319154      17.314658      17.316579     -4086.6443      38557.514      0.053999424    5192.8128    
        70   17.336399      17.330379      17.332926     -4086.959       29460.648      0.066474855    5207.6145    
        80   17.353644      17.345719      17.34903      -4087.1882      20602.687      0.078757226    5222.2562    
        90   17.370889      17.360365      17.364689     -4087.3347      12063.584      0.090158522    5236.582     
       100   17.388134      17.373266      17.37923      -4087.4038      4137.6941      0.10014082     5250.0684    
       110   17.405379      17.373549      17.385837     -4087.415      -95.564792      0.10815769     5257.3588    
       111   17.40523       17.372181      17.38497      -4087.415       324.22422      0.10784186     5256.6377    
Loop time of 216.346 on 8 procs for 94 steps with 500 atoms

781.8% CPU use with 1 MPI tasks x 8 OpenMP threads

Minimization stats:
  Stopping criterion = energy tolerance
  Energy initial, next-to-last, final = 
      -4084.2783203125   -4087.4150390625   -4087.4150390625
  Force two-norm initial, final = 441.82276 2.0481095
  Force max component initial, final = 261.49124 1.1506814
  Final line search alpha, max atom move = 0.0001989829 0.00022896592
  Iterations, force evaluations = 94 95

MPI task timing breakdown:
Section |  min time  |  avg time  |  max time  |%varavg| %total
---------------------------------------------------------------
Pair    | 216.34     | 216.34     | 216.34     |   0.0 |100.00
Neigh   | 0          | 0          | 0          |   0.0 |  0.00
Comm    | 0.0019701  | 0.0019701  | 0.0019701  |   0.0 |  0.00
Output  | 0.0008769  | 0.0008769  | 0.0008769  |   0.0 |  0.00
Modify  | 0          | 0          | 0          |   0.0 |  0.00
Other   |            | 0.00774    |            |       |  0.00

Nlocal:            500 ave         500 max         500 min
Histogram: 1 0 0 0 0 0 0 0 0 0
Nghost:           5584 ave        5584 max        5584 min
Histogram: 1 0 0 0 0 0 0 0 0 0
Neighs:              0 ave           0 max           0 min
Histogram: 1 0 0 0 0 0 0 0 0 0
FullNghs:       276566 ave      276566 max      276566 min
Histogram: 1 0 0 0 0 0 0 0 0 0

Total # of neighbors = 276566
Ave neighs/atom = 553.132
Neighbor list builds = 0
Dangerous builds = 0
unfix 1

# Промежуточная минимизация атомов
min_style cg
minimize 1.0e-10 1.0e-11 1000 5000
Per MPI rank memory allocation (min/avg/max) = 19.8 | 19.8 | 19.8 Mbytes
   Step           Lx             Ly             Lz           PotEng         Press           Fmax          Volume    
       111   17.40523       17.372181      17.38497      -4087.415       324.22324      0.10784189     5256.6377    
       116   17.40523       17.372181      17.38497      -4087.4551      1299.4187      0.0075853248   5256.6377    
Loop time of 24.9825 on 8 procs for 5 steps with 500 atoms

782.6% CPU use with 1 MPI tasks x 8 OpenMP threads

Minimization stats:
  Stopping criterion = energy tolerance
  Energy initial, next-to-last, final = 
      -4087.4150390625    -4087.455078125    -4087.455078125
  Force two-norm initial, final = 0.91164133 0.04554217
  Force max component initial, final = 0.10784189 0.0075853248
  Final line search alpha, max atom move = 1 0.0075853248
  Iterations, force evaluations = 5 10

MPI task timing breakdown:
Section |  min time  |  avg time  |  max time  |%varavg| %total
---------------------------------------------------------------
Pair    | 24.982     | 24.982     | 24.982     |   0.0 |100.00
Neigh   | 0          | 0          | 0          |   0.0 |  0.00
Comm    | 0.00025395 | 0.00025395 | 0.00025395 |   0.0 |  0.00
Output  | 0          | 0          | 0          |   0.0 |  0.00
Modify  | 0          | 0          | 0          |   0.0 |  0.00
Other   |            | 0.0002493  |            |       |  0.00

Nlocal:            500 ave         500 max         500 min
Histogram: 1 0 0 0 0 0 0 0 0 0
Nghost:           5584 ave        5584 max        5584 min
Histogram: 1 0 0 0 0 0 0 0 0 0
Neighs:              0 ave           0 max           0 min
Histogram: 1 0 0 0 0 0 0 0 0 0
FullNghs:       271238 ave      271238 max      271238 min
Histogram: 1 0 0 0 0 0 0 0 0 0

Total # of neighbors = 271238
Ave neighs/atom = 542.476
Neighbor list builds = 0
Dangerous builds = 0

# Релаксация ячейки iso
fix 2 all box/relax iso 0.0 vmax 0.0001
min_style cg
minimize 1.0e-10 1.0e-11 1000 5000
WARNING: Energy due to 1 extra global DOFs will be included in minimizer energies
 (src/min.cpp:222)
Per MPI rank memory allocation (min/avg/max) = 19.8 | 19.8 | 19.8 Mbytes
   Step           Lx             Ly             Lz           PotEng         Press           Fmax          Volume    
       116   17.40523       17.372181      17.38497      -4087.4551      1299.419       0.0075856908   5256.6377    
       119   17.408024      17.37497       17.387761     -4087.4563     -167.03908      0.0055233762   5259.1699    
Loop time of 63.3568 on 8 procs for 3 steps with 500 atoms

783.3% CPU use with 1 MPI tasks x 8 OpenMP threads

Minimization stats:
  Stopping criterion = energy tolerance
  Energy initial, next-to-last, final = 
       -4087.455078125  -4087.45629882812  -4087.45629882812
  Force two-norm initial, final = 12.79001 1.6454045
  Force max component initial, final = 12.789929 1.6446613
  Final line search alpha, max atom move = 2.2899121e-05 3.7661297e-05
  Iterations, force evaluations = 3 27

MPI task timing breakdown:
Section |  min time  |  avg time  |  max time  |%varavg| %total
---------------------------------------------------------------
Pair    | 63.354     | 63.354     | 63.354     |   0.0 |100.00
Neigh   | 0          | 0          | 0          |   0.0 |  0.00
Comm    | 0.00055495 | 0.00055495 | 0.00055495 |   0.0 |  0.00
Output  | 0          | 0          | 0          |   0.0 |  0.00
Modify  | 0          | 0          | 0          |   0.0 |  0.00
Other   |            | 0.001914   |            |       |  0.00

Nlocal:            500 ave         500 max         500 min
Histogram: 1 0 0 0 0 0 0 0 0 0
Nghost:           5584 ave        5584 max        5584 min
Histogram: 1 0 0 0 0 0 0 0 0 0
Neighs:              0 ave           0 max           0 min
Histogram: 1 0 0 0 0 0 0 0 0 0
FullNghs:       271246 ave      271246 max      271246 min
Histogram: 1 0 0 0 0 0 0 0 0 0

Total # of neighbors = 271246
Ave neighs/atom = 542.492
Neighbor list builds = 0
Dangerous builds = 0
unfix 2

variable lat_const equal "lx/5"
variable eatom equal "pe/count(all)"
variable teng equal "pe"
variable natoms equal "count(all)"

print "Lattice parameter (lx/5) = ${lat_const} A"
Lattice parameter (lx/5) = 3.48160477824244 A
print "Total Potential Energy (PE) = ${teng} eV"
Total Potential Energy (PE) = -4087.45629882812 eV
print "Number of atoms = ${natoms}"
Number of atoms = 500
print "Cohesive energy (PE/N) = ${eatom} eV"
Cohesive energy (PE/N) = -8.17491259765625 eV
print "Minimization completed."
Minimization completed.

write_data B5_6_minimized.data
System init for write_data ...
Total wall time: 0:06:30
