read_data C2_mpack_3.data
Reading data file ...
  triclinic box = (0 0 0) to (17.6 17.6 17.6) with tilt (1.0776892e-15 1.0776892e-15 1.0776892e-15)
  1 by 2 by 2 MPI processor grid
  reading atoms ...
  500 atoms
  read_data CPU = 0.006 seconds

mass 1 58.6934  # Ni
mass 2 55.845   # Fe
mass 3 51.9961  # Cr

pair_style eam/alloy
pair_coeff * * FeNiCr_bonny.eam.alloy Ni Fe Cr

neighbor 2.0 bin
neigh_modify delay 0 check yes
timestep 0.001

thermo 10
thermo_style custom step lx ly lz pe press fmax vol

# --- ЭТАПЫ МИНИМИЗАЦИИ ---
min_style cg
minimize 1.0e-8 1.0e-9 1000 5000

CITE-CITE-CITE-CITE-CITE-CITE-CITE-CITE-CITE-CITE-CITE-CITE-CITE

Your simulation uses code contributions which should be cited:

- Type Label Framework: https://doi.org/10.1021/acs.jpcb.3c08419

@Article{Gissinger24,
 author = {Jacob R. Gissinger, Ilia Nikiforov, Yaser Afshar, Brendon Waters, Moon-ki Choi, Daniel S. Karls, Alexander Stukowski, Wonpil Im, Hendrik Heinz, Axel Kohlmeyer, and Ellad B. Tadmor},
 title = {Type Label Framework for Bonded Force Fields in LAMMPS},
 journal = {J. Phys. Chem. B},
 year =    2024,
 volume =  128,
 number =  13,
 pages =   {3282–-3297}
}

CITE-CITE-CITE-CITE-CITE-CITE-CITE-CITE-CITE-CITE-CITE-CITE-CITE

Neighbor list info ...
  update: every = 1 steps, delay = 0 steps, check = yes
  max neighbors/atom: 2000, page size: 100000
  master list distance cutoff = 7.6
  ghost atom cutoff = 7.6
  binsize = 3.8, bins = 5 5 5
  1 neighbor lists, perpetual/occasional/extra = 1 0 0
  (1) pair eam/alloy, perpetual
      attributes: half, newton on
      pair build: half/bin/atomonly/newton/tri
      stencil: half/bin/3d/tri
      bin: standard
Per MPI rank memory allocation (min/avg/max) = 4.524 | 4.524 | 4.524 Mbytes
   Step           Lx             Ly             Lz           PotEng         Press           Fmax          Volume    
         0   17.6           17.6           17.6          -2112.0616      1607.9851      0.71782069     5451.776     
        10   17.6           17.6           17.6          -2114.8448      1696.7443      0.0087725426   5451.776     
        17   17.6           17.6           17.6          -2114.8462      1703.4381      0.00078369298  5451.776     
Loop time of 0.0426205 on 4 procs for 17 steps with 500 atoms

58.6% CPU use with 4 MPI tasks x 1 OpenMP threads

Minimization stats:
  Stopping criterion = energy tolerance
  Energy initial, next-to-last, final = 
     -2112.06157740944  -2114.84617189972  -2114.84618228041
  Force two-norm initial, final = 9.0078662 0.010060844
  Force max component initial, final = 0.71782069 0.00078369298
  Final line search alpha, max atom move = 1 0.00078369298
  Iterations, force evaluations = 17 34

MPI task timing breakdown:
Section |  min time  |  avg time  |  max time  |%varavg| %total
---------------------------------------------------------------
Pair    | 0.034485   | 0.034951   | 0.035389   |   0.2 | 82.00
Neigh   | 0          | 0          | 0          |   0.0 |  0.00
Comm    | 0.0042961  | 0.0056486  | 0.0070322  |   1.8 | 13.25
Output  | 3.1663e-05 | 5.0762e-05 | 0.00010754 |   0.0 |  0.12
Modify  | 0          | 0          | 0          |   0.0 |  0.00
Other   |            | 0.001971   |            |       |  4.62

Nlocal:            125 ave         145 max         105 min
Histogram: 1 0 0 0 0 2 0 0 0 1
Nghost:           1737 ave        1757 max        1717 min
Histogram: 1 0 0 0 0 2 0 0 0 1
Neighs:          11000 ave       12839 max        9148 min
Histogram: 1 0 0 0 1 1 0 0 0 1

Total # of neighbors = 44000
Ave neighs/atom = 88
Neighbor list builds = 0
Dangerous builds = 0

# Релаксация ячейки aniso
fix 1 all box/relax aniso 0.0 vmax 0.0001
min_style cg
minimize 1.0e-10 1.0e-11 1000 5000
WARNING: Energy due to 3 extra global DOFs will be included in minimizer energies
 (src/min.cpp:219)
Per MPI rank memory allocation (min/avg/max) = 4.524 | 4.524 | 4.524 Mbytes
   Step           Lx             Ly             Lz           PotEng         Press           Fmax          Volume    
        17   17.6           17.6           17.6          -2114.8462      1703.4381      0.00078369298  5451.776     
        20   17.600874      17.602612      17.60528      -2114.8492      809.61752      0.0027705588   5454.4915    
        30   17.590786      17.603193      17.62288      -2114.8533      2.0230215      0.0086591031   5456.9954    
        40   17.583283      17.602118      17.632065     -2114.854      -0.016657914    0.0040393168   5457.1772    
        50   17.583403      17.602166      17.631933     -2114.8541     -9.3866825      0.0014779038   5457.1889    
Loop time of 0.0336997 on 4 procs for 33 steps with 500 atoms

66.4% CPU use with 4 MPI tasks x 1 OpenMP threads

Minimization stats:
  Stopping criterion = energy tolerance
  Energy initial, next-to-last, final = 
     -2114.84618228041  -2114.85412501176  -2114.85412510926
  Force two-norm initial, final = 11.275245 0.057323307
  Force max component initial, final = 9.6491184 0.033568999
  Final line search alpha, max atom move = 0.03329079 0.0011175385
  Iterations, force evaluations = 33 49

MPI task timing breakdown:
Section |  min time  |  avg time  |  max time  |%varavg| %total
---------------------------------------------------------------
Pair    | 0.024114   | 0.024189   | 0.024262   |   0.0 | 71.78
Neigh   | 0          | 0          | 0          |   0.0 |  0.00
Comm    | 0.0028523  | 0.0041647  | 0.0054806  |   2.0 | 12.36
Output  | 4.944e-05  | 8.6129e-05 | 0.00019555 |   0.0 |  0.26
Modify  | 0          | 0          | 0          |   0.0 |  0.00
Other   |            | 0.00526    |            |       | 15.61

Nlocal:            125 ave         142 max         109 min
Histogram: 1 0 0 1 0 0 1 0 0 1
Nghost:           1737 ave        1753 max        1720 min
Histogram: 1 0 0 1 0 0 1 0 0 1
Neighs:          11000 ave       12551 max        9554 min
Histogram: 1 0 0 1 0 0 1 0 0 1

Total # of neighbors = 44000
Ave neighs/atom = 88
Neighbor list builds = 0
Dangerous builds = 0
unfix 1

# Промежуточная минимизация атомов
min_style cg
minimize 1.0e-10 1.0e-11 1000 5000
Per MPI rank memory allocation (min/avg/max) = 4.524 | 4.524 | 4.524 Mbytes
   Step           Lx             Ly             Lz           PotEng         Press           Fmax          Volume    
        50   17.583403      17.602166      17.631933     -2114.8541     -9.3866825      0.0014779038   5457.1889    
        59   17.583403      17.602166      17.631933     -2114.8542     -3.9091719      0.00010133921  5457.1889    
Loop time of 0.0162184 on 4 procs for 9 steps with 500 atoms

81.9% CPU use with 4 MPI tasks x 1 OpenMP threads

Minimization stats:
  Stopping criterion = energy tolerance
  Energy initial, next-to-last, final = 
     -2114.85412510926  -2114.85416228677  -2114.85416245207
  Force two-norm initial, final = 0.014589049 0.0010938871
  Force max component initial, final = 0.0014779038 0.00010133921
  Final line search alpha, max atom move = 1 0.00010133921
  Iterations, force evaluations = 9 18

MPI task timing breakdown:
Section |  min time  |  avg time  |  max time  |%varavg| %total
---------------------------------------------------------------
Pair    | 0.012416   | 0.012508   | 0.01259    |   0.1 | 77.12
Neigh   | 0          | 0          | 0          |   0.0 |  0.00
Comm    | 0.00099197 | 0.0011155  | 0.001234   |   0.3 |  6.88
Output  | 0          | 0          | 0          |   0.0 |  0.00
Modify  | 0          | 0          | 0          |   0.0 |  0.00
Other   |            | 0.002595   |            |       | 16.00

Nlocal:            125 ave         142 max         109 min
Histogram: 1 0 0 1 0 0 1 0 0 1
Nghost:           1737 ave        1753 max        1720 min
Histogram: 1 0 0 1 0 0 1 0 0 1
Neighs:          11000 ave       12549 max        9554 min
Histogram: 1 0 0 1 0 0 1 0 0 1

Total # of neighbors = 44000
Ave neighs/atom = 88
Neighbor list builds = 0
Dangerous builds = 0

# Релаксация ячейки iso
fix 2 all box/relax iso 0.0 vmax 0.0001
min_style cg
minimize 1.0e-10 1.0e-11 1000 5000
WARNING: Energy due to 1 extra global DOFs will be included in minimizer energies
 (src/min.cpp:219)
Per MPI rank memory allocation (min/avg/max) = 4.524 | 4.524 | 4.524 Mbytes
   Step           Lx             Ly             Lz           PotEng         Press           Fmax          Volume    
        59   17.583403      17.602166      17.631933     -2114.8542     -3.9091719      0.00010133921  5457.1889    
        60   17.58339       17.602153      17.631921     -2114.8542     -0.00013033033  0.00010356675  5457.177     
Loop time of 0.0022849 on 4 procs for 1 steps with 500 atoms

83.9% CPU use with 4 MPI tasks x 1 OpenMP threads

Minimization stats:
  Stopping criterion = energy tolerance
  Energy initial, next-to-last, final = 
     -2114.85416245206  -2114.85416245206  -2114.85416246662
  Force two-norm initial, final = 0.03996018 0.0010965666
  Force max component initial, final = 0.039945205 0.00010356675
  Final line search alpha, max atom move = 0.0025034294 2.5927205e-07
  Iterations, force evaluations = 1 2

MPI task timing breakdown:
Section |  min time  |  avg time  |  max time  |%varavg| %total
---------------------------------------------------------------
Pair    | 0.0019119  | 0.0019163  | 0.0019197  |   0.0 | 83.87
Neigh   | 0          | 0          | 0          |   0.0 |  0.00
Comm    | 0.00013878 | 0.00014303 | 0.00014792 |   0.0 |  6.26
Output  | 0          | 0          | 0          |   0.0 |  0.00
Modify  | 0          | 0          | 0          |   0.0 |  0.00
Other   |            | 0.0002255  |            |       |  9.87

Nlocal:            125 ave         142 max         109 min
Histogram: 1 0 0 1 0 0 1 0 0 1
Nghost:           1737 ave        1753 max        1720 min
Histogram: 1 0 0 1 0 0 1 0 0 1
Neighs:          11000 ave       12549 max        9554 min
Histogram: 1 0 0 1 0 0 1 0 0 1

Total # of neighbors = 44000
Ave neighs/atom = 88
Neighbor list builds = 0
Dangerous builds = 0
unfix 2

variable lat_const equal "lx/5"
variable eatom equal "pe/count(all)"
variable teng equal "pe"
variable natoms equal "count(all)"

print "Lattice parameter (lx/5) = ${lat_const} A"
Lattice parameter (lx/5) = 3.51667808381628 A
print "Total Potential Energy (PE) = ${teng} eV"
Total Potential Energy (PE) = -2114.85416246662 eV
print "Number of atoms = ${natoms}"
Number of atoms = 500
print "Cohesive energy (PE/N) = ${eatom} eV"
Cohesive energy (PE/N) = -4.22970832493324 eV
print "Minimization completed."
Minimization completed.

write_data C2_mpack_3_minimized.data
System init for write_data ...
Total wall time: 0:00:00
