read_data C2_mpack_6.data
Reading data file ...
  triclinic box = (0 0 0) to (17.6 17.6 17.6) with tilt (1.0776892e-15 1.0776892e-15 1.0776892e-15)
  1 by 2 by 2 MPI processor grid
  reading atoms ...
  500 atoms
  read_data CPU = 0.007 seconds

mass 1 58.6934  # Ni
mass 2 55.845   # Fe
mass 3 51.9961  # Cr

pair_style eam/alloy
pair_coeff * * FeNiCr_bonny.eam.alloy Ni Fe Cr

neighbor 2.0 bin
neigh_modify delay 0 check yes
timestep 0.001

thermo 10
thermo_style custom step lx ly lz pe press fmax vol

# --- ЭТАПЫ МИНИМИЗАЦИИ ---
min_style cg
minimize 1.0e-8 1.0e-9 1000 5000

CITE-CITE-CITE-CITE-CITE-CITE-CITE-CITE-CITE-CITE-CITE-CITE-CITE

Your simulation uses code contributions which should be cited:

- Type Label Framework: https://doi.org/10.1021/acs.jpcb.3c08419

@Article{Gissinger24,
 author = {Jacob R. Gissinger, Ilia Nikiforov, Yaser Afshar, Brendon Waters, Moon-ki Choi, Daniel S. Karls, Alexander Stukowski, Wonpil Im, Hendrik Heinz, Axel Kohlmeyer, and Ellad B. Tadmor},
 title = {Type Label Framework for Bonded Force Fields in LAMMPS},
 journal = {J. Phys. Chem. B},
 year =    2024,
 volume =  128,
 number =  13,
 pages =   {3282–-3297}
}

CITE-CITE-CITE-CITE-CITE-CITE-CITE-CITE-CITE-CITE-CITE-CITE-CITE

Neighbor list info ...
  update: every = 1 steps, delay = 0 steps, check = yes
  max neighbors/atom: 2000, page size: 100000
  master list distance cutoff = 7.6
  ghost atom cutoff = 7.6
  binsize = 3.8, bins = 5 5 5
  1 neighbor lists, perpetual/occasional/extra = 1 0 0
  (1) pair eam/alloy, perpetual
      attributes: half, newton on
      pair build: half/bin/atomonly/newton/tri
      stencil: half/bin/3d/tri
      bin: standard
Per MPI rank memory allocation (min/avg/max) = 4.524 | 4.524 | 4.524 Mbytes
   Step           Lx             Ly             Lz           PotEng         Press           Fmax          Volume    
         0   17.6           17.6           17.6          -2112.5052      1654.5641      0.81838795     5451.776     
        10   17.6           17.6           17.6          -2115.1736      1652.7365      0.0086904608   5451.776     
        17   17.6           17.6           17.6          -2115.1748      1653.8528      0.0010674049   5451.776     
Loop time of 0.0198804 on 4 procs for 17 steps with 500 atoms

69.4% CPU use with 4 MPI tasks x 1 OpenMP threads

Minimization stats:
  Stopping criterion = energy tolerance
  Energy initial, next-to-last, final = 
     -2112.50516680049   -2115.1747972045  -2115.17480742107
  Force two-norm initial, final = 8.9125175 0.01040219
  Force max component initial, final = 0.81838795 0.0010674049
  Final line search alpha, max atom move = 1 0.0010674049
  Iterations, force evaluations = 17 34

MPI task timing breakdown:
Section |  min time  |  avg time  |  max time  |%varavg| %total
---------------------------------------------------------------
Pair    | 0.017417   | 0.017433   | 0.01745    |   0.0 | 87.69
Neigh   | 0          | 0          | 0          |   0.0 |  0.00
Comm    | 0.0013453  | 0.0016502  | 0.0017607  |   0.4 |  8.30
Output  | 2.2165e-05 | 3.5722e-05 | 7.629e-05  |   0.0 |  0.18
Modify  | 0          | 0          | 0          |   0.0 |  0.00
Other   |            | 0.0007617  |            |       |  3.83

Nlocal:            125 ave         145 max         105 min
Histogram: 1 0 0 0 0 2 0 0 0 1
Nghost:           1737 ave        1757 max        1717 min
Histogram: 1 0 0 0 0 2 0 0 0 1
Neighs:          11000 ave       12739 max        9296 min
Histogram: 1 0 0 0 2 0 0 0 0 1

Total # of neighbors = 44000
Ave neighs/atom = 88
Neighbor list builds = 0
Dangerous builds = 0

# Релаксация ячейки aniso
fix 1 all box/relax aniso 0.0 vmax 0.0001
min_style cg
minimize 1.0e-10 1.0e-11 1000 5000
WARNING: Energy due to 3 extra global DOFs will be included in minimizer energies
 (src/min.cpp:219)
Per MPI rank memory allocation (min/avg/max) = 4.524 | 4.524 | 4.524 Mbytes
   Step           Lx             Ly             Lz           PotEng         Press           Fmax          Volume    
        17   17.6           17.6           17.6          -2115.1748      1653.8528      0.0010674049   5451.776     
        20   17.60528       17.600646      17.603542     -2115.1778      685.36501      0.0021579282   5454.709     
        30   17.621494      17.586495      17.608166     -2115.1813      0.17264203     0.0070612676   5456.7761    
        40   17.626565      17.58185       17.608421     -2115.1817     -32.146294      0.0015458513   5456.9836    
        48   17.6262        17.581189      17.609172     -2115.1818     -4.410537       0.00090701717  5456.8983    
Loop time of 0.0632955 on 4 procs for 31 steps with 500 atoms

58.6% CPU use with 4 MPI tasks x 1 OpenMP threads

Minimization stats:
  Stopping criterion = energy tolerance
  Energy initial, next-to-last, final = 
     -2115.17480742107  -2115.18177735795  -2115.18177739215
  Force two-norm initial, final = 10.833565 0.028231272
  Force max component initial, final = 8.6560528 0.015292002
  Final line search alpha, max atom move = 0.015915867 0.00024338547
  Iterations, force evaluations = 31 47

MPI task timing breakdown:
Section |  min time  |  avg time  |  max time  |%varavg| %total
---------------------------------------------------------------
Pair    | 0.035161   | 0.035582   | 0.036025   |   0.2 | 56.22
Neigh   | 0          | 0          | 0          |   0.0 |  0.00
Comm    | 0.0028059  | 0.0031763  | 0.0036228  |   0.6 |  5.02
Output  | 4.7813e-05 | 7.6923e-05 | 0.00016312 |   0.0 |  0.12
Modify  | 0          | 0          | 0          |   0.0 |  0.00
Other   |            | 0.02446    |            |       | 38.64

Nlocal:            125 ave         146 max         113 min
Histogram: 2 0 0 1 0 0 0 0 0 1
Nghost:           1737 ave        1749 max        1716 min
Histogram: 1 0 0 0 0 0 1 0 0 2
Neighs:          11000 ave       12869 max        9943 min
Histogram: 2 0 0 1 0 0 0 0 0 1

Total # of neighbors = 44000
Ave neighs/atom = 88
Neighbor list builds = 0
Dangerous builds = 0
unfix 1

# Промежуточная минимизация атомов
min_style cg
minimize 1.0e-10 1.0e-11 1000 5000
Per MPI rank memory allocation (min/avg/max) = 4.524 | 4.524 | 4.524 Mbytes
   Step           Lx             Ly             Lz           PotEng         Press           Fmax          Volume    
        48   17.6262        17.581189      17.609172     -2115.1818     -4.410537       0.00090701717  5456.8983    
        50   17.6262        17.581189      17.609172     -2115.1818     -1.5120005      0.00097099343  5456.8983    
        56   17.6262        17.581189      17.609172     -2115.1818     -0.53010112     0.00013550633  5456.8983    
Loop time of 0.0138568 on 4 procs for 8 steps with 500 atoms

78.7% CPU use with 4 MPI tasks x 1 OpenMP threads

Minimization stats:
  Stopping criterion = energy tolerance
  Energy initial, next-to-last, final = 
     -2115.18177739215  -2115.18181147485  -2115.18181168513
  Force two-norm initial, final = 0.010969764 0.0015224632
  Force max component initial, final = 0.00090701717 0.00013550633
  Final line search alpha, max atom move = 1 0.00013550633
  Iterations, force evaluations = 8 16

MPI task timing breakdown:
Section |  min time  |  avg time  |  max time  |%varavg| %total
---------------------------------------------------------------
Pair    | 0.0077637  | 0.0078257  | 0.0078991  |   0.1 | 56.48
Neigh   | 0          | 0          | 0          |   0.0 |  0.00
Comm    | 0.003711   | 0.0040858  | 0.0042909  |   0.3 | 29.49
Output  | 1.5173e-05 | 2.6058e-05 | 5.8036e-05 |   0.0 |  0.19
Modify  | 0          | 0          | 0          |   0.0 |  0.00
Other   |            | 0.001919   |            |       | 13.85

Nlocal:            125 ave         146 max         111 min
Histogram: 1 0 1 0 1 0 0 0 0 1
Nghost:           1737 ave        1751 max        1716 min
Histogram: 1 0 0 0 0 0 1 0 1 1
Neighs:          11000 ave       12869 max        9758 min
Histogram: 1 0 1 1 0 0 0 0 0 1

Total # of neighbors = 44000
Ave neighs/atom = 88
Neighbor list builds = 0
Dangerous builds = 0

# Релаксация ячейки iso
fix 2 all box/relax iso 0.0 vmax 0.0001
min_style cg
minimize 1.0e-10 1.0e-11 1000 5000
WARNING: Energy due to 1 extra global DOFs will be included in minimizer energies
 (src/min.cpp:219)
Per MPI rank memory allocation (min/avg/max) = 4.524 | 4.524 | 4.524 Mbytes
   Step           Lx             Ly             Lz           PotEng         Press           Fmax          Volume    
        56   17.6262        17.581189      17.609172     -2115.1818     -0.53010112     0.00013550633  5456.8983    
        57   17.626198      17.581187      17.60917      -2115.1818      0.04139859     0.0001358182   5456.8966    
Loop time of 0.00263082 on 4 procs for 1 steps with 500 atoms

59.1% CPU use with 4 MPI tasks x 1 OpenMP threads

Minimization stats:
  Stopping criterion = energy tolerance
  Energy initial, next-to-last, final = 
     -2115.18181168513  -2115.18181168513  -2115.18181168544
  Force two-norm initial, final = 0.0056263599 0.0015791649
  Force max component initial, final = 0.0054164593 0.00042300181
  Final line search alpha, max atom move = 0.018462245 7.8095631e-06
  Iterations, force evaluations = 1 2

MPI task timing breakdown:
Section |  min time  |  avg time  |  max time  |%varavg| %total
---------------------------------------------------------------
Pair    | 0.0022252  | 0.0022267  | 0.002228   |   0.0 | 84.64
Neigh   | 0          | 0          | 0          |   0.0 |  0.00
Comm    | 0.00015695 | 0.00015897 | 0.0001612  |   0.0 |  6.04
Output  | 0          | 0          | 0          |   0.0 |  0.00
Modify  | 0          | 0          | 0          |   0.0 |  0.00
Other   |            | 0.0002452  |            |       |  9.32

Nlocal:            125 ave         146 max         111 min
Histogram: 1 0 1 0 1 0 0 0 0 1
Nghost:           1737 ave        1751 max        1716 min
Histogram: 1 0 0 0 0 0 1 0 1 1
Neighs:          11000 ave       12869 max        9758 min
Histogram: 1 0 1 1 0 0 0 0 0 1

Total # of neighbors = 44000
Ave neighs/atom = 88
Neighbor list builds = 0
Dangerous builds = 0
unfix 2

variable lat_const equal "lx/5"
variable eatom equal "pe/count(all)"
variable teng equal "pe"
variable natoms equal "count(all)"

print "Lattice parameter (lx/5) = ${lat_const} A"
Lattice parameter (lx/5) = 3.52523964334114 A
print "Total Potential Energy (PE) = ${teng} eV"
Total Potential Energy (PE) = -2115.18181168544 eV
print "Number of atoms = ${natoms}"
Number of atoms = 500
print "Cohesive energy (PE/N) = ${eatom} eV"
Cohesive energy (PE/N) = -4.23036362337088 eV
print "Minimization completed."
Minimization completed.

write_data C2_mpack_6_minimized.data
System init for write_data ...
Total wall time: 0:00:00
