read_data C2_mpack_5.data
Reading data file ...
  triclinic box = (0 0 0) to (17.6 17.6 17.6) with tilt (1.0776892e-15 1.0776892e-15 1.0776892e-15)
  1 by 2 by 2 MPI processor grid
  reading atoms ...
  500 atoms
  read_data CPU = 0.011 seconds

mass 1 58.6934  # Ni
mass 2 55.845   # Fe
mass 3 51.9961  # Cr

pair_style eam/alloy
pair_coeff * * FeNiCr_bonny.eam.alloy Ni Fe Cr

neighbor 2.0 bin
neigh_modify delay 0 check yes
timestep 0.001

thermo 10
thermo_style custom step lx ly lz pe press fmax vol

# --- ЭТАПЫ МИНИМИЗАЦИИ ---
min_style cg
minimize 1.0e-8 1.0e-9 1000 5000

CITE-CITE-CITE-CITE-CITE-CITE-CITE-CITE-CITE-CITE-CITE-CITE-CITE

Your simulation uses code contributions which should be cited:

- Type Label Framework: https://doi.org/10.1021/acs.jpcb.3c08419

@Article{Gissinger24,
 author = {Jacob R. Gissinger, Ilia Nikiforov, Yaser Afshar, Brendon Waters, Moon-ki Choi, Daniel S. Karls, Alexander Stukowski, Wonpil Im, Hendrik Heinz, Axel Kohlmeyer, and Ellad B. Tadmor},
 title = {Type Label Framework for Bonded Force Fields in LAMMPS},
 journal = {J. Phys. Chem. B},
 year =    2024,
 volume =  128,
 number =  13,
 pages =   {3282–-3297}
}

CITE-CITE-CITE-CITE-CITE-CITE-CITE-CITE-CITE-CITE-CITE-CITE-CITE

Neighbor list info ...
  update: every = 1 steps, delay = 0 steps, check = yes
  max neighbors/atom: 2000, page size: 100000
  master list distance cutoff = 7.6
  ghost atom cutoff = 7.6
  binsize = 3.8, bins = 5 5 5
  1 neighbor lists, perpetual/occasional/extra = 1 0 0
  (1) pair eam/alloy, perpetual
      attributes: half, newton on
      pair build: half/bin/atomonly/newton/tri
      stencil: half/bin/3d/tri
      bin: standard
Per MPI rank memory allocation (min/avg/max) = 4.524 | 4.524 | 4.524 Mbytes
   Step           Lx             Ly             Lz           PotEng         Press           Fmax          Volume    
         0   17.6           17.6           17.6          -2111.9368      1795.59        0.78676458     5451.776     
        10   17.6           17.6           17.6          -2114.6701      2106.6793      0.0093854634   5451.776     
        17   17.6           17.6           17.6          -2114.6717      2098.0322      0.00091063085  5451.776     
Loop time of 0.0186649 on 4 procs for 17 steps with 500 atoms

82.6% CPU use with 4 MPI tasks x 1 OpenMP threads

Minimization stats:
  Stopping criterion = energy tolerance
  Energy initial, next-to-last, final = 
     -2111.93675531316  -2114.67167599376  -2114.67168901428
  Force two-norm initial, final = 8.8871014 0.011115366
  Force max component initial, final = 0.78676458 0.00091063085
  Final line search alpha, max atom move = 1 0.00091063085
  Iterations, force evaluations = 17 34

MPI task timing breakdown:
Section |  min time  |  avg time  |  max time  |%varavg| %total
---------------------------------------------------------------
Pair    | 0.01624    | 0.016288   | 0.016338   |   0.0 | 87.27
Neigh   | 0          | 0          | 0          |   0.0 |  0.00
Comm    | 0.0014365  | 0.0015459  | 0.0016142  |   0.2 |  8.28
Output  | 2.628e-05  | 4.3596e-05 | 9.5395e-05 |   0.0 |  0.23
Modify  | 0          | 0          | 0          |   0.0 |  0.00
Other   |            | 0.0007873  |            |       |  4.22

Nlocal:            125 ave         145 max         105 min
Histogram: 1 0 0 0 0 2 0 0 0 1
Nghost:           1737 ave        1757 max        1717 min
Histogram: 1 0 0 0 0 2 0 0 0 1
Neighs:          11000 ave       12784 max        9240 min
Histogram: 1 0 0 0 1 1 0 0 0 1

Total # of neighbors = 44000
Ave neighs/atom = 88
Neighbor list builds = 0
Dangerous builds = 0

# Релаксация ячейки aniso
fix 1 all box/relax aniso 0.0 vmax 0.0001
min_style cg
minimize 1.0e-10 1.0e-11 1000 5000
WARNING: Energy due to 3 extra global DOFs will be included in minimizer energies
 (src/min.cpp:219)
Per MPI rank memory allocation (min/avg/max) = 4.524 | 4.524 | 4.524 Mbytes
   Step           Lx             Ly             Lz           PotEng         Press           Fmax          Volume    
        17   17.6           17.6           17.6          -2114.6717      2098.0322      0.00091063085  5451.776     
        20   17.60528       17.603325      17.602736     -2114.6753      946.943        0.0025297236   5455.2895    
        30   17.621142      17.602525      17.596909     -2114.6774      15.804199      0.006607931    5458.1496    
        40   17.622732      17.602395      17.596138     -2114.6776      0.63687109     0.0012222489   5458.3622    
Loop time of 0.0733105 on 4 procs for 23 steps with 500 atoms

68.9% CPU use with 4 MPI tasks x 1 OpenMP threads

Minimization stats:
  Stopping criterion = energy tolerance
  Energy initial, next-to-last, final = 
     -2114.67168901428  -2114.67762936468  -2114.67762951078
  Force two-norm initial, final = 12.701573 0.017414485
  Force max component initial, final = 9.4514789 0.010174312
  Final line search alpha, max atom move = 0.0066884289 6.8050163e-05
  Iterations, force evaluations = 23 34

MPI task timing breakdown:
Section |  min time  |  avg time  |  max time  |%varavg| %total
---------------------------------------------------------------
Pair    | 0.067739   | 0.067828   | 0.067936   |   0.0 | 92.52
Neigh   | 0          | 0          | 0          |   0.0 |  0.00
Comm    | 0.0021506  | 0.0023448  | 0.0024508  |   0.2 |  3.20
Output  | 4.682e-05  | 7.5485e-05 | 0.00016062 |   0.0 |  0.10
Modify  | 0          | 0          | 0          |   0.0 |  0.00
Other   |            | 0.003062   |            |       |  4.18

Nlocal:            125 ave         136 max         113 min
Histogram: 1 1 0 0 0 0 0 0 0 2
Nghost:           1737 ave        1749 max        1726 min
Histogram: 2 0 0 0 0 0 0 0 1 1
Neighs:          11000 ave       11957 max        9975 min
Histogram: 2 0 0 0 0 0 0 0 0 2

Total # of neighbors = 44000
Ave neighs/atom = 88
Neighbor list builds = 0
Dangerous builds = 0
unfix 1

# Промежуточная минимизация атомов
min_style cg
minimize 1.0e-10 1.0e-11 1000 5000
Per MPI rank memory allocation (min/avg/max) = 4.524 | 4.524 | 4.524 Mbytes
   Step           Lx             Ly             Lz           PotEng         Press           Fmax          Volume    
        40   17.622732      17.602395      17.596138     -2114.6776      0.63687109     0.0012222489   5458.3622    
        49   17.622732      17.602395      17.596138     -2114.6777      3.6929127      0.00011282009  5458.3622    
Loop time of 0.0209796 on 4 procs for 9 steps with 500 atoms

65.6% CPU use with 4 MPI tasks x 1 OpenMP threads

Minimization stats:
  Stopping criterion = energy tolerance
  Energy initial, next-to-last, final = 
     -2114.67762951078  -2114.67765281423  -2114.67765300045
  Force two-norm initial, final = 0.013801242 0.0012329611
  Force max component initial, final = 0.0012222489 0.00011282009
  Final line search alpha, max atom move = 1 0.00011282009
  Iterations, force evaluations = 9 18

MPI task timing breakdown:
Section |  min time  |  avg time  |  max time  |%varavg| %total
---------------------------------------------------------------
Pair    | 0.019815   | 0.01982    | 0.019824   |   0.0 | 94.47
Neigh   | 0          | 0          | 0          |   0.0 |  0.00
Comm    | 0.00076425 | 0.00081228 | 0.00086084 |   0.0 |  3.87
Output  | 0          | 0          | 0          |   0.0 |  0.00
Modify  | 0          | 0          | 0          |   0.0 |  0.00
Other   |            | 0.0003468  |            |       |  1.65

Nlocal:            125 ave         136 max         113 min
Histogram: 1 1 0 0 0 0 0 0 0 2
Nghost:           1737 ave        1749 max        1726 min
Histogram: 2 0 0 0 0 0 0 0 1 1
Neighs:          11000 ave       11957 max        9975 min
Histogram: 2 0 0 0 0 0 0 0 0 2

Total # of neighbors = 44000
Ave neighs/atom = 88
Neighbor list builds = 0
Dangerous builds = 0

# Релаксация ячейки iso
fix 2 all box/relax iso 0.0 vmax 0.0001
min_style cg
minimize 1.0e-10 1.0e-11 1000 5000
WARNING: Energy due to 1 extra global DOFs will be included in minimizer energies
 (src/min.cpp:219)
Per MPI rank memory allocation (min/avg/max) = 4.524 | 4.524 | 4.524 Mbytes
   Step           Lx             Ly             Lz           PotEng         Press           Fmax          Volume    
        49   17.622732      17.602395      17.596138     -2114.6777      3.6929127      0.00011282009  5458.3622    
        50   17.622744      17.602408      17.59615      -2114.6777     -0.006829914    0.00011553831  5458.3736    
Loop time of 0.00145573 on 4 procs for 1 steps with 500 atoms

84.0% CPU use with 4 MPI tasks x 1 OpenMP threads

Minimization stats:
  Stopping criterion = energy tolerance
  Energy initial, next-to-last, final = 
     -2114.67765300045  -2114.67765300045  -2114.67765301355
  Force two-norm initial, final = 0.037763644 0.0012474225
  Force max component initial, final = 0.037743511 0.00011553831
  Final line search alpha, max atom move = 0.0026494621 3.0611437e-07
  Iterations, force evaluations = 1 2

MPI task timing breakdown:
Section |  min time  |  avg time  |  max time  |%varavg| %total
---------------------------------------------------------------
Pair    | 0.001213   | 0.0012136  | 0.0012143  |   0.0 | 83.36
Neigh   | 0          | 0          | 0          |   0.0 |  0.00
Comm    | 9.4146e-05 | 9.5107e-05 | 9.5621e-05 |   0.0 |  6.53
Output  | 0          | 0          | 0          |   0.0 |  0.00
Modify  | 0          | 0          | 0          |   0.0 |  0.00
Other   |            | 0.0001471  |            |       | 10.10

Nlocal:            125 ave         136 max         113 min
Histogram: 1 1 0 0 0 0 0 0 0 2
Nghost:           1737 ave        1749 max        1726 min
Histogram: 2 0 0 0 0 0 0 0 1 1
Neighs:          11000 ave       11957 max        9975 min
Histogram: 2 0 0 0 0 0 0 0 0 2

Total # of neighbors = 44000
Ave neighs/atom = 88
Neighbor list builds = 0
Dangerous builds = 0
unfix 2

variable lat_const equal "lx/5"
variable eatom equal "pe/count(all)"
variable teng equal "pe"
variable natoms equal "count(all)"

print "Lattice parameter (lx/5) = ${lat_const} A"
Lattice parameter (lx/5) = 3.52454881486435 A
print "Total Potential Energy (PE) = ${teng} eV"
Total Potential Energy (PE) = -2114.67765301355 eV
print "Number of atoms = ${natoms}"
Number of atoms = 500
print "Cohesive energy (PE/N) = ${eatom} eV"
Cohesive energy (PE/N) = -4.22935530602711 eV
print "Minimization completed."
Minimization completed.

write_data C2_mpack_5_minimized.data
System init for write_data ...
Total wall time: 0:00:00
