read_data C2_mpack_9.data
Reading data file ...
  triclinic box = (0 0 0) to (17.6 17.6 17.6) with tilt (1.0776892e-15 1.0776892e-15 1.0776892e-15)
  1 by 2 by 2 MPI processor grid
  reading atoms ...
  500 atoms
  read_data CPU = 0.010 seconds

mass 1 58.6934  # Ni
mass 2 55.845   # Fe
mass 3 51.9961  # Cr

pair_style eam/alloy
pair_coeff * * FeNiCr_bonny.eam.alloy Ni Fe Cr

neighbor 2.0 bin
neigh_modify delay 0 check yes
timestep 0.001

thermo 10
thermo_style custom step lx ly lz pe press fmax vol

# --- ЭТАПЫ МИНИМИЗАЦИИ ---
min_style cg
minimize 1.0e-8 1.0e-9 1000 5000

CITE-CITE-CITE-CITE-CITE-CITE-CITE-CITE-CITE-CITE-CITE-CITE-CITE

Your simulation uses code contributions which should be cited:

- Type Label Framework: https://doi.org/10.1021/acs.jpcb.3c08419

@Article{Gissinger24,
 author = {Jacob R. Gissinger, Ilia Nikiforov, Yaser Afshar, Brendon Waters, Moon-ki Choi, Daniel S. Karls, Alexander Stukowski, Wonpil Im, Hendrik Heinz, Axel Kohlmeyer, and Ellad B. Tadmor},
 title = {Type Label Framework for Bonded Force Fields in LAMMPS},
 journal = {J. Phys. Chem. B},
 year =    2024,
 volume =  128,
 number =  13,
 pages =   {3282–-3297}
}

CITE-CITE-CITE-CITE-CITE-CITE-CITE-CITE-CITE-CITE-CITE-CITE-CITE

Neighbor list info ...
  update: every = 1 steps, delay = 0 steps, check = yes
  max neighbors/atom: 2000, page size: 100000
  master list distance cutoff = 7.6
  ghost atom cutoff = 7.6
  binsize = 3.8, bins = 5 5 5
  1 neighbor lists, perpetual/occasional/extra = 1 0 0
  (1) pair eam/alloy, perpetual
      attributes: half, newton on
      pair build: half/bin/atomonly/newton/tri
      stencil: half/bin/3d/tri
      bin: standard
Per MPI rank memory allocation (min/avg/max) = 4.524 | 4.524 | 4.524 Mbytes
   Step           Lx             Ly             Lz           PotEng         Press           Fmax          Volume    
         0   17.6           17.6           17.6          -2112.3697      1356.5895      0.72735775     5451.776     
        10   17.6           17.6           17.6          -2114.9602      1734.5568      0.0083124434   5451.776     
        16   17.6           17.6           17.6          -2114.9614      1741.8147      0.0010975361   5451.776     
Loop time of 0.0228095 on 4 procs for 16 steps with 500 atoms

64.1% CPU use with 4 MPI tasks x 1 OpenMP threads

Minimization stats:
  Stopping criterion = energy tolerance
  Energy initial, next-to-last, final = 
      -2112.3697045131  -2114.96140354391  -2114.96142224057
  Force two-norm initial, final = 8.7160543 0.012963157
  Force max component initial, final = 0.72735775 0.0010975361
  Final line search alpha, max atom move = 1 0.0010975361
  Iterations, force evaluations = 16 32

MPI task timing breakdown:
Section |  min time  |  avg time  |  max time  |%varavg| %total
---------------------------------------------------------------
Pair    | 0.019089   | 0.019481   | 0.019755   |   0.2 | 85.41
Neigh   | 0          | 0          | 0          |   0.0 |  0.00
Comm    | 0.0014546  | 0.0023915  | 0.0029941  |   1.2 | 10.48
Output  | 2.1372e-05 | 3.4226e-05 | 7.2404e-05 |   0.0 |  0.15
Modify  | 0          | 0          | 0          |   0.0 |  0.00
Other   |            | 0.0009032  |            |       |  3.96

Nlocal:            125 ave         145 max         105 min
Histogram: 1 0 0 0 0 2 0 0 0 1
Nghost:           1737 ave        1757 max        1717 min
Histogram: 1 0 0 0 0 2 0 0 0 1
Neighs:          11000 ave       12829 max        9300 min
Histogram: 1 0 0 0 2 0 0 0 0 1

Total # of neighbors = 44000
Ave neighs/atom = 88
Neighbor list builds = 0
Dangerous builds = 0

# Релаксация ячейки aniso
fix 1 all box/relax aniso 0.0 vmax 0.0001
min_style cg
minimize 1.0e-10 1.0e-11 1000 5000
WARNING: Energy due to 3 extra global DOFs will be included in minimizer energies
 (src/min.cpp:219)
Per MPI rank memory allocation (min/avg/max) = 4.524 | 4.524 | 4.524 Mbytes
   Step           Lx             Ly             Lz           PotEng         Press           Fmax          Volume    
        16   17.6           17.6           17.6          -2114.9614      1741.8147      0.0010975361   5451.776     
        20   17.601966      17.605039      17.60704      -2114.9648      308.43429      0.0031743378   5456.1277    
        30   17.591407      17.607438      17.618741     -2114.966      -9.0565293      0.0033870042   5457.2219    
        31   17.591346      17.607427      17.618671     -2114.966       5.4208582      0.0033906813   5457.1778    
Loop time of 0.0264176 on 4 procs for 15 steps with 500 atoms

57.4% CPU use with 4 MPI tasks x 1 OpenMP threads

Minimization stats:
  Stopping criterion = energy tolerance
  Energy initial, next-to-last, final = 
     -2114.96142224056  -2114.96599350008  -2114.96599370891
  Force two-norm initial, final = 10.680616 0.050735319
  Force max component initial, final = 7.8475876 0.036109214
  Final line search alpha, max atom move = 0.0021929417 7.9185401e-05
  Iterations, force evaluations = 15 19

MPI task timing breakdown:
Section |  min time  |  avg time  |  max time  |%varavg| %total
---------------------------------------------------------------
Pair    | 0.011138   | 0.011574   | 0.012761   |   0.6 | 43.81
Neigh   | 0          | 0          | 0          |   0.0 |  0.00
Comm    | 0.0017924  | 0.0032373  | 0.0039294  |   1.5 | 12.25
Output  | 4.1279e-05 | 6.4368e-05 | 0.00013316 |   0.0 |  0.24
Modify  | 0          | 0          | 0          |   0.0 |  0.00
Other   |            | 0.01154    |            |       | 43.69

Nlocal:            125 ave         130 max         118 min
Histogram: 1 0 0 1 0 0 0 0 0 2
Nghost:           1737 ave        1744 max        1732 min
Histogram: 2 0 0 0 0 0 1 0 0 1
Neighs:          11000 ave       11491 max       10359 min
Histogram: 1 0 0 1 0 0 0 0 1 1

Total # of neighbors = 44000
Ave neighs/atom = 88
Neighbor list builds = 0
Dangerous builds = 0
unfix 1

# Промежуточная минимизация атомов
min_style cg
minimize 1.0e-10 1.0e-11 1000 5000
Per MPI rank memory allocation (min/avg/max) = 4.524 | 4.524 | 4.524 Mbytes
   Step           Lx             Ly             Lz           PotEng         Press           Fmax          Volume    
        31   17.591346      17.607427      17.618671     -2114.966       5.4208582      0.0033906813   5457.1778    
        40   17.591346      17.607427      17.618671     -2114.9661      16.929877      0.00024614593  5457.1778    
        43   17.591346      17.607427      17.618671     -2114.9661      17.118196      0.00011152688  5457.1778    
Loop time of 0.0252483 on 4 procs for 12 steps with 500 atoms

86.8% CPU use with 4 MPI tasks x 1 OpenMP threads

Minimization stats:
  Stopping criterion = energy tolerance
  Energy initial, next-to-last, final = 
     -2114.96599370891  -2114.96609651537  -2114.96609663454
  Force two-norm initial, final = 0.032733169 0.0011191056
  Force max component initial, final = 0.0033906813 0.00011152688
  Final line search alpha, max atom move = 1 0.00011152688
  Iterations, force evaluations = 12 24

MPI task timing breakdown:
Section |  min time  |  avg time  |  max time  |%varavg| %total
---------------------------------------------------------------
Pair    | 0.016007   | 0.016342   | 0.01709    |   0.3 | 64.72
Neigh   | 0          | 0          | 0          |   0.0 |  0.00
Comm    | 0.0024124  | 0.0053001  | 0.0076522  |   3.3 | 20.99
Output  | 2.3038e-05 | 3.9786e-05 | 8.9449e-05 |   0.0 |  0.16
Modify  | 0          | 0          | 0          |   0.0 |  0.00
Other   |            | 0.003567   |            |       | 14.13

Nlocal:            125 ave         130 max         118 min
Histogram: 1 0 0 1 0 0 0 0 0 2
Nghost:           1737 ave        1744 max        1732 min
Histogram: 2 0 0 0 0 0 1 0 0 1
Neighs:          11000 ave       11491 max       10359 min
Histogram: 1 0 0 1 0 0 0 0 1 1

Total # of neighbors = 44000
Ave neighs/atom = 88
Neighbor list builds = 0
Dangerous builds = 0

# Релаксация ячейки iso
fix 2 all box/relax iso 0.0 vmax 0.0001
min_style cg
minimize 1.0e-10 1.0e-11 1000 5000
WARNING: Energy due to 1 extra global DOFs will be included in minimizer energies
 (src/min.cpp:219)
Per MPI rank memory allocation (min/avg/max) = 4.524 | 4.524 | 4.524 Mbytes
   Step           Lx             Ly             Lz           PotEng         Press           Fmax          Volume    
        43   17.591346      17.607427      17.618671     -2114.9661      17.118196      0.00011152688  5457.1778    
        45   17.591403      17.607484      17.618728     -2114.9661     -0.049899983    7.701088e-05   5457.2308    
Loop time of 0.00219389 on 4 procs for 2 steps with 500 atoms

99.6% CPU use with 4 MPI tasks x 1 OpenMP threads

Minimization stats:
  Stopping criterion = energy tolerance
  Energy initial, next-to-last, final = 
     -2114.96609663454  -2114.96609691308  -2114.96609695663
  Force two-norm initial, final = 0.17492259 0.0008689811
  Force max component initial, final = 0.17491901 0.00050989671
  Final line search alpha, max atom move = 1 0.00050989671
  Iterations, force evaluations = 2 4

MPI task timing breakdown:
Section |  min time  |  avg time  |  max time  |%varavg| %total
---------------------------------------------------------------
Pair    | 0.0018451  | 0.0018457  | 0.0018473  |   0.0 | 84.13
Neigh   | 0          | 0          | 0          |   0.0 |  0.00
Comm    | 0.00015282 | 0.00015571 | 0.00015797 |   0.0 |  7.10
Output  | 0          | 0          | 0          |   0.0 |  0.00
Modify  | 0          | 0          | 0          |   0.0 |  0.00
Other   |            | 0.0001925  |            |       |  8.77

Nlocal:            125 ave         130 max         118 min
Histogram: 1 0 0 1 0 0 0 0 0 2
Nghost:           1737 ave        1744 max        1732 min
Histogram: 2 0 0 0 0 0 1 0 0 1
Neighs:          11000 ave       11491 max       10359 min
Histogram: 1 0 0 1 0 0 0 0 1 1

Total # of neighbors = 44000
Ave neighs/atom = 88
Neighbor list builds = 0
Dangerous builds = 0
unfix 2

variable lat_const equal "lx/5"
variable eatom equal "pe/count(all)"
variable teng equal "pe"
variable natoms equal "count(all)"

print "Lattice parameter (lx/5) = ${lat_const} A"
Lattice parameter (lx/5) = 3.518280553034 A
print "Total Potential Energy (PE) = ${teng} eV"
Total Potential Energy (PE) = -2114.96609695663 eV
print "Number of atoms = ${natoms}"
Number of atoms = 500
print "Cohesive energy (PE/N) = ${eatom} eV"
Cohesive energy (PE/N) = -4.22993219391325 eV
print "Minimization completed."
Minimization completed.

write_data C2_mpack_9_minimized.data
System init for write_data ...
Total wall time: 0:00:00
