read_data B1_11.data
Reading data file ...
  triclinic box = (0 0 0) to (17.245 17.245 17.245) with tilt (1.0559517e-15 1.0559517e-15 1.0559517e-15)
  1 by 1 by 1 MPI processor grid
  reading atoms ...
  500 atoms
  read_data CPU = 0.003 seconds

mass 1 58.6934  # Ni
mass 2 55.845   # Fe
mass 3 51.9961  # Cr

pair_style metatomic pet-mad-latest.pt device cpu

This is the PET-MAD v1.0.2 model
================================

A universal interatomic potential for advanced materials modeling

Model authors
-------------

- Arslan Mazitov (arslan.mazitov@epfl.ch)
- Filippo Bigi
- Matthias Kellner
- Paolo Pegolo
- Davide Tisi
- Guillaume Fraux
- Sergey Pozdnyakov
- Philip Loche
- Michele Ceriotti (michele.ceriotti@epfl.ch)

Model references
----------------

Please cite the following references when using this model:
- about this specific model:
  * http://arxiv.org/abs/2503.14118
- about the architecture of this model:
  * LLPR (uncertainty method):
    https://iopscience.iop.org/article/10.1088/2632-2153/ad805f
  * LPR (if using per-atom uncertainty):
    https://pubs.acs.org/doi/10.1021/acs.jctc.3c00704
  * https://arxiv.org/abs/2305.19302v3

WARNING: the model declared support for unknown device 'cuda', it will be ignored (src/ML-METATOMIC/pair_metatomic.cpp:216)
Running simulation on cpu device with float32 data
pair_coeff * * 28 26 24

neighbor 2.0 bin
neigh_modify delay 0 check yes
timestep 0.001

thermo 10
thermo_style custom step lx ly lz pe press fmax vol

# --- ЭТАПЫ МИНИМИЗАЦИИ ---
min_style cg
minimize 1.0e-8 1.0e-9 1000 5000

CITE-CITE-CITE-CITE-CITE-CITE-CITE-CITE-CITE-CITE-CITE-CITE-CITE

Your simulation uses code contributions which should be cited:

- LLPR (uncertainty method): https://iopscience.iop.org/article/10.1088/2632-2153/ad805f
- LPR (if using per-atom uncertainty): https://pubs.acs.org/doi/10.1021/acs.jctc.3c00704
- https://arxiv.org/abs/2305.19302v3
- http://arxiv.org/abs/2503.14118
CITE-CITE-CITE-CITE-CITE-CITE-CITE-CITE-CITE-CITE-CITE-CITE-CITE

Neighbor list info ...
  update: every = 1 steps, delay = 0 steps, check = yes
  max neighbors/atom: 2000, page size: 100000
  master list distance cutoff = 11
  ghost atom cutoff = 11
  binsize = 5.5, bins = 4 4 4
  1 neighbor lists, perpetual/occasional/extra = 1 0 0
  (1) pair metatomic, perpetual
      attributes: full, newton on, ghost
      pair build: full/bin/ghost
      stencil: full/ghost/bin/3d
      bin: standard
Per MPI rank memory allocation (min/avg/max) = 19.8 | 19.8 | 19.8 Mbytes
   Step           Lx             Ly             Lz           PotEng         Press           Fmax          Volume    
         0   17.245         17.245         17.245        -4058.6992      53928.148      1.1332203      5128.491     
        10   17.245         17.245         17.245        -4064.5352      56241.534      0.0068024248   5128.491     
        11   17.245         17.245         17.245        -4064.5352      56241.417      0.0040034503   5128.491     
Loop time of 56.4866 on 8 procs for 11 steps with 500 atoms

762.0% CPU use with 1 MPI tasks x 8 OpenMP threads

Minimization stats:
  Stopping criterion = energy tolerance
  Energy initial, next-to-last, final = 
        -4058.69921875     -4064.53515625     -4064.53515625
  Force two-norm initial, final = 11.417324 0.027059943
  Force max component initial, final = 1.1332203 0.0040034503
  Final line search alpha, max atom move = 1 0.0040034503
  Iterations, force evaluations = 11 22

MPI task timing breakdown:
Section |  min time  |  avg time  |  max time  |%varavg| %total
---------------------------------------------------------------
Pair    | 56.486     | 56.486     | 56.486     |   0.0 |100.00
Neigh   | 0          | 0          | 0          |   0.0 |  0.00
Comm    | 0.00053057 | 0.00053057 | 0.00053057 |   0.0 |  0.00
Output  | 7.3259e-05 | 7.3259e-05 | 7.3259e-05 |   0.0 |  0.00
Modify  | 0          | 0          | 0          |   0.0 |  0.00
Other   |            | 0.000436   |            |       |  0.00

Nlocal:            500 ave         500 max         500 min
Histogram: 1 0 0 0 0 0 0 0 0 0
Nghost:           5584 ave        5584 max        5584 min
Histogram: 1 0 0 0 0 0 0 0 0 0
Neighs:              0 ave           0 max           0 min
Histogram: 1 0 0 0 0 0 0 0 0 0
FullNghs:       277000 ave      277000 max      277000 min
Histogram: 1 0 0 0 0 0 0 0 0 0

Total # of neighbors = 277000
Ave neighs/atom = 554
Neighbor list builds = 0
Dangerous builds = 0

# Релаксация ячейки aniso
fix 1 all box/relax aniso 0.0 vmax 0.0001
min_style cg
minimize 1.0e-10 1.0e-11 1000 5000
WARNING: Energy due to 3 extra global DOFs will be included in minimizer energies
 (src/min.cpp:222)
Per MPI rank memory allocation (min/avg/max) = 19.8 | 19.8 | 19.8 Mbytes
   Step           Lx             Ly             Lz           PotEng         Press           Fmax          Volume    
        11   17.245         17.245         17.245        -4064.5352      56241.415      0.0040052459   5128.491     
        20   17.259945      17.259818      17.260521     -4064.9722      47615.079      0.011077926    5141.9697    
        30   17.276463      17.276174      17.277766     -4065.3723      38192.94       0.022007465    5156.915     
        40   17.292848      17.292363      17.295011     -4065.6843      28955.75       0.033291876    5171.7996    
        50   17.30902       17.308283      17.312256     -4065.9099      19931.443      0.044877037    5186.5688    
        60   17.324796      17.323695      17.329501     -4066.0513      11190.719      0.056103423    5201.0941    
        70   17.339439      17.337662      17.346746     -4066.1128      3018.9004      0.066216156    5214.8711    
        76   17.343941      17.340848      17.356118     -4066.1182      5.6055712      0.069672555    5220.0022    
Loop time of 187.833 on 8 procs for 65 steps with 500 atoms

784.8% CPU use with 1 MPI tasks x 8 OpenMP threads

Minimization stats:
  Stopping criterion = energy tolerance
  Energy initial, next-to-last, final = 
        -4064.53515625   -4066.1181640625   -4066.1181640625
  Force two-norm initial, final = 311.87214 1.2610641
  Force max component initial, final = 184.85655 0.86449108
  Final line search alpha, max atom move = 2.2548147e-08 1.9492672e-08
  Iterations, force evaluations = 65 78

MPI task timing breakdown:
Section |  min time  |  avg time  |  max time  |%varavg| %total
---------------------------------------------------------------
Pair    | 187.83     | 187.83     | 187.83     |   0.0 |100.00
Neigh   | 0          | 0          | 0          |   0.0 |  0.00
Comm    | 0.0016733  | 0.0016733  | 0.0016733  |   0.0 |  0.00
Output  | 0.00047543 | 0.00047543 | 0.00047543 |   0.0 |  0.00
Modify  | 0          | 0          | 0          |   0.0 |  0.00
Other   |            | 0.00599    |            |       |  0.00

Nlocal:            500 ave         500 max         500 min
Histogram: 1 0 0 0 0 0 0 0 0 0
Nghost:           5584 ave        5584 max        5584 min
Histogram: 1 0 0 0 0 0 0 0 0 0
Neighs:              0 ave           0 max           0 min
Histogram: 1 0 0 0 0 0 0 0 0 0
FullNghs:       276786 ave      276786 max      276786 min
Histogram: 1 0 0 0 0 0 0 0 0 0

Total # of neighbors = 276786
Ave neighs/atom = 553.572
Neighbor list builds = 0
Dangerous builds = 0
unfix 1

# Промежуточная минимизация атомов
min_style cg
minimize 1.0e-10 1.0e-11 1000 5000
Per MPI rank memory allocation (min/avg/max) = 19.8 | 19.8 | 19.8 Mbytes
   Step           Lx             Ly             Lz           PotEng         Press           Fmax          Volume    
        76   17.343941      17.340848      17.356118     -4066.1182      5.6057664      0.069672555    5220.0022    
        80   17.343941      17.340848      17.356118     -4066.1382      691.29249      0.0039537288   5220.0022    
        82   17.343941      17.340848      17.356118     -4066.1384      700.89695      0.0022234097   5220.0022    
Loop time of 36.7219 on 8 procs for 6 steps with 500 atoms

776.8% CPU use with 1 MPI tasks x 8 OpenMP threads

Minimization stats:
  Stopping criterion = energy tolerance
  Energy initial, next-to-last, final = 
      -4066.1181640625  -4066.13842773438  -4066.13842773438
  Force two-norm initial, final = 0.68395126 0.01320038
  Force max component initial, final = 0.069672555 0.0022234097
  Final line search alpha, max atom move = 0.5 0.0011117049
  Iterations, force evaluations = 6 14

MPI task timing breakdown:
Section |  min time  |  avg time  |  max time  |%varavg| %total
---------------------------------------------------------------
Pair    | 36.721     | 36.721     | 36.721     |   0.0 |100.00
Neigh   | 0          | 0          | 0          |   0.0 |  0.00
Comm    | 0.00035172 | 0.00035172 | 0.00035172 |   0.0 |  0.00
Output  | 5.2582e-05 | 5.2582e-05 | 5.2582e-05 |   0.0 |  0.00
Modify  | 0          | 0          | 0          |   0.0 |  0.00
Other   |            | 0.000307   |            |       |  0.00

Nlocal:            500 ave         500 max         500 min
Histogram: 1 0 0 0 0 0 0 0 0 0
Nghost:           5584 ave        5584 max        5584 min
Histogram: 1 0 0 0 0 0 0 0 0 0
Neighs:              0 ave           0 max           0 min
Histogram: 1 0 0 0 0 0 0 0 0 0
FullNghs:       273960 ave      273960 max      273960 min
Histogram: 1 0 0 0 0 0 0 0 0 0

Total # of neighbors = 273960
Ave neighs/atom = 547.92
Neighbor list builds = 0
Dangerous builds = 0

# Релаксация ячейки iso
fix 2 all box/relax iso 0.0 vmax 0.0001
min_style cg
minimize 1.0e-10 1.0e-11 1000 5000
WARNING: Energy due to 1 extra global DOFs will be included in minimizer energies
 (src/min.cpp:222)
Per MPI rank memory allocation (min/avg/max) = 19.8 | 19.8 | 19.8 Mbytes
   Step           Lx             Ly             Lz           PotEng         Press           Fmax          Volume    
        82   17.343941      17.340848      17.356118     -4066.1382      700.89139      0.0022235885   5220.0022    
        83   17.345264      17.342171      17.357442     -4066.1382     -0.51253327     0.0027794093   5221.1974    
Loop time of 7.26229 on 8 procs for 1 steps with 500 atoms

779.8% CPU use with 1 MPI tasks x 8 OpenMP threads

Minimization stats:
  Stopping criterion = energy tolerance
  Energy initial, next-to-last, final = 
     -4066.13818359375  -4066.13818359375  -4066.13818359375
  Force two-norm initial, final = 6.850671 0.015093634
  Force max component initial, final = 6.8506583 0.0050103715
  Final line search alpha, max atom move = 1.4597137e-05 7.3137081e-08
  Iterations, force evaluations = 1 2

MPI task timing breakdown:
Section |  min time  |  avg time  |  max time  |%varavg| %total
---------------------------------------------------------------
Pair    | 7.262      | 7.262      | 7.262      |   0.0 |100.00
Neigh   | 0          | 0          | 0          |   0.0 |  0.00
Comm    | 5.7649e-05 | 5.7649e-05 | 5.7649e-05 |   0.0 |  0.00
Output  | 0          | 0          | 0          |   0.0 |  0.00
Modify  | 0          | 0          | 0          |   0.0 |  0.00
Other   |            | 0.0002279  |            |       |  0.00

Nlocal:            500 ave         500 max         500 min
Histogram: 1 0 0 0 0 0 0 0 0 0
Nghost:           5584 ave        5584 max        5584 min
Histogram: 1 0 0 0 0 0 0 0 0 0
Neighs:              0 ave           0 max           0 min
Histogram: 1 0 0 0 0 0 0 0 0 0
FullNghs:       273904 ave      273904 max      273904 min
Histogram: 1 0 0 0 0 0 0 0 0 0

Total # of neighbors = 273904
Ave neighs/atom = 547.808
Neighbor list builds = 0
Dangerous builds = 0
unfix 2

variable lat_const equal "lx/5"
variable eatom equal "pe/count(all)"
variable teng equal "pe"
variable natoms equal "count(all)"

print "Lattice parameter (lx/5) = ${lat_const} A"
Lattice parameter (lx/5) = 3.4690528420259 A
print "Total Potential Energy (PE) = ${teng} eV"
Total Potential Energy (PE) = -4066.13818359375 eV
print "Number of atoms = ${natoms}"
Number of atoms = 500
print "Cohesive energy (PE/N) = ${eatom} eV"
Cohesive energy (PE/N) = -8.1322763671875 eV
print "Minimization completed."
Minimization completed.

write_data B1_11_minimized.data
System init for write_data ...
Total wall time: 0:04:58
