read_data B1_2.data
Reading data file ...
  triclinic box = (0 0 0) to (17.245 17.245 17.245) with tilt (1.0559517e-15 1.0559517e-15 1.0559517e-15)
  1 by 1 by 1 MPI processor grid
  reading atoms ...
  500 atoms
  read_data CPU = 0.003 seconds

mass 1 58.6934  # Ni
mass 2 55.845   # Fe
mass 3 51.9961  # Cr

pair_style metatomic pet-mad-latest.pt device cpu

This is the PET-MAD v1.0.2 model
================================

A universal interatomic potential for advanced materials modeling

Model authors
-------------

- Arslan Mazitov (arslan.mazitov@epfl.ch)
- Filippo Bigi
- Matthias Kellner
- Paolo Pegolo
- Davide Tisi
- Guillaume Fraux
- Sergey Pozdnyakov
- Philip Loche
- Michele Ceriotti (michele.ceriotti@epfl.ch)

Model references
----------------

Please cite the following references when using this model:
- about this specific model:
  * http://arxiv.org/abs/2503.14118
- about the architecture of this model:
  * LLPR (uncertainty method):
    https://iopscience.iop.org/article/10.1088/2632-2153/ad805f
  * LPR (if using per-atom uncertainty):
    https://pubs.acs.org/doi/10.1021/acs.jctc.3c00704
  * https://arxiv.org/abs/2305.19302v3

WARNING: the model declared support for unknown device 'cuda', it will be ignored (src/ML-METATOMIC/pair_metatomic.cpp:216)
Running simulation on cpu device with float32 data
pair_coeff * * 28 26 24

neighbor 2.0 bin
neigh_modify delay 0 check yes
timestep 0.001

thermo 10
thermo_style custom step lx ly lz pe press fmax vol

# --- ЭТАПЫ МИНИМИЗАЦИИ ---
min_style cg
minimize 1.0e-8 1.0e-9 1000 5000

CITE-CITE-CITE-CITE-CITE-CITE-CITE-CITE-CITE-CITE-CITE-CITE-CITE

Your simulation uses code contributions which should be cited:

- LLPR (uncertainty method): https://iopscience.iop.org/article/10.1088/2632-2153/ad805f
- LPR (if using per-atom uncertainty): https://pubs.acs.org/doi/10.1021/acs.jctc.3c00704
- https://arxiv.org/abs/2305.19302v3
- http://arxiv.org/abs/2503.14118
CITE-CITE-CITE-CITE-CITE-CITE-CITE-CITE-CITE-CITE-CITE-CITE-CITE

Neighbor list info ...
  update: every = 1 steps, delay = 0 steps, check = yes
  max neighbors/atom: 2000, page size: 100000
  master list distance cutoff = 11
  ghost atom cutoff = 11
  binsize = 5.5, bins = 4 4 4
  1 neighbor lists, perpetual/occasional/extra = 1 0 0
  (1) pair metatomic, perpetual
      attributes: full, newton on, ghost
      pair build: full/bin/ghost
      stencil: full/ghost/bin/3d
      bin: standard
Per MPI rank memory allocation (min/avg/max) = 19.8 | 19.8 | 19.8 Mbytes
   Step           Lx             Ly             Lz           PotEng         Press           Fmax          Volume    
         0   17.245         17.245         17.245        -4057.532       54181.954      1.0950716      5128.491     
        10   17.245         17.245         17.245        -4063.4426      56398.291      0.017785326    5128.491     
        12   17.245         17.245         17.245        -4063.4436      56400.015      0.0068087578   5128.491     
Loop time of 62.6462 on 8 procs for 12 steps with 500 atoms

763.8% CPU use with 1 MPI tasks x 8 OpenMP threads

Minimization stats:
  Stopping criterion = energy tolerance
  Energy initial, next-to-last, final = 
     -4057.53198242188  -4063.44360351562  -4063.44360351562
  Force two-norm initial, final = 11.260286 0.048192414
  Force max component initial, final = 1.0950716 0.0068087578
  Final line search alpha, max atom move = 1 0.0068087578
  Iterations, force evaluations = 12 24

MPI task timing breakdown:
Section |  min time  |  avg time  |  max time  |%varavg| %total
---------------------------------------------------------------
Pair    | 62.645     | 62.645     | 62.645     |   0.0 |100.00
Neigh   | 0          | 0          | 0          |   0.0 |  0.00
Comm    | 0.00062488 | 0.00062488 | 0.00062488 |   0.0 |  0.00
Output  | 2.8227e-05 | 2.8227e-05 | 2.8227e-05 |   0.0 |  0.00
Modify  | 0          | 0          | 0          |   0.0 |  0.00
Other   |            | 0.0005007  |            |       |  0.00

Nlocal:            500 ave         500 max         500 min
Histogram: 1 0 0 0 0 0 0 0 0 0
Nghost:           5584 ave        5584 max        5584 min
Histogram: 1 0 0 0 0 0 0 0 0 0
Neighs:              0 ave           0 max           0 min
Histogram: 1 0 0 0 0 0 0 0 0 0
FullNghs:       277000 ave      277000 max      277000 min
Histogram: 1 0 0 0 0 0 0 0 0 0

Total # of neighbors = 277000
Ave neighs/atom = 554
Neighbor list builds = 0
Dangerous builds = 0

# Релаксация ячейки aniso
fix 1 all box/relax aniso 0.0 vmax 0.0001
min_style cg
minimize 1.0e-10 1.0e-11 1000 5000
WARNING: Energy due to 3 extra global DOFs will be included in minimizer energies
 (src/min.cpp:222)
Per MPI rank memory allocation (min/avg/max) = 19.8 | 19.8 | 19.8 Mbytes
   Step           Lx             Ly             Lz           PotEng         Press           Fmax          Volume    
        12   17.245         17.245         17.245        -4063.4429      56400.015      0.006808579    5128.491     
        20   17.258796      17.257476      17.257755     -4063.8257      48954.925      0.010723501    5140.106     
        30   17.276041      17.272868      17.273534     -4064.2266      39835.409      0.019558996    5154.5395    
        40   17.293286      17.28795       17.289067     -4064.5435      30942.673      0.02818647     5168.8339    
        50   17.310531      17.302571      17.304231     -4064.7783      22314.84       0.036551923    5182.906     
        60   17.327776      17.316421      17.318779     -4064.9351      14045.61       0.044279322    5196.5872    
        70   17.345021      17.328685      17.332063     -4065.0188      6386.2003      0.052320004    5209.4361    
        80   17.362266      17.335561      17.341049     -4065.0427      522.18111      0.057649702    5219.3891    
        86   17.371618      17.331008      17.339222     -4065.0447      2.4476823      0.058720037    5220.2787    
Loop time of 236.779 on 8 procs for 74 steps with 500 atoms

780.3% CPU use with 1 MPI tasks x 8 OpenMP threads

Minimization stats:
  Stopping criterion = energy tolerance
  Energy initial, next-to-last, final = 
     -4063.44287109375  -4065.04467773438  -4065.04467773438
  Force two-norm initial, final = 312.96631 0.79134444
  Force max component initial, final = 190.98135 0.31836549
  Final line search alpha, max atom move = 3.3833743e-08 1.0771496e-08
  Iterations, force evaluations = 74 100

MPI task timing breakdown:
Section |  min time  |  avg time  |  max time  |%varavg| %total
---------------------------------------------------------------
Pair    | 236.77     | 236.77     | 236.77     |   0.0 |100.00
Neigh   | 0          | 0          | 0          |   0.0 |  0.00
Comm    | 0.0021059  | 0.0021059  | 0.0021059  |   0.0 |  0.00
Output  | 0.00029974 | 0.00029974 | 0.00029974 |   0.0 |  0.00
Modify  | 0          | 0          | 0          |   0.0 |  0.00
Other   |            | 0.007663   |            |       |  0.00

Nlocal:            500 ave         500 max         500 min
Histogram: 1 0 0 0 0 0 0 0 0 0
Nghost:           5584 ave        5584 max        5584 min
Histogram: 1 0 0 0 0 0 0 0 0 0
Neighs:              0 ave           0 max           0 min
Histogram: 1 0 0 0 0 0 0 0 0 0
FullNghs:       276668 ave      276668 max      276668 min
Histogram: 1 0 0 0 0 0 0 0 0 0

Total # of neighbors = 276668
Ave neighs/atom = 553.336
Neighbor list builds = 0
Dangerous builds = 0
unfix 1

# Промежуточная минимизация атомов
min_style cg
minimize 1.0e-10 1.0e-11 1000 5000
Per MPI rank memory allocation (min/avg/max) = 19.8 | 19.8 | 19.8 Mbytes
   Step           Lx             Ly             Lz           PotEng         Press           Fmax          Volume    
        86   17.371618      17.331008      17.339222     -4065.0447      2.4465176      0.058720022    5220.2787    
        90   17.371618      17.331008      17.339222     -4065.0664      709.77585      0.0066181123   5220.2787    
        91   17.371618      17.331008      17.339222     -4065.0664      710.78273      0.00388873     5220.2787    
Loop time of 26.1598 on 8 procs for 5 steps with 500 atoms

773.7% CPU use with 1 MPI tasks x 8 OpenMP threads

Minimization stats:
  Stopping criterion = energy tolerance
  Energy initial, next-to-last, final = 
     -4065.04467773438     -4065.06640625     -4065.06640625
  Force two-norm initial, final = 0.69079211 0.027912157
  Force max component initial, final = 0.058720022 0.00388873
  Final line search alpha, max atom move = 1 0.00388873
  Iterations, force evaluations = 5 10

MPI task timing breakdown:
Section |  min time  |  avg time  |  max time  |%varavg| %total
---------------------------------------------------------------
Pair    | 26.159     | 26.159     | 26.159     |   0.0 |100.00
Neigh   | 0          | 0          | 0          |   0.0 |  0.00
Comm    | 0.00026882 | 0.00026882 | 0.00026882 |   0.0 |  0.00
Output  | 2.9e-05    | 2.9e-05    | 2.9e-05    |   0.0 |  0.00
Modify  | 0          | 0          | 0          |   0.0 |  0.00
Other   |            | 0.0002198  |            |       |  0.00

Nlocal:            500 ave         500 max         500 min
Histogram: 1 0 0 0 0 0 0 0 0 0
Nghost:           5584 ave        5584 max        5584 min
Histogram: 1 0 0 0 0 0 0 0 0 0
Neighs:              0 ave           0 max           0 min
Histogram: 1 0 0 0 0 0 0 0 0 0
FullNghs:       273782 ave      273782 max      273782 min
Histogram: 1 0 0 0 0 0 0 0 0 0

Total # of neighbors = 273782
Ave neighs/atom = 547.564
Neighbor list builds = 0
Dangerous builds = 0

# Релаксация ячейки iso
fix 2 all box/relax iso 0.0 vmax 0.0001
min_style cg
minimize 1.0e-10 1.0e-11 1000 5000
WARNING: Energy due to 1 extra global DOFs will be included in minimizer energies
 (src/min.cpp:222)
Per MPI rank memory allocation (min/avg/max) = 19.8 | 19.8 | 19.8 Mbytes
   Step           Lx             Ly             Lz           PotEng         Press           Fmax          Volume    
        91   17.371618      17.331008      17.339222     -4065.0664      710.78385      0.0038881935   5220.2787    
        93   17.372991      17.332378      17.340592     -4065.0669     -0.37364145     0.0043379217   5221.5169    
Loop time of 11.5585 on 8 procs for 2 steps with 500 atoms

779.9% CPU use with 1 MPI tasks x 8 OpenMP threads

Minimization stats:
  Stopping criterion = energy tolerance
  Energy initial, next-to-last, final = 
        -4065.06640625  -4065.06689453125  -4065.06689453125
  Force two-norm initial, final = 6.9477734 0.018791483
  Force max component initial, final = 6.9477173 0.0043379217
  Final line search alpha, max atom move = 1 0.0043379217
  Iterations, force evaluations = 2 4

MPI task timing breakdown:
Section |  min time  |  avg time  |  max time  |%varavg| %total
---------------------------------------------------------------
Pair    | 11.558     | 11.558     | 11.558     |   0.0 |100.00
Neigh   | 0          | 0          | 0          |   0.0 |  0.00
Comm    | 0.00010038 | 0.00010038 | 0.00010038 |   0.0 |  0.00
Output  | 0          | 0          | 0          |   0.0 |  0.00
Modify  | 0          | 0          | 0          |   0.0 |  0.00
Other   |            | 0.0003802  |            |       |  0.00

Nlocal:            500 ave         500 max         500 min
Histogram: 1 0 0 0 0 0 0 0 0 0
Nghost:           5584 ave        5584 max        5584 min
Histogram: 1 0 0 0 0 0 0 0 0 0
Neighs:              0 ave           0 max           0 min
Histogram: 1 0 0 0 0 0 0 0 0 0
FullNghs:       273714 ave      273714 max      273714 min
Histogram: 1 0 0 0 0 0 0 0 0 0

Total # of neighbors = 273714
Ave neighs/atom = 547.428
Neighbor list builds = 0
Dangerous builds = 0
unfix 2

variable lat_const equal "lx/5"
variable eatom equal "pe/count(all)"
variable teng equal "pe"
variable natoms equal "count(all)"

print "Lattice parameter (lx/5) = ${lat_const} A"
Lattice parameter (lx/5) = 3.47459828896088 A
print "Total Potential Energy (PE) = ${teng} eV"
Total Potential Energy (PE) = -4065.06689453125 eV
print "Number of atoms = ${natoms}"
Number of atoms = 500
print "Cohesive energy (PE/N) = ${eatom} eV"
Cohesive energy (PE/N) = -8.1301337890625 eV
print "Minimization completed."
Minimization completed.

write_data B1_2_minimized.data
System init for write_data ...
Total wall time: 0:05:47
