read_data B1_9.data
Reading data file ...
  triclinic box = (0 0 0) to (17.245 17.245 17.245) with tilt (1.0559517e-15 1.0559517e-15 1.0559517e-15)
  1 by 1 by 1 MPI processor grid
  reading atoms ...
  500 atoms
  read_data CPU = 0.003 seconds

mass 1 58.6934  # Ni
mass 2 55.845   # Fe
mass 3 51.9961  # Cr

pair_style metatomic pet-mad-latest.pt device cpu

This is the PET-MAD v1.0.2 model
================================

A universal interatomic potential for advanced materials modeling

Model authors
-------------

- Arslan Mazitov (arslan.mazitov@epfl.ch)
- Filippo Bigi
- Matthias Kellner
- Paolo Pegolo
- Davide Tisi
- Guillaume Fraux
- Sergey Pozdnyakov
- Philip Loche
- Michele Ceriotti (michele.ceriotti@epfl.ch)

Model references
----------------

Please cite the following references when using this model:
- about this specific model:
  * http://arxiv.org/abs/2503.14118
- about the architecture of this model:
  * LLPR (uncertainty method):
    https://iopscience.iop.org/article/10.1088/2632-2153/ad805f
  * LPR (if using per-atom uncertainty):
    https://pubs.acs.org/doi/10.1021/acs.jctc.3c00704
  * https://arxiv.org/abs/2305.19302v3

WARNING: the model declared support for unknown device 'cuda', it will be ignored (src/ML-METATOMIC/pair_metatomic.cpp:216)
Running simulation on cpu device with float32 data
pair_coeff * * 28 26 24

neighbor 2.0 bin
neigh_modify delay 0 check yes
timestep 0.001

thermo 10
thermo_style custom step lx ly lz pe press fmax vol

# --- ЭТАПЫ МИНИМИЗАЦИИ ---
min_style cg
minimize 1.0e-8 1.0e-9 1000 5000

CITE-CITE-CITE-CITE-CITE-CITE-CITE-CITE-CITE-CITE-CITE-CITE-CITE

Your simulation uses code contributions which should be cited:

- LLPR (uncertainty method): https://iopscience.iop.org/article/10.1088/2632-2153/ad805f
- LPR (if using per-atom uncertainty): https://pubs.acs.org/doi/10.1021/acs.jctc.3c00704
- https://arxiv.org/abs/2305.19302v3
- http://arxiv.org/abs/2503.14118
CITE-CITE-CITE-CITE-CITE-CITE-CITE-CITE-CITE-CITE-CITE-CITE-CITE

Neighbor list info ...
  update: every = 1 steps, delay = 0 steps, check = yes
  max neighbors/atom: 2000, page size: 100000
  master list distance cutoff = 11
  ghost atom cutoff = 11
  binsize = 5.5, bins = 4 4 4
  1 neighbor lists, perpetual/occasional/extra = 1 0 0
  (1) pair metatomic, perpetual
      attributes: full, newton on, ghost
      pair build: full/bin/ghost
      stencil: full/ghost/bin/3d
      bin: standard
Per MPI rank memory allocation (min/avg/max) = 19.8 | 19.8 | 19.8 Mbytes
   Step           Lx             Ly             Lz           PotEng         Press           Fmax          Volume    
         0   17.245         17.245         17.245        -4056.4529      54543.181      1.1391451      5128.491     
        10   17.245         17.245         17.245        -4062.4785      56939.246      0.014232066    5128.491     
        13   17.245         17.245         17.245        -4062.4795      56943.289      0.0037966669   5128.491     
Loop time of 133.296 on 8 procs for 13 steps with 500 atoms

775.4% CPU use with 1 MPI tasks x 8 OpenMP threads

Minimization stats:
  Stopping criterion = energy tolerance
  Energy initial, next-to-last, final = 
     -4056.45288085938   -4062.4794921875   -4062.4794921875
  Force two-norm initial, final = 11.585284 0.025469528
  Force max component initial, final = 1.1391451 0.0037966669
  Final line search alpha, max atom move = 3.0517578e-05 1.1586508e-07
  Iterations, force evaluations = 13 56

MPI task timing breakdown:
Section |  min time  |  avg time  |  max time  |%varavg| %total
---------------------------------------------------------------
Pair    | 133.29     | 133.29     | 133.29     |   0.0 |100.00
Neigh   | 0          | 0          | 0          |   0.0 |  0.00
Comm    | 0.0013753  | 0.0013753  | 0.0013753  |   0.0 |  0.00
Output  | 4.8883e-05 | 4.8883e-05 | 4.8883e-05 |   0.0 |  0.00
Modify  | 0          | 0          | 0          |   0.0 |  0.00
Other   |            | 0.0008456  |            |       |  0.00

Nlocal:            500 ave         500 max         500 min
Histogram: 1 0 0 0 0 0 0 0 0 0
Nghost:           5584 ave        5584 max        5584 min
Histogram: 1 0 0 0 0 0 0 0 0 0
Neighs:              0 ave           0 max           0 min
Histogram: 1 0 0 0 0 0 0 0 0 0
FullNghs:       277000 ave      277000 max      277000 min
Histogram: 1 0 0 0 0 0 0 0 0 0

Total # of neighbors = 277000
Ave neighs/atom = 554
Neighbor list builds = 0
Dangerous builds = 0

# Релаксация ячейки aniso
fix 1 all box/relax aniso 0.0 vmax 0.0001
min_style cg
minimize 1.0e-10 1.0e-11 1000 5000
WARNING: Energy due to 3 extra global DOFs will be included in minimizer energies
 (src/min.cpp:222)
Per MPI rank memory allocation (min/avg/max) = 19.8 | 19.8 | 19.8 Mbytes
   Step           Lx             Ly             Lz           PotEng         Press           Fmax          Volume    
        13   17.245         17.245         17.245        -4062.4785      56943.317      0.0037945807   5128.491     
        20   17.257072      17.256759      17.256824     -4062.833       50125.985      0.008579202    5139.1013    
        30   17.274317      17.273488      17.273664     -4063.2612      40525.772      0.020209968    5154.2489    
        40   17.291562      17.290103      17.290422     -4063.5991      31094.873      0.032387093    5169.3673    
        50   17.308807      17.306537      17.307048     -4063.8481      21852.601      0.044137739    5184.4213    
        60   17.326052      17.322631      17.323428     -4064.0095      12845.111      0.054650389    5199.3289    
        70   17.343297      17.337819      17.339167     -4064.0869      4231.8977      0.064835362    5213.7996    
        77   17.35492       17.342931      17.346164     -4064.0967      31.951192      0.069343641    5220.9384    
Loop time of 180.14 on 8 procs for 64 steps with 500 atoms

781.9% CPU use with 1 MPI tasks x 8 OpenMP threads

Minimization stats:
  Stopping criterion = energy tolerance
  Energy initial, next-to-last, final = 
       -4062.478515625   -4064.0966796875   -4064.0966796875
  Force two-norm initial, final = 315.72438 0.81543116
  Force max component initial, final = 185.01297 0.38926201
  Final line search alpha, max atom move = 5.9568885e-08 2.3187904e-08
  Iterations, force evaluations = 64 76

MPI task timing breakdown:
Section |  min time  |  avg time  |  max time  |%varavg| %total
---------------------------------------------------------------
Pair    | 180.13     | 180.13     | 180.13     |   0.0 |100.00
Neigh   | 0          | 0          | 0          |   0.0 |  0.00
Comm    | 0.0014755  | 0.0014755  | 0.0014755  |   0.0 |  0.00
Output  | 0.00048002 | 0.00048002 | 0.00048002 |   0.0 |  0.00
Modify  | 0          | 0          | 0          |   0.0 |  0.00
Other   |            | 0.005954   |            |       |  0.00

Nlocal:            500 ave         500 max         500 min
Histogram: 1 0 0 0 0 0 0 0 0 0
Nghost:           5584 ave        5584 max        5584 min
Histogram: 1 0 0 0 0 0 0 0 0 0
Neighs:              0 ave           0 max           0 min
Histogram: 1 0 0 0 0 0 0 0 0 0
FullNghs:       276712 ave      276712 max      276712 min
Histogram: 1 0 0 0 0 0 0 0 0 0

Total # of neighbors = 276712
Ave neighs/atom = 553.424
Neighbor list builds = 0
Dangerous builds = 0
unfix 1

# Промежуточная минимизация атомов
min_style cg
minimize 1.0e-10 1.0e-11 1000 5000
Per MPI rank memory allocation (min/avg/max) = 19.8 | 19.8 | 19.8 Mbytes
   Step           Lx             Ly             Lz           PotEng         Press           Fmax          Volume    
        77   17.35492       17.342931      17.346164     -4064.0967      31.9514        0.069343626    5220.9384    
        80   17.35492       17.342931      17.346164     -4064.1191      824.22053      0.0091045648   5220.9384    
        82   17.35492       17.342931      17.346164     -4064.1196      814.56032      0.0054734088   5220.9384    
Loop time of 25.6913 on 8 procs for 5 steps with 500 atoms

780.4% CPU use with 1 MPI tasks x 8 OpenMP threads

Minimization stats:
  Stopping criterion = energy tolerance
  Energy initial, next-to-last, final = 
      -4064.0966796875  -4064.11962890625  -4064.11962890625
  Force two-norm initial, final = 0.70749 0.033654275
  Force max component initial, final = 0.069343626 0.0054734088
  Final line search alpha, max atom move = 1 0.0054734088
  Iterations, force evaluations = 5 10

MPI task timing breakdown:
Section |  min time  |  avg time  |  max time  |%varavg| %total
---------------------------------------------------------------
Pair    | 25.691     | 25.691     | 25.691     |   0.0 |100.00
Neigh   | 0          | 0          | 0          |   0.0 |  0.00
Comm    | 0.00025219 | 0.00025219 | 0.00025219 |   0.0 |  0.00
Output  | 7.7678e-05 | 7.7678e-05 | 7.7678e-05 |   0.0 |  0.00
Modify  | 0          | 0          | 0          |   0.0 |  0.00
Other   |            | 0.0002531  |            |       |  0.00

Nlocal:            500 ave         500 max         500 min
Histogram: 1 0 0 0 0 0 0 0 0 0
Nghost:           5584 ave        5584 max        5584 min
Histogram: 1 0 0 0 0 0 0 0 0 0
Neighs:              0 ave           0 max           0 min
Histogram: 1 0 0 0 0 0 0 0 0 0
FullNghs:       273770 ave      273770 max      273770 min
Histogram: 1 0 0 0 0 0 0 0 0 0

Total # of neighbors = 273770
Ave neighs/atom = 547.54
Neighbor list builds = 0
Dangerous builds = 0

# Релаксация ячейки iso
fix 2 all box/relax iso 0.0 vmax 0.0001
min_style cg
minimize 1.0e-10 1.0e-11 1000 5000
WARNING: Energy due to 1 extra global DOFs will be included in minimizer energies
 (src/min.cpp:222)
Per MPI rank memory allocation (min/avg/max) = 19.8 | 19.8 | 19.8 Mbytes
   Step           Lx             Ly             Lz           PotEng         Press           Fmax          Volume    
        82   17.35492       17.342931      17.346164     -4064.1196      814.56532      0.0054733232   5220.9384    
        84   17.356494      17.344503      17.347737     -4064.1201     -0.051724077    0.0046868445   5222.3586    
Loop time of 11.6656 on 8 procs for 2 steps with 500 atoms

781.8% CPU use with 1 MPI tasks x 8 OpenMP threads

Minimization stats:
  Stopping criterion = energy tolerance
  Energy initial, next-to-last, final = 
     -4064.11962890625   -4064.1201171875   -4064.1201171875
  Force two-norm initial, final = 7.96323 0.022498072
  Force max component initial, final = 7.9631588 0.0046868445
  Final line search alpha, max atom move = 1 0.0046868445
  Iterations, force evaluations = 2 4

MPI task timing breakdown:
Section |  min time  |  avg time  |  max time  |%varavg| %total
---------------------------------------------------------------
Pair    | 11.665     | 11.665     | 11.665     |   0.0 |100.00
Neigh   | 0          | 0          | 0          |   0.0 |  0.00
Comm    | 9.7406e-05 | 9.7406e-05 | 9.7406e-05 |   0.0 |  0.00
Output  | 0          | 0          | 0          |   0.0 |  0.00
Modify  | 0          | 0          | 0          |   0.0 |  0.00
Other   |            | 0.0003625  |            |       |  0.00

Nlocal:            500 ave         500 max         500 min
Histogram: 1 0 0 0 0 0 0 0 0 0
Nghost:           5584 ave        5584 max        5584 min
Histogram: 1 0 0 0 0 0 0 0 0 0
Neighs:              0 ave           0 max           0 min
Histogram: 1 0 0 0 0 0 0 0 0 0
FullNghs:       273674 ave      273674 max      273674 min
Histogram: 1 0 0 0 0 0 0 0 0 0

Total # of neighbors = 273674
Ave neighs/atom = 547.348
Neighbor list builds = 0
Dangerous builds = 0
unfix 2

variable lat_const equal "lx/5"
variable eatom equal "pe/count(all)"
variable teng equal "pe"
variable natoms equal "count(all)"

print "Lattice parameter (lx/5) = ${lat_const} A"
Lattice parameter (lx/5) = 3.47129879397625 A
print "Total Potential Energy (PE) = ${teng} eV"
Total Potential Energy (PE) = -4064.1201171875 eV
print "Number of atoms = ${natoms}"
Number of atoms = 500
print "Cohesive energy (PE/N) = ${eatom} eV"
Cohesive energy (PE/N) = -8.128240234375 eV
print "Minimization completed."
Minimization completed.

write_data B1_9_minimized.data
System init for write_data ...
Total wall time: 0:06:00
