read_data C4_2.data
Reading data file ...
  triclinic box = (0 0 0) to (17.35 17.35 17.35) with tilt (1.0623811e-15 1.0623811e-15 1.0623811e-15)
  1 by 1 by 1 MPI processor grid
  reading atoms ...
  500 atoms
  read_data CPU = 0.004 seconds

mass 1 58.6934  # Ni
mass 2 55.845   # Fe
mass 3 51.9961  # Cr

pair_style metatomic pet-mad-latest.pt device cpu

This is the PET-MAD v1.0.2 model
================================

A universal interatomic potential for advanced materials modeling

Model authors
-------------

- Arslan Mazitov (arslan.mazitov@epfl.ch)
- Filippo Bigi
- Matthias Kellner
- Paolo Pegolo
- Davide Tisi
- Guillaume Fraux
- Sergey Pozdnyakov
- Philip Loche
- Michele Ceriotti (michele.ceriotti@epfl.ch)

Model references
----------------

Please cite the following references when using this model:
- about this specific model:
  * http://arxiv.org/abs/2503.14118
- about the architecture of this model:
  * LLPR (uncertainty method):
    https://iopscience.iop.org/article/10.1088/2632-2153/ad805f
  * LPR (if using per-atom uncertainty):
    https://pubs.acs.org/doi/10.1021/acs.jctc.3c00704
  * https://arxiv.org/abs/2305.19302v3

WARNING: the model declared support for unknown device 'cuda', it will be ignored (src/ML-METATOMIC/pair_metatomic.cpp:216)
Running simulation on cpu device with float32 data
pair_coeff * * 28 26 24

neighbor 2.0 bin
neigh_modify delay 0 check yes
timestep 0.001

thermo 10
thermo_style custom step lx ly lz pe press fmax vol

# --- ЭТАПЫ МИНИМИЗАЦИИ ---
min_style cg
minimize 1.0e-8 1.0e-9 1000 5000

CITE-CITE-CITE-CITE-CITE-CITE-CITE-CITE-CITE-CITE-CITE-CITE-CITE

Your simulation uses code contributions which should be cited:

- LLPR (uncertainty method): https://iopscience.iop.org/article/10.1088/2632-2153/ad805f
- LPR (if using per-atom uncertainty): https://pubs.acs.org/doi/10.1021/acs.jctc.3c00704
- https://arxiv.org/abs/2305.19302v3
- http://arxiv.org/abs/2503.14118
CITE-CITE-CITE-CITE-CITE-CITE-CITE-CITE-CITE-CITE-CITE-CITE-CITE

Neighbor list info ...
  update: every = 1 steps, delay = 0 steps, check = yes
  max neighbors/atom: 2000, page size: 100000
  master list distance cutoff = 11
  ghost atom cutoff = 11
  binsize = 5.5, bins = 4 4 4
  1 neighbor lists, perpetual/occasional/extra = 1 0 0
  (1) pair metatomic, perpetual
      attributes: full, newton on, ghost
      pair build: full/bin/ghost
      stencil: full/ghost/bin/3d
      bin: standard
Per MPI rank memory allocation (min/avg/max) = 19.8 | 19.8 | 19.8 Mbytes
   Step           Lx             Ly             Lz           PotEng         Press           Fmax          Volume    
         0   17.35          17.35          17.35         -3854.4431      18982.13       1.0330749      5222.7404    
        10   17.35          17.35          17.35         -3860.0728      20658.014      0.025108442    5222.7404    
        15   17.35          17.35          17.35         -3860.0754      20656.513      0.005544547    5222.7404    
Loop time of 67.482 on 8 procs for 15 steps with 500 atoms

772.1% CPU use with 1 MPI tasks x 8 OpenMP threads

Minimization stats:
  Stopping criterion = energy tolerance
  Energy initial, next-to-last, final = 
     -3854.44311523438  -3860.07543945312  -3860.07543945312
  Force two-norm initial, final = 10.431241 0.028766712
  Force max component initial, final = 1.0330749 0.005544547
  Final line search alpha, max atom move = 1 0.005544547
  Iterations, force evaluations = 15 30

MPI task timing breakdown:
Section |  min time  |  avg time  |  max time  |%varavg| %total
---------------------------------------------------------------
Pair    | 67.481     | 67.481     | 67.481     |   0.0 |100.00
Neigh   | 0          | 0          | 0          |   0.0 |  0.00
Comm    | 0.00070941 | 0.00070941 | 0.00070941 |   0.0 |  0.00
Output  | 3.1518e-05 | 3.1518e-05 | 3.1518e-05 |   0.0 |  0.00
Modify  | 0          | 0          | 0          |   0.0 |  0.00
Other   |            | 0.0006646  |            |       |  0.00

Nlocal:            500 ave         500 max         500 min
Histogram: 1 0 0 0 0 0 0 0 0 0
Nghost:           5584 ave        5584 max        5584 min
Histogram: 1 0 0 0 0 0 0 0 0 0
Neighs:              0 ave           0 max           0 min
Histogram: 1 0 0 0 0 0 0 0 0 0
FullNghs:       277000 ave      277000 max      277000 min
Histogram: 1 0 0 0 0 0 0 0 0 0

Total # of neighbors = 277000
Ave neighs/atom = 554
Neighbor list builds = 0
Dangerous builds = 0

# Релаксация ячейки aniso
fix 1 all box/relax aniso 0.0 vmax 0.0001
min_style cg
minimize 1.0e-10 1.0e-11 1000 5000
WARNING: Energy due to 3 extra global DOFs will be included in minimizer energies
 (src/min.cpp:222)
Per MPI rank memory allocation (min/avg/max) = 19.8 | 19.8 | 19.8 Mbytes
   Step           Lx             Ly             Lz           PotEng         Press           Fmax          Volume    
        15   17.35          17.35          17.35         -3860.0742      20656.52       0.0055471435   5222.7404    
        20   17.358498      17.357153      17.358675     -3860.1599      16603.831      0.0059656203   5230.0665    
        30   17.375389      17.370458      17.376025     -3860.2749      8761.0518      0.017477497    5244.4051    
        40   17.391885      17.379937      17.393375     -3860.3198      1706.0231      0.02780968     5257.4931    
        48   17.400004      17.372472      17.403267     -3860.3242      0.71568858     0.03071858     5260.6783    
Loop time of 108.025 on 8 procs for 33 steps with 500 atoms

783.4% CPU use with 1 MPI tasks x 8 OpenMP threads

Minimization stats:
  Stopping criterion = linesearch alpha is zero
  Energy initial, next-to-last, final = 
        -3860.07421875     -3860.32421875     -3860.32421875
  Force two-norm initial, final = 116.98842 0.87756363
  Force max component initial, final = 71.745331 0.67357569
  Final line search alpha, max atom move = 9.0613769e-09 6.1035232e-09
  Iterations, force evaluations = 33 48

MPI task timing breakdown:
Section |  min time  |  avg time  |  max time  |%varavg| %total
---------------------------------------------------------------
Pair    | 108.02     | 108.02     | 108.02     |   0.0 |100.00
Neigh   | 0          | 0          | 0          |   0.0 |  0.00
Comm    | 0.00093052 | 0.00093052 | 0.00093052 |   0.0 |  0.00
Output  | 0.00010428 | 0.00010428 | 0.00010428 |   0.0 |  0.00
Modify  | 0          | 0          | 0          |   0.0 |  0.00
Other   |            | 0.003599   |            |       |  0.00

Nlocal:            500 ave         500 max         500 min
Histogram: 1 0 0 0 0 0 0 0 0 0
Nghost:           5584 ave        5584 max        5584 min
Histogram: 1 0 0 0 0 0 0 0 0 0
Neighs:              0 ave           0 max           0 min
Histogram: 1 0 0 0 0 0 0 0 0 0
FullNghs:       273524 ave      273524 max      273524 min
Histogram: 1 0 0 0 0 0 0 0 0 0

Total # of neighbors = 273524
Ave neighs/atom = 547.048
Neighbor list builds = 0
Dangerous builds = 0
unfix 1

# Промежуточная минимизация атомов
min_style cg
minimize 1.0e-10 1.0e-11 1000 5000
Per MPI rank memory allocation (min/avg/max) = 19.8 | 19.8 | 19.8 Mbytes
   Step           Lx             Ly             Lz           PotEng         Press           Fmax          Volume    
        48   17.400004      17.372472      17.403267     -3860.3242      0.71654782     0.03071858     5260.6783    
        50   17.400004      17.372472      17.403267     -3860.3276      258.39993      0.0066983551   5260.6783    
        53   17.400004      17.372472      17.403267     -3860.3281      279.70806      0.0022624414   5260.6783    
Loop time of 89.2695 on 8 procs for 5 steps with 500 atoms

780.7% CPU use with 1 MPI tasks x 8 OpenMP threads

Minimization stats:
  Stopping criterion = linesearch alpha is zero
  Energy initial, next-to-last, final = 
        -3860.32421875       -3860.328125       -3860.328125
  Force two-norm initial, final = 0.28369634 0.018056551
  Force max component initial, final = 0.03071858 0.0022624414
  Final line search alpha, max atom move = 3.0517578e-05 6.9044233e-08
  Iterations, force evaluations = 5 39

MPI task timing breakdown:
Section |  min time  |  avg time  |  max time  |%varavg| %total
---------------------------------------------------------------
Pair    | 89.268     | 89.268     | 89.268     |   0.0 |100.00
Neigh   | 0          | 0          | 0          |   0.0 |  0.00
Comm    | 0.0009652  | 0.0009652  | 0.0009652  |   0.0 |  0.00
Output  | 7.7246e-05 | 7.7246e-05 | 7.7246e-05 |   0.0 |  0.00
Modify  | 0          | 0          | 0          |   0.0 |  0.00
Other   |            | 0.0006107  |            |       |  0.00

Nlocal:            500 ave         500 max         500 min
Histogram: 1 0 0 0 0 0 0 0 0 0
Nghost:           5584 ave        5584 max        5584 min
Histogram: 1 0 0 0 0 0 0 0 0 0
Neighs:              0 ave           0 max           0 min
Histogram: 1 0 0 0 0 0 0 0 0 0
FullNghs:       271022 ave      271022 max      271022 min
Histogram: 1 0 0 0 0 0 0 0 0 0

Total # of neighbors = 271022
Ave neighs/atom = 542.044
Neighbor list builds = 0
Dangerous builds = 0

# Релаксация ячейки iso
fix 2 all box/relax iso 0.0 vmax 0.0001
min_style cg
minimize 1.0e-10 1.0e-11 1000 5000
WARNING: Energy due to 1 extra global DOFs will be included in minimizer energies
 (src/min.cpp:222)
Per MPI rank memory allocation (min/avg/max) = 19.8 | 19.8 | 19.8 Mbytes
   Step           Lx             Ly             Lz           PotEng         Press           Fmax          Volume    
        53   17.400004      17.372472      17.403267     -3860.3281      279.70849      0.002262339    5260.6783    
        54   17.400004      17.372472      17.403267     -3860.3281      279.70815      0.0022623241   5260.6783    
Loop time of 69.0066 on 8 procs for 1 steps with 500 atoms

784.2% CPU use with 1 MPI tasks x 8 OpenMP threads

Minimization stats:
  Stopping criterion = linesearch alpha is zero
  Energy initial, next-to-last, final = 
          -3860.328125       -3860.328125       -3860.328125
  Force two-norm initial, final = 2.755292 2.7552886
  Force max component initial, final = 2.7552328 2.7552294
  Final line search alpha, max atom move = 1.1076225e-09 3.051754e-09
  Iterations, force evaluations = 1 29

MPI task timing breakdown:
Section |  min time  |  avg time  |  max time  |%varavg| %total
---------------------------------------------------------------
Pair    | 69.004     | 69.004     | 69.004     |   0.0 |100.00
Neigh   | 0          | 0          | 0          |   0.0 |  0.00
Comm    | 0.00056237 | 0.00056237 | 0.00056237 |   0.0 |  0.00
Output  | 0          | 0          | 0          |   0.0 |  0.00
Modify  | 0          | 0          | 0          |   0.0 |  0.00
Other   |            | 0.001996   |            |       |  0.00

Nlocal:            500 ave         500 max         500 min
Histogram: 1 0 0 0 0 0 0 0 0 0
Nghost:           5584 ave        5584 max        5584 min
Histogram: 1 0 0 0 0 0 0 0 0 0
Neighs:              0 ave           0 max           0 min
Histogram: 1 0 0 0 0 0 0 0 0 0
FullNghs:       270996 ave      270996 max      270996 min
Histogram: 1 0 0 0 0 0 0 0 0 0

Total # of neighbors = 270996
Ave neighs/atom = 541.992
Neighbor list builds = 0
Dangerous builds = 0
unfix 2

variable lat_const equal "lx/5"
variable eatom equal "pe/count(all)"
variable teng equal "pe"
variable natoms equal "count(all)"

print "Lattice parameter (lx/5) = ${lat_const} A"
Lattice parameter (lx/5) = 3.48000074223084 A
print "Total Potential Energy (PE) = ${teng} eV"
Total Potential Energy (PE) = -3860.328125 eV
print "Number of atoms = ${natoms}"
Number of atoms = 500
print "Cohesive energy (PE/N) = ${eatom} eV"
Cohesive energy (PE/N) = -7.72065625 eV
print "Minimization completed."
Minimization completed.

write_data C4_2_minimized.data
System init for write_data ...
Total wall time: 0:05:43
