read_data A6_1.data
Reading data file ...
  triclinic box = (0 0 0) to (17.6 17.6 17.6) with tilt (1.0776892e-15 1.0776892e-15 1.0776892e-15)
  1 by 2 by 2 MPI processor grid
  reading atoms ...
  500 atoms
  read_data CPU = 0.008 seconds

mass 1 58.6934  # Ni
mass 2 55.845   # Fe
mass 3 51.9961  # Cr

pair_style eam/alloy
pair_coeff * * FeNiCr_bonny.eam.alloy Ni Fe Cr

neighbor 2.0 bin
neigh_modify delay 0 check yes
timestep 0.001

thermo 10
thermo_style custom step lx ly lz pe press fmax vol

# --- ЭТАПЫ МИНИМИЗАЦИИ ---
min_style cg
minimize 1.0e-8 1.0e-9 1000 5000

CITE-CITE-CITE-CITE-CITE-CITE-CITE-CITE-CITE-CITE-CITE-CITE-CITE

Your simulation uses code contributions which should be cited:

- Type Label Framework: https://doi.org/10.1021/acs.jpcb.3c08419

@Article{Gissinger24,
 author = {Jacob R. Gissinger, Ilia Nikiforov, Yaser Afshar, Brendon Waters, Moon-ki Choi, Daniel S. Karls, Alexander Stukowski, Wonpil Im, Hendrik Heinz, Axel Kohlmeyer, and Ellad B. Tadmor},
 title = {Type Label Framework for Bonded Force Fields in LAMMPS},
 journal = {J. Phys. Chem. B},
 year =    2024,
 volume =  128,
 number =  13,
 pages =   {3282–-3297}
}

CITE-CITE-CITE-CITE-CITE-CITE-CITE-CITE-CITE-CITE-CITE-CITE-CITE

Neighbor list info ...
  update: every = 1 steps, delay = 0 steps, check = yes
  max neighbors/atom: 2000, page size: 100000
  master list distance cutoff = 7.6
  ghost atom cutoff = 7.6
  binsize = 3.8, bins = 5 5 5
  1 neighbor lists, perpetual/occasional/extra = 1 0 0
  (1) pair eam/alloy, perpetual
      attributes: half, newton on
      pair build: half/bin/atomonly/newton/tri
      stencil: half/bin/3d/tri
      bin: standard
Per MPI rank memory allocation (min/avg/max) = 4.514 | 4.514 | 4.514 Mbytes
   Step           Lx             Ly             Lz           PotEng         Press           Fmax          Volume    
         0   17.6           17.6           17.6          -2123.7448     -20262.88       0.71784917     5451.776     
        10   17.6           17.6           17.6          -2125.5057     -21547.617      0.0088840327   5451.776     
        16   17.6           17.6           17.6          -2125.5067     -21548.336      0.00073186686  5451.776     
Loop time of 0.0239495 on 4 procs for 16 steps with 500 atoms

91.7% CPU use with 4 MPI tasks x 1 OpenMP threads

Minimization stats:
  Stopping criterion = energy tolerance
  Energy initial, next-to-last, final = 
     -2123.74479435473  -2125.50664235375  -2125.50665149542
  Force two-norm initial, final = 6.5551373 0.0089947944
  Force max component initial, final = 0.71784917 0.00073186686
  Final line search alpha, max atom move = 1 0.00073186686
  Iterations, force evaluations = 16 32

MPI task timing breakdown:
Section |  min time  |  avg time  |  max time  |%varavg| %total
---------------------------------------------------------------
Pair    | 0.021219   | 0.021321   | 0.021548   |   0.1 | 89.02
Neigh   | 0          | 0          | 0          |   0.0 |  0.00
Comm    | 0.0014348  | 0.0016896  | 0.0018271  |   0.4 |  7.05
Output  | 2.4907e-05 | 3.8039e-05 | 7.6962e-05 |   0.0 |  0.16
Modify  | 0          | 0          | 0          |   0.0 |  0.00
Other   |            | 0.0009012  |            |       |  3.76

Nlocal:            125 ave         180 max          80 min
Histogram: 1 0 0 0 2 0 0 0 0 1
Nghost:           1737 ave        1782 max        1682 min
Histogram: 1 0 0 0 0 0 2 0 0 1
Neighs:          11000 ave       15874 max        7017 min
Histogram: 1 0 0 1 1 0 0 0 0 1

Total # of neighbors = 44000
Ave neighs/atom = 88
Neighbor list builds = 0
Dangerous builds = 0

# Релаксация ячейки aniso
fix 1 all box/relax aniso 0.0 vmax 0.0001
min_style cg
minimize 1.0e-10 1.0e-11 1000 5000
WARNING: Energy due to 3 extra global DOFs will be included in minimizer energies
 (src/min.cpp:219)
Per MPI rank memory allocation (min/avg/max) = 4.514 | 4.514 | 4.514 Mbytes
   Step           Lx             Ly             Lz           PotEng         Press           Fmax          Volume    
        16   17.6           17.6           17.6          -2125.5067     -21548.336      0.00073186686  5451.776     
        20   17.593465      17.59296       17.593258     -2125.5873     -19511.039      0.0056645509   5445.485     
        30   17.577345      17.57536       17.576527     -2125.7527     -14382.37       0.019223542    5429.8845    
        40   17.561725      17.55776       17.560078     -2125.866      -9233.635       0.032652766    5414.5545    
        50   17.547225      17.54016       17.544262     -2125.9282     -4170.3056      0.045776457    5399.7929    
        60   17.538768      17.52256       17.531848     -2125.9447     -36.527627      0.057174153    5387.9597    
        70   17.544325      17.515337      17.531769     -2125.9462      120.78964      0.056961966    5387.4208    
        80   17.543819      17.51576       17.531584     -2125.9483      93.005567      0.05211399     5387.3386    
        90   17.542597      17.516465      17.531191     -2125.9516      91.428925      0.043644563    5387.0592    
       100   17.543683      17.516674      17.531723     -2125.9545     -218.42513      0.034025914    5387.6205    
       110   17.541834      17.516241      17.530364     -2125.956       113.72198      0.029644927    5386.5021    
       120   17.540237      17.517541      17.529928     -2125.9574      118.4806       0.023618027    5386.2777    
       130   17.546255      17.512952      17.531364     -2125.9588     -275.76671      0.01785082     5387.1551    
       140   17.543032      17.513031      17.529438     -2125.9618      0.76050076     0.0090120119   5385.5982    
       150   17.542945      17.513202      17.529023     -2125.9621     -1.7842115      0.0015802995   5385.4969    
Loop time of 0.208361 on 4 procs for 134 steps with 500 atoms

81.3% CPU use with 4 MPI tasks x 1 OpenMP threads

Minimization stats:
  Stopping criterion = energy tolerance
  Energy initial, next-to-last, final = 
     -2125.50665149542  -2125.96211756883   -2125.9621176249
  Force two-norm initial, final = 127.0553 0.022068577
  Force max component initial, final = 76.132633 0.0081158151
  Final line search alpha, max atom move = 0.0034886945 2.8313599e-05
  Iterations, force evaluations = 134 180

MPI task timing breakdown:
Section |  min time  |  avg time  |  max time  |%varavg| %total
---------------------------------------------------------------
Pair    | 0.1668     | 0.17012    | 0.17457    |   0.8 | 81.65
Neigh   | 0          | 0          | 0          |   0.0 |  0.00
Comm    | 0.017297   | 0.020033   | 0.021909   |   1.3 |  9.61
Output  | 0.00025947 | 0.0005036  | 0.0012334  |   0.0 |  0.24
Modify  | 0          | 0          | 0          |   0.0 |  0.00
Other   |            | 0.0177     |            |       |  8.50

Nlocal:            125 ave         154 max          99 min
Histogram: 1 0 0 1 0 1 0 0 0 1
Nghost:           1737 ave        1763 max        1708 min
Histogram: 1 0 0 0 1 0 1 0 0 1
Neighs:          11000 ave       13543 max        8751 min
Histogram: 1 0 0 1 0 1 0 0 0 1

Total # of neighbors = 44000
Ave neighs/atom = 88
Neighbor list builds = 0
Dangerous builds = 0
unfix 1

# Промежуточная минимизация атомов
min_style cg
minimize 1.0e-10 1.0e-11 1000 5000
Per MPI rank memory allocation (min/avg/max) = 4.514 | 4.514 | 4.514 Mbytes
   Step           Lx             Ly             Lz           PotEng         Press           Fmax          Volume    
       150   17.542945      17.513202      17.529023     -2125.9621     -1.7842115      0.0015802995   5385.4969    
       159   17.542945      17.513202      17.529023     -2125.9622     -7.8724744      0.00011795647  5385.4969    
Loop time of 0.0191788 on 4 procs for 9 steps with 500 atoms

94.1% CPU use with 4 MPI tasks x 1 OpenMP threads

Minimization stats:
  Stopping criterion = energy tolerance
  Energy initial, next-to-last, final = 
      -2125.9621176249  -2125.96216541114  -2125.96216558829
  Force two-norm initial, final = 0.019251011 0.0013196752
  Force max component initial, final = 0.0015802995 0.00011795647
  Final line search alpha, max atom move = 1 0.00011795647
  Iterations, force evaluations = 9 18

MPI task timing breakdown:
Section |  min time  |  avg time  |  max time  |%varavg| %total
---------------------------------------------------------------
Pair    | 0.017114   | 0.017197   | 0.017242   |   0.0 | 89.67
Neigh   | 0          | 0          | 0          |   0.0 |  0.00
Comm    | 0.0014132  | 0.001453   | 0.0015002  |   0.1 |  7.58
Output  | 0          | 0          | 0          |   0.0 |  0.00
Modify  | 0          | 0          | 0          |   0.0 |  0.00
Other   |            | 0.0005284  |            |       |  2.76

Nlocal:            125 ave         152 max         101 min
Histogram: 1 0 0 1 0 1 0 0 0 1
Nghost:           1737 ave        1761 max        1710 min
Histogram: 1 0 0 0 1 0 1 0 0 1
Neighs:          11000 ave       13365 max        8922 min
Histogram: 1 0 0 1 0 1 0 0 0 1

Total # of neighbors = 44000
Ave neighs/atom = 88
Neighbor list builds = 0
Dangerous builds = 0

# Релаксация ячейки iso
fix 2 all box/relax iso 0.0 vmax 0.0001
min_style cg
minimize 1.0e-10 1.0e-11 1000 5000
WARNING: Energy due to 1 extra global DOFs will be included in minimizer energies
 (src/min.cpp:219)
Per MPI rank memory allocation (min/avg/max) = 4.514 | 4.514 | 4.514 Mbytes
   Step           Lx             Ly             Lz           PotEng         Press           Fmax          Volume    
       159   17.542945      17.513202      17.529023     -2125.9622     -7.8724744      0.00011795647  5385.4969    
       160   17.542921      17.513178      17.528999     -2125.9622     -0.0044734495   0.00011874794  5385.4747    
Loop time of 0.00157726 on 4 procs for 1 steps with 500 atoms

98.3% CPU use with 4 MPI tasks x 1 OpenMP threads

Minimization stats:
  Stopping criterion = energy tolerance
  Energy initial, next-to-last, final = 
     -2125.96216558829  -2125.96216558829  -2125.96216564298
  Force two-norm initial, final = 0.079397702 0.0013463678
  Force max component initial, final = 0.079386734 0.00011874794
  Final line search alpha, max atom move = 0.0012596563 1.495816e-07
  Iterations, force evaluations = 1 2

MPI task timing breakdown:
Section |  min time  |  avg time  |  max time  |%varavg| %total
---------------------------------------------------------------
Pair    | 0.0013068  | 0.0013071  | 0.0013075  |   0.0 | 82.87
Neigh   | 0          | 0          | 0          |   0.0 |  0.00
Comm    | 0.00010894 | 0.00011021 | 0.00011148 |   0.0 |  6.99
Output  | 0          | 0          | 0          |   0.0 |  0.00
Modify  | 0          | 0          | 0          |   0.0 |  0.00
Other   |            | 0.00016    |            |       | 10.14

Nlocal:            125 ave         152 max         101 min
Histogram: 1 0 0 1 0 1 0 0 0 1
Nghost:           1737 ave        1761 max        1710 min
Histogram: 1 0 0 0 1 0 1 0 0 1
Neighs:          11000 ave       13365 max        8922 min
Histogram: 1 0 0 1 0 1 0 0 0 1

Total # of neighbors = 44000
Ave neighs/atom = 88
Neighbor list builds = 0
Dangerous builds = 0
unfix 2

variable lat_const equal "lx/5"
variable eatom equal "pe/count(all)"
variable teng equal "pe"
variable natoms equal "count(all)"

print "Lattice parameter (lx/5) = ${lat_const} A"
Lattice parameter (lx/5) = 3.50858424832628 A
print "Total Potential Energy (PE) = ${teng} eV"
Total Potential Energy (PE) = -2125.96216564298 eV
print "Number of atoms = ${natoms}"
Number of atoms = 500
print "Cohesive energy (PE/N) = ${eatom} eV"
Cohesive energy (PE/N) = -4.25192433128595 eV
print "Minimization completed."
Minimization completed.

write_data A6_1_minimized.data
System init for write_data ...
Total wall time: 0:00:00
