read_data A6_10.data
Reading data file ...
  triclinic box = (0 0 0) to (17.6 17.6 17.6) with tilt (1.0776892e-15 1.0776892e-15 1.0776892e-15)
  1 by 2 by 2 MPI processor grid
  reading atoms ...
  500 atoms
  read_data CPU = 0.010 seconds

mass 1 58.6934  # Ni
mass 2 55.845   # Fe
mass 3 51.9961  # Cr

pair_style eam/alloy
pair_coeff * * FeNiCr_bonny.eam.alloy Ni Fe Cr

neighbor 2.0 bin
neigh_modify delay 0 check yes
timestep 0.001

thermo 10
thermo_style custom step lx ly lz pe press fmax vol

# --- ЭТАПЫ МИНИМИЗАЦИИ ---
min_style cg
minimize 1.0e-8 1.0e-9 1000 5000

CITE-CITE-CITE-CITE-CITE-CITE-CITE-CITE-CITE-CITE-CITE-CITE-CITE

Your simulation uses code contributions which should be cited:

- Type Label Framework: https://doi.org/10.1021/acs.jpcb.3c08419

@Article{Gissinger24,
 author = {Jacob R. Gissinger, Ilia Nikiforov, Yaser Afshar, Brendon Waters, Moon-ki Choi, Daniel S. Karls, Alexander Stukowski, Wonpil Im, Hendrik Heinz, Axel Kohlmeyer, and Ellad B. Tadmor},
 title = {Type Label Framework for Bonded Force Fields in LAMMPS},
 journal = {J. Phys. Chem. B},
 year =    2024,
 volume =  128,
 number =  13,
 pages =   {3282–-3297}
}

CITE-CITE-CITE-CITE-CITE-CITE-CITE-CITE-CITE-CITE-CITE-CITE-CITE

Neighbor list info ...
  update: every = 1 steps, delay = 0 steps, check = yes
  max neighbors/atom: 2000, page size: 100000
  master list distance cutoff = 7.6
  ghost atom cutoff = 7.6
  binsize = 3.8, bins = 5 5 5
  1 neighbor lists, perpetual/occasional/extra = 1 0 0
  (1) pair eam/alloy, perpetual
      attributes: half, newton on
      pair build: half/bin/atomonly/newton/tri
      stencil: half/bin/3d/tri
      bin: standard
Per MPI rank memory allocation (min/avg/max) = 4.514 | 4.514 | 4.514 Mbytes
   Step           Lx             Ly             Lz           PotEng         Press           Fmax          Volume    
         0   17.6           17.6           17.6          -2121.329      -17860.657      0.61401838     5451.776     
        10   17.6           17.6           17.6          -2123.0843     -19028.559      0.0062488175   5451.776     
        15   17.6           17.6           17.6          -2123.085      -19038.726      0.0012137787   5451.776     
Loop time of 0.0248862 on 4 procs for 15 steps with 500 atoms

78.5% CPU use with 4 MPI tasks x 1 OpenMP threads

Minimization stats:
  Stopping criterion = energy tolerance
  Energy initial, next-to-last, final = 
     -2121.32895468291  -2123.08494358763  -2123.08496475395
  Force two-norm initial, final = 6.5119058 0.012986893
  Force max component initial, final = 0.61401838 0.0012137787
  Final line search alpha, max atom move = 1 0.0012137787
  Iterations, force evaluations = 15 30

MPI task timing breakdown:
Section |  min time  |  avg time  |  max time  |%varavg| %total
---------------------------------------------------------------
Pair    | 0.019744   | 0.020579   | 0.021431   |   0.6 | 82.69
Neigh   | 0          | 0          | 0          |   0.0 |  0.00
Comm    | 0.0023738  | 0.0032882  | 0.0041881  |   1.6 | 13.21
Output  | 5.6198e-05 | 6.7982e-05 | 0.00010321 |   0.0 |  0.27
Modify  | 0          | 0          | 0          |   0.0 |  0.00
Other   |            | 0.0009507  |            |       |  3.82

Nlocal:            125 ave         180 max          80 min
Histogram: 1 0 0 0 2 0 0 0 0 1
Nghost:           1737 ave        1782 max        1682 min
Histogram: 1 0 0 0 0 0 2 0 0 1
Neighs:          11000 ave       15863 max        7053 min
Histogram: 1 0 0 1 1 0 0 0 0 1

Total # of neighbors = 44000
Ave neighs/atom = 88
Neighbor list builds = 0
Dangerous builds = 0

# Релаксация ячейки aniso
fix 1 all box/relax aniso 0.0 vmax 0.0001
min_style cg
minimize 1.0e-10 1.0e-11 1000 5000
WARNING: Energy due to 3 extra global DOFs will be included in minimizer energies
 (src/min.cpp:219)
Per MPI rank memory allocation (min/avg/max) = 4.514 | 4.514 | 4.514 Mbytes
   Step           Lx             Ly             Lz           PotEng         Press           Fmax          Volume    
        15   17.6           17.6           17.6          -2123.085      -19038.726      0.0012137787   5451.776     
        20   17.592019      17.5912        17.591936     -2123.1706     -16568.173      0.0060625816   5444.0838    
        30   17.576369      17.5736        17.576091     -2123.3046     -11617.125      0.017383094    5428.9044    
        40   17.56144       17.556         17.560898     -2123.3894     -6714.3229      0.028528358    5414.1767    
        50   17.548427      17.5384        17.547439     -2123.4276     -2104.9576      0.038537596    5400.5988    
        60   17.548089      17.5208        17.545453     -2123.4331      4.3257526      0.044423219    5394.4647    
        70   17.548095      17.520552      17.544839     -2123.4377     -50.77111       0.035705857    5394.201     
        80   17.549896      17.514988      17.54683      -2123.4397      60.302227      0.032457793    5393.6537    
        90   17.547906      17.515961      17.544473     -2123.4418      318.30107      0.026102404    5392.6172    
       100   17.550264      17.515878      17.544326     -2123.444      -36.108036      0.017446592    5393.2709    
       110   17.548738      17.515229      17.54548      -2123.4458     -74.674824      0.0088909392   5392.9573    
       120   17.548176      17.516615      17.543569     -2123.446       23.120351      0.008032242    5392.6238    
       130   17.548117      17.516338      17.545437     -2123.4463     -167.89624      0.0066908009   5393.0945    
       140   17.548509      17.514776      17.544014     -2123.4473      11.705438      0.0028757665   5392.2968    
       150   17.547952      17.515149      17.544432     -2123.4474     -19.800568      0.004747407    5392.3687    
       157   17.547731      17.514876      17.544452     -2123.4475     -1.6986434      0.0014647869   5392.2232    
Loop time of 0.164888 on 4 procs for 142 steps with 500 atoms

85.3% CPU use with 4 MPI tasks x 1 OpenMP threads

Minimization stats:
  Stopping criterion = energy tolerance
  Energy initial, next-to-last, final = 
     -2123.08496475396  -2123.44745535836  -2123.44745545498
  Force two-norm initial, final = 112.31043 0.025184708
  Force max component initial, final = 68.67105 0.019881698
  Final line search alpha, max atom move = 0.0027518579 5.4711609e-05
  Iterations, force evaluations = 142 200

MPI task timing breakdown:
Section |  min time  |  avg time  |  max time  |%varavg| %total
---------------------------------------------------------------
Pair    | 0.12791    | 0.12819    | 0.12884    |   0.1 | 77.74
Neigh   | 0          | 0          | 0          |   0.0 |  0.00
Comm    | 0.010747   | 0.012677   | 0.014198   |   1.3 |  7.69
Output  | 0.00032837 | 0.00049811 | 0.0010045  |   0.0 |  0.30
Modify  | 0          | 0          | 0          |   0.0 |  0.00
Other   |            | 0.02353    |            |       | 14.27

Nlocal:            125 ave         140 max         107 min
Histogram: 1 0 0 0 0 1 1 0 0 1
Nghost:           1737 ave        1755 max        1722 min
Histogram: 1 0 0 1 1 0 0 0 0 1
Neighs:          11000 ave       12361 max        9424 min
Histogram: 1 0 0 0 0 1 1 0 0 1

Total # of neighbors = 44000
Ave neighs/atom = 88
Neighbor list builds = 0
Dangerous builds = 0
unfix 1

# Промежуточная минимизация атомов
min_style cg
minimize 1.0e-10 1.0e-11 1000 5000
Per MPI rank memory allocation (min/avg/max) = 4.514 | 4.514 | 4.514 Mbytes
   Step           Lx             Ly             Lz           PotEng         Press           Fmax          Volume    
       157   17.547731      17.514876      17.544452     -2123.4475     -1.6986434      0.0014647869   5392.2232    
       160   17.547731      17.514876      17.544452     -2123.4475      0.33360399     0.00087197372  5392.2232    
       166   17.547731      17.514876      17.544452     -2123.4475     -4.304575       8.5519746e-05  5392.2232    
Loop time of 0.0170228 on 4 procs for 9 steps with 500 atoms

89.9% CPU use with 4 MPI tasks x 1 OpenMP threads

Minimization stats:
  Stopping criterion = energy tolerance
  Energy initial, next-to-last, final = 
     -2123.44745545498  -2123.44748401314  -2123.44748412241
  Force two-norm initial, final = 0.015202165 0.00099978786
  Force max component initial, final = 0.0014647869 8.5519746e-05
  Final line search alpha, max atom move = 1 8.5519746e-05
  Iterations, force evaluations = 9 18

MPI task timing breakdown:
Section |  min time  |  avg time  |  max time  |%varavg| %total
---------------------------------------------------------------
Pair    | 0.013996   | 0.014048   | 0.014145   |   0.0 | 82.53
Neigh   | 0          | 0          | 0          |   0.0 |  0.00
Comm    | 0.0018752  | 0.0019437  | 0.0020001  |   0.1 | 11.42
Output  | 2.3696e-05 | 3.6907e-05 | 7.4922e-05 |   0.0 |  0.22
Modify  | 0          | 0          | 0          |   0.0 |  0.00
Other   |            | 0.0009939  |            |       |  5.84

Nlocal:            125 ave         141 max         107 min
Histogram: 1 0 0 0 0 1 1 0 0 1
Nghost:           1737 ave        1755 max        1721 min
Histogram: 1 0 0 1 0 1 0 0 0 1
Neighs:          11000 ave       12438 max        9424 min
Histogram: 1 0 0 0 1 0 1 0 0 1

Total # of neighbors = 44000
Ave neighs/atom = 88
Neighbor list builds = 0
Dangerous builds = 0

# Релаксация ячейки iso
fix 2 all box/relax iso 0.0 vmax 0.0001
min_style cg
minimize 1.0e-10 1.0e-11 1000 5000
WARNING: Energy due to 1 extra global DOFs will be included in minimizer energies
 (src/min.cpp:219)
Per MPI rank memory allocation (min/avg/max) = 4.514 | 4.514 | 4.514 Mbytes
   Step           Lx             Ly             Lz           PotEng         Press           Fmax          Volume    
       166   17.547731      17.514876      17.544452     -2123.4475     -4.304575       8.5519746e-05  5392.2232    
       167   17.547718      17.514863      17.544439     -2123.4475     -0.0013070026   8.2754071e-05  5392.2108    
Loop time of 0.00294758 on 4 procs for 1 steps with 500 atoms

80.4% CPU use with 4 MPI tasks x 1 OpenMP threads

Minimization stats:
  Stopping criterion = energy tolerance
  Energy initial, next-to-last, final = 
     -2123.44748412241  -2123.44748412241  -2123.44748413911
  Force two-norm initial, final = 0.043473431 0.00098865098
  Force max component initial, final = 0.043461934 8.2754071e-05
  Final line search alpha, max atom move = 0.002300864 1.9040587e-07
  Iterations, force evaluations = 1 2

MPI task timing breakdown:
Section |  min time  |  avg time  |  max time  |%varavg| %total
---------------------------------------------------------------
Pair    | 0.0024302  | 0.0024342  | 0.0024382  |   0.0 | 82.58
Neigh   | 0          | 0          | 0          |   0.0 |  0.00
Comm    | 0.00020327 | 0.0002215  | 0.00023959 |   0.0 |  7.51
Output  | 0          | 0          | 0          |   0.0 |  0.00
Modify  | 0          | 0          | 0          |   0.0 |  0.00
Other   |            | 0.0002919  |            |       |  9.90

Nlocal:            125 ave         141 max         107 min
Histogram: 1 0 0 0 0 1 1 0 0 1
Nghost:           1737 ave        1755 max        1721 min
Histogram: 1 0 0 1 0 1 0 0 0 1
Neighs:          11000 ave       12442 max        9424 min
Histogram: 1 0 0 0 1 0 1 0 0 1

Total # of neighbors = 44000
Ave neighs/atom = 88
Neighbor list builds = 0
Dangerous builds = 0
unfix 2

variable lat_const equal "lx/5"
variable eatom equal "pe/count(all)"
variable teng equal "pe"
variable natoms equal "count(all)"

print "Lattice parameter (lx/5) = ${lat_const} A"
Lattice parameter (lx/5) = 3.50954355422646 A
print "Total Potential Energy (PE) = ${teng} eV"
Total Potential Energy (PE) = -2123.44748413911 eV
print "Number of atoms = ${natoms}"
Number of atoms = 500
print "Cohesive energy (PE/N) = ${eatom} eV"
Cohesive energy (PE/N) = -4.24689496827821 eV
print "Minimization completed."
Minimization completed.

write_data A6_10_minimized.data
System init for write_data ...
Total wall time: 0:00:00
