read_data A6_3.data
Reading data file ...
  triclinic box = (0 0 0) to (17.6 17.6 17.6) with tilt (1.0776892e-15 1.0776892e-15 1.0776892e-15)
  1 by 2 by 2 MPI processor grid
  reading atoms ...
  500 atoms
  read_data CPU = 0.026 seconds

mass 1 58.6934  # Ni
mass 2 55.845   # Fe
mass 3 51.9961  # Cr

pair_style eam/alloy
pair_coeff * * FeNiCr_bonny.eam.alloy Ni Fe Cr

neighbor 2.0 bin
neigh_modify delay 0 check yes
timestep 0.001

thermo 10
thermo_style custom step lx ly lz pe press fmax vol

# --- ЭТАПЫ МИНИМИЗАЦИИ ---
min_style cg
minimize 1.0e-8 1.0e-9 1000 5000

CITE-CITE-CITE-CITE-CITE-CITE-CITE-CITE-CITE-CITE-CITE-CITE-CITE

Your simulation uses code contributions which should be cited:

- Type Label Framework: https://doi.org/10.1021/acs.jpcb.3c08419

@Article{Gissinger24,
 author = {Jacob R. Gissinger, Ilia Nikiforov, Yaser Afshar, Brendon Waters, Moon-ki Choi, Daniel S. Karls, Alexander Stukowski, Wonpil Im, Hendrik Heinz, Axel Kohlmeyer, and Ellad B. Tadmor},
 title = {Type Label Framework for Bonded Force Fields in LAMMPS},
 journal = {J. Phys. Chem. B},
 year =    2024,
 volume =  128,
 number =  13,
 pages =   {3282–-3297}
}

CITE-CITE-CITE-CITE-CITE-CITE-CITE-CITE-CITE-CITE-CITE-CITE-CITE

Neighbor list info ...
  update: every = 1 steps, delay = 0 steps, check = yes
  max neighbors/atom: 2000, page size: 100000
  master list distance cutoff = 7.6
  ghost atom cutoff = 7.6
  binsize = 3.8, bins = 5 5 5
  1 neighbor lists, perpetual/occasional/extra = 1 0 0
  (1) pair eam/alloy, perpetual
      attributes: half, newton on
      pair build: half/bin/atomonly/newton/tri
      stencil: half/bin/3d/tri
      bin: standard
Per MPI rank memory allocation (min/avg/max) = 4.514 | 4.514 | 4.514 Mbytes
   Step           Lx             Ly             Lz           PotEng         Press           Fmax          Volume    
         0   17.6           17.6           17.6          -2120.9944     -19084.686      0.74687152     5451.776     
        10   17.6           17.6           17.6          -2122.7354     -20188.85       0.0081034357   5451.776     
        16   17.6           17.6           17.6          -2122.7363     -20201.775      0.00078668206  5451.776     
Loop time of 0.0254746 on 4 procs for 16 steps with 500 atoms

63.1% CPU use with 4 MPI tasks x 1 OpenMP threads

Minimization stats:
  Stopping criterion = energy tolerance
  Energy initial, next-to-last, final = 
     -2120.99440614315  -2122.73629533497  -2122.73630385934
  Force two-norm initial, final = 6.4857433 0.0085125951
  Force max component initial, final = 0.74687152 0.00078668206
  Final line search alpha, max atom move = 1 0.00078668206
  Iterations, force evaluations = 16 32

MPI task timing breakdown:
Section |  min time  |  avg time  |  max time  |%varavg| %total
---------------------------------------------------------------
Pair    | 0.02061    | 0.020659   | 0.020691   |   0.0 | 81.10
Neigh   | 0          | 0          | 0          |   0.0 |  0.00
Comm    | 0.0016128  | 0.0016951  | 0.0017516  |   0.1 |  6.65
Output  | 2.2841e-05 | 0.00055651 | 0.0021561  |   0.0 |  2.18
Modify  | 0          | 0          | 0          |   0.0 |  0.00
Other   |            | 0.002564   |            |       | 10.07

Nlocal:            125 ave         180 max          80 min
Histogram: 1 0 0 0 2 0 0 0 0 1
Nghost:           1737 ave        1782 max        1682 min
Histogram: 1 0 0 0 0 0 2 0 0 1
Neighs:          11000 ave       15831 max        7068 min
Histogram: 1 0 0 2 0 0 0 0 0 1

Total # of neighbors = 44000
Ave neighs/atom = 88
Neighbor list builds = 0
Dangerous builds = 0

# Релаксация ячейки aniso
fix 1 all box/relax aniso 0.0 vmax 0.0001
min_style cg
minimize 1.0e-10 1.0e-11 1000 5000
WARNING: Energy due to 3 extra global DOFs will be included in minimizer energies
 (src/min.cpp:219)
Per MPI rank memory allocation (min/avg/max) = 4.514 | 4.514 | 4.514 Mbytes
   Step           Lx             Ly             Lz           PotEng         Press           Fmax          Volume    
        16   17.6           17.6           17.6          -2122.7363     -20201.775      0.00078668206  5451.776     
        20   17.59342       17.59296       17.593546     -2122.8109     -18211.959      0.0057077394   5445.5605    
        30   17.577207      17.57536       17.57768      -2122.962      -13221.54       0.019827742    5430.1978    
        40   17.561536      17.55776       17.562432     -2123.0629     -8255.0881      0.033662748    5415.222     
        50   17.547107      17.54016       17.548597     -2123.1153     -3473.7596      0.046708341    5401.0905    
        60   17.538861      17.52256       17.541821     -2123.1276     -25.031956      0.055432782    5391.0531    
        70   17.541487      17.514442      17.546062     -2123.1312      16.106497      0.047324658    5390.6652    
        80   17.542719      17.512686      17.547736     -2123.1344     -213.07936      0.037741737    5391.018     
        90   17.540899      17.513889      17.545457     -2123.1358      49.461285      0.034744734    5390.1287    
       100   17.541332      17.513021      17.545973     -2123.1382     -58.17936       0.027086544    5390.1529    
       110   17.540914      17.512012      17.545475     -2123.1398      70.780131      0.023896418    5389.5611    
       120   17.542517      17.510012      17.546106     -2123.142      -84.993102      0.017375773    5389.6317    
       130   17.540884      17.511096      17.544957     -2123.1432      20.14319       0.01383086     5389.1107    
       140   17.539038      17.510794      17.544891     -2123.145       70.083412      0.0075323134   5388.4305    
       150   17.539192      17.508397      17.546841     -2123.1456      67.138831      0.0055452864   5388.3389    
       160   17.539909      17.509122      17.5454       -2123.1462      0.2851755      0.0019575815   5388.3401    
       162   17.539898      17.509076      17.54552      -2123.1462     -4.4703644      0.0028041885   5388.3591    
Loop time of 0.2602 on 4 procs for 146 steps with 500 atoms

79.4% CPU use with 4 MPI tasks x 1 OpenMP threads

Minimization stats:
  Stopping criterion = energy tolerance
  Energy initial, next-to-last, final = 
     -2122.73630385934  -2123.14620610756  -2123.14620620737
  Force two-norm initial, final = 119.14203 0.039732885
  Force max component initial, final = 72.200827 0.020306648
  Final line search alpha, max atom move = 0.0039037076 7.9271214e-05
  Iterations, force evaluations = 146 195

MPI task timing breakdown:
Section |  min time  |  avg time  |  max time  |%varavg| %total
---------------------------------------------------------------
Pair    | 0.1694     | 0.1728     | 0.1757     |   0.6 | 66.41
Neigh   | 0          | 0          | 0          |   0.0 |  0.00
Comm    | 0.030535   | 0.034728   | 0.040289   |   2.0 | 13.35
Output  | 0.00062047 | 0.0043295  | 0.015452   |   9.8 |  1.66
Modify  | 0          | 0          | 0          |   0.0 |  0.00
Other   |            | 0.04834    |            |       | 18.58

Nlocal:            125 ave         138 max         105 min
Histogram: 1 0 0 0 0 0 1 1 0 1
Nghost:           1737 ave        1757 max        1724 min
Histogram: 1 0 1 1 0 0 0 0 0 1
Neighs:          11000 ave       12124 max        9231 min
Histogram: 1 0 0 0 0 0 0 2 0 1

Total # of neighbors = 44000
Ave neighs/atom = 88
Neighbor list builds = 0
Dangerous builds = 0
unfix 1

# Промежуточная минимизация атомов
min_style cg
minimize 1.0e-10 1.0e-11 1000 5000
Per MPI rank memory allocation (min/avg/max) = 4.514 | 4.514 | 4.514 Mbytes
   Step           Lx             Ly             Lz           PotEng         Press           Fmax          Volume    
       162   17.539898      17.509076      17.54552      -2123.1462     -4.4703644      0.0028041885   5388.3591    
       170   17.539898      17.509076      17.54552      -2123.1463     -25.545422      0.00015275917  5388.3591    
       171   17.539898      17.509076      17.54552      -2123.1463     -26.086634      9.4378297e-05  5388.3591    
Loop time of 0.0148752 on 4 procs for 9 steps with 500 atoms

82.4% CPU use with 4 MPI tasks x 1 OpenMP threads

Minimization stats:
  Stopping criterion = energy tolerance
  Energy initial, next-to-last, final = 
     -2123.14620620737  -2123.14630104083  -2123.14630117912
  Force two-norm initial, final = 0.029210851 0.00099732734
  Force max component initial, final = 0.0028041885 9.4378297e-05
  Final line search alpha, max atom move = 1 9.4378297e-05
  Iterations, force evaluations = 9 18

MPI task timing breakdown:
Section |  min time  |  avg time  |  max time  |%varavg| %total
---------------------------------------------------------------
Pair    | 0.01165    | 0.011668   | 0.011688   |   0.0 | 78.44
Neigh   | 0          | 0          | 0          |   0.0 |  0.00
Comm    | 0.0013013  | 0.0013405  | 0.0013892  |   0.1 |  9.01
Output  | 3.7653e-05 | 0.00032719 | 0.0011949  |   0.0 |  2.20
Modify  | 0          | 0          | 0          |   0.0 |  0.00
Other   |            | 0.00154    |            |       | 10.35

Nlocal:            125 ave         136 max         103 min
Histogram: 1 0 0 0 0 0 0 1 1 1
Nghost:           1737 ave        1759 max        1726 min
Histogram: 1 1 1 0 0 0 0 0 0 1
Neighs:          11000 ave       11948 max        9050 min
Histogram: 1 0 0 0 0 0 0 1 1 1

Total # of neighbors = 44000
Ave neighs/atom = 88
Neighbor list builds = 0
Dangerous builds = 0

# Релаксация ячейки iso
fix 2 all box/relax iso 0.0 vmax 0.0001
min_style cg
minimize 1.0e-10 1.0e-11 1000 5000
WARNING: Energy due to 1 extra global DOFs will be included in minimizer energies
 (src/min.cpp:219)
Per MPI rank memory allocation (min/avg/max) = 4.514 | 4.514 | 4.514 Mbytes
   Step           Lx             Ly             Lz           PotEng         Press           Fmax          Volume    
       171   17.539898      17.509076      17.54552      -2123.1463     -26.086634      9.4378297e-05  5388.3591    
       173   17.539814      17.508993      17.545437     -2123.1463      0.56617143     0.00011212391  5388.2825    
Loop time of 0.0034073 on 4 procs for 2 steps with 500 atoms

86.4% CPU use with 4 MPI tasks x 1 OpenMP threads

Minimization stats:
  Stopping criterion = energy tolerance
  Energy initial, next-to-last, final = 
     -2123.14630117912  -2123.14630178914  -2123.14630178945
  Force two-norm initial, final = 0.26320164 0.0058171459
  Force max component initial, final = 0.26319975 0.0057123034
  Final line search alpha, max atom move = 0.47310267 0.002702506
  Iterations, force evaluations = 2 4

MPI task timing breakdown:
Section |  min time  |  avg time  |  max time  |%varavg| %total
---------------------------------------------------------------
Pair    | 0.0029213  | 0.0029235  | 0.002926   |   0.0 | 85.80
Neigh   | 0          | 0          | 0          |   0.0 |  0.00
Comm    | 0.00021088 | 0.0002147  | 0.00021809 |   0.0 |  6.30
Output  | 0          | 0          | 0          |   0.0 |  0.00
Modify  | 0          | 0          | 0          |   0.0 |  0.00
Other   |            | 0.0002691  |            |       |  7.90

Nlocal:            125 ave         136 max         107 min
Histogram: 1 0 0 0 0 0 0 2 0 1
Nghost:           1737 ave        1755 max        1726 min
Histogram: 1 0 2 0 0 0 0 0 0 1
Neighs:          11000 ave       11948 max        9409 min
Histogram: 1 0 0 0 0 0 0 2 0 1

Total # of neighbors = 44000
Ave neighs/atom = 88
Neighbor list builds = 0
Dangerous builds = 0
unfix 2

variable lat_const equal "lx/5"
variable eatom equal "pe/count(all)"
variable teng equal "pe"
variable natoms equal "count(all)"

print "Lattice parameter (lx/5) = ${lat_const} A"
Lattice parameter (lx/5) = 3.50796289163327 A
print "Total Potential Energy (PE) = ${teng} eV"
Total Potential Energy (PE) = -2123.14630178945 eV
print "Number of atoms = ${natoms}"
Number of atoms = 500
print "Cohesive energy (PE/N) = ${eatom} eV"
Cohesive energy (PE/N) = -4.24629260357891 eV
print "Minimization completed."
Minimization completed.

write_data A6_3_minimized.data
System init for write_data ...
Total wall time: 0:00:00
