read_data A6_6.data
Reading data file ...
  triclinic box = (0 0 0) to (17.6 17.6 17.6) with tilt (1.0776892e-15 1.0776892e-15 1.0776892e-15)
  1 by 2 by 2 MPI processor grid
  reading atoms ...
  500 atoms
  read_data CPU = 0.006 seconds

mass 1 58.6934  # Ni
mass 2 55.845   # Fe
mass 3 51.9961  # Cr

pair_style eam/alloy
pair_coeff * * FeNiCr_bonny.eam.alloy Ni Fe Cr

neighbor 2.0 bin
neigh_modify delay 0 check yes
timestep 0.001

thermo 10
thermo_style custom step lx ly lz pe press fmax vol

# --- ЭТАПЫ МИНИМИЗАЦИИ ---
min_style cg
minimize 1.0e-8 1.0e-9 1000 5000

CITE-CITE-CITE-CITE-CITE-CITE-CITE-CITE-CITE-CITE-CITE-CITE-CITE

Your simulation uses code contributions which should be cited:

- Type Label Framework: https://doi.org/10.1021/acs.jpcb.3c08419

@Article{Gissinger24,
 author = {Jacob R. Gissinger, Ilia Nikiforov, Yaser Afshar, Brendon Waters, Moon-ki Choi, Daniel S. Karls, Alexander Stukowski, Wonpil Im, Hendrik Heinz, Axel Kohlmeyer, and Ellad B. Tadmor},
 title = {Type Label Framework for Bonded Force Fields in LAMMPS},
 journal = {J. Phys. Chem. B},
 year =    2024,
 volume =  128,
 number =  13,
 pages =   {3282–-3297}
}

CITE-CITE-CITE-CITE-CITE-CITE-CITE-CITE-CITE-CITE-CITE-CITE-CITE

Neighbor list info ...
  update: every = 1 steps, delay = 0 steps, check = yes
  max neighbors/atom: 2000, page size: 100000
  master list distance cutoff = 7.6
  ghost atom cutoff = 7.6
  binsize = 3.8, bins = 5 5 5
  1 neighbor lists, perpetual/occasional/extra = 1 0 0
  (1) pair eam/alloy, perpetual
      attributes: half, newton on
      pair build: half/bin/atomonly/newton/tri
      stencil: half/bin/3d/tri
      bin: standard
Per MPI rank memory allocation (min/avg/max) = 4.514 | 4.514 | 4.514 Mbytes
   Step           Lx             Ly             Lz           PotEng         Press           Fmax          Volume    
         0   17.6           17.6           17.6          -2121.1965     -17419.876      0.7136373      5451.776     
        10   17.6           17.6           17.6          -2123.0568     -18615.777      0.0065051768   5451.776     
        16   17.6           17.6           17.6          -2123.0575     -18623.101      0.0010938015   5451.776     
Loop time of 0.0197454 on 4 procs for 16 steps with 500 atoms

83.6% CPU use with 4 MPI tasks x 1 OpenMP threads

Minimization stats:
  Stopping criterion = energy tolerance
  Energy initial, next-to-last, final = 
     -2121.19649362029  -2123.05752152309  -2123.05753053612
  Force two-norm initial, final = 6.6047866 0.0084537552
  Force max component initial, final = 0.7136373 0.0010938015
  Final line search alpha, max atom move = 1 0.0010938015
  Iterations, force evaluations = 16 32

MPI task timing breakdown:
Section |  min time  |  avg time  |  max time  |%varavg| %total
---------------------------------------------------------------
Pair    | 0.017805   | 0.017826   | 0.017836   |   0.0 | 90.28
Neigh   | 0          | 0          | 0          |   0.0 |  0.00
Comm    | 0.0012366  | 0.0012547  | 0.0012833  |   0.0 |  6.35
Output  | 2.4877e-05 | 3.7024e-05 | 7.3232e-05 |   0.0 |  0.19
Modify  | 0          | 0          | 0          |   0.0 |  0.00
Other   |            | 0.0006275  |            |       |  3.18

Nlocal:            125 ave         180 max          80 min
Histogram: 1 0 0 0 2 0 0 0 0 1
Nghost:           1737 ave        1782 max        1682 min
Histogram: 1 0 0 0 0 0 2 0 0 1
Neighs:          11000 ave       15840 max        7018 min
Histogram: 1 0 0 0 2 0 0 0 0 1

Total # of neighbors = 44000
Ave neighs/atom = 88
Neighbor list builds = 0
Dangerous builds = 0

# Релаксация ячейки aniso
fix 1 all box/relax aniso 0.0 vmax 0.0001
min_style cg
minimize 1.0e-10 1.0e-11 1000 5000
WARNING: Energy due to 3 extra global DOFs will be included in minimizer energies
 (src/min.cpp:219)
Per MPI rank memory allocation (min/avg/max) = 4.514 | 4.514 | 4.514 Mbytes
   Step           Lx             Ly             Lz           PotEng         Press           Fmax          Volume    
        16   17.6           17.6           17.6          -2123.0575     -18623.101      0.0010938015   5451.776     
        20   17.593828      17.593685      17.59296      -2123.1244     -16683.554      0.0052624945   5445.7295    
        30   17.578769      17.578191      17.57536      -2123.2577     -11839.186      0.018089418    5430.8381    
        40   17.564585      17.563389      17.55776      -2123.3434     -7067.3492      0.030697314    5416.4575    
        50   17.552494      17.550243      17.54016      -2123.3843     -2602.8557      0.042032438    5403.2559    
        60   17.550559      17.545135      17.52256      -2123.3925      0.77569692     0.047544815    5395.6682    
        70   17.553693      17.546255      17.516836     -2123.3951      97.438974      0.043411464    5395.2129    
        80   17.555007      17.54691       17.51535      -2123.3983     -61.510261      0.035715739    5395.3606    
        90   17.55597       17.54768       17.512271     -2123.3993      41.077864      0.033144715    5394.9449    
       100   17.552477      17.546315      17.512542     -2123.4029      349.59284      0.021477427    5393.5353    
       110   17.555287      17.546856      17.511792     -2123.4054     -91.960899      0.011340503    5394.3338    
       120   17.554462      17.545023      17.512909     -2123.4058      37.74054       0.010134352    5393.8609    
       130   17.55332       17.546364      17.511997     -2123.4066      34.316511      0.0067335771   5393.6416    
       140   17.554531      17.545342      17.510826     -2123.4076      42.926955      0.0031008329   5393.3388    
       150   17.554879      17.545552      17.510274     -2123.4079     -20.375755      0.0019147161   5393.3404    
       153   17.554824      17.545568      17.510187     -2123.4079      1.0928914      0.001444793    5393.3013    
Loop time of 0.219966 on 4 procs for 137 steps with 500 atoms

82.2% CPU use with 4 MPI tasks x 1 OpenMP threads

Minimization stats:
  Stopping criterion = energy tolerance
  Energy initial, next-to-last, final = 
     -2123.05753053612  -2123.40786572429  -2123.40786587177
  Force two-norm initial, final = 109.93451 0.020399403
  Force max component initial, final = 68.379583 0.0096787266
  Final line search alpha, max atom move = 0.0017657985 1.7090681e-05
  Iterations, force evaluations = 137 185

MPI task timing breakdown:
Section |  min time  |  avg time  |  max time  |%varavg| %total
---------------------------------------------------------------
Pair    | 0.14868    | 0.15327    | 0.15567    |   0.7 | 69.68
Neigh   | 0          | 0          | 0          |   0.0 |  0.00
Comm    | 0.026108   | 0.027593   | 0.030841   |   1.2 | 12.54
Output  | 0.0006797  | 0.001013   | 0.0020048  |   1.8 |  0.46
Modify  | 0          | 0          | 0          |   0.0 |  0.00
Other   |            | 0.03809    |            |       | 17.31

Nlocal:            125 ave         150 max          93 min
Histogram: 1 0 0 0 0 1 1 0 0 1
Nghost:           1737 ave        1769 max        1712 min
Histogram: 1 0 0 1 1 0 0 0 0 1
Neighs:          11000 ave       13212 max        8161 min
Histogram: 1 0 0 0 0 1 1 0 0 1

Total # of neighbors = 44000
Ave neighs/atom = 88
Neighbor list builds = 0
Dangerous builds = 0
unfix 1

# Промежуточная минимизация атомов
min_style cg
minimize 1.0e-10 1.0e-11 1000 5000
Per MPI rank memory allocation (min/avg/max) = 4.514 | 4.514 | 4.514 Mbytes
   Step           Lx             Ly             Lz           PotEng         Press           Fmax          Volume    
       153   17.554824      17.545568      17.510187     -2123.4079      1.0928914      0.001444793    5393.3013    
       160   17.554824      17.545568      17.510187     -2123.4079      4.5253075      0.00022259422  5393.3013    
       162   17.554824      17.545568      17.510187     -2123.4079      5.1872088      9.3461557e-05  5393.3013    
Loop time of 0.0206521 on 4 procs for 9 steps with 500 atoms

84.7% CPU use with 4 MPI tasks x 1 OpenMP threads

Minimization stats:
  Stopping criterion = energy tolerance
  Energy initial, next-to-last, final = 
     -2123.40786587177  -2123.40790172533  -2123.40790187645
  Force two-norm initial, final = 0.014954464 0.00098381259
  Force max component initial, final = 0.001444793 9.3461557e-05
  Final line search alpha, max atom move = 1 9.3461557e-05
  Iterations, force evaluations = 9 18

MPI task timing breakdown:
Section |  min time  |  avg time  |  max time  |%varavg| %total
---------------------------------------------------------------
Pair    | 0.015866   | 0.015935   | 0.016054   |   0.1 | 77.16
Neigh   | 0          | 0          | 0          |   0.0 |  0.00
Comm    | 0.0015375  | 0.0033481  | 0.0040435  |   1.8 | 16.21
Output  | 2.484e-05  | 4.4179e-05 | 0.00010091 |   0.0 |  0.21
Modify  | 0          | 0          | 0          |   0.0 |  0.00
Other   |            | 0.001324   |            |       |  6.41

Nlocal:            125 ave         148 max          95 min
Histogram: 1 0 0 0 0 0 2 0 0 1
Nghost:           1737 ave        1767 max        1714 min
Histogram: 1 0 0 2 0 0 0 0 0 1
Neighs:          11000 ave       13027 max        8332 min
Histogram: 1 0 0 0 0 0 2 0 0 1

Total # of neighbors = 44000
Ave neighs/atom = 88
Neighbor list builds = 0
Dangerous builds = 0

# Релаксация ячейки iso
fix 2 all box/relax iso 0.0 vmax 0.0001
min_style cg
minimize 1.0e-10 1.0e-11 1000 5000
WARNING: Energy due to 1 extra global DOFs will be included in minimizer energies
 (src/min.cpp:219)
Per MPI rank memory allocation (min/avg/max) = 4.514 | 4.514 | 4.514 Mbytes
   Step           Lx             Ly             Lz           PotEng         Press           Fmax          Volume    
       162   17.554824      17.545568      17.510187     -2123.4079      5.1872088      9.3461557e-05  5393.3013    
       163   17.55484       17.545584      17.510203     -2123.4079     -0.0059973932   9.5213582e-05  5393.3163    
Loop time of 0.00259315 on 4 procs for 1 steps with 500 atoms

94.1% CPU use with 4 MPI tasks x 1 OpenMP threads

Minimization stats:
  Stopping criterion = energy tolerance
  Energy initial, next-to-last, final = 
     -2123.40790187645  -2123.40790187645  -2123.40790190074
  Force two-norm initial, final = 0.052393316 0.00095513064
  Force max component initial, final = 0.052384078 9.5213582e-05
  Final line search alpha, max atom move = 0.001908977 1.8176054e-07
  Iterations, force evaluations = 1 2

MPI task timing breakdown:
Section |  min time  |  avg time  |  max time  |%varavg| %total
---------------------------------------------------------------
Pair    | 0.0021683  | 0.0021715  | 0.0021752  |   0.0 | 83.74
Neigh   | 0          | 0          | 0          |   0.0 |  0.00
Comm    | 0.00017909 | 0.00018094 | 0.00018286 |   0.0 |  6.98
Output  | 0          | 0          | 0          |   0.0 |  0.00
Modify  | 0          | 0          | 0          |   0.0 |  0.00
Other   |            | 0.0002407  |            |       |  9.28

Nlocal:            125 ave         148 max          95 min
Histogram: 1 0 0 0 0 0 2 0 0 1
Nghost:           1737 ave        1767 max        1714 min
Histogram: 1 0 0 2 0 0 0 0 0 1
Neighs:          11000 ave       13027 max        8332 min
Histogram: 1 0 0 0 0 0 2 0 0 1

Total # of neighbors = 44000
Ave neighs/atom = 88
Neighbor list builds = 0
Dangerous builds = 0
unfix 2

variable lat_const equal "lx/5"
variable eatom equal "pe/count(all)"
variable teng equal "pe"
variable natoms equal "count(all)"

print "Lattice parameter (lx/5) = ${lat_const} A"
Lattice parameter (lx/5) = 3.51096807216837 A
print "Total Potential Energy (PE) = ${teng} eV"
Total Potential Energy (PE) = -2123.40790190074 eV
print "Number of atoms = ${natoms}"
Number of atoms = 500
print "Cohesive energy (PE/N) = ${eatom} eV"
Cohesive energy (PE/N) = -4.24681580380148 eV
print "Minimization completed."
Minimization completed.

write_data A6_6_minimized.data
System init for write_data ...
Total wall time: 0:00:00
