read_data A5_10.data
Reading data file ...
  triclinic box = (0 0 0) to (17.6 17.6 17.6) with tilt (1.0776892e-15 1.0776892e-15 1.0776892e-15)
  1 by 2 by 2 MPI processor grid
  reading atoms ...
  500 atoms
  read_data CPU = 0.020 seconds

mass 1 58.6934  # Ni
mass 2 55.845   # Fe
mass 3 51.9961  # Cr

pair_style eam/alloy
pair_coeff * * FeNiCr_bonny.eam.alloy Ni Fe Cr

neighbor 2.0 bin
neigh_modify delay 0 check yes
timestep 0.001

thermo 10
thermo_style custom step lx ly lz pe press fmax vol

# --- ЭТАПЫ МИНИМИЗАЦИИ ---
min_style cg
minimize 1.0e-8 1.0e-9 1000 5000

CITE-CITE-CITE-CITE-CITE-CITE-CITE-CITE-CITE-CITE-CITE-CITE-CITE

Your simulation uses code contributions which should be cited:

- Type Label Framework: https://doi.org/10.1021/acs.jpcb.3c08419

@Article{Gissinger24,
 author = {Jacob R. Gissinger, Ilia Nikiforov, Yaser Afshar, Brendon Waters, Moon-ki Choi, Daniel S. Karls, Alexander Stukowski, Wonpil Im, Hendrik Heinz, Axel Kohlmeyer, and Ellad B. Tadmor},
 title = {Type Label Framework for Bonded Force Fields in LAMMPS},
 journal = {J. Phys. Chem. B},
 year =    2024,
 volume =  128,
 number =  13,
 pages =   {3282–-3297}
}

CITE-CITE-CITE-CITE-CITE-CITE-CITE-CITE-CITE-CITE-CITE-CITE-CITE

Neighbor list info ...
  update: every = 1 steps, delay = 0 steps, check = yes
  max neighbors/atom: 2000, page size: 100000
  master list distance cutoff = 7.6
  ghost atom cutoff = 7.6
  binsize = 3.8, bins = 5 5 5
  1 neighbor lists, perpetual/occasional/extra = 1 0 0
  (1) pair eam/alloy, perpetual
      attributes: half, newton on
      pair build: half/bin/atomonly/newton/tri
      stencil: half/bin/3d/tri
      bin: standard
Per MPI rank memory allocation (min/avg/max) = 4.514 | 4.514 | 4.514 Mbytes
   Step           Lx             Ly             Lz           PotEng         Press           Fmax          Volume    
         0   17.6           17.6           17.6          -2101.3124     -4619.7177      0.68211811     5451.776     
        10   17.6           17.6           17.6          -2103.6269     -6868.5836      0.0098240449   5451.776     
        16   17.6           17.6           17.6          -2103.6284     -6859.4963      0.00095595314  5451.776     
Loop time of 0.0313493 on 4 procs for 16 steps with 500 atoms

83.1% CPU use with 4 MPI tasks x 1 OpenMP threads

Minimization stats:
  Stopping criterion = energy tolerance
  Energy initial, next-to-last, final = 
     -2101.31244760481  -2103.62838717761  -2103.62840239198
  Force two-norm initial, final = 7.543563 0.011434706
  Force max component initial, final = 0.68211811 0.00095595314
  Final line search alpha, max atom move = 1 0.00095595314
  Iterations, force evaluations = 16 32

MPI task timing breakdown:
Section |  min time  |  avg time  |  max time  |%varavg| %total
---------------------------------------------------------------
Pair    | 0.027366   | 0.027572   | 0.02785    |   0.1 | 87.95
Neigh   | 0          | 0          | 0          |   0.0 |  0.00
Comm    | 0.0021152  | 0.0024855  | 0.0026928  |   0.5 |  7.93
Output  | 6.5124e-05 | 7.9344e-05 | 0.00012124 |   0.0 |  0.25
Modify  | 0          | 0          | 0          |   0.0 |  0.00
Other   |            | 0.001213   |            |       |  3.87

Nlocal:            125 ave         180 max          80 min
Histogram: 1 0 0 0 2 0 0 0 0 1
Nghost:           1737 ave        1782 max        1682 min
Histogram: 1 0 0 0 0 0 2 0 0 1
Neighs:          11000 ave       15864 max        7043 min
Histogram: 1 0 0 2 0 0 0 0 0 1

Total # of neighbors = 44000
Ave neighs/atom = 88
Neighbor list builds = 0
Dangerous builds = 0

# Релаксация ячейки aniso
fix 1 all box/relax aniso 0.0 vmax 0.0001
min_style cg
minimize 1.0e-10 1.0e-11 1000 5000
WARNING: Energy due to 3 extra global DOFs will be included in minimizer energies
 (src/min.cpp:219)
Per MPI rank memory allocation (min/avg/max) = 4.514 | 4.514 | 4.514 Mbytes
   Step           Lx             Ly             Lz           PotEng         Press           Fmax          Volume    
        16   17.6           17.6           17.6          -2103.6284     -6859.4963      0.00095595314  5451.776     
        20   17.593961      17.59296       17.593472     -2103.6506     -4797.9888      0.0057341345   5445.7047    
        30   17.582255      17.57536       17.57895      -2103.6719     -133.38355      0.018952942    5432.1499    
        40   17.588798      17.568268      17.578828     -2103.6725     -92.800701      0.016946281    5431.9408    
        50   17.58553       17.568226      17.578362     -2103.6737      113.0742       0.0025163438   5430.7748    
        56   17.586349      17.568405      17.57827      -2103.6738      8.1565862      0.0020052591   5431.0543    
Loop time of 0.110315 on 4 procs for 40 steps with 500 atoms

79.7% CPU use with 4 MPI tasks x 1 OpenMP threads

Minimization stats:
  Stopping criterion = energy tolerance
  Energy initial, next-to-last, final = 
     -2103.62840239199  -2103.67376465887  -2103.67376473993
  Force two-norm initial, final = 40.49245 0.051677498
  Force max component initial, final = 24.967766 0.028669184
  Final line search alpha, max atom move = 0.021025206 0.0006027755
  Iterations, force evaluations = 40 59

MPI task timing breakdown:
Section |  min time  |  avg time  |  max time  |%varavg| %total
---------------------------------------------------------------
Pair    | 0.067737   | 0.070938   | 0.073723   |   1.0 | 64.31
Neigh   | 0          | 0          | 0          |   0.0 |  0.00
Comm    | 0.0090793  | 0.020943   | 0.032555   |   6.5 | 18.98
Output  | 0.00011265 | 0.00017241 | 0.00034944 |   0.0 |  0.16
Modify  | 0          | 0          | 0          |   0.0 |  0.00
Other   |            | 0.01826    |            |       | 16.55

Nlocal:            125 ave         141 max         104 min
Histogram: 1 0 0 1 0 0 0 0 0 2
Nghost:           1737 ave        1758 max        1721 min
Histogram: 2 0 0 0 0 0 1 0 0 1
Neighs:          11000 ave       12414 max        9146 min
Histogram: 1 0 0 1 0 0 0 0 0 2

Total # of neighbors = 44000
Ave neighs/atom = 88
Neighbor list builds = 0
Dangerous builds = 0
unfix 1

# Промежуточная минимизация атомов
min_style cg
minimize 1.0e-10 1.0e-11 1000 5000
Per MPI rank memory allocation (min/avg/max) = 4.514 | 4.514 | 4.514 Mbytes
   Step           Lx             Ly             Lz           PotEng         Press           Fmax          Volume    
        56   17.586349      17.568405      17.57827      -2103.6738      8.1565862      0.0020052591   5431.0543    
        60   17.586349      17.568405      17.57827      -2103.6738      6.6054876      0.00061388542  5431.0543    
        65   17.586349      17.568405      17.57827      -2103.6738      3.9625076      0.000114146    5431.0543    
Loop time of 0.0224585 on 4 procs for 9 steps with 500 atoms

82.3% CPU use with 4 MPI tasks x 1 OpenMP threads

Minimization stats:
  Stopping criterion = energy tolerance
  Energy initial, next-to-last, final = 
     -2103.67376473993  -2103.67380256872  -2103.67380276753
  Force two-norm initial, final = 0.019217752 0.0012236321
  Force max component initial, final = 0.0020052591 0.000114146
  Final line search alpha, max atom move = 1 0.000114146
  Iterations, force evaluations = 9 18

MPI task timing breakdown:
Section |  min time  |  avg time  |  max time  |%varavg| %total
---------------------------------------------------------------
Pair    | 0.016006   | 0.016023   | 0.016054   |   0.0 | 71.35
Neigh   | 0          | 0          | 0          |   0.0 |  0.00
Comm    | 0.0017976  | 0.004515   | 0.0055181  |   2.3 | 20.10
Output  | 2.8329e-05 | 5.7555e-05 | 0.00014518 |   0.0 |  0.26
Modify  | 0          | 0          | 0          |   0.0 |  0.00
Other   |            | 0.001862   |            |       |  8.29

Nlocal:            125 ave         141 max         105 min
Histogram: 1 0 1 0 0 0 0 0 0 2
Nghost:           1737 ave        1757 max        1721 min
Histogram: 2 0 0 0 0 0 0 1 0 1
Neighs:          11000 ave       12414 max        9231 min
Histogram: 1 0 1 0 0 0 0 0 0 2

Total # of neighbors = 44000
Ave neighs/atom = 88
Neighbor list builds = 0
Dangerous builds = 0

# Релаксация ячейки iso
fix 2 all box/relax iso 0.0 vmax 0.0001
min_style cg
minimize 1.0e-10 1.0e-11 1000 5000
WARNING: Energy due to 1 extra global DOFs will be included in minimizer energies
 (src/min.cpp:219)
Per MPI rank memory allocation (min/avg/max) = 4.514 | 4.514 | 4.514 Mbytes
   Step           Lx             Ly             Lz           PotEng         Press           Fmax          Volume    
        65   17.586349      17.568405      17.57827      -2103.6738      3.9625076      0.000114146    5431.0543    
        66   17.586361      17.568417      17.578283     -2103.6738     -0.0067085628   0.00011558285  5431.0657    
Loop time of 0.00250132 on 4 procs for 1 steps with 500 atoms

88.0% CPU use with 4 MPI tasks x 1 OpenMP threads

Minimization stats:
  Stopping criterion = energy tolerance
  Energy initial, next-to-last, final = 
     -2103.67380276753  -2103.67380276753  -2103.67380278165
  Force two-norm initial, final = 0.040314873 0.0012276139
  Force max component initial, final = 0.040296299 0.00011558285
  Final line search alpha, max atom move = 0.0024816175 2.8683241e-07
  Iterations, force evaluations = 1 2

MPI task timing breakdown:
Section |  min time  |  avg time  |  max time  |%varavg| %total
---------------------------------------------------------------
Pair    | 0.0020919  | 0.0020963  | 0.0021005  |   0.0 | 83.81
Neigh   | 0          | 0          | 0          |   0.0 |  0.00
Comm    | 0.00014612 | 0.00015118 | 0.00015592 |   0.0 |  6.04
Output  | 0          | 0          | 0          |   0.0 |  0.00
Modify  | 0          | 0          | 0          |   0.0 |  0.00
Other   |            | 0.0002539  |            |       | 10.15

Nlocal:            125 ave         141 max         105 min
Histogram: 1 0 1 0 0 0 0 0 0 2
Nghost:           1737 ave        1757 max        1721 min
Histogram: 2 0 0 0 0 0 0 1 0 1
Neighs:          11000 ave       12414 max        9231 min
Histogram: 1 0 1 0 0 0 0 0 0 2

Total # of neighbors = 44000
Ave neighs/atom = 88
Neighbor list builds = 0
Dangerous builds = 0
unfix 2

variable lat_const equal "lx/5"
variable eatom equal "pe/count(all)"
variable teng equal "pe"
variable natoms equal "count(all)"

print "Lattice parameter (lx/5) = ${lat_const} A"
Lattice parameter (lx/5) = 3.51727222698875 A
print "Total Potential Energy (PE) = ${teng} eV"
Total Potential Energy (PE) = -2103.67380278165 eV
print "Number of atoms = ${natoms}"
Number of atoms = 500
print "Cohesive energy (PE/N) = ${eatom} eV"
Cohesive energy (PE/N) = -4.20734760556329 eV
print "Minimization completed."
Minimization completed.

write_data A5_10_minimized.data
System init for write_data ...
Total wall time: 0:00:00
