read_data A5_2.data
Reading data file ...
  triclinic box = (0 0 0) to (17.6 17.6 17.6) with tilt (1.0776892e-15 1.0776892e-15 1.0776892e-15)
  1 by 2 by 2 MPI processor grid
  reading atoms ...
  500 atoms
  read_data CPU = 0.010 seconds

mass 1 58.6934  # Ni
mass 2 55.845   # Fe
mass 3 51.9961  # Cr

pair_style eam/alloy
pair_coeff * * FeNiCr_bonny.eam.alloy Ni Fe Cr

neighbor 2.0 bin
neigh_modify delay 0 check yes
timestep 0.001

thermo 10
thermo_style custom step lx ly lz pe press fmax vol

# --- ЭТАПЫ МИНИМИЗАЦИИ ---
min_style cg
minimize 1.0e-8 1.0e-9 1000 5000

CITE-CITE-CITE-CITE-CITE-CITE-CITE-CITE-CITE-CITE-CITE-CITE-CITE

Your simulation uses code contributions which should be cited:

- Type Label Framework: https://doi.org/10.1021/acs.jpcb.3c08419

@Article{Gissinger24,
 author = {Jacob R. Gissinger, Ilia Nikiforov, Yaser Afshar, Brendon Waters, Moon-ki Choi, Daniel S. Karls, Alexander Stukowski, Wonpil Im, Hendrik Heinz, Axel Kohlmeyer, and Ellad B. Tadmor},
 title = {Type Label Framework for Bonded Force Fields in LAMMPS},
 journal = {J. Phys. Chem. B},
 year =    2024,
 volume =  128,
 number =  13,
 pages =   {3282–-3297}
}

CITE-CITE-CITE-CITE-CITE-CITE-CITE-CITE-CITE-CITE-CITE-CITE-CITE

Neighbor list info ...
  update: every = 1 steps, delay = 0 steps, check = yes
  max neighbors/atom: 2000, page size: 100000
  master list distance cutoff = 7.6
  ghost atom cutoff = 7.6
  binsize = 3.8, bins = 5 5 5
  1 neighbor lists, perpetual/occasional/extra = 1 0 0
  (1) pair eam/alloy, perpetual
      attributes: half, newton on
      pair build: half/bin/atomonly/newton/tri
      stencil: half/bin/3d/tri
      bin: standard
Per MPI rank memory allocation (min/avg/max) = 4.514 | 4.514 | 4.514 Mbytes
   Step           Lx             Ly             Lz           PotEng         Press           Fmax          Volume    
         0   17.6           17.6           17.6          -2100.7236     -3527.2141      0.73687829     5451.776     
        10   17.6           17.6           17.6          -2102.9265     -6260.3824      0.011864995    5451.776     
        16   17.6           17.6           17.6          -2102.9281     -6248.4434      0.0013309313   5451.776     
Loop time of 0.0247617 on 4 procs for 16 steps with 500 atoms

79.7% CPU use with 4 MPI tasks x 1 OpenMP threads

Minimization stats:
  Stopping criterion = energy tolerance
  Energy initial, next-to-last, final = 
      -2100.7236442566  -2102.92810027529  -2102.92811755297
  Force two-norm initial, final = 7.4745452 0.013056658
  Force max component initial, final = 0.73687829 0.0013309313
  Final line search alpha, max atom move = 1 0.0013309313
  Iterations, force evaluations = 16 32

MPI task timing breakdown:
Section |  min time  |  avg time  |  max time  |%varavg| %total
---------------------------------------------------------------
Pair    | 0.021508   | 0.021545   | 0.02158    |   0.0 | 87.01
Neigh   | 0          | 0          | 0          |   0.0 |  0.00
Comm    | 0.001808   | 0.0018604  | 0.0019092  |   0.1 |  7.51
Output  | 6.1783e-05 | 0.00010023 | 0.0002146  |   0.0 |  0.40
Modify  | 0          | 0          | 0          |   0.0 |  0.00
Other   |            | 0.001256   |            |       |  5.07

Nlocal:            125 ave         180 max          80 min
Histogram: 1 0 0 0 2 0 0 0 0 1
Nghost:           1737 ave        1782 max        1682 min
Histogram: 1 0 0 0 0 0 2 0 0 1
Neighs:          11000 ave       15852 max        7051 min
Histogram: 1 0 0 1 1 0 0 0 0 1

Total # of neighbors = 44000
Ave neighs/atom = 88
Neighbor list builds = 0
Dangerous builds = 0

# Релаксация ячейки aniso
fix 1 all box/relax aniso 0.0 vmax 0.0001
min_style cg
minimize 1.0e-10 1.0e-11 1000 5000
WARNING: Energy due to 3 extra global DOFs will be included in minimizer energies
 (src/min.cpp:219)
Per MPI rank memory allocation (min/avg/max) = 4.514 | 4.514 | 4.514 Mbytes
   Step           Lx             Ly             Lz           PotEng         Press           Fmax          Volume    
        16   17.6           17.6           17.6          -2102.9281     -6248.4434      0.0013309313   5451.776     
        20   17.59296       17.59483       17.595305     -2102.9462     -4493.2546      0.0052897014   5446.5412    
        30   17.57536       17.584912      17.58751      -2102.9663     -788.37379      0.014467473    5435.6162    
        40   17.55776       17.587101      17.595543     -2102.9695      0.23358493     0.019650733    5433.3293    
        50   17.552292      17.588374      17.598037     -2102.971      -26.566472      0.0090817266   5432.8005    
        60   17.553441      17.586654      17.598311     -2102.9712     -62.694445      0.0057082897   5432.7093    
        70   17.551575      17.588201      17.598383     -2102.9713     -11.163404      0.0047157072   5432.632     
        80   17.551298      17.588543      17.598508     -2102.9714     -14.614104      0.0048053696   5432.6904    
        90   17.552635      17.587973      17.59783      -2102.9714     -26.898092      0.0027743633   5432.7189    
        94   17.551763      17.588227      17.598269     -2102.9714     -8.1985396      0.0026731756   5432.6631    
Loop time of 0.158398 on 4 procs for 78 steps with 500 atoms

78.5% CPU use with 4 MPI tasks x 1 OpenMP threads

Minimization stats:
  Stopping criterion = energy tolerance
  Energy initial, next-to-last, final = 
     -2102.92811755297  -2102.97142419853  -2102.97142440685
  Force two-norm initial, final = 37.314038 0.062987348
  Force max component initial, final = 26.082569 0.042139654
  Final line search alpha, max atom move = 0.0049491688 0.00020855626
  Iterations, force evaluations = 78 128

MPI task timing breakdown:
Section |  min time  |  avg time  |  max time  |%varavg| %total
---------------------------------------------------------------
Pair    | 0.11001    | 0.11893    | 0.12621    |   2.1 | 75.08
Neigh   | 0          | 0          | 0          |   0.0 |  0.00
Comm    | 0.018221   | 0.026099   | 0.03624    |   4.5 | 16.48
Output  | 0.0001924  | 0.0003081  | 0.00064818 |   0.0 |  0.19
Modify  | 0          | 0          | 0          |   0.0 |  0.00
Other   |            | 0.01306    |            |       |  8.25

Nlocal:            125 ave         130 max         115 min
Histogram: 1 0 0 0 0 0 0 1 0 2
Nghost:           1737 ave        1747 max        1732 min
Histogram: 2 0 1 0 0 0 0 0 0 1
Neighs:          11000 ave       11428 max       10140 min
Histogram: 1 0 0 0 0 0 0 1 0 2

Total # of neighbors = 44000
Ave neighs/atom = 88
Neighbor list builds = 0
Dangerous builds = 0
unfix 1

# Промежуточная минимизация атомов
min_style cg
minimize 1.0e-10 1.0e-11 1000 5000
Per MPI rank memory allocation (min/avg/max) = 4.514 | 4.514 | 4.514 Mbytes
   Step           Lx             Ly             Lz           PotEng         Press           Fmax          Volume    
        94   17.551763      17.588227      17.598269     -2102.9714     -8.1985396      0.0026731756   5432.6631    
       100   17.551763      17.588227      17.598269     -2102.9715     -8.5010152      0.00039060036  5432.6631    
       103   17.551763      17.588227      17.598269     -2102.9715     -9.5839907      0.00010729742  5432.6631    
Loop time of 0.0340745 on 4 procs for 9 steps with 500 atoms

82.3% CPU use with 4 MPI tasks x 1 OpenMP threads

Minimization stats:
  Stopping criterion = energy tolerance
  Energy initial, next-to-last, final = 
     -2102.97142440685  -2102.97147853902  -2102.97147872664
  Force two-norm initial, final = 0.030646048 0.001201333
  Force max component initial, final = 0.0026731756 0.00010729742
  Final line search alpha, max atom move = 1 0.00010729742
  Iterations, force evaluations = 9 18

MPI task timing breakdown:
Section |  min time  |  avg time  |  max time  |%varavg| %total
---------------------------------------------------------------
Pair    | 0.013331   | 0.013469   | 0.013613   |   0.1 | 39.53
Neigh   | 0          | 0          | 0          |   0.0 |  0.00
Comm    | 0.0014618  | 0.001896   | 0.0023184  |   0.8 |  5.56
Output  | 2.3686e-05 | 0.00031995 | 0.0012081  |   0.0 |  0.94
Modify  | 0          | 0          | 0          |   0.0 |  0.00
Other   |            | 0.01839    |            |       | 53.97

Nlocal:            125 ave         132 max         116 min
Histogram: 1 0 0 0 0 1 1 0 0 1
Nghost:           1737 ave        1746 max        1730 min
Histogram: 1 0 0 1 1 0 0 0 0 1
Neighs:          11000 ave       11594 max       10223 min
Histogram: 1 0 0 0 0 1 1 0 0 1

Total # of neighbors = 44000
Ave neighs/atom = 88
Neighbor list builds = 0
Dangerous builds = 0

# Релаксация ячейки iso
fix 2 all box/relax iso 0.0 vmax 0.0001
min_style cg
minimize 1.0e-10 1.0e-11 1000 5000
WARNING: Energy due to 1 extra global DOFs will be included in minimizer energies
 (src/min.cpp:219)
Per MPI rank memory allocation (min/avg/max) = 4.514 | 4.514 | 4.514 Mbytes
   Step           Lx             Ly             Lz           PotEng         Press           Fmax          Volume    
       103   17.551763      17.588227      17.598269     -2102.9715     -9.5839907      0.00010729742  5432.6631    
       104   17.551733      17.588197      17.598239     -2102.9715     -0.0062919563   0.0001042105   5432.6352    
Loop time of 0.00695871 on 4 procs for 1 steps with 500 atoms

75.3% CPU use with 4 MPI tasks x 1 OpenMP threads

Minimization stats:
  Stopping criterion = energy tolerance
  Energy initial, next-to-last, final = 
     -2102.97147872664  -2102.97147872664   -2102.9714788103
  Force two-norm initial, final = 0.097499643 0.0012337918
  Force max component initial, final = 0.097492242 0.0001042105
  Final line search alpha, max atom move = 0.0010257226 1.0689107e-07
  Iterations, force evaluations = 1 2

MPI task timing breakdown:
Section |  min time  |  avg time  |  max time  |%varavg| %total
---------------------------------------------------------------
Pair    | 0.0034535  | 0.0036673  | 0.0041991  |   0.5 | 52.70
Neigh   | 0          | 0          | 0          |   0.0 |  0.00
Comm    | 0.00039756 | 0.0018172  | 0.0029188  |   2.6 | 26.11
Output  | 0          | 0          | 0          |   0.0 |  0.00
Modify  | 0          | 0          | 0          |   0.0 |  0.00
Other   |            | 0.001474   |            |       | 21.18

Nlocal:            125 ave         132 max         116 min
Histogram: 1 0 0 0 0 1 1 0 0 1
Nghost:           1737 ave        1746 max        1730 min
Histogram: 1 0 0 1 1 0 0 0 0 1
Neighs:          11000 ave       11594 max       10223 min
Histogram: 1 0 0 0 0 1 1 0 0 1

Total # of neighbors = 44000
Ave neighs/atom = 88
Neighbor list builds = 0
Dangerous builds = 0
unfix 2

variable lat_const equal "lx/5"
variable eatom equal "pe/count(all)"
variable teng equal "pe"
variable natoms equal "count(all)"

print "Lattice parameter (lx/5) = ${lat_const} A"
Lattice parameter (lx/5) = 3.51034667175326 A
print "Total Potential Energy (PE) = ${teng} eV"
Total Potential Energy (PE) = -2102.9714788103 eV
print "Number of atoms = ${natoms}"
Number of atoms = 500
print "Cohesive energy (PE/N) = ${eatom} eV"
Cohesive energy (PE/N) = -4.20594295762059 eV
print "Minimization completed."
Minimization completed.

write_data A5_2_minimized.data
System init for write_data ...
Total wall time: 0:00:00
