read_data A5_4.data
Reading data file ...
  triclinic box = (0 0 0) to (17.6 17.6 17.6) with tilt (1.0776892e-15 1.0776892e-15 1.0776892e-15)
  1 by 2 by 2 MPI processor grid
  reading atoms ...
  500 atoms
  read_data CPU = 0.010 seconds

mass 1 58.6934  # Ni
mass 2 55.845   # Fe
mass 3 51.9961  # Cr

pair_style eam/alloy
pair_coeff * * FeNiCr_bonny.eam.alloy Ni Fe Cr

neighbor 2.0 bin
neigh_modify delay 0 check yes
timestep 0.001

thermo 10
thermo_style custom step lx ly lz pe press fmax vol

# --- ЭТАПЫ МИНИМИЗАЦИИ ---
min_style cg
minimize 1.0e-8 1.0e-9 1000 5000

CITE-CITE-CITE-CITE-CITE-CITE-CITE-CITE-CITE-CITE-CITE-CITE-CITE

Your simulation uses code contributions which should be cited:

- Type Label Framework: https://doi.org/10.1021/acs.jpcb.3c08419

@Article{Gissinger24,
 author = {Jacob R. Gissinger, Ilia Nikiforov, Yaser Afshar, Brendon Waters, Moon-ki Choi, Daniel S. Karls, Alexander Stukowski, Wonpil Im, Hendrik Heinz, Axel Kohlmeyer, and Ellad B. Tadmor},
 title = {Type Label Framework for Bonded Force Fields in LAMMPS},
 journal = {J. Phys. Chem. B},
 year =    2024,
 volume =  128,
 number =  13,
 pages =   {3282–-3297}
}

CITE-CITE-CITE-CITE-CITE-CITE-CITE-CITE-CITE-CITE-CITE-CITE-CITE

Neighbor list info ...
  update: every = 1 steps, delay = 0 steps, check = yes
  max neighbors/atom: 2000, page size: 100000
  master list distance cutoff = 7.6
  ghost atom cutoff = 7.6
  binsize = 3.8, bins = 5 5 5
  1 neighbor lists, perpetual/occasional/extra = 1 0 0
  (1) pair eam/alloy, perpetual
      attributes: half, newton on
      pair build: half/bin/atomonly/newton/tri
      stencil: half/bin/3d/tri
      bin: standard
Per MPI rank memory allocation (min/avg/max) = 4.514 | 4.514 | 4.514 Mbytes
   Step           Lx             Ly             Lz           PotEng         Press           Fmax          Volume    
         0   17.6           17.6           17.6          -2101.5173     -4128.1816      0.72499704     5451.776     
        10   17.6           17.6           17.6          -2103.8229     -6287.1071      0.007431824    5451.776     
        16   17.6           17.6           17.6          -2103.8237     -6275.7557      0.0011113735   5451.776     
Loop time of 0.0286777 on 4 procs for 16 steps with 500 atoms

89.7% CPU use with 4 MPI tasks x 1 OpenMP threads

Minimization stats:
  Stopping criterion = energy tolerance
  Energy initial, next-to-last, final = 
     -2101.51727399628  -2103.82371998458  -2103.82373290862
  Force two-norm initial, final = 7.5027987 0.010976557
  Force max component initial, final = 0.72499704 0.0011113735
  Final line search alpha, max atom move = 1 0.0011113735
  Iterations, force evaluations = 16 32

MPI task timing breakdown:
Section |  min time  |  avg time  |  max time  |%varavg| %total
---------------------------------------------------------------
Pair    | 0.023845   | 0.02402    | 0.024193   |   0.1 | 83.76
Neigh   | 0          | 0          | 0          |   0.0 |  0.00
Comm    | 0.0033228  | 0.0033996  | 0.0034745  |   0.1 | 11.85
Output  | 2.7647e-05 | 3.9178e-05 | 7.352e-05  |   0.0 |  0.14
Modify  | 0          | 0          | 0          |   0.0 |  0.00
Other   |            | 0.001219   |            |       |  4.25

Nlocal:            125 ave         180 max          80 min
Histogram: 1 0 0 0 2 0 0 0 0 1
Nghost:           1737 ave        1782 max        1682 min
Histogram: 1 0 0 0 0 0 2 0 0 1
Neighs:          11000 ave       15848 max        7023 min
Histogram: 1 0 0 1 1 0 0 0 0 1

Total # of neighbors = 44000
Ave neighs/atom = 88
Neighbor list builds = 0
Dangerous builds = 0

# Релаксация ячейки aniso
fix 1 all box/relax aniso 0.0 vmax 0.0001
min_style cg
minimize 1.0e-10 1.0e-11 1000 5000
WARNING: Energy due to 3 extra global DOFs will be included in minimizer energies
 (src/min.cpp:219)
Per MPI rank memory allocation (min/avg/max) = 4.514 | 4.514 | 4.514 Mbytes
   Step           Lx             Ly             Lz           PotEng         Press           Fmax          Volume    
        16   17.6           17.6           17.6          -2103.8237     -6275.7557      0.0011113735   5451.776     
        20   17.593503      17.59296       17.595636     -2103.8429     -4393.1115      0.0052617894   5446.233     
        30   17.578424      17.57536       17.590899     -2103.8631     -414.06333      0.016187023    5434.6578    
        40   17.571062      17.562489      17.607319     -2103.8657     -0.50461587     0.019157435    5433.4702    
        50   17.569463      17.560271      17.608204     -2103.8676      88.442771      0.0017758855   5432.5628    
        55   17.569699      17.560477      17.608535     -2103.8676      1.9263306      0.0014596326   5432.8016    
Loop time of 0.0625116 on 4 procs for 39 steps with 500 atoms

73.1% CPU use with 4 MPI tasks x 1 OpenMP threads

Minimization stats:
  Stopping criterion = energy tolerance
  Energy initial, next-to-last, final = 
     -2103.82373290862  -2103.86764661248  -2103.86764676449
  Force two-norm initial, final = 37.546098 0.029056597
  Force max component initial, final = 24.82174 0.022470924
  Final line search alpha, max atom move = 0.013726615 0.00030844972
  Iterations, force evaluations = 39 54

MPI task timing breakdown:
Section |  min time  |  avg time  |  max time  |%varavg| %total
---------------------------------------------------------------
Pair    | 0.040286   | 0.04197    | 0.043692   |   0.8 | 67.14
Neigh   | 0          | 0          | 0          |   0.0 |  0.00
Comm    | 0.0099103  | 0.012183   | 0.013465   |   1.2 | 19.49
Output  | 0.00011791 | 0.00019681 | 0.00042758 |   0.0 |  0.31
Modify  | 0          | 0          | 0          |   0.0 |  0.00
Other   |            | 0.008162   |            |       | 13.06

Nlocal:            125 ave         138 max         114 min
Histogram: 2 0 0 0 0 0 0 1 0 1
Nghost:           1737 ave        1748 max        1724 min
Histogram: 1 0 1 0 0 0 0 0 0 2
Neighs:          11000 ave       12226 max       10035 min
Histogram: 2 0 0 0 0 0 0 1 0 1

Total # of neighbors = 44000
Ave neighs/atom = 88
Neighbor list builds = 0
Dangerous builds = 0
unfix 1

# Промежуточная минимизация атомов
min_style cg
minimize 1.0e-10 1.0e-11 1000 5000
Per MPI rank memory allocation (min/avg/max) = 4.514 | 4.514 | 4.514 Mbytes
   Step           Lx             Ly             Lz           PotEng         Press           Fmax          Volume    
        55   17.569699      17.560477      17.608535     -2103.8676      1.9263306      0.0014596326   5432.8016    
        60   17.569699      17.560477      17.608535     -2103.8677      1.5896922      0.00043687323  5432.8016    
        64   17.569699      17.560477      17.608535     -2103.8677     -0.38561217     0.00010135111  5432.8016    
Loop time of 0.0122769 on 4 procs for 9 steps with 500 atoms

88.1% CPU use with 4 MPI tasks x 1 OpenMP threads

Minimization stats:
  Stopping criterion = energy tolerance
  Energy initial, next-to-last, final = 
     -2103.86764676449  -2103.86767038383  -2103.86767050341
  Force two-norm initial, final = 0.014783193 0.0010191611
  Force max component initial, final = 0.0014596326 0.00010135111
  Final line search alpha, max atom move = 1 0.00010135111
  Iterations, force evaluations = 9 18

MPI task timing breakdown:
Section |  min time  |  avg time  |  max time  |%varavg| %total
---------------------------------------------------------------
Pair    | 0.010596   | 0.010677   | 0.010745   |   0.1 | 86.97
Neigh   | 0          | 0          | 0          |   0.0 |  0.00
Comm    | 0.00092447 | 0.0010288  | 0.0011463  |   0.2 |  8.38
Output  | 1.8967e-05 | 3.1009e-05 | 6.6747e-05 |   0.0 |  0.25
Modify  | 0          | 0          | 0          |   0.0 |  0.00
Other   |            | 0.0005398  |            |       |  4.40

Nlocal:            125 ave         139 max         113 min
Histogram: 2 0 0 0 0 0 0 1 0 1
Nghost:           1737 ave        1749 max        1723 min
Histogram: 1 0 1 0 0 0 0 0 0 2
Neighs:          11000 ave       12318 max        9945 min
Histogram: 2 0 0 0 0 0 0 1 0 1

Total # of neighbors = 44000
Ave neighs/atom = 88
Neighbor list builds = 0
Dangerous builds = 0

# Релаксация ячейки iso
fix 2 all box/relax iso 0.0 vmax 0.0001
min_style cg
minimize 1.0e-10 1.0e-11 1000 5000
WARNING: Energy due to 1 extra global DOFs will be included in minimizer energies
 (src/min.cpp:219)
Per MPI rank memory allocation (min/avg/max) = 4.514 | 4.514 | 4.514 Mbytes
   Step           Lx             Ly             Lz           PotEng         Press           Fmax          Volume    
        64   17.569699      17.560477      17.608535     -2103.8677     -0.38561217     0.00010135111  5432.8016    
        65   17.569698      17.560475      17.608533     -2103.8677      0.025687513    0.00010136056  5432.8004    
Loop time of 0.00315944 on 4 procs for 1 steps with 500 atoms

76.9% CPU use with 4 MPI tasks x 1 OpenMP threads

Minimization stats:
  Stopping criterion = energy tolerance
  Energy initial, next-to-last, final = 
     -2103.86767050341  -2103.86767050341  -2103.86767050356
  Force two-norm initial, final = 0.0040529361 0.0010520974
  Force max component initial, final = 0.0039227034 0.00026131043
  Final line search alpha, max atom move = 0.025492623 6.6614883e-06
  Iterations, force evaluations = 1 2

MPI task timing breakdown:
Section |  min time  |  avg time  |  max time  |%varavg| %total
---------------------------------------------------------------
Pair    | 0.0026414  | 0.0026447  | 0.0026474  |   0.0 | 83.71
Neigh   | 0          | 0          | 0          |   0.0 |  0.00
Comm    | 0.00016286 | 0.00016792 | 0.000174   |   0.0 |  5.31
Output  | 0          | 0          | 0          |   0.0 |  0.00
Modify  | 0          | 0          | 0          |   0.0 |  0.00
Other   |            | 0.0003468  |            |       | 10.98

Nlocal:            125 ave         139 max         113 min
Histogram: 1 1 0 0 0 0 0 1 0 1
Nghost:           1737 ave        1749 max        1723 min
Histogram: 1 0 1 0 0 0 0 0 1 1
Neighs:          11000 ave       12310 max        9945 min
Histogram: 2 0 0 0 0 0 1 0 0 1

Total # of neighbors = 44000
Ave neighs/atom = 88
Neighbor list builds = 0
Dangerous builds = 0
unfix 2

variable lat_const equal "lx/5"
variable eatom equal "pe/count(all)"
variable teng equal "pe"
variable natoms equal "count(all)"

print "Lattice parameter (lx/5) = ${lat_const} A"
Lattice parameter (lx/5) = 3.5139396038989 A
print "Total Potential Energy (PE) = ${teng} eV"
Total Potential Energy (PE) = -2103.86767050356 eV
print "Number of atoms = ${natoms}"
Number of atoms = 500
print "Cohesive energy (PE/N) = ${eatom} eV"
Cohesive energy (PE/N) = -4.20773534100712 eV
print "Minimization completed."
Minimization completed.

write_data A5_4_minimized.data
System init for write_data ...
Total wall time: 0:00:00
