read_data A5_7.data
Reading data file ...
  triclinic box = (0 0 0) to (17.6 17.6 17.6) with tilt (1.0776892e-15 1.0776892e-15 1.0776892e-15)
  1 by 2 by 2 MPI processor grid
  reading atoms ...
  500 atoms
  read_data CPU = 0.011 seconds

mass 1 58.6934  # Ni
mass 2 55.845   # Fe
mass 3 51.9961  # Cr

pair_style eam/alloy
pair_coeff * * FeNiCr_bonny.eam.alloy Ni Fe Cr

neighbor 2.0 bin
neigh_modify delay 0 check yes
timestep 0.001

thermo 10
thermo_style custom step lx ly lz pe press fmax vol

# --- ЭТАПЫ МИНИМИЗАЦИИ ---
min_style cg
minimize 1.0e-8 1.0e-9 1000 5000

CITE-CITE-CITE-CITE-CITE-CITE-CITE-CITE-CITE-CITE-CITE-CITE-CITE

Your simulation uses code contributions which should be cited:

- Type Label Framework: https://doi.org/10.1021/acs.jpcb.3c08419

@Article{Gissinger24,
 author = {Jacob R. Gissinger, Ilia Nikiforov, Yaser Afshar, Brendon Waters, Moon-ki Choi, Daniel S. Karls, Alexander Stukowski, Wonpil Im, Hendrik Heinz, Axel Kohlmeyer, and Ellad B. Tadmor},
 title = {Type Label Framework for Bonded Force Fields in LAMMPS},
 journal = {J. Phys. Chem. B},
 year =    2024,
 volume =  128,
 number =  13,
 pages =   {3282–-3297}
}

CITE-CITE-CITE-CITE-CITE-CITE-CITE-CITE-CITE-CITE-CITE-CITE-CITE

Neighbor list info ...
  update: every = 1 steps, delay = 0 steps, check = yes
  max neighbors/atom: 2000, page size: 100000
  master list distance cutoff = 7.6
  ghost atom cutoff = 7.6
  binsize = 3.8, bins = 5 5 5
  1 neighbor lists, perpetual/occasional/extra = 1 0 0
  (1) pair eam/alloy, perpetual
      attributes: half, newton on
      pair build: half/bin/atomonly/newton/tri
      stencil: half/bin/3d/tri
      bin: standard
Per MPI rank memory allocation (min/avg/max) = 4.514 | 4.514 | 4.514 Mbytes
   Step           Lx             Ly             Lz           PotEng         Press           Fmax          Volume    
         0   17.6           17.6           17.6          -2100.8927     -4868.8528      0.75229617     5451.776     
        10   17.6           17.6           17.6          -2103.1732     -7001.2059      0.0064775097   5451.776     
        16   17.6           17.6           17.6          -2103.174      -6997.2175      0.00098047941  5451.776     
Loop time of 0.0419002 on 4 procs for 16 steps with 500 atoms

77.5% CPU use with 4 MPI tasks x 1 OpenMP threads

Minimization stats:
  Stopping criterion = energy tolerance
  Energy initial, next-to-last, final = 
     -2100.89272991991  -2103.17397215775  -2103.17398632476
  Force two-norm initial, final = 7.4911933 0.011731893
  Force max component initial, final = 0.75229617 0.00098047941
  Final line search alpha, max atom move = 1 0.00098047941
  Iterations, force evaluations = 16 32

MPI task timing breakdown:
Section |  min time  |  avg time  |  max time  |%varavg| %total
---------------------------------------------------------------
Pair    | 0.033564   | 0.034004   | 0.035185   |   0.4 | 81.15
Neigh   | 0          | 0          | 0          |   0.0 |  0.00
Comm    | 0.0044225  | 0.0049993  | 0.0060569  |   0.9 | 11.93
Output  | 2.5188e-05 | 6.1491e-05 | 0.00016998 |   0.0 |  0.15
Modify  | 0          | 0          | 0          |   0.0 |  0.00
Other   |            | 0.002836   |            |       |  6.77

Nlocal:            125 ave         180 max          80 min
Histogram: 1 0 0 0 2 0 0 0 0 1
Nghost:           1737 ave        1782 max        1682 min
Histogram: 1 0 0 0 0 0 2 0 0 1
Neighs:          11000 ave       15902 max        7000 min
Histogram: 1 0 0 1 1 0 0 0 0 1

Total # of neighbors = 44000
Ave neighs/atom = 88
Neighbor list builds = 0
Dangerous builds = 0

# Релаксация ячейки aniso
fix 1 all box/relax aniso 0.0 vmax 0.0001
min_style cg
minimize 1.0e-10 1.0e-11 1000 5000
WARNING: Energy due to 3 extra global DOFs will be included in minimizer energies
 (src/min.cpp:219)
Per MPI rank memory allocation (min/avg/max) = 4.514 | 4.514 | 4.514 Mbytes
   Step           Lx             Ly             Lz           PotEng         Press           Fmax          Volume    
        16   17.6           17.6           17.6          -2103.174      -6997.2175      0.00098047941  5451.776     
        20   17.593513      17.59296       17.594796     -2103.1961     -5046.5602      0.0048428491   5445.976     
        30   17.578496      17.57536       17.585862     -2103.2204     -670.11531      0.015525026    5433.1239    
        40   17.574876      17.562214      17.596573     -2103.2233     -118.2649       0.011707483    5431.2477    
        50   17.572525      17.561533      17.596938     -2103.2242     -1.0894699      0.0026367917   5430.4236    
        59   17.572461      17.561372      17.597165     -2103.2243      3.8042818      0.0018062273   5430.4238    
Loop time of 0.0869082 on 4 procs for 43 steps with 500 atoms

76.0% CPU use with 4 MPI tasks x 1 OpenMP threads

Minimization stats:
  Stopping criterion = energy tolerance
  Energy initial, next-to-last, final = 
     -2103.17398632476  -2103.22433364693  -2103.22433369194
  Force two-norm initial, final = 41.496327 0.029913771
  Force max component initial, final = 26.567632 0.018237437
  Final line search alpha, max atom move = 0.0062302925 0.00011362456
  Iterations, force evaluations = 43 62

MPI task timing breakdown:
Section |  min time  |  avg time  |  max time  |%varavg| %total
---------------------------------------------------------------
Pair    | 0.054229   | 0.055682   | 0.057208   |   0.6 | 64.07
Neigh   | 0          | 0          | 0          |   0.0 |  0.00
Comm    | 0.0083521  | 0.0098959  | 0.011967   |   1.5 | 11.39
Output  | 0.00012366 | 0.00017871 | 0.00034277 |   0.0 |  0.21
Modify  | 0          | 0          | 0          |   0.0 |  0.00
Other   |            | 0.02115    |            |       | 24.34

Nlocal:            125 ave         144 max         107 min
Histogram: 1 0 0 0 2 0 0 0 0 1
Nghost:           1737 ave        1755 max        1718 min
Histogram: 1 0 0 0 0 2 0 0 0 1
Neighs:        10999.8 ave       12618 max        9421 min
Histogram: 1 0 0 0 2 0 0 0 0 1

Total # of neighbors = 43999
Ave neighs/atom = 87.998
Neighbor list builds = 0
Dangerous builds = 0
unfix 1

# Промежуточная минимизация атомов
min_style cg
minimize 1.0e-10 1.0e-11 1000 5000
Per MPI rank memory allocation (min/avg/max) = 4.514 | 4.514 | 4.514 Mbytes
   Step           Lx             Ly             Lz           PotEng         Press           Fmax          Volume    
        59   17.572461      17.561372      17.597165     -2103.2243      3.8042818      0.0018062273   5430.4238    
        60   17.572461      17.561372      17.597165     -2103.2243     -9.0283951      0.0015799882   5430.4238    
        68   17.572461      17.561372      17.597165     -2103.2244     -14.256005      0.00010418101  5430.4238    
Loop time of 0.0230599 on 4 procs for 9 steps with 500 atoms

86.0% CPU use with 4 MPI tasks x 1 OpenMP threads

Minimization stats:
  Stopping criterion = energy tolerance
  Energy initial, next-to-last, final = 
     -2103.22433369194  -2103.22437292511  -2103.22437310023
  Force two-norm initial, final = 0.01868532 0.0012278136
  Force max component initial, final = 0.0018062273 0.00010418101
  Final line search alpha, max atom move = 1 0.00010418101
  Iterations, force evaluations = 9 18

MPI task timing breakdown:
Section |  min time  |  avg time  |  max time  |%varavg| %total
---------------------------------------------------------------
Pair    | 0.012261   | 0.014333   | 0.016405   |   1.7 | 62.16
Neigh   | 0          | 0          | 0          |   0.0 |  0.00
Comm    | 0.0012038  | 0.0038749  | 0.0075478  |   4.4 | 16.80
Output  | 1.8743e-05 | 7.2621e-05 | 0.00017906 |   0.0 |  0.31
Modify  | 0          | 0          | 0          |   0.0 |  0.00
Other   |            | 0.004779   |            |       | 20.73

Nlocal:            125 ave         144 max         107 min
Histogram: 1 0 0 0 2 0 0 0 0 1
Nghost:           1737 ave        1755 max        1718 min
Histogram: 1 0 0 0 0 2 0 0 0 1
Neighs:          11000 ave       12618 max        9422 min
Histogram: 1 0 0 0 1 1 0 0 0 1

Total # of neighbors = 44000
Ave neighs/atom = 88
Neighbor list builds = 0
Dangerous builds = 0

# Релаксация ячейки iso
fix 2 all box/relax iso 0.0 vmax 0.0001
min_style cg
minimize 1.0e-10 1.0e-11 1000 5000
WARNING: Energy due to 1 extra global DOFs will be included in minimizer energies
 (src/min.cpp:219)
Per MPI rank memory allocation (min/avg/max) = 4.514 | 4.514 | 4.514 Mbytes
   Step           Lx             Ly             Lz           PotEng         Press           Fmax          Volume    
        68   17.572461      17.561372      17.597165     -2103.2244     -14.256005      0.00010418101  5430.4238    
        69   17.572416      17.561327      17.59712      -2103.2244     -0.0097872393   0.00011110899  5430.3825    
Loop time of 0.00236564 on 4 procs for 1 steps with 500 atoms

86.0% CPU use with 4 MPI tasks x 1 OpenMP threads

Minimization stats:
  Stopping criterion = energy tolerance
  Energy initial, next-to-last, final = 
     -2103.22437310023  -2103.22437310023  -2103.22437328417
  Force two-norm initial, final = 0.1449633 0.0011947273
  Force max component initial, final = 0.1449581 0.00011110899
  Final line search alpha, max atom move = 0.00068985454 7.6649044e-08
  Iterations, force evaluations = 1 2

MPI task timing breakdown:
Section |  min time  |  avg time  |  max time  |%varavg| %total
---------------------------------------------------------------
Pair    | 0.0019093  | 0.0019182  | 0.0019268  |   0.0 | 81.08
Neigh   | 0          | 0          | 0          |   0.0 |  0.00
Comm    | 0.00014181 | 0.00014548 | 0.0001496  |   0.0 |  6.15
Output  | 0          | 0          | 0          |   0.0 |  0.00
Modify  | 0          | 0          | 0          |   0.0 |  0.00
Other   |            | 0.000302   |            |       | 12.77

Nlocal:            125 ave         144 max         107 min
Histogram: 1 0 0 0 2 0 0 0 0 1
Nghost:           1737 ave        1755 max        1718 min
Histogram: 1 0 0 0 0 2 0 0 0 1
Neighs:          11000 ave       12618 max        9431 min
Histogram: 1 0 0 0 1 1 0 0 0 1

Total # of neighbors = 44000
Ave neighs/atom = 88
Neighbor list builds = 0
Dangerous builds = 0
unfix 2

variable lat_const equal "lx/5"
variable eatom equal "pe/count(all)"
variable teng equal "pe"
variable natoms equal "count(all)"

print "Lattice parameter (lx/5) = ${lat_const} A"
Lattice parameter (lx/5) = 3.51448319166758 A
print "Total Potential Energy (PE) = ${teng} eV"
Total Potential Energy (PE) = -2103.22437328417 eV
print "Number of atoms = ${natoms}"
Number of atoms = 500
print "Cohesive energy (PE/N) = ${eatom} eV"
Cohesive energy (PE/N) = -4.20644874656835 eV
print "Minimization completed."
Minimization completed.

write_data A5_7_minimized.data
System init for write_data ...
Total wall time: 0:00:00
