read_data A5_8.data
Reading data file ...
  triclinic box = (0 0 0) to (17.6 17.6 17.6) with tilt (1.0776892e-15 1.0776892e-15 1.0776892e-15)
  1 by 2 by 2 MPI processor grid
  reading atoms ...
  500 atoms
  read_data CPU = 0.012 seconds

mass 1 58.6934  # Ni
mass 2 55.845   # Fe
mass 3 51.9961  # Cr

pair_style eam/alloy
pair_coeff * * FeNiCr_bonny.eam.alloy Ni Fe Cr

neighbor 2.0 bin
neigh_modify delay 0 check yes
timestep 0.001

thermo 10
thermo_style custom step lx ly lz pe press fmax vol

# --- ЭТАПЫ МИНИМИЗАЦИИ ---
min_style cg
minimize 1.0e-8 1.0e-9 1000 5000

CITE-CITE-CITE-CITE-CITE-CITE-CITE-CITE-CITE-CITE-CITE-CITE-CITE

Your simulation uses code contributions which should be cited:

- Type Label Framework: https://doi.org/10.1021/acs.jpcb.3c08419

@Article{Gissinger24,
 author = {Jacob R. Gissinger, Ilia Nikiforov, Yaser Afshar, Brendon Waters, Moon-ki Choi, Daniel S. Karls, Alexander Stukowski, Wonpil Im, Hendrik Heinz, Axel Kohlmeyer, and Ellad B. Tadmor},
 title = {Type Label Framework for Bonded Force Fields in LAMMPS},
 journal = {J. Phys. Chem. B},
 year =    2024,
 volume =  128,
 number =  13,
 pages =   {3282–-3297}
}

CITE-CITE-CITE-CITE-CITE-CITE-CITE-CITE-CITE-CITE-CITE-CITE-CITE

Neighbor list info ...
  update: every = 1 steps, delay = 0 steps, check = yes
  max neighbors/atom: 2000, page size: 100000
  master list distance cutoff = 7.6
  ghost atom cutoff = 7.6
  binsize = 3.8, bins = 5 5 5
  1 neighbor lists, perpetual/occasional/extra = 1 0 0
  (1) pair eam/alloy, perpetual
      attributes: half, newton on
      pair build: half/bin/atomonly/newton/tri
      stencil: half/bin/3d/tri
      bin: standard
Per MPI rank memory allocation (min/avg/max) = 4.514 | 4.514 | 4.514 Mbytes
   Step           Lx             Ly             Lz           PotEng         Press           Fmax          Volume    
         0   17.6           17.6           17.6          -2100.4356     -4974.0424      0.62555287     5451.776     
        10   17.6           17.6           17.6          -2102.6343     -7333.7382      0.0063119837   5451.776     
        16   17.6           17.6           17.6          -2102.6352     -7323.5467      0.00088065382  5451.776     
Loop time of 0.0349638 on 4 procs for 16 steps with 500 atoms

61.9% CPU use with 4 MPI tasks x 1 OpenMP threads

Minimization stats:
  Stopping criterion = energy tolerance
  Energy initial, next-to-last, final = 
     -2100.43563056848   -2102.6351431301  -2102.63515475344
  Force two-norm initial, final = 7.6536342 0.010143702
  Force max component initial, final = 0.62555287 0.00088065382
  Final line search alpha, max atom move = 1 0.00088065382
  Iterations, force evaluations = 16 32

MPI task timing breakdown:
Section |  min time  |  avg time  |  max time  |%varavg| %total
---------------------------------------------------------------
Pair    | 0.030739   | 0.030806   | 0.030905   |   0.0 | 88.11
Neigh   | 0          | 0          | 0          |   0.0 |  0.00
Comm    | 0.0016534  | 0.002085   | 0.0022918  |   0.6 |  5.96
Output  | 2.6968e-05 | 6.0958e-05 | 0.00016078 |   0.0 |  0.17
Modify  | 0          | 0          | 0          |   0.0 |  0.00
Other   |            | 0.002011   |            |       |  5.75

Nlocal:            125 ave         180 max          80 min
Histogram: 1 0 0 0 2 0 0 0 0 1
Nghost:           1737 ave        1782 max        1682 min
Histogram: 1 0 0 0 0 0 2 0 0 1
Neighs:          11000 ave       15847 max        7002 min
Histogram: 1 0 0 0 2 0 0 0 0 1

Total # of neighbors = 44000
Ave neighs/atom = 88
Neighbor list builds = 0
Dangerous builds = 0

# Релаксация ячейки aniso
fix 1 all box/relax aniso 0.0 vmax 0.0001
min_style cg
minimize 1.0e-10 1.0e-11 1000 5000
WARNING: Energy due to 3 extra global DOFs will be included in minimizer energies
 (src/min.cpp:219)
Per MPI rank memory allocation (min/avg/max) = 4.514 | 4.514 | 4.514 Mbytes
   Step           Lx             Ly             Lz           PotEng         Press           Fmax          Volume    
        16   17.6           17.6           17.6          -2102.6352     -7323.5467      0.00088065382  5451.776     
        20   17.59296       17.594513      17.595744     -2102.657      -5580.5404      0.0047592178   5446.5792    
        30   17.57536       17.58268       17.588479     -2102.6859     -1730.8774      0.015857968    5435.226     
        40   17.55776       17.578228      17.594265     -2102.6931     -12.848394      0.023291791    5430.1938    
        50   17.545088      17.579977      17.606394     -2102.6951     -172.11365      0.023480666    5430.5556    
        60   17.542418      17.581278      17.605278     -2102.6962      14.804155      0.01526178     5429.7868    
        70   17.542531      17.579507      17.606611     -2102.6972     -59.901624      0.0045945694   5429.6861    
        80   17.540668      17.579247      17.607567     -2102.6975     -2.9669218      0.0025706711   5429.324     
        88   17.540972      17.57915       17.60752      -2102.6976     -0.81294242     0.0014333306   5429.3736    
Loop time of 0.138078 on 4 procs for 72 steps with 500 atoms

85.8% CPU use with 4 MPI tasks x 1 OpenMP threads

Minimization stats:
  Stopping criterion = energy tolerance
  Energy initial, next-to-last, final = 
     -2102.63515475344  -2102.69757833644  -2102.69757841749
  Force two-norm initial, final = 43.915081 0.016321473
  Force max component initial, final = 30.851122 0.0037323189
  Final line search alpha, max atom move = 0.0028043942 1.0466894e-05
  Iterations, force evaluations = 72 98

MPI task timing breakdown:
Section |  min time  |  avg time  |  max time  |%varavg| %total
---------------------------------------------------------------
Pair    | 0.09       | 0.093482   | 0.097041   |   0.9 | 67.70
Neigh   | 0          | 0          | 0          |   0.0 |  0.00
Comm    | 0.015216   | 0.017052   | 0.019716   |   1.4 | 12.35
Output  | 0.00020141 | 0.00031797 | 0.00065542 |   0.0 |  0.23
Modify  | 0          | 0          | 0          |   0.0 |  0.00
Other   |            | 0.02723    |            |       | 19.72

Nlocal:            125 ave         133 max         117 min
Histogram: 1 1 0 0 0 0 0 0 1 1
Nghost:           1737 ave        1745 max        1729 min
Histogram: 1 1 0 0 0 0 0 0 1 1
Neighs:          11000 ave       11692 max       10245 min
Histogram: 1 0 1 0 0 0 0 0 1 1

Total # of neighbors = 44000
Ave neighs/atom = 88
Neighbor list builds = 0
Dangerous builds = 0
unfix 1

# Промежуточная минимизация атомов
min_style cg
minimize 1.0e-10 1.0e-11 1000 5000
Per MPI rank memory allocation (min/avg/max) = 4.514 | 4.514 | 4.514 Mbytes
   Step           Lx             Ly             Lz           PotEng         Press           Fmax          Volume    
        88   17.540972      17.57915       17.60752      -2102.6976     -0.81294242     0.0014333306   5429.3736    
        90   17.540972      17.57915       17.60752      -2102.6976     -16.629719      0.0010621334   5429.3736    
        97   17.540972      17.57915       17.60752      -2102.6976     -14.320345      0.00011196318  5429.3736    
Loop time of 0.015424 on 4 procs for 9 steps with 500 atoms

80.7% CPU use with 4 MPI tasks x 1 OpenMP threads

Minimization stats:
  Stopping criterion = energy tolerance
  Energy initial, next-to-last, final = 
     -2102.69757841749  -2102.69761532111    -2102.697615437
  Force two-norm initial, final = 0.015521051 0.0010693955
  Force max component initial, final = 0.0014333306 0.00011196318
  Final line search alpha, max atom move = 1 0.00011196318
  Iterations, force evaluations = 9 18

MPI task timing breakdown:
Section |  min time  |  avg time  |  max time  |%varavg| %total
---------------------------------------------------------------
Pair    | 0.012196   | 0.0127     | 0.01321    |   0.4 | 82.34
Neigh   | 0          | 0          | 0          |   0.0 |  0.00
Comm    | 0.0010426  | 0.0016168  | 0.0021831  |   1.4 | 10.48
Output  | 2.1902e-05 | 4.1233e-05 | 9.8105e-05 |   0.0 |  0.27
Modify  | 0          | 0          | 0          |   0.0 |  0.00
Other   |            | 0.001066   |            |       |  6.91

Nlocal:            125 ave         133 max         117 min
Histogram: 1 1 0 0 0 0 0 0 1 1
Nghost:           1737 ave        1745 max        1729 min
Histogram: 1 1 0 0 0 0 0 0 1 1
Neighs:          11000 ave       11692 max       10248 min
Histogram: 1 0 1 0 0 0 0 0 1 1

Total # of neighbors = 44000
Ave neighs/atom = 88
Neighbor list builds = 0
Dangerous builds = 0

# Релаксация ячейки iso
fix 2 all box/relax iso 0.0 vmax 0.0001
min_style cg
minimize 1.0e-10 1.0e-11 1000 5000
WARNING: Energy due to 1 extra global DOFs will be included in minimizer energies
 (src/min.cpp:219)
Per MPI rank memory allocation (min/avg/max) = 4.514 | 4.514 | 4.514 Mbytes
   Step           Lx             Ly             Lz           PotEng         Press           Fmax          Volume    
        97   17.540972      17.57915       17.60752      -2102.6976     -14.320345      0.00011196318  5429.3736    
        98   17.540928      17.579105      17.607475     -2102.6976     -0.010929695    0.00012106208  5429.3322    
Loop time of 0.00336917 on 4 procs for 1 steps with 500 atoms

95.3% CPU use with 4 MPI tasks x 1 OpenMP threads

Minimization stats:
  Stopping criterion = energy tolerance
  Energy initial, next-to-last, final = 
       -2102.697615437    -2102.697615437  -2102.69761562255
  Force two-norm initial, final = 0.14558808 0.0011619636
  Force max component initial, final = 0.14558416 0.00012106208
  Final line search alpha, max atom move = 0.00068688793 8.3156081e-08
  Iterations, force evaluations = 1 2

MPI task timing breakdown:
Section |  min time  |  avg time  |  max time  |%varavg| %total
---------------------------------------------------------------
Pair    | 0.002358   | 0.0023606  | 0.0023636  |   0.0 | 70.07
Neigh   | 0          | 0          | 0          |   0.0 |  0.00
Comm    | 0.00019685 | 0.00025044 | 0.00030573 |   0.0 |  7.43
Output  | 0          | 0          | 0          |   0.0 |  0.00
Modify  | 0          | 0          | 0          |   0.0 |  0.00
Other   |            | 0.0007581  |            |       | 22.50

Nlocal:            125 ave         133 max         117 min
Histogram: 1 1 0 0 0 0 0 0 1 1
Nghost:           1737 ave        1745 max        1729 min
Histogram: 1 1 0 0 0 0 0 0 1 1
Neighs:          11000 ave       11692 max       10248 min
Histogram: 1 0 1 0 0 0 0 0 1 1

Total # of neighbors = 44000
Ave neighs/atom = 88
Neighbor list builds = 0
Dangerous builds = 0
unfix 2

variable lat_const equal "lx/5"
variable eatom equal "pe/count(all)"
variable teng equal "pe"
variable natoms equal "count(all)"

print "Lattice parameter (lx/5) = ${lat_const} A"
Lattice parameter (lx/5) = 3.5081855635717 A
print "Total Potential Energy (PE) = ${teng} eV"
Total Potential Energy (PE) = -2102.69761562255 eV
print "Number of atoms = ${natoms}"
Number of atoms = 500
print "Cohesive energy (PE/N) = ${eatom} eV"
Cohesive energy (PE/N) = -4.20539523124511 eV
print "Minimization completed."
Minimization completed.

write_data A5_8_minimized.data
System init for write_data ...
Total wall time: 0:00:00
