read_data A3_5.data
Reading data file ...
  triclinic box = (0 0 0) to (17.6 17.6 17.6) with tilt (1.0776892e-15 1.0776892e-15 1.0776892e-15)
  1 by 2 by 2 MPI processor grid
  reading atoms ...
  500 atoms
  read_data CPU = 0.012 seconds

mass 1 58.6934  # Ni
mass 2 55.845   # Fe
mass 3 51.9961  # Cr

pair_style eam/alloy
pair_coeff * * FeNiCr_bonny.eam.alloy Ni Fe Cr

neighbor 2.0 bin
neigh_modify delay 0 check yes
timestep 0.001

thermo 10
thermo_style custom step lx ly lz pe press fmax vol

# --- ЭТАПЫ МИНИМИЗАЦИИ ---
min_style cg
minimize 1.0e-8 1.0e-9 1000 5000

CITE-CITE-CITE-CITE-CITE-CITE-CITE-CITE-CITE-CITE-CITE-CITE-CITE

Your simulation uses code contributions which should be cited:

- Type Label Framework: https://doi.org/10.1021/acs.jpcb.3c08419

@Article{Gissinger24,
 author = {Jacob R. Gissinger, Ilia Nikiforov, Yaser Afshar, Brendon Waters, Moon-ki Choi, Daniel S. Karls, Alexander Stukowski, Wonpil Im, Hendrik Heinz, Axel Kohlmeyer, and Ellad B. Tadmor},
 title = {Type Label Framework for Bonded Force Fields in LAMMPS},
 journal = {J. Phys. Chem. B},
 year =    2024,
 volume =  128,
 number =  13,
 pages =   {3282–-3297}
}

CITE-CITE-CITE-CITE-CITE-CITE-CITE-CITE-CITE-CITE-CITE-CITE-CITE

Neighbor list info ...
  update: every = 1 steps, delay = 0 steps, check = yes
  max neighbors/atom: 2000, page size: 100000
  master list distance cutoff = 7.6
  ghost atom cutoff = 7.6
  binsize = 3.8, bins = 5 5 5
  1 neighbor lists, perpetual/occasional/extra = 1 0 0
  (1) pair eam/alloy, perpetual
      attributes: half, newton on
      pair build: half/bin/atomonly/newton/tri
      stencil: half/bin/3d/tri
      bin: standard
Per MPI rank memory allocation (min/avg/max) = 4.514 | 4.514 | 4.514 Mbytes
   Step           Lx             Ly             Lz           PotEng         Press           Fmax          Volume    
         0   17.6           17.6           17.6          -2125.0333     -17145.409      0.69548994     5451.776     
        10   17.6           17.6           17.6          -2127.0511     -18285.549      0.0072353845   5451.776     
        16   17.6           17.6           17.6          -2127.0519     -18274.502      0.00092635314  5451.776     
Loop time of 0.0290453 on 4 procs for 16 steps with 500 atoms

62.4% CPU use with 4 MPI tasks x 1 OpenMP threads

Minimization stats:
  Stopping criterion = energy tolerance
  Energy initial, next-to-last, final = 
     -2125.03330677575   -2127.0519223834  -2127.05193251515
  Force two-norm initial, final = 7.1258013 0.0096494177
  Force max component initial, final = 0.69548994 0.00092635314
  Final line search alpha, max atom move = 1 0.00092635314
  Iterations, force evaluations = 16 32

MPI task timing breakdown:
Section |  min time  |  avg time  |  max time  |%varavg| %total
---------------------------------------------------------------
Pair    | 0.024828   | 0.024874   | 0.024933   |   0.0 | 85.64
Neigh   | 0          | 0          | 0          |   0.0 |  0.00
Comm    | 0.0023766  | 0.0028841  | 0.0031876  |   0.6 |  9.93
Output  | 2.6594e-05 | 3.7564e-05 | 7.0201e-05 |   0.0 |  0.13
Modify  | 0          | 0          | 0          |   0.0 |  0.00
Other   |            | 0.001249   |            |       |  4.30

Nlocal:            125 ave         180 max          80 min
Histogram: 1 0 0 0 2 0 0 0 0 1
Nghost:           1737 ave        1782 max        1682 min
Histogram: 1 0 0 0 0 0 2 0 0 1
Neighs:          11000 ave       15732 max        7076 min
Histogram: 1 0 0 0 2 0 0 0 0 1

Total # of neighbors = 44000
Ave neighs/atom = 88
Neighbor list builds = 0
Dangerous builds = 0

# Релаксация ячейки aniso
fix 1 all box/relax aniso 0.0 vmax 0.0001
min_style cg
minimize 1.0e-10 1.0e-11 1000 5000
WARNING: Energy due to 3 extra global DOFs will be included in minimizer energies
 (src/min.cpp:219)
Per MPI rank memory allocation (min/avg/max) = 4.514 | 4.514 | 4.514 Mbytes
   Step           Lx             Ly             Lz           PotEng         Press           Fmax          Volume    
        16   17.6           17.6           17.6          -2127.0519     -18274.502      0.00092635314  5451.776     
        20   17.59296       17.593356      17.593016     -2127.1207     -16118.027      0.0056493286   5445.3765    
        30   17.57536       17.57692       17.575541     -2127.254      -10668.012      0.020197345    5429.4483    
        40   17.55776       17.560982      17.55802      -2127.3321     -5157.2371      0.034353659    5413.6909    
        50   17.540383      17.548611      17.540424     -2127.3558      52.533171      0.046448326    5399.1069    
        60   17.538443      17.551871      17.538097     -2127.3577      110.91088      0.040300046    5398.7963    
        70   17.536904      17.551033      17.539765     -2127.3613      49.252256      0.028579445    5398.5777    
        80   17.538844      17.552342      17.537553     -2127.3621     -102.13584      0.025799775    5398.8969    
        90   17.536215      17.550705      17.539752     -2127.3634      56.884746      0.022604385    5398.2608    
       100   17.537933      17.552435      17.541177     -2127.3643     -557.1395       0.017253366    5399.7603    
       110   17.53673       17.550859      17.536746     -2127.367       0.2878424      0.0062654144   5397.5416    
       120   17.535648      17.550415      17.536257     -2127.3677      124.71437      0.0015143833   5396.9218    
       128   17.536086      17.550981      17.53643      -2127.3678      3.2568933      0.0010580786   5397.2837    
Loop time of 0.188427 on 4 procs for 112 steps with 500 atoms

75.7% CPU use with 4 MPI tasks x 1 OpenMP threads

Minimization stats:
  Stopping criterion = energy tolerance
  Energy initial, next-to-last, final = 
     -2127.05193251515  -2127.36779615763  -2127.36779623511
  Force two-norm initial, final = 107.73714 0.023984286
  Force max component initial, final = 63.513593 0.016762509
  Final line search alpha, max atom move = 0.0075230714 0.00012610555
  Iterations, force evaluations = 112 151

MPI task timing breakdown:
Section |  min time  |  avg time  |  max time  |%varavg| %total
---------------------------------------------------------------
Pair    | 0.12059    | 0.12322    | 0.12545    |   0.5 | 65.40
Neigh   | 0          | 0          | 0          |   0.0 |  0.00
Comm    | 0.019476   | 0.028222   | 0.032506   |   3.2 | 14.98
Output  | 0.00042835 | 0.00066692 | 0.0013797  |   0.0 |  0.35
Modify  | 0          | 0          | 0          |   0.0 |  0.00
Other   |            | 0.03632    |            |       | 19.27

Nlocal:            125 ave         129 max         122 min
Histogram: 1 1 0 0 0 1 0 0 0 1
Nghost:           1737 ave        1740 max        1733 min
Histogram: 1 0 0 0 1 0 0 0 1 1
Neighs:          11000 ave       11323 max       10641 min
Histogram: 1 0 0 1 0 0 0 1 0 1

Total # of neighbors = 44000
Ave neighs/atom = 88
Neighbor list builds = 0
Dangerous builds = 0
unfix 1

# Промежуточная минимизация атомов
min_style cg
minimize 1.0e-10 1.0e-11 1000 5000
Per MPI rank memory allocation (min/avg/max) = 4.514 | 4.514 | 4.514 Mbytes
   Step           Lx             Ly             Lz           PotEng         Press           Fmax          Volume    
       128   17.536086      17.550981      17.53643      -2127.3678      3.2568933      0.0010580786   5397.2837    
       130   17.536086      17.550981      17.53643      -2127.3678     -2.8642218      0.00073773177  5397.2837    
       136   17.536086      17.550981      17.53643      -2127.3678      0.083917059    0.00010499262  5397.2837    
Loop time of 0.0275732 on 4 procs for 8 steps with 500 atoms

57.5% CPU use with 4 MPI tasks x 1 OpenMP threads

Minimization stats:
  Stopping criterion = energy tolerance
  Energy initial, next-to-last, final = 
     -2127.36779623511  -2127.36781791991  -2127.36781803938
  Force two-norm initial, final = 0.012613748 0.0010527341
  Force max component initial, final = 0.0010580786 0.00010499262
  Final line search alpha, max atom move = 1 0.00010499262
  Iterations, force evaluations = 8 16

MPI task timing breakdown:
Section |  min time  |  avg time  |  max time  |%varavg| %total
---------------------------------------------------------------
Pair    | 0.016661   | 0.017227   | 0.018049   |   0.4 | 62.48
Neigh   | 0          | 0          | 0          |   0.0 |  0.00
Comm    | 0.0012164  | 0.0035671  | 0.0056123  |   3.0 | 12.94
Output  | 2.2244e-05 | 4.1212e-05 | 9.5844e-05 |   0.0 |  0.15
Modify  | 0          | 0          | 0          |   0.0 |  0.00
Other   |            | 0.006738   |            |       | 24.44

Nlocal:            125 ave         130 max         122 min
Histogram: 2 0 0 0 0 1 0 0 0 1
Nghost:           1737 ave        1740 max        1732 min
Histogram: 1 0 0 0 0 1 0 0 0 2
Neighs:          11000 ave       11414 max       10636 min
Histogram: 1 1 0 0 0 0 1 0 0 1

Total # of neighbors = 44000
Ave neighs/atom = 88
Neighbor list builds = 0
Dangerous builds = 0

# Релаксация ячейки iso
fix 2 all box/relax iso 0.0 vmax 0.0001
min_style cg
minimize 1.0e-10 1.0e-11 1000 5000
WARNING: Energy due to 1 extra global DOFs will be included in minimizer energies
 (src/min.cpp:219)
Per MPI rank memory allocation (min/avg/max) = 4.514 | 4.514 | 4.514 Mbytes
   Step           Lx             Ly             Lz           PotEng         Press           Fmax          Volume    
       136   17.536086      17.550981      17.53643      -2127.3678      0.08391706     0.00010499262  5397.2837    
       137   17.536087      17.550981      17.536431     -2127.3678     -0.12937818     0.00010492328  5397.2843    
Loop time of 0.00240652 on 4 procs for 1 steps with 500 atoms

81.7% CPU use with 4 MPI tasks x 1 OpenMP threads

Minimization stats:
  Stopping criterion = energy tolerance
  Energy initial, next-to-last, final = 
     -2127.36781803938  -2127.36781803938  -2127.36781803943
  Force two-norm initial, final = 0.0013518459 0.0016781355
  Force max component initial, final = 0.00084807919 0.0013075167
  Final line search alpha, max atom move = 0.11791352 0.00015417389
  Iterations, force evaluations = 1 2

MPI task timing breakdown:
Section |  min time  |  avg time  |  max time  |%varavg| %total
---------------------------------------------------------------
Pair    | 0.0019381  | 0.0019528  | 0.0019614  |   0.0 | 81.15
Neigh   | 0          | 0          | 0          |   0.0 |  0.00
Comm    | 0.00017646 | 0.0002151  | 0.00024726 |   0.0 |  8.94
Output  | 0          | 0          | 0          |   0.0 |  0.00
Modify  | 0          | 0          | 0          |   0.0 |  0.00
Other   |            | 0.0002386  |            |       |  9.91

Nlocal:            125 ave         129 max         122 min
Histogram: 1 1 0 0 0 1 0 0 0 1
Nghost:           1737 ave        1740 max        1733 min
Histogram: 1 0 0 0 1 0 0 0 1 1
Neighs:          11000 ave       11323 max       10727 min
Histogram: 2 0 0 0 0 0 0 1 0 1

Total # of neighbors = 44000
Ave neighs/atom = 88
Neighbor list builds = 0
Dangerous builds = 0
unfix 2

variable lat_const equal "lx/5"
variable eatom equal "pe/count(all)"
variable teng equal "pe"
variable natoms equal "count(all)"

print "Lattice parameter (lx/5) = ${lat_const} A"
Lattice parameter (lx/5) = 3.50721730997258 A
print "Total Potential Energy (PE) = ${teng} eV"
Total Potential Energy (PE) = -2127.36781803943 eV
print "Number of atoms = ${natoms}"
Number of atoms = 500
print "Cohesive energy (PE/N) = ${eatom} eV"
Cohesive energy (PE/N) = -4.25473563607885 eV
print "Minimization completed."
Minimization completed.

write_data A3_5_minimized.data
System init for write_data ...
Total wall time: 0:00:00
