read_data A3_7.data
Reading data file ...
  triclinic box = (0 0 0) to (17.6 17.6 17.6) with tilt (1.0776892e-15 1.0776892e-15 1.0776892e-15)
  1 by 2 by 2 MPI processor grid
  reading atoms ...
  500 atoms
  read_data CPU = 0.009 seconds

mass 1 58.6934  # Ni
mass 2 55.845   # Fe
mass 3 51.9961  # Cr

pair_style eam/alloy
pair_coeff * * FeNiCr_bonny.eam.alloy Ni Fe Cr

neighbor 2.0 bin
neigh_modify delay 0 check yes
timestep 0.001

thermo 10
thermo_style custom step lx ly lz pe press fmax vol

# --- ЭТАПЫ МИНИМИЗАЦИИ ---
min_style cg
minimize 1.0e-8 1.0e-9 1000 5000

CITE-CITE-CITE-CITE-CITE-CITE-CITE-CITE-CITE-CITE-CITE-CITE-CITE

Your simulation uses code contributions which should be cited:

- Type Label Framework: https://doi.org/10.1021/acs.jpcb.3c08419

@Article{Gissinger24,
 author = {Jacob R. Gissinger, Ilia Nikiforov, Yaser Afshar, Brendon Waters, Moon-ki Choi, Daniel S. Karls, Alexander Stukowski, Wonpil Im, Hendrik Heinz, Axel Kohlmeyer, and Ellad B. Tadmor},
 title = {Type Label Framework for Bonded Force Fields in LAMMPS},
 journal = {J. Phys. Chem. B},
 year =    2024,
 volume =  128,
 number =  13,
 pages =   {3282–-3297}
}

CITE-CITE-CITE-CITE-CITE-CITE-CITE-CITE-CITE-CITE-CITE-CITE-CITE

Neighbor list info ...
  update: every = 1 steps, delay = 0 steps, check = yes
  max neighbors/atom: 2000, page size: 100000
  master list distance cutoff = 7.6
  ghost atom cutoff = 7.6
  binsize = 3.8, bins = 5 5 5
  1 neighbor lists, perpetual/occasional/extra = 1 0 0
  (1) pair eam/alloy, perpetual
      attributes: half, newton on
      pair build: half/bin/atomonly/newton/tri
      stencil: half/bin/3d/tri
      bin: standard
Per MPI rank memory allocation (min/avg/max) = 4.514 | 4.514 | 4.514 Mbytes
   Step           Lx             Ly             Lz           PotEng         Press           Fmax          Volume    
         0   17.6           17.6           17.6          -2125.0084     -16002.631      0.68210743     5451.776     
        10   17.6           17.6           17.6          -2127.0029     -17371.148      0.0091289393   5451.776     
        16   17.6           17.6           17.6          -2127.0041     -17380.041      0.00076991387  5451.776     
Loop time of 0.0435055 on 4 procs for 16 steps with 500 atoms

75.7% CPU use with 4 MPI tasks x 1 OpenMP threads

Minimization stats:
  Stopping criterion = energy tolerance
  Energy initial, next-to-last, final = 
     -2125.00844743349   -2127.0040525824   -2127.0040612512
  Force two-norm initial, final = 7.065148 0.0088048659
  Force max component initial, final = 0.68210743 0.00076991387
  Final line search alpha, max atom move = 1 0.00076991387
  Iterations, force evaluations = 16 32

MPI task timing breakdown:
Section |  min time  |  avg time  |  max time  |%varavg| %total
---------------------------------------------------------------
Pair    | 0.033417   | 0.033895   | 0.035061   |   0.4 | 77.91
Neigh   | 0          | 0          | 0          |   0.0 |  0.00
Comm    | 0.0050096  | 0.0059082  | 0.006885   |   0.9 | 13.58
Output  | 3.8736e-05 | 6.6335e-05 | 0.00014831 |   0.0 |  0.15
Modify  | 0          | 0          | 0          |   0.0 |  0.00
Other   |            | 0.003636   |            |       |  8.36

Nlocal:            125 ave         180 max          80 min
Histogram: 1 0 0 0 2 0 0 0 0 1
Nghost:           1737 ave        1782 max        1682 min
Histogram: 1 0 0 0 0 0 2 0 0 1
Neighs:          11000 ave       15848 max        7031 min
Histogram: 1 0 0 1 1 0 0 0 0 1

Total # of neighbors = 44000
Ave neighs/atom = 88
Neighbor list builds = 0
Dangerous builds = 0

# Релаксация ячейки aniso
fix 1 all box/relax aniso 0.0 vmax 0.0001
min_style cg
minimize 1.0e-10 1.0e-11 1000 5000
WARNING: Energy due to 3 extra global DOFs will be included in minimizer energies
 (src/min.cpp:219)
Per MPI rank memory allocation (min/avg/max) = 4.514 | 4.514 | 4.514 Mbytes
   Step           Lx             Ly             Lz           PotEng         Press           Fmax          Volume    
        16   17.6           17.6           17.6          -2127.0041     -17380.041      0.00076991387  5451.776     
        20   17.593274      17.59296       17.593223     -2127.0688     -15235.035      0.0055817894   5445.4151    
        30   17.57664       17.57536       17.576419     -2127.1925     -9832.5092      0.019829436    5429.633     
        40   17.560544      17.55776       17.560024     -2127.2615     -4426.27        0.03395116     5414.1737    
        50   17.54984       17.54016       17.547739     -2127.279       31.366358      0.046180369    5401.6678    
        60   17.550941      17.53825       17.547913     -2127.2816      12.204697      0.037809115    5401.4722    
        70   17.550384      17.537923      17.546827     -2127.2869     -89.857365      0.011113422    5400.8654    
        80   17.54864       17.537095      17.54892      -2127.2875     -108.50815      0.0059722944   5400.7183    
        90   17.549684      17.535899      17.547063     -2127.288       32.678479      0.0031035284   5400.0995    
       100   17.549748      17.536098      17.547254     -2127.2882     -20.769998      0.0015020098   5400.2393    
       108   17.549755      17.536244      17.54686      -2127.2882     -9.182156       0.00072524574  5400.1654    
Loop time of 0.181257 on 4 procs for 92 steps with 500 atoms

79.3% CPU use with 4 MPI tasks x 1 OpenMP threads

Minimization stats:
  Stopping criterion = energy tolerance
  Energy initial, next-to-last, final = 
     -2127.00406125121    -2127.288233374  -2127.28823350372
  Force two-norm initial, final = 102.452 0.057194884
  Force max component initial, final = 60.740641 0.043631488
  Final line search alpha, max atom move = 0.063994922 0.0027921937
  Iterations, force evaluations = 92 131

MPI task timing breakdown:
Section |  min time  |  avg time  |  max time  |%varavg| %total
---------------------------------------------------------------
Pair    | 0.11687    | 0.11876    | 0.1216     |   0.5 | 65.52
Neigh   | 0          | 0          | 0          |   0.0 |  0.00
Comm    | 0.020908   | 0.022069   | 0.024236   |   0.9 | 12.18
Output  | 0.00022295 | 0.00035337 | 0.00074223 |   0.0 |  0.19
Modify  | 0          | 0          | 0          |   0.0 |  0.00
Other   |            | 0.04007    |            |       | 22.11

Nlocal:            125 ave         141 max         109 min
Histogram: 1 0 0 1 0 0 1 0 0 1
Nghost:           1737 ave        1753 max        1721 min
Histogram: 1 0 0 1 0 0 1 0 0 1
Neighs:          11000 ave       12396 max        9564 min
Histogram: 1 0 0 1 0 0 1 0 0 1

Total # of neighbors = 44000
Ave neighs/atom = 88
Neighbor list builds = 0
Dangerous builds = 0
unfix 1

# Промежуточная минимизация атомов
min_style cg
minimize 1.0e-10 1.0e-11 1000 5000
Per MPI rank memory allocation (min/avg/max) = 4.514 | 4.514 | 4.514 Mbytes
   Step           Lx             Ly             Lz           PotEng         Press           Fmax          Volume    
       108   17.549755      17.536244      17.54686      -2127.2882     -9.182156       0.00072524574  5400.1654    
       110   17.549755      17.536244      17.54686      -2127.2882     -9.0956614      0.00075233879  5400.1654    
       115   17.549755      17.536244      17.54686      -2127.2882     -9.4563302      0.00013650736  5400.1654    
Loop time of 0.0215291 on 4 procs for 7 steps with 500 atoms

88.6% CPU use with 4 MPI tasks x 1 OpenMP threads

Minimization stats:
  Stopping criterion = energy tolerance
  Energy initial, next-to-last, final = 
     -2127.28823350372  -2127.28824770352  -2127.28824784255
  Force two-norm initial, final = 0.0082304311 0.001353345
  Force max component initial, final = 0.00072524574 0.00013650736
  Final line search alpha, max atom move = 1 0.00013650736
  Iterations, force evaluations = 7 14

MPI task timing breakdown:
Section |  min time  |  avg time  |  max time  |%varavg| %total
---------------------------------------------------------------
Pair    | 0.011483   | 0.014709   | 0.01952    |   2.8 | 68.32
Neigh   | 0          | 0          | 0          |   0.0 |  0.00
Comm    | 0.0010952  | 0.0058534  | 0.0090286  |   4.4 | 27.19
Output  | 2.7304e-05 | 3.9259e-05 | 7.4726e-05 |   0.0 |  0.18
Modify  | 0          | 0          | 0          |   0.0 |  0.00
Other   |            | 0.0009269  |            |       |  4.31

Nlocal:            125 ave         137 max         110 min
Histogram: 1 0 0 1 0 0 0 0 1 1
Nghost:           1737 ave        1752 max        1725 min
Histogram: 1 1 0 0 0 0 1 0 0 1
Neighs:          11000 ave       12031 max        9661 min
Histogram: 1 0 0 1 0 0 0 0 0 2

Total # of neighbors = 44000
Ave neighs/atom = 88
Neighbor list builds = 0
Dangerous builds = 0

# Релаксация ячейки iso
fix 2 all box/relax iso 0.0 vmax 0.0001
min_style cg
minimize 1.0e-10 1.0e-11 1000 5000
WARNING: Energy due to 1 extra global DOFs will be included in minimizer energies
 (src/min.cpp:219)
Per MPI rank memory allocation (min/avg/max) = 4.514 | 4.514 | 4.514 Mbytes
   Step           Lx             Ly             Lz           PotEng         Press           Fmax          Volume    
       115   17.549755      17.536244      17.54686      -2127.2882     -9.4563302      0.00013650736  5400.1654    
       116   17.549727      17.536216      17.546832     -2127.2882     -0.0058632016   0.00013804534  5400.1392    
Loop time of 0.00257559 on 4 procs for 1 steps with 500 atoms

98.0% CPU use with 4 MPI tasks x 1 OpenMP threads

Minimization stats:
  Stopping criterion = energy tolerance
  Energy initial, next-to-last, final = 
     -2127.28824784255  -2127.28824784255  -2127.28824792001
  Force two-norm initial, final = 0.095627782 0.0014565129
  Force max component initial, final = 0.095618205 0.00013804534
  Final line search alpha, max atom move = 0.001045826 1.443714e-07
  Iterations, force evaluations = 1 2

MPI task timing breakdown:
Section |  min time  |  avg time  |  max time  |%varavg| %total
---------------------------------------------------------------
Pair    | 0.002125   | 0.0021378  | 0.002159   |   0.0 | 83.00
Neigh   | 0          | 0          | 0          |   0.0 |  0.00
Comm    | 0.0001787  | 0.0002     | 0.00021167 |   0.0 |  7.77
Output  | 0          | 0          | 0          |   0.0 |  0.00
Modify  | 0          | 0          | 0          |   0.0 |  0.00
Other   |            | 0.0002377  |            |       |  9.23

Nlocal:            125 ave         138 max         109 min
Histogram: 1 0 0 1 0 0 0 0 1 1
Nghost:           1737 ave        1753 max        1724 min
Histogram: 1 1 0 0 0 0 1 0 0 1
Neighs:          11000 ave       12124 max        9568 min
Histogram: 1 0 0 1 0 0 0 0 1 1

Total # of neighbors = 44000
Ave neighs/atom = 88
Neighbor list builds = 0
Dangerous builds = 0
unfix 2

variable lat_const equal "lx/5"
variable eatom equal "pe/count(all)"
variable teng equal "pe"
variable natoms equal "count(all)"

print "Lattice parameter (lx/5) = ${lat_const} A"
Lattice parameter (lx/5) = 3.50994534403441 A
print "Total Potential Energy (PE) = ${teng} eV"
Total Potential Energy (PE) = -2127.28824792001 eV
print "Number of atoms = ${natoms}"
Number of atoms = 500
print "Cohesive energy (PE/N) = ${eatom} eV"
Cohesive energy (PE/N) = -4.25457649584001 eV
print "Minimization completed."
Minimization completed.

write_data A3_7_minimized.data
System init for write_data ...
Total wall time: 0:00:00
