read_data A3_9.data
Reading data file ...
  triclinic box = (0 0 0) to (17.6 17.6 17.6) with tilt (1.0776892e-15 1.0776892e-15 1.0776892e-15)
  1 by 2 by 2 MPI processor grid
  reading atoms ...
  500 atoms
  read_data CPU = 0.007 seconds

mass 1 58.6934  # Ni
mass 2 55.845   # Fe
mass 3 51.9961  # Cr

pair_style eam/alloy
pair_coeff * * FeNiCr_bonny.eam.alloy Ni Fe Cr

neighbor 2.0 bin
neigh_modify delay 0 check yes
timestep 0.001

thermo 10
thermo_style custom step lx ly lz pe press fmax vol

# --- ЭТАПЫ МИНИМИЗАЦИИ ---
min_style cg
minimize 1.0e-8 1.0e-9 1000 5000

CITE-CITE-CITE-CITE-CITE-CITE-CITE-CITE-CITE-CITE-CITE-CITE-CITE

Your simulation uses code contributions which should be cited:

- Type Label Framework: https://doi.org/10.1021/acs.jpcb.3c08419

@Article{Gissinger24,
 author = {Jacob R. Gissinger, Ilia Nikiforov, Yaser Afshar, Brendon Waters, Moon-ki Choi, Daniel S. Karls, Alexander Stukowski, Wonpil Im, Hendrik Heinz, Axel Kohlmeyer, and Ellad B. Tadmor},
 title = {Type Label Framework for Bonded Force Fields in LAMMPS},
 journal = {J. Phys. Chem. B},
 year =    2024,
 volume =  128,
 number =  13,
 pages =   {3282–-3297}
}

CITE-CITE-CITE-CITE-CITE-CITE-CITE-CITE-CITE-CITE-CITE-CITE-CITE

Neighbor list info ...
  update: every = 1 steps, delay = 0 steps, check = yes
  max neighbors/atom: 2000, page size: 100000
  master list distance cutoff = 7.6
  ghost atom cutoff = 7.6
  binsize = 3.8, bins = 5 5 5
  1 neighbor lists, perpetual/occasional/extra = 1 0 0
  (1) pair eam/alloy, perpetual
      attributes: half, newton on
      pair build: half/bin/atomonly/newton/tri
      stencil: half/bin/3d/tri
      bin: standard
Per MPI rank memory allocation (min/avg/max) = 4.514 | 4.514 | 4.514 Mbytes
   Step           Lx             Ly             Lz           PotEng         Press           Fmax          Volume    
         0   17.6           17.6           17.6          -2125.4685     -15581.215      0.69354499     5451.776     
        10   17.6           17.6           17.6          -2127.4762     -16727.801      0.0075156232   5451.776     
        15   17.6           17.6           17.6          -2127.477      -16730.115      0.0012188737   5451.776     
Loop time of 0.0284087 on 4 procs for 15 steps with 500 atoms

85.9% CPU use with 4 MPI tasks x 1 OpenMP threads

Minimization stats:
  Stopping criterion = energy tolerance
  Energy initial, next-to-last, final = 
     -2125.46850109537   -2127.4769379165  -2127.47695915677
  Force two-norm initial, final = 7.035956 0.012657615
  Force max component initial, final = 0.69354499 0.0012188737
  Final line search alpha, max atom move = 1 0.0012188737
  Iterations, force evaluations = 15 30

MPI task timing breakdown:
Section |  min time  |  avg time  |  max time  |%varavg| %total
---------------------------------------------------------------
Pair    | 0.022054   | 0.022466   | 0.022802   |   0.2 | 79.08
Neigh   | 0          | 0          | 0          |   0.0 |  0.00
Comm    | 0.0015854  | 0.0021722  | 0.0028851  |   1.0 |  7.65
Output  | 5.4503e-05 | 0.00010591 | 0.00025959 |   0.0 |  0.37
Modify  | 0          | 0          | 0          |   0.0 |  0.00
Other   |            | 0.003665   |            |       | 12.90

Nlocal:            125 ave         180 max          80 min
Histogram: 1 0 0 0 2 0 0 0 0 1
Nghost:           1737 ave        1782 max        1682 min
Histogram: 1 0 0 0 0 0 2 0 0 1
Neighs:          11000 ave       15799 max        7096 min
Histogram: 1 0 0 2 0 0 0 0 0 1

Total # of neighbors = 44000
Ave neighs/atom = 88
Neighbor list builds = 0
Dangerous builds = 0

# Релаксация ячейки aniso
fix 1 all box/relax aniso 0.0 vmax 0.0001
min_style cg
minimize 1.0e-10 1.0e-11 1000 5000
WARNING: Energy due to 3 extra global DOFs will be included in minimizer energies
 (src/min.cpp:219)
Per MPI rank memory allocation (min/avg/max) = 4.514 | 4.514 | 4.514 Mbytes
   Step           Lx             Ly             Lz           PotEng         Press           Fmax          Volume    
        15   17.6           17.6           17.6          -2127.477      -16730.115      0.0012188737   5451.776     
        20   17.592619      17.592045      17.5912       -2127.5495     -14212.771      0.0072331628   5444.303     
        30   17.578473      17.576508      17.5736       -2127.6573     -9214.0409      0.020625289    5429.6833    
        40   17.565904      17.561924      17.556        -2127.7172     -4397.7031      0.033717197    5415.8692    
        50   17.558829      17.550653      17.5384       -2127.7359     -465.36807      0.04524042     5404.7897    
        60   17.566471      17.550335      17.525808     -2127.7384      100.99943      0.047393478    5403.1619    
        70   17.567309      17.550611      17.520916     -2127.7476     -40.87306       0.0097346113   5401.9964    
        80   17.567775      17.549414      17.521393     -2127.7481     -50.782173      0.006164306    5401.9185    
        90   17.568198      17.549117      17.520751     -2127.7482     -3.8076176      0.005427455    5401.7591    
       100   17.568105      17.549353      17.520185     -2127.7483     -3.1938378      0.0069854168   5401.6283    
       110   17.568067      17.549303      17.520133     -2127.7483     -10.658913      0.0031768314   5401.5853    
Loop time of 0.17272 on 4 procs for 95 steps with 500 atoms

84.0% CPU use with 4 MPI tasks x 1 OpenMP threads

Minimization stats:
  Stopping criterion = energy tolerance
  Energy initial, next-to-last, final = 
     -2127.47695915677  -2127.74832736804  -2127.74832756607
  Force two-norm initial, final = 98.836747 0.071176656
  Force max component initial, final = 62.013632 0.042006057
  Final line search alpha, max atom move = 0.0044005715 0.00018485066
  Iterations, force evaluations = 95 135

MPI task timing breakdown:
Section |  min time  |  avg time  |  max time  |%varavg| %total
---------------------------------------------------------------
Pair    | 0.12742    | 0.13368    | 0.14026    |   1.3 | 77.40
Neigh   | 0          | 0          | 0          |   0.0 |  0.00
Comm    | 0.013892   | 0.022011   | 0.029794   |   4.3 | 12.74
Output  | 0.00028199 | 0.00044816 | 0.00094113 |   0.0 |  0.26
Modify  | 0          | 0          | 0          |   0.0 |  0.00
Other   |            | 0.01658    |            |       |  9.60

Nlocal:            125 ave         156 max          94 min
Histogram: 1 0 1 0 0 0 0 1 0 1
Nghost:           1737 ave        1768 max        1706 min
Histogram: 1 0 1 0 0 0 0 1 0 1
Neighs:          11000 ave       13759 max        8263 min
Histogram: 1 0 1 0 0 0 1 0 0 1

Total # of neighbors = 44000
Ave neighs/atom = 88
Neighbor list builds = 0
Dangerous builds = 0
unfix 1

# Промежуточная минимизация атомов
min_style cg
minimize 1.0e-10 1.0e-11 1000 5000
Per MPI rank memory allocation (min/avg/max) = 4.514 | 4.514 | 4.514 Mbytes
   Step           Lx             Ly             Lz           PotEng         Press           Fmax          Volume    
       110   17.568067      17.549303      17.520133     -2127.7483     -10.658913      0.0031768314   5401.5853    
       120   17.568067      17.549303      17.520133     -2127.7485      22.787907      7.702376e-05   5401.5853    
Loop time of 0.0105573 on 4 procs for 10 steps with 500 atoms

91.4% CPU use with 4 MPI tasks x 1 OpenMP threads

Minimization stats:
  Stopping criterion = energy tolerance
  Energy initial, next-to-last, final = 
     -2127.74832756607  -2127.74845803301  -2127.74845812834
  Force two-norm initial, final = 0.033332906 0.00090776466
  Force max component initial, final = 0.0031768314 7.702376e-05
  Final line search alpha, max atom move = 1 7.702376e-05
  Iterations, force evaluations = 10 20

MPI task timing breakdown:
Section |  min time  |  avg time  |  max time  |%varavg| %total
---------------------------------------------------------------
Pair    | 0.0094205  | 0.0094419  | 0.0094546  |   0.0 | 89.43
Neigh   | 0          | 0          | 0          |   0.0 |  0.00
Comm    | 0.0007827  | 0.00082088 | 0.00085474 |   0.0 |  7.78
Output  | 0          | 0          | 0          |   0.0 |  0.00
Modify  | 0          | 0          | 0          |   0.0 |  0.00
Other   |            | 0.0002945  |            |       |  2.79

Nlocal:            125 ave         155 max          93 min
Histogram: 1 0 0 1 0 0 0 1 0 1
Nghost:           1737 ave        1769 max        1707 min
Histogram: 1 0 1 0 0 0 1 0 0 1
Neighs:          11000 ave       13668 max        8178 min
Histogram: 1 0 0 1 0 0 0 1 0 1

Total # of neighbors = 44000
Ave neighs/atom = 88
Neighbor list builds = 0
Dangerous builds = 0

# Релаксация ячейки iso
fix 2 all box/relax iso 0.0 vmax 0.0001
min_style cg
minimize 1.0e-10 1.0e-11 1000 5000
WARNING: Energy due to 1 extra global DOFs will be included in minimizer energies
 (src/min.cpp:219)
Per MPI rank memory allocation (min/avg/max) = 4.514 | 4.514 | 4.514 Mbytes
   Step           Lx             Ly             Lz           PotEng         Press           Fmax          Volume    
       120   17.568067      17.549303      17.520133     -2127.7485      22.787907      7.702376e-05   5401.5853    
       122   17.568138      17.549374      17.520204     -2127.7485     -0.075612108    6.4532933e-05  5401.6511    
Loop time of 0.00432367 on 4 procs for 2 steps with 500 atoms

85.6% CPU use with 4 MPI tasks x 1 OpenMP threads

Minimization stats:
  Stopping criterion = energy tolerance
  Energy initial, next-to-last, final = 
     -2127.74845812834  -2127.74845857991  -2127.74845862642
  Force two-norm initial, final = 0.23048355 0.0010508056
  Force max component initial, final = 0.23048177 0.00076476325
  Final line search alpha, max atom move = 1 0.00076476325
  Iterations, force evaluations = 2 4

MPI task timing breakdown:
Section |  min time  |  avg time  |  max time  |%varavg| %total
---------------------------------------------------------------
Pair    | 0.0036976  | 0.0037082  | 0.0037214  |   0.0 | 85.77
Neigh   | 0          | 0          | 0          |   0.0 |  0.00
Comm    | 0.0002614  | 0.00028016 | 0.00029873 |   0.0 |  6.48
Output  | 0          | 0          | 0          |   0.0 |  0.00
Modify  | 0          | 0          | 0          |   0.0 |  0.00
Other   |            | 0.0003353  |            |       |  7.75

Nlocal:            125 ave         156 max          94 min
Histogram: 1 0 0 1 0 0 1 0 0 1
Nghost:           1737 ave        1768 max        1706 min
Histogram: 1 0 0 1 0 0 1 0 0 1
Neighs:          11000 ave       13753 max        8263 min
Histogram: 1 0 0 1 0 0 1 0 0 1

Total # of neighbors = 44000
Ave neighs/atom = 88
Neighbor list builds = 0
Dangerous builds = 0
unfix 2

variable lat_const equal "lx/5"
variable eatom equal "pe/count(all)"
variable teng equal "pe"
variable natoms equal "count(all)"

print "Lattice parameter (lx/5) = ${lat_const} A"
Lattice parameter (lx/5) = 3.51362763326623 A
print "Total Potential Energy (PE) = ${teng} eV"
Total Potential Energy (PE) = -2127.74845862642 eV
print "Number of atoms = ${natoms}"
Number of atoms = 500
print "Cohesive energy (PE/N) = ${eatom} eV"
Cohesive energy (PE/N) = -4.25549691725284 eV
print "Minimization completed."
Minimization completed.

write_data A3_9_minimized.data
System init for write_data ...
Total wall time: 0:00:00
