read_data C1_4.data
Reading data file ...
  triclinic box = (0 0 0) to (17.35 17.35 17.35) with tilt (1.0623811e-15 1.0623811e-15 1.0623811e-15)
  1 by 1 by 1 MPI processor grid
  reading atoms ...
  500 atoms
  read_data CPU = 0.003 seconds

mass 1 58.6934  # Ni
mass 2 55.845   # Fe
mass 3 51.9961  # Cr

pair_style metatomic pet-mad-latest.pt device cpu

This is the PET-MAD v1.0.2 model
================================

A universal interatomic potential for advanced materials modeling

Model authors
-------------

- Arslan Mazitov (arslan.mazitov@epfl.ch)
- Filippo Bigi
- Matthias Kellner
- Paolo Pegolo
- Davide Tisi
- Guillaume Fraux
- Sergey Pozdnyakov
- Philip Loche
- Michele Ceriotti (michele.ceriotti@epfl.ch)

Model references
----------------

Please cite the following references when using this model:
- about this specific model:
  * http://arxiv.org/abs/2503.14118
- about the architecture of this model:
  * LLPR (uncertainty method):
    https://iopscience.iop.org/article/10.1088/2632-2153/ad805f
  * LPR (if using per-atom uncertainty):
    https://pubs.acs.org/doi/10.1021/acs.jctc.3c00704
  * https://arxiv.org/abs/2305.19302v3

WARNING: the model declared support for unknown device 'cuda', it will be ignored (src/ML-METATOMIC/pair_metatomic.cpp:216)
Running simulation on cpu device with float32 data
pair_coeff * * 28 26 24

neighbor 2.0 bin
neigh_modify delay 0 check yes
timestep 0.001

thermo 10
thermo_style custom step lx ly lz pe press fmax vol

# --- ЭТАПЫ МИНИМИЗАЦИИ ---
min_style cg
minimize 1.0e-8 1.0e-9 1000 5000

CITE-CITE-CITE-CITE-CITE-CITE-CITE-CITE-CITE-CITE-CITE-CITE-CITE

Your simulation uses code contributions which should be cited:

- LLPR (uncertainty method): https://iopscience.iop.org/article/10.1088/2632-2153/ad805f
- LPR (if using per-atom uncertainty): https://pubs.acs.org/doi/10.1021/acs.jctc.3c00704
- https://arxiv.org/abs/2305.19302v3
- http://arxiv.org/abs/2503.14118
CITE-CITE-CITE-CITE-CITE-CITE-CITE-CITE-CITE-CITE-CITE-CITE-CITE

Neighbor list info ...
  update: every = 1 steps, delay = 0 steps, check = yes
  max neighbors/atom: 2000, page size: 100000
  master list distance cutoff = 11
  ghost atom cutoff = 11
  binsize = 5.5, bins = 4 4 4
  1 neighbor lists, perpetual/occasional/extra = 1 0 0
  (1) pair metatomic, perpetual
      attributes: full, newton on, ghost
      pair build: full/bin/ghost
      stencil: full/ghost/bin/3d
      bin: standard
Per MPI rank memory allocation (min/avg/max) = 19.8 | 19.8 | 19.8 Mbytes
   Step           Lx             Ly             Lz           PotEng         Press           Fmax          Volume    
         0   17.35          17.35          17.35         -3835.9683      7266.7462      1.0441716      5222.7404    
        10   17.35          17.35          17.35         -3841.8418      9936.47        0.017786592    5222.7404    
        15   17.35          17.35          17.35         -3841.8455      9929.8681      0.0038052425   5222.7404    
Loop time of 69.6958 on 8 procs for 15 steps with 500 atoms

769.5% CPU use with 1 MPI tasks x 8 OpenMP threads

Minimization stats:
  Stopping criterion = energy tolerance
  Energy initial, next-to-last, final = 
     -3835.96826171875  -3841.84545898438  -3841.84545898438
  Force two-norm initial, final = 10.718912 0.026104699
  Force max component initial, final = 1.0441716 0.0038052425
  Final line search alpha, max atom move = 1 0.0038052425
  Iterations, force evaluations = 15 30

MPI task timing breakdown:
Section |  min time  |  avg time  |  max time  |%varavg| %total
---------------------------------------------------------------
Pair    | 69.694     | 69.694     | 69.694     |   0.0 |100.00
Neigh   | 0          | 0          | 0          |   0.0 |  0.00
Comm    | 0.00082331 | 0.00082331 | 0.00082331 |   0.0 |  0.00
Output  | 2.7888e-05 | 2.7888e-05 | 2.7888e-05 |   0.0 |  0.00
Modify  | 0          | 0          | 0          |   0.0 |  0.00
Other   |            | 0.0005418  |            |       |  0.00

Nlocal:            500 ave         500 max         500 min
Histogram: 1 0 0 0 0 0 0 0 0 0
Nghost:           5584 ave        5584 max        5584 min
Histogram: 1 0 0 0 0 0 0 0 0 0
Neighs:              0 ave           0 max           0 min
Histogram: 1 0 0 0 0 0 0 0 0 0
FullNghs:       277000 ave      277000 max      277000 min
Histogram: 1 0 0 0 0 0 0 0 0 0

Total # of neighbors = 277000
Ave neighs/atom = 554
Neighbor list builds = 0
Dangerous builds = 0

# Релаксация ячейки aniso
fix 1 all box/relax aniso 0.0 vmax 0.0001
min_style cg
minimize 1.0e-10 1.0e-11 1000 5000
WARNING: Energy due to 3 extra global DOFs will be included in minimizer energies
 (src/min.cpp:222)
Per MPI rank memory allocation (min/avg/max) = 19.8 | 19.8 | 19.8 Mbytes
   Step           Lx             Ly             Lz           PotEng         Press           Fmax          Volume    
        15   17.35          17.35          17.35         -3841.8459      9929.8748      0.0038055629   5222.7404    
        20   17.354455      17.357623      17.358675     -3841.8801      6511.208       0.0056647211   5228.9899    
        30   17.357356      17.371369      17.376025     -3841.9099      953.28085      0.014009729    5239.2371    
        38   17.347135      17.376816      17.38666      -3841.9153      0.24299758     0.018624358    5240.9993    
Loop time of 88.1121 on 8 procs for 23 steps with 500 atoms

781.3% CPU use with 1 MPI tasks x 8 OpenMP threads

Minimization stats:
  Stopping criterion = linesearch alpha is zero
  Energy initial, next-to-last, final = 
     -3841.84594726562  -3841.91528320312  -3841.91528320312
  Force two-norm initial, final = 57.516246 2.4353195
  Force max component initial, final = 39.631672 1.9274804
  Final line search alpha, max atom move = 1.5832886e-09 3.0517576e-09
  Iterations, force evaluations = 23 38

MPI task timing breakdown:
Section |  min time  |  avg time  |  max time  |%varavg| %total
---------------------------------------------------------------
Pair    | 88.108     | 88.108     | 88.108     |   0.0 |100.00
Neigh   | 0          | 0          | 0          |   0.0 |  0.00
Comm    | 0.00079519 | 0.00079519 | 0.00079519 |   0.0 |  0.00
Output  | 0.00011213 | 0.00011213 | 0.00011213 |   0.0 |  0.00
Modify  | 0          | 0          | 0          |   0.0 |  0.00
Other   |            | 0.00282    |            |       |  0.00

Nlocal:            500 ave         500 max         500 min
Histogram: 1 0 0 0 0 0 0 0 0 0
Nghost:           5584 ave        5584 max        5584 min
Histogram: 1 0 0 0 0 0 0 0 0 0
Neighs:              0 ave           0 max           0 min
Histogram: 1 0 0 0 0 0 0 0 0 0
FullNghs:       273732 ave      273732 max      273732 min
Histogram: 1 0 0 0 0 0 0 0 0 0

Total # of neighbors = 273732
Ave neighs/atom = 547.464
Neighbor list builds = 0
Dangerous builds = 0
unfix 1

# Промежуточная минимизация атомов
min_style cg
minimize 1.0e-10 1.0e-11 1000 5000
Per MPI rank memory allocation (min/avg/max) = 19.8 | 19.8 | 19.8 Mbytes
   Step           Lx             Ly             Lz           PotEng         Press           Fmax          Volume    
        38   17.347135      17.376816      17.38666      -3841.9153      0.24333771     0.018624365    5240.9993    
        40   17.347135      17.376816      17.38666      -3841.9167      152.83871      0.0080290064   5240.9993    
        41   17.347135      17.376816      17.38666      -3841.9167      162.55815      0.0043895021   5240.9993    
Loop time of 16.1118 on 8 procs for 3 steps with 500 atoms

782.6% CPU use with 1 MPI tasks x 8 OpenMP threads

Minimization stats:
  Stopping criterion = energy tolerance
  Energy initial, next-to-last, final = 
     -3841.91528320312  -3841.91674804688  -3841.91674804688
  Force two-norm initial, final = 0.17981274 0.027319893
  Force max component initial, final = 0.018624365 0.0043895021
  Final line search alpha, max atom move = 1 0.0043895021
  Iterations, force evaluations = 3 6

MPI task timing breakdown:
Section |  min time  |  avg time  |  max time  |%varavg| %total
---------------------------------------------------------------
Pair    | 16.111     | 16.111     | 16.111     |   0.0 |100.00
Neigh   | 0          | 0          | 0          |   0.0 |  0.00
Comm    | 0.0001577  | 0.0001577  | 0.0001577  |   0.0 |  0.00
Output  | 7.5122e-05 | 7.5122e-05 | 7.5122e-05 |   0.0 |  0.00
Modify  | 0          | 0          | 0          |   0.0 |  0.00
Other   |            | 0.0001857  |            |       |  0.00

Nlocal:            500 ave         500 max         500 min
Histogram: 1 0 0 0 0 0 0 0 0 0
Nghost:           5584 ave        5584 max        5584 min
Histogram: 1 0 0 0 0 0 0 0 0 0
Neighs:              0 ave           0 max           0 min
Histogram: 1 0 0 0 0 0 0 0 0 0
FullNghs:       272434 ave      272434 max      272434 min
Histogram: 1 0 0 0 0 0 0 0 0 0

Total # of neighbors = 272434
Ave neighs/atom = 544.868
Neighbor list builds = 0
Dangerous builds = 0

# Релаксация ячейки iso
fix 2 all box/relax iso 0.0 vmax 0.0001
min_style cg
minimize 1.0e-10 1.0e-11 1000 5000
WARNING: Energy due to 1 extra global DOFs will be included in minimizer energies
 (src/min.cpp:222)
Per MPI rank memory allocation (min/avg/max) = 19.8 | 19.8 | 19.8 Mbytes
   Step           Lx             Ly             Lz           PotEng         Press           Fmax          Volume    
        41   17.347135      17.376816      17.38666      -3841.9167      162.55795      0.004389517    5240.9993    
        42   17.347468      17.37715       17.386994     -3841.9167      0.21109835     0.0043701902   5241.3015    
Loop time of 6.77706 on 8 procs for 1 steps with 500 atoms

784.5% CPU use with 1 MPI tasks x 8 OpenMP threads

Minimization stats:
  Stopping criterion = energy tolerance
  Energy initial, next-to-last, final = 
     -3841.91674804688  -3841.91674804688  -3841.91674804688
  Force two-norm initial, final = 1.5955003 0.027269901
  Force max component initial, final = 1.5952663 0.0043701902
  Final line search alpha, max atom move = 6.2685457e-05 2.7394737e-07
  Iterations, force evaluations = 1 2

MPI task timing breakdown:
Section |  min time  |  avg time  |  max time  |%varavg| %total
---------------------------------------------------------------
Pair    | 6.7768     | 6.7768     | 6.7768     |   0.0 |100.00
Neigh   | 0          | 0          | 0          |   0.0 |  0.00
Comm    | 6.2623e-05 | 6.2623e-05 | 6.2623e-05 |   0.0 |  0.00
Output  | 0          | 0          | 0          |   0.0 |  0.00
Modify  | 0          | 0          | 0          |   0.0 |  0.00
Other   |            | 0.0002308  |            |       |  0.00

Nlocal:            500 ave         500 max         500 min
Histogram: 1 0 0 0 0 0 0 0 0 0
Nghost:           5584 ave        5584 max        5584 min
Histogram: 1 0 0 0 0 0 0 0 0 0
Neighs:              0 ave           0 max           0 min
Histogram: 1 0 0 0 0 0 0 0 0 0
FullNghs:       272424 ave      272424 max      272424 min
Histogram: 1 0 0 0 0 0 0 0 0 0

Total # of neighbors = 272424
Ave neighs/atom = 544.848
Neighbor list builds = 0
Dangerous builds = 0
unfix 2

variable lat_const equal "lx/5"
variable eatom equal "pe/count(all)"
variable teng equal "pe"
variable natoms equal "count(all)"

print "Lattice parameter (lx/5) = ${lat_const} A"
Lattice parameter (lx/5) = 3.4694936176393 A
print "Total Potential Energy (PE) = ${teng} eV"
Total Potential Energy (PE) = -3841.91674804688 eV
print "Number of atoms = ${natoms}"
Number of atoms = 500
print "Cohesive energy (PE/N) = ${eatom} eV"
Cohesive energy (PE/N) = -7.68383349609375 eV
print "Minimization completed."
Minimization completed.

write_data C1_4_minimized.data
System init for write_data ...
Total wall time: 0:03:10
