read_data B5_12.data
Reading data file ...
  triclinic box = (0 0 0) to (17.6 17.6 17.6) with tilt (1.0776892e-15 1.0776892e-15 1.0776892e-15)
  1 by 2 by 2 MPI processor grid
  reading atoms ...
  500 atoms
  read_data CPU = 0.010 seconds

mass 1 58.6934  # Ni
mass 2 55.845   # Fe
mass 3 51.9961  # Cr

pair_style eam/alloy
pair_coeff * * FeNiCr_bonny.eam.alloy Ni Fe Cr

neighbor 2.0 bin
neigh_modify delay 0 check yes
timestep 0.001

thermo 10
thermo_style custom step lx ly lz pe press fmax vol

# --- ЭТАПЫ МИНИМИЗАЦИИ ---
min_style cg
minimize 1.0e-8 1.0e-9 1000 5000

CITE-CITE-CITE-CITE-CITE-CITE-CITE-CITE-CITE-CITE-CITE-CITE-CITE

Your simulation uses code contributions which should be cited:

- Type Label Framework: https://doi.org/10.1021/acs.jpcb.3c08419

@Article{Gissinger24,
 author = {Jacob R. Gissinger, Ilia Nikiforov, Yaser Afshar, Brendon Waters, Moon-ki Choi, Daniel S. Karls, Alexander Stukowski, Wonpil Im, Hendrik Heinz, Axel Kohlmeyer, and Ellad B. Tadmor},
 title = {Type Label Framework for Bonded Force Fields in LAMMPS},
 journal = {J. Phys. Chem. B},
 year =    2024,
 volume =  128,
 number =  13,
 pages =   {3282–-3297}
}

CITE-CITE-CITE-CITE-CITE-CITE-CITE-CITE-CITE-CITE-CITE-CITE-CITE

Neighbor list info ...
  update: every = 1 steps, delay = 0 steps, check = yes
  max neighbors/atom: 2000, page size: 100000
  master list distance cutoff = 7.6
  ghost atom cutoff = 7.6
  binsize = 3.8, bins = 5 5 5
  1 neighbor lists, perpetual/occasional/extra = 1 0 0
  (1) pair eam/alloy, perpetual
      attributes: half, newton on
      pair build: half/bin/atomonly/newton/tri
      stencil: half/bin/3d/tri
      bin: standard
Per MPI rank memory allocation (min/avg/max) = 4.524 | 4.524 | 4.524 Mbytes
   Step           Lx             Ly             Lz           PotEng         Press           Fmax          Volume    
         0   17.6           17.6           17.6          -2086.365       8502.1962      0.80839068     5451.776     
        10   17.6           17.6           17.6          -2089.2456      7454.3962      0.0065684541   5451.776     
        16   17.6           17.6           17.6          -2089.2465      7438.5905      0.0012399396   5451.776     
Loop time of 0.0297662 on 4 procs for 16 steps with 500 atoms

82.9% CPU use with 4 MPI tasks x 1 OpenMP threads

Minimization stats:
  Stopping criterion = energy tolerance
  Energy initial, next-to-last, final = 
      -2086.3649649916  -2089.24648682776  -2089.24650665215
  Force two-norm initial, final = 8.9868788 0.014039388
  Force max component initial, final = 0.80839068 0.0012399396
  Final line search alpha, max atom move = 1 0.0012399396
  Iterations, force evaluations = 16 32

MPI task timing breakdown:
Section |  min time  |  avg time  |  max time  |%varavg| %total
---------------------------------------------------------------
Pair    | 0.024084   | 0.024504   | 0.025523   |   0.4 | 82.32
Neigh   | 0          | 0          | 0          |   0.0 |  0.00
Comm    | 0.003306   | 0.0036761  | 0.0044221  |   0.7 | 12.35
Output  | 6.2611e-05 | 7.5243e-05 | 0.00010621 |   0.0 |  0.25
Modify  | 0          | 0          | 0          |   0.0 |  0.00
Other   |            | 0.001511   |            |       |  5.07

Nlocal:            125 ave         145 max         105 min
Histogram: 1 0 0 0 0 2 0 0 0 1
Nghost:           1737 ave        1757 max        1717 min
Histogram: 1 0 0 0 0 2 0 0 0 1
Neighs:          11000 ave       12715 max        9250 min
Histogram: 1 0 0 0 0 2 0 0 0 1

Total # of neighbors = 44000
Ave neighs/atom = 88
Neighbor list builds = 0
Dangerous builds = 0

# Релаксация ячейки aniso
fix 1 all box/relax aniso 0.0 vmax 0.0001
min_style cg
minimize 1.0e-10 1.0e-11 1000 5000
WARNING: Energy due to 3 extra global DOFs will be included in minimizer energies
 (src/min.cpp:219)
Per MPI rank memory allocation (min/avg/max) = 4.524 | 4.524 | 4.524 Mbytes
   Step           Lx             Ly             Lz           PotEng         Press           Fmax          Volume    
        16   17.6           17.6           17.6          -2089.2465      7438.5905      0.0012399396   5451.776     
        20   17.60704       17.605916      17.606231     -2089.2703      5335.123       0.0040394082   5457.7215    
        30   17.62464       17.617819      17.62         -2089.2959      649.25503      0.012662508    5471.146     
        40   17.639775      17.60828       17.620408     -2089.2978      105.8945       0.0079710114   5473.0065    
        50   17.635259      17.613482      17.621423     -2089.2982     -36.917594      0.0045860157   5473.5371    
        60   17.637299      17.61187       17.621246     -2089.2985      5.7620643      0.0029913646   5473.6139    
Loop time of 0.0611213 on 4 procs for 44 steps with 500 atoms

76.9% CPU use with 4 MPI tasks x 1 OpenMP threads

Minimization stats:
  Stopping criterion = energy tolerance
  Energy initial, next-to-last, final = 
     -2089.24650665215  -2089.29846023741  -2089.29846043791
  Force two-norm initial, final = 43.93902 0.055356695
  Force max component initial, final = 27.624424 0.035206892
  Final line search alpha, max atom move = 0.0022973437 8.0882332e-05
  Iterations, force evaluations = 44 59

MPI task timing breakdown:
Section |  min time  |  avg time  |  max time  |%varavg| %total
---------------------------------------------------------------
Pair    | 0.039265   | 0.040304   | 0.041364   |   0.5 | 65.94
Neigh   | 0          | 0          | 0          |   0.0 |  0.00
Comm    | 0.0067698  | 0.011594   | 0.015736   |   3.2 | 18.97
Output  | 8.2631e-05 | 0.00013126 | 0.00027326 |   0.0 |  0.21
Modify  | 0          | 0          | 0          |   0.0 |  0.00
Other   |            | 0.009092   |            |       | 14.88

Nlocal:            125 ave         145 max         106 min
Histogram: 1 1 0 0 0 0 0 1 0 1
Nghost:           1737 ave        1756 max        1717 min
Histogram: 1 0 1 0 0 0 0 0 1 1
Neighs:          11000 ave       12789 max        9310 min
Histogram: 1 1 0 0 0 0 0 1 0 1

Total # of neighbors = 44000
Ave neighs/atom = 88
Neighbor list builds = 0
Dangerous builds = 0
unfix 1

# Промежуточная минимизация атомов
min_style cg
minimize 1.0e-10 1.0e-11 1000 5000
Per MPI rank memory allocation (min/avg/max) = 4.524 | 4.524 | 4.524 Mbytes
   Step           Lx             Ly             Lz           PotEng         Press           Fmax          Volume    
        60   17.637299      17.61187       17.621246     -2089.2985      5.7620643      0.0029913646   5473.6139    
        70   17.637299      17.61187       17.621246     -2089.2986      21.182126      0.00020112949  5473.6139    
        72   17.637299      17.61187       17.621246     -2089.2986      20.892133      0.00011347098  5473.6139    
Loop time of 0.0593903 on 4 procs for 12 steps with 500 atoms

67.3% CPU use with 4 MPI tasks x 1 OpenMP threads

Minimization stats:
  Stopping criterion = energy tolerance
  Energy initial, next-to-last, final = 
     -2089.29846043791  -2089.29860385897  -2089.29860398042
  Force two-norm initial, final = 0.037385434 0.0011251316
  Force max component initial, final = 0.0029913646 0.00011347098
  Final line search alpha, max atom move = 1 0.00011347098
  Iterations, force evaluations = 12 24

MPI task timing breakdown:
Section |  min time  |  avg time  |  max time  |%varavg| %total
---------------------------------------------------------------
Pair    | 0.035494   | 0.036603   | 0.037694   |   0.6 | 61.63
Neigh   | 0          | 0          | 0          |   0.0 |  0.00
Comm    | 0.019226   | 0.021118   | 0.023052   |   0.9 | 35.56
Output  | 2.4585e-05 | 3.4592e-05 | 6.3413e-05 |   0.0 |  0.06
Modify  | 0          | 0          | 0          |   0.0 |  0.00
Other   |            | 0.001635   |            |       |  2.75

Nlocal:            125 ave         144 max         106 min
Histogram: 1 1 0 0 0 0 0 0 1 1
Nghost:           1737 ave        1756 max        1718 min
Histogram: 1 1 0 0 0 0 0 0 1 1
Neighs:          11000 ave       12702 max        9310 min
Histogram: 1 1 0 0 0 0 0 1 0 1

Total # of neighbors = 44000
Ave neighs/atom = 88
Neighbor list builds = 0
Dangerous builds = 0

# Релаксация ячейки iso
fix 2 all box/relax iso 0.0 vmax 0.0001
min_style cg
minimize 1.0e-10 1.0e-11 1000 5000
WARNING: Energy due to 1 extra global DOFs will be included in minimizer energies
 (src/min.cpp:219)
Per MPI rank memory allocation (min/avg/max) = 4.524 | 4.524 | 4.524 Mbytes
   Step           Lx             Ly             Lz           PotEng         Press           Fmax          Volume    
        72   17.637299      17.61187       17.621246     -2089.2986      20.892133      0.00011347098  5473.6139    
        74   17.637366      17.611936      17.621313     -2089.2986     -0.068236795    5.8152742e-05  5473.6759    
Loop time of 0.00954953 on 4 procs for 2 steps with 500 atoms

80.3% CPU use with 4 MPI tasks x 1 OpenMP threads

Minimization stats:
  Stopping criterion = energy tolerance
  Energy initial, next-to-last, final = 
     -2089.29860398042   -2089.2986043756  -2089.29860442277
  Force two-norm initial, final = 0.21412818 0.00098517968
  Force max component initial, final = 0.21412523 0.00069936992
  Final line search alpha, max atom move = 1 0.00069936992
  Iterations, force evaluations = 2 4

MPI task timing breakdown:
Section |  min time  |  avg time  |  max time  |%varavg| %total
---------------------------------------------------------------
Pair    | 0.0050839  | 0.0060411  | 0.0088713  |   2.1 | 63.26
Neigh   | 0          | 0          | 0          |   0.0 |  0.00
Comm    | 0.00033264 | 0.0031694  | 0.0041214  |   2.9 | 33.19
Output  | 0          | 0          | 0          |   0.0 |  0.00
Modify  | 0          | 0          | 0          |   0.0 |  0.00
Other   |            | 0.0003391  |            |       |  3.55

Nlocal:            125 ave         144 max         106 min
Histogram: 1 1 0 0 0 0 0 0 1 1
Nghost:           1737 ave        1756 max        1718 min
Histogram: 1 1 0 0 0 0 0 0 1 1
Neighs:          11000 ave       12702 max        9310 min
Histogram: 1 1 0 0 0 0 0 1 0 1

Total # of neighbors = 44000
Ave neighs/atom = 88
Neighbor list builds = 0
Dangerous builds = 0
unfix 2

variable lat_const equal "lx/5"
variable eatom equal "pe/count(all)"
variable teng equal "pe"
variable natoms equal "count(all)"

print "Lattice parameter (lx/5) = ${lat_const} A"
Lattice parameter (lx/5) = 3.52747310060643 A
print "Total Potential Energy (PE) = ${teng} eV"
Total Potential Energy (PE) = -2089.29860442277 eV
print "Number of atoms = ${natoms}"
Number of atoms = 500
print "Cohesive energy (PE/N) = ${eatom} eV"
Cohesive energy (PE/N) = -4.17859720884554 eV
print "Minimization completed."
Minimization completed.

write_data B5_12_minimized.data
System init for write_data ...
Total wall time: 0:00:00
