read_data B5_11.data
Reading data file ...
  triclinic box = (0 0 0) to (17.6 17.6 17.6) with tilt (1.0776892e-15 1.0776892e-15 1.0776892e-15)
  1 by 2 by 2 MPI processor grid
  reading atoms ...
  500 atoms
  read_data CPU = 0.010 seconds

mass 1 58.6934  # Ni
mass 2 55.845   # Fe
mass 3 51.9961  # Cr

pair_style eam/alloy
pair_coeff * * FeNiCr_bonny.eam.alloy Ni Fe Cr

neighbor 2.0 bin
neigh_modify delay 0 check yes
timestep 0.001

thermo 10
thermo_style custom step lx ly lz pe press fmax vol

# --- ЭТАПЫ МИНИМИЗАЦИИ ---
min_style cg
minimize 1.0e-8 1.0e-9 1000 5000

CITE-CITE-CITE-CITE-CITE-CITE-CITE-CITE-CITE-CITE-CITE-CITE-CITE

Your simulation uses code contributions which should be cited:

- Type Label Framework: https://doi.org/10.1021/acs.jpcb.3c08419

@Article{Gissinger24,
 author = {Jacob R. Gissinger, Ilia Nikiforov, Yaser Afshar, Brendon Waters, Moon-ki Choi, Daniel S. Karls, Alexander Stukowski, Wonpil Im, Hendrik Heinz, Axel Kohlmeyer, and Ellad B. Tadmor},
 title = {Type Label Framework for Bonded Force Fields in LAMMPS},
 journal = {J. Phys. Chem. B},
 year =    2024,
 volume =  128,
 number =  13,
 pages =   {3282–-3297}
}

CITE-CITE-CITE-CITE-CITE-CITE-CITE-CITE-CITE-CITE-CITE-CITE-CITE

Neighbor list info ...
  update: every = 1 steps, delay = 0 steps, check = yes
  max neighbors/atom: 2000, page size: 100000
  master list distance cutoff = 7.6
  ghost atom cutoff = 7.6
  binsize = 3.8, bins = 5 5 5
  1 neighbor lists, perpetual/occasional/extra = 1 0 0
  (1) pair eam/alloy, perpetual
      attributes: half, newton on
      pair build: half/bin/atomonly/newton/tri
      stencil: half/bin/3d/tri
      bin: standard
Per MPI rank memory allocation (min/avg/max) = 4.524 | 4.524 | 4.524 Mbytes
   Step           Lx             Ly             Lz           PotEng         Press           Fmax          Volume    
         0   17.6           17.6           17.6          -2085.9777      7997.7645      0.89990361     5451.776     
        10   17.6           17.6           17.6          -2088.9109      6768.973       0.011856137    5451.776     
        17   17.6           17.6           17.6          -2088.9125      6776.9723      0.0010454553   5451.776     
Loop time of 0.0290963 on 4 procs for 17 steps with 500 atoms

86.9% CPU use with 4 MPI tasks x 1 OpenMP threads

Minimization stats:
  Stopping criterion = energy tolerance
  Energy initial, next-to-last, final = 
     -2085.97772031313  -2088.91253400199  -2088.91254783594
  Force two-norm initial, final = 9.0330499 0.012023141
  Force max component initial, final = 0.89990361 0.0010454553
  Final line search alpha, max atom move = 1 0.0010454553
  Iterations, force evaluations = 17 34

MPI task timing breakdown:
Section |  min time  |  avg time  |  max time  |%varavg| %total
---------------------------------------------------------------
Pair    | 0.02536    | 0.025539   | 0.025679   |   0.1 | 87.77
Neigh   | 0          | 0          | 0          |   0.0 |  0.00
Comm    | 0.0023425  | 0.0024529  | 0.0025468  |   0.2 |  8.43
Output  | 2.4985e-05 | 4.1003e-05 | 7.5261e-05 |   0.0 |  0.14
Modify  | 0          | 0          | 0          |   0.0 |  0.00
Other   |            | 0.001064   |            |       |  3.66

Nlocal:            125 ave         145 max         105 min
Histogram: 1 0 0 0 0 2 0 0 0 1
Nghost:           1737 ave        1757 max        1717 min
Histogram: 1 0 0 0 0 2 0 0 0 1
Neighs:          11000 ave       12797 max        9207 min
Histogram: 1 0 0 0 1 1 0 0 0 1

Total # of neighbors = 44000
Ave neighs/atom = 88
Neighbor list builds = 0
Dangerous builds = 0

# Релаксация ячейки aniso
fix 1 all box/relax aniso 0.0 vmax 0.0001
min_style cg
minimize 1.0e-10 1.0e-11 1000 5000
WARNING: Energy due to 3 extra global DOFs will be included in minimizer energies
 (src/min.cpp:219)
Per MPI rank memory allocation (min/avg/max) = 4.524 | 4.524 | 4.524 Mbytes
   Step           Lx             Ly             Lz           PotEng         Press           Fmax          Volume    
        17   17.6           17.6           17.6          -2088.9125      6776.9723      0.0010454553   5451.776     
        20   17.604613      17.605089      17.60528      -2088.9299      5137.8099      0.0039669357   5456.4184    
        30   17.616916      17.621095      17.62288      -2088.9538      174.53184      0.016518671    5470.6592    
        40   17.611534      17.62322       17.628402     -2088.9543     -52.716223      0.016324161    5471.3614    
        50   17.611629      17.623806      17.62875      -2088.9552     -28.519591      0.003428188    5471.6805    
        60   17.611868      17.623251      17.629218     -2088.9553     -8.7314246      0.003928958    5471.7283    
        67   17.611232      17.624011      17.629355     -2088.9553     -4.232039       0.0024149114   5471.8087    
Loop time of 0.0687001 on 4 procs for 50 steps with 500 atoms

88.1% CPU use with 4 MPI tasks x 1 OpenMP threads

Minimization stats:
  Stopping criterion = energy tolerance
  Energy initial, next-to-last, final = 
     -2088.91254783594   -2088.9553441862  -2088.95534424331
  Force two-norm initial, final = 39.995835 0.034317564
  Force max component initial, final = 24.285123 0.019545864
  Final line search alpha, max atom move = 0.0062305441 0.00012178137
  Iterations, force evaluations = 50 76

MPI task timing breakdown:
Section |  min time  |  avg time  |  max time  |%varavg| %total
---------------------------------------------------------------
Pair    | 0.051611   | 0.051769   | 0.052007   |   0.1 | 75.36
Neigh   | 0          | 0          | 0          |   0.0 |  0.00
Comm    | 0.007715   | 0.0093928  | 0.011009   |   1.6 | 13.67
Output  | 0.00015354 | 0.00021502 | 0.00039765 |   0.0 |  0.31
Modify  | 0          | 0          | 0          |   0.0 |  0.00
Other   |            | 0.007323   |            |       | 10.66

Nlocal:            125 ave         137 max         104 min
Histogram: 1 0 0 0 0 0 0 2 0 1
Nghost:           1737 ave        1758 max        1725 min
Histogram: 1 0 2 0 0 0 0 0 0 1
Neighs:          11000 ave       12127 max        9083 min
Histogram: 1 0 0 0 0 0 0 2 0 1

Total # of neighbors = 44000
Ave neighs/atom = 88
Neighbor list builds = 0
Dangerous builds = 0
unfix 1

# Промежуточная минимизация атомов
min_style cg
minimize 1.0e-10 1.0e-11 1000 5000
Per MPI rank memory allocation (min/avg/max) = 4.524 | 4.524 | 4.524 Mbytes
   Step           Lx             Ly             Lz           PotEng         Press           Fmax          Volume    
        67   17.611232      17.624011      17.629355     -2088.9553     -4.232039       0.0024149114   5471.8087    
        70   17.611232      17.624011      17.629355     -2088.9554     -22.644958      0.0010465044   5471.8087    
        77   17.611232      17.624011      17.629355     -2088.9554     -17.092762      0.00010040764  5471.8087    
Loop time of 0.0314911 on 4 procs for 10 steps with 500 atoms

80.9% CPU use with 4 MPI tasks x 1 OpenMP threads

Minimization stats:
  Stopping criterion = energy tolerance
  Energy initial, next-to-last, final = 
     -2088.95534424331  -2088.95539299808  -2088.95539316053
  Force two-norm initial, final = 0.021744899 0.0010668357
  Force max component initial, final = 0.0024149114 0.00010040764
  Final line search alpha, max atom move = 1 0.00010040764
  Iterations, force evaluations = 10 20

MPI task timing breakdown:
Section |  min time  |  avg time  |  max time  |%varavg| %total
---------------------------------------------------------------
Pair    | 0.017681   | 0.0199     | 0.025581   |   2.3 | 63.19
Neigh   | 0          | 0          | 0          |   0.0 |  0.00
Comm    | 0.0019402  | 0.0087623  | 0.012092   |   4.3 | 27.82
Output  | 2.2296e-05 | 3.3147e-05 | 6.4264e-05 |   0.0 |  0.11
Modify  | 0          | 0          | 0          |   0.0 |  0.00
Other   |            | 0.002795   |            |       |  8.88

Nlocal:            125 ave         135 max         106 min
Histogram: 1 0 0 0 0 0 0 1 1 1
Nghost:           1737 ave        1756 max        1727 min
Histogram: 1 1 1 0 0 0 0 0 0 1
Neighs:        10999.8 ave       11949 max        9261 min
Histogram: 1 0 0 0 0 0 0 1 1 1

Total # of neighbors = 43999
Ave neighs/atom = 87.998
Neighbor list builds = 0
Dangerous builds = 0

# Релаксация ячейки iso
fix 2 all box/relax iso 0.0 vmax 0.0001
min_style cg
minimize 1.0e-10 1.0e-11 1000 5000
WARNING: Energy due to 1 extra global DOFs will be included in minimizer energies
 (src/min.cpp:219)
Per MPI rank memory allocation (min/avg/max) = 4.524 | 4.524 | 4.524 Mbytes
   Step           Lx             Ly             Lz           PotEng         Press           Fmax          Volume    
        77   17.611232      17.624011      17.629355     -2088.9554     -17.092762      0.00010040764  5471.8087    
        79   17.611175      17.623955      17.629299     -2088.9554      0.88950026     0.00011141746  5471.7565    
Loop time of 0.00370561 on 4 procs for 2 steps with 500 atoms

96.3% CPU use with 4 MPI tasks x 1 OpenMP threads

Minimization stats:
  Stopping criterion = energy tolerance
  Energy initial, next-to-last, final = 
     -2088.95539316053  -2088.95539342523  -2088.95539342598
  Force two-norm initial, final = 0.17513063 0.0091821458
  Force max component initial, final = 0.17512738 0.0091134984
  Final line search alpha, max atom move = 0.71988022 0.0065606272
  Iterations, force evaluations = 2 4

MPI task timing breakdown:
Section |  min time  |  avg time  |  max time  |%varavg| %total
---------------------------------------------------------------
Pair    | 0.0030537  | 0.0030671  | 0.0030805  |   0.0 | 82.77
Neigh   | 0          | 0          | 0          |   0.0 |  0.00
Comm    | 0.00031434 | 0.00033389 | 0.00035263 |   0.0 |  9.01
Output  | 0          | 0          | 0          |   0.0 |  0.00
Modify  | 0          | 0          | 0          |   0.0 |  0.00
Other   |            | 0.0003046  |            |       |  8.22

Nlocal:            125 ave         135 max         106 min
Histogram: 1 0 0 0 0 0 0 1 1 1
Nghost:           1737 ave        1756 max        1727 min
Histogram: 1 1 1 0 0 0 0 0 0 1
Neighs:          11000 ave       11949 max        9261 min
Histogram: 1 0 0 0 0 0 0 1 1 1

Total # of neighbors = 44000
Ave neighs/atom = 88
Neighbor list builds = 0
Dangerous builds = 0
unfix 2

variable lat_const equal "lx/5"
variable eatom equal "pe/count(all)"
variable teng equal "pe"
variable natoms equal "count(all)"

print "Lattice parameter (lx/5) = ${lat_const} A"
Lattice parameter (lx/5) = 3.5222350970286 A
print "Total Potential Energy (PE) = ${teng} eV"
Total Potential Energy (PE) = -2088.95539342598 eV
print "Number of atoms = ${natoms}"
Number of atoms = 500
print "Cohesive energy (PE/N) = ${eatom} eV"
Cohesive energy (PE/N) = -4.17791078685197 eV
print "Minimization completed."
Minimization completed.

write_data B5_11_minimized.data
System init for write_data ...
Total wall time: 0:00:00
