read_data B5_6.data
Reading data file ...
  triclinic box = (0 0 0) to (17.6 17.6 17.6) with tilt (1.0776892e-15 1.0776892e-15 1.0776892e-15)
  1 by 2 by 2 MPI processor grid
  reading atoms ...
  500 atoms
  read_data CPU = 0.008 seconds

mass 1 58.6934  # Ni
mass 2 55.845   # Fe
mass 3 51.9961  # Cr

pair_style eam/alloy
pair_coeff * * FeNiCr_bonny.eam.alloy Ni Fe Cr

neighbor 2.0 bin
neigh_modify delay 0 check yes
timestep 0.001

thermo 10
thermo_style custom step lx ly lz pe press fmax vol

# --- ЭТАПЫ МИНИМИЗАЦИИ ---
min_style cg
minimize 1.0e-8 1.0e-9 1000 5000

CITE-CITE-CITE-CITE-CITE-CITE-CITE-CITE-CITE-CITE-CITE-CITE-CITE

Your simulation uses code contributions which should be cited:

- Type Label Framework: https://doi.org/10.1021/acs.jpcb.3c08419

@Article{Gissinger24,
 author = {Jacob R. Gissinger, Ilia Nikiforov, Yaser Afshar, Brendon Waters, Moon-ki Choi, Daniel S. Karls, Alexander Stukowski, Wonpil Im, Hendrik Heinz, Axel Kohlmeyer, and Ellad B. Tadmor},
 title = {Type Label Framework for Bonded Force Fields in LAMMPS},
 journal = {J. Phys. Chem. B},
 year =    2024,
 volume =  128,
 number =  13,
 pages =   {3282–-3297}
}

CITE-CITE-CITE-CITE-CITE-CITE-CITE-CITE-CITE-CITE-CITE-CITE-CITE

Neighbor list info ...
  update: every = 1 steps, delay = 0 steps, check = yes
  max neighbors/atom: 2000, page size: 100000
  master list distance cutoff = 7.6
  ghost atom cutoff = 7.6
  binsize = 3.8, bins = 5 5 5
  1 neighbor lists, perpetual/occasional/extra = 1 0 0
  (1) pair eam/alloy, perpetual
      attributes: half, newton on
      pair build: half/bin/atomonly/newton/tri
      stencil: half/bin/3d/tri
      bin: standard
Per MPI rank memory allocation (min/avg/max) = 4.524 | 4.524 | 4.524 Mbytes
   Step           Lx             Ly             Lz           PotEng         Press           Fmax          Volume    
         0   17.6           17.6           17.6          -2086.4986      7730.1401      0.8720434      5451.776     
        10   17.6           17.6           17.6          -2089.3889      6911.0044      0.013122532    5451.776     
        17   17.6           17.6           17.6          -2089.3906      6918.6186      0.0010658754   5451.776     
Loop time of 0.0443413 on 4 procs for 17 steps with 500 atoms

71.1% CPU use with 4 MPI tasks x 1 OpenMP threads

Minimization stats:
  Stopping criterion = energy tolerance
  Energy initial, next-to-last, final = 
      -2086.4985942983  -2089.39057219568  -2089.39058415411
  Force two-norm initial, final = 8.9204647 0.011003292
  Force max component initial, final = 0.8720434 0.0010658754
  Final line search alpha, max atom move = 1 0.0010658754
  Iterations, force evaluations = 17 34

MPI task timing breakdown:
Section |  min time  |  avg time  |  max time  |%varavg| %total
---------------------------------------------------------------
Pair    | 0.034335   | 0.034745   | 0.035311   |   0.2 | 78.36
Neigh   | 0          | 0          | 0          |   0.0 |  0.00
Comm    | 0.0058155  | 0.0067051  | 0.0073662  |   0.8 | 15.12
Output  | 2.6887e-05 | 4.4065e-05 | 9.5094e-05 |   0.0 |  0.10
Modify  | 0          | 0          | 0          |   0.0 |  0.00
Other   |            | 0.002847   |            |       |  6.42

Nlocal:            125 ave         145 max         105 min
Histogram: 1 0 0 0 0 2 0 0 0 1
Nghost:           1737 ave        1757 max        1717 min
Histogram: 1 0 0 0 0 2 0 0 0 1
Neighs:          11000 ave       12708 max        9242 min
Histogram: 1 0 0 0 0 2 0 0 0 1

Total # of neighbors = 44000
Ave neighs/atom = 88
Neighbor list builds = 0
Dangerous builds = 0

# Релаксация ячейки aniso
fix 1 all box/relax aniso 0.0 vmax 0.0001
min_style cg
minimize 1.0e-10 1.0e-11 1000 5000
WARNING: Energy due to 3 extra global DOFs will be included in minimizer energies
 (src/min.cpp:219)
Per MPI rank memory allocation (min/avg/max) = 4.524 | 4.524 | 4.524 Mbytes
   Step           Lx             Ly             Lz           PotEng         Press           Fmax          Volume    
        17   17.6           17.6           17.6          -2089.3906      6918.6186      0.0010658754   5451.776     
        20   17.604916      17.60528       17.604548     -2089.4081      5299.8333      0.0035992268   5456.3445    
        30   17.619867      17.62288       17.616845     -2089.4333      434.62514      0.014674625    5470.2559    
        40   17.621489      17.631567      17.611821     -2089.4348     -29.498743      0.0066927245   5471.8952    
        50   17.621892      17.632667      17.611045     -2089.4353      0.36673668     0.0017117887   5472.1204    
        57   17.62191       17.632767      17.611066     -2089.4353     -4.4063269      0.0011508125   5472.1639    
Loop time of 0.0669283 on 4 procs for 40 steps with 500 atoms

85.0% CPU use with 4 MPI tasks x 1 OpenMP threads

Minimization stats:
  Stopping criterion = energy tolerance
  Energy initial, next-to-last, final = 
     -2089.39058415411  -2089.43534754785  -2089.43534759671
  Force two-norm initial, final = 40.841061 0.028341402
  Force max component initial, final = 25.164383 0.015339458
  Final line search alpha, max atom move = 0.0077535508 0.00011893527
  Iterations, force evaluations = 40 62

MPI task timing breakdown:
Section |  min time  |  avg time  |  max time  |%varavg| %total
---------------------------------------------------------------
Pair    | 0.050635   | 0.05131    | 0.052921   |   0.4 | 76.66
Neigh   | 0          | 0          | 0          |   0.0 |  0.00
Comm    | 0.0050825  | 0.0071721  | 0.0079713  |   1.4 | 10.72
Output  | 8.1959e-05 | 0.00017301 | 0.00044198 |   0.0 |  0.26
Modify  | 0          | 0          | 0          |   0.0 |  0.00
Other   |            | 0.008274   |            |       | 12.36

Nlocal:            125 ave         140 max         117 min
Histogram: 2 0 0 1 0 0 0 0 0 1
Nghost:           1737 ave        1745 max        1722 min
Histogram: 1 0 0 0 0 0 1 0 0 2
Neighs:          11000 ave       12384 max       10254 min
Histogram: 2 0 0 1 0 0 0 0 0 1

Total # of neighbors = 44000
Ave neighs/atom = 88
Neighbor list builds = 0
Dangerous builds = 0
unfix 1

# Промежуточная минимизация атомов
min_style cg
minimize 1.0e-10 1.0e-11 1000 5000
Per MPI rank memory allocation (min/avg/max) = 4.524 | 4.524 | 4.524 Mbytes
   Step           Lx             Ly             Lz           PotEng         Press           Fmax          Volume    
        57   17.62191       17.632767      17.611066     -2089.4353     -4.4063269      0.0011508125   5472.1639    
        60   17.62191       17.632767      17.611066     -2089.4354     -4.4939556      0.00050840081  5472.1639    
        65   17.62191       17.632767      17.611066     -2089.4354     -4.3649261      9.6803994e-05  5472.1639    
Loop time of 0.0178678 on 4 procs for 8 steps with 500 atoms

72.2% CPU use with 4 MPI tasks x 1 OpenMP threads

Minimization stats:
  Stopping criterion = energy tolerance
  Energy initial, next-to-last, final = 
     -2089.43534759671  -2089.43536234052  -2089.43536243029
  Force two-norm initial, final = 0.011192215 0.0009854493
  Force max component initial, final = 0.0011508125 9.6803994e-05
  Final line search alpha, max atom move = 1 9.6803994e-05
  Iterations, force evaluations = 8 16

MPI task timing breakdown:
Section |  min time  |  avg time  |  max time  |%varavg| %total
---------------------------------------------------------------
Pair    | 0.011973   | 0.012079   | 0.012238   |   0.1 | 67.60
Neigh   | 0          | 0          | 0          |   0.0 |  0.00
Comm    | 0.0011874  | 0.0024033  | 0.0034932  |   2.2 | 13.45
Output  | 2.2381e-05 | 3.8587e-05 | 8.6745e-05 |   0.0 |  0.22
Modify  | 0          | 0          | 0          |   0.0 |  0.00
Other   |            | 0.003347   |            |       | 18.73

Nlocal:            125 ave         142 max         116 min
Histogram: 1 1 1 0 0 0 0 0 0 1
Nghost:           1737 ave        1746 max        1720 min
Histogram: 1 0 0 0 0 0 0 1 1 1
Neighs:        10999.5 ave       12549 max       10171 min
Histogram: 1 1 1 0 0 0 0 0 0 1

Total # of neighbors = 43998
Ave neighs/atom = 87.996
Neighbor list builds = 0
Dangerous builds = 0

# Релаксация ячейки iso
fix 2 all box/relax iso 0.0 vmax 0.0001
min_style cg
minimize 1.0e-10 1.0e-11 1000 5000
WARNING: Energy due to 1 extra global DOFs will be included in minimizer energies
 (src/min.cpp:219)
Per MPI rank memory allocation (min/avg/max) = 4.524 | 4.524 | 4.524 Mbytes
   Step           Lx             Ly             Lz           PotEng         Press           Fmax          Volume    
        65   17.62191       17.632767      17.611066     -2089.4354     -4.3649261      9.6803994e-05  5472.1639    
        66   17.621897      17.632753      17.611052     -2089.4354     -0.0011508136   9.8483738e-05  5472.1512    
Loop time of 0.00163084 on 4 procs for 1 steps with 500 atoms

87.9% CPU use with 4 MPI tasks x 1 OpenMP threads

Minimization stats:
  Stopping criterion = energy tolerance
  Energy initial, next-to-last, final = 
     -2089.43536243029  -2089.43536243029  -2089.43536244752
  Force two-norm initial, final = 0.044735499 0.001006925
  Force max component initial, final = 0.044724644 9.8483738e-05
  Final line search alpha, max atom move = 0.0022359038 2.2020016e-07
  Iterations, force evaluations = 1 2

MPI task timing breakdown:
Section |  min time  |  avg time  |  max time  |%varavg| %total
---------------------------------------------------------------
Pair    | 0.001357   | 0.0013582  | 0.0013588  |   0.0 | 83.28
Neigh   | 0          | 0          | 0          |   0.0 |  0.00
Comm    | 0.00010621 | 0.00010681 | 0.00010781 |   0.0 |  6.55
Output  | 0          | 0          | 0          |   0.0 |  0.00
Modify  | 0          | 0          | 0          |   0.0 |  0.00
Other   |            | 0.0001658  |            |       | 10.17

Nlocal:            125 ave         142 max         116 min
Histogram: 1 1 1 0 0 0 0 0 0 1
Nghost:           1737 ave        1746 max        1720 min
Histogram: 1 0 0 0 0 0 0 1 1 1
Neighs:        10999.5 ave       12549 max       10171 min
Histogram: 1 1 1 0 0 0 0 0 0 1

Total # of neighbors = 43998
Ave neighs/atom = 87.996
Neighbor list builds = 0
Dangerous builds = 0
unfix 2

variable lat_const equal "lx/5"
variable eatom equal "pe/count(all)"
variable teng equal "pe"
variable natoms equal "count(all)"

print "Lattice parameter (lx/5) = ${lat_const} A"
Lattice parameter (lx/5) = 3.52437933497632 A
print "Total Potential Energy (PE) = ${teng} eV"
Total Potential Energy (PE) = -2089.43536244752 eV
print "Number of atoms = ${natoms}"
Number of atoms = 500
print "Cohesive energy (PE/N) = ${eatom} eV"
Cohesive energy (PE/N) = -4.17887072489503 eV
print "Minimization completed."
Minimization completed.

write_data B5_6_minimized.data
System init for write_data ...
Total wall time: 0:00:00
