read_data B5_7.data
Reading data file ...
  triclinic box = (0 0 0) to (17.6 17.6 17.6) with tilt (1.0776892e-15 1.0776892e-15 1.0776892e-15)
  1 by 2 by 2 MPI processor grid
  reading atoms ...
  500 atoms
  read_data CPU = 0.012 seconds

mass 1 58.6934  # Ni
mass 2 55.845   # Fe
mass 3 51.9961  # Cr

pair_style eam/alloy
pair_coeff * * FeNiCr_bonny.eam.alloy Ni Fe Cr

neighbor 2.0 bin
neigh_modify delay 0 check yes
timestep 0.001

thermo 10
thermo_style custom step lx ly lz pe press fmax vol

# --- ЭТАПЫ МИНИМИЗАЦИИ ---
min_style cg
minimize 1.0e-8 1.0e-9 1000 5000

CITE-CITE-CITE-CITE-CITE-CITE-CITE-CITE-CITE-CITE-CITE-CITE-CITE

Your simulation uses code contributions which should be cited:

- Type Label Framework: https://doi.org/10.1021/acs.jpcb.3c08419

@Article{Gissinger24,
 author = {Jacob R. Gissinger, Ilia Nikiforov, Yaser Afshar, Brendon Waters, Moon-ki Choi, Daniel S. Karls, Alexander Stukowski, Wonpil Im, Hendrik Heinz, Axel Kohlmeyer, and Ellad B. Tadmor},
 title = {Type Label Framework for Bonded Force Fields in LAMMPS},
 journal = {J. Phys. Chem. B},
 year =    2024,
 volume =  128,
 number =  13,
 pages =   {3282–-3297}
}

CITE-CITE-CITE-CITE-CITE-CITE-CITE-CITE-CITE-CITE-CITE-CITE-CITE

Neighbor list info ...
  update: every = 1 steps, delay = 0 steps, check = yes
  max neighbors/atom: 2000, page size: 100000
  master list distance cutoff = 7.6
  ghost atom cutoff = 7.6
  binsize = 3.8, bins = 5 5 5
  1 neighbor lists, perpetual/occasional/extra = 1 0 0
  (1) pair eam/alloy, perpetual
      attributes: half, newton on
      pair build: half/bin/atomonly/newton/tri
      stencil: half/bin/3d/tri
      bin: standard
Per MPI rank memory allocation (min/avg/max) = 4.524 | 4.524 | 4.524 Mbytes
   Step           Lx             Ly             Lz           PotEng         Press           Fmax          Volume    
         0   17.6           17.6           17.6          -2087.1023      8875.2467      0.71950288     5451.776     
        10   17.6           17.6           17.6          -2090.0493      8112.7484      0.0093437575   5451.776     
        17   17.6           17.6           17.6          -2090.0506      8105.4749      0.0010927683   5451.776     
Loop time of 0.0279995 on 4 procs for 17 steps with 500 atoms

60.9% CPU use with 4 MPI tasks x 1 OpenMP threads

Minimization stats:
  Stopping criterion = energy tolerance
  Energy initial, next-to-last, final = 
     -2087.10233579208  -2090.05057675712  -2090.05058953286
  Force two-norm initial, final = 9.0338777 0.011786257
  Force max component initial, final = 0.71950288 0.0010927683
  Final line search alpha, max atom move = 1 0.0010927683
  Iterations, force evaluations = 17 34

MPI task timing breakdown:
Section |  min time  |  avg time  |  max time  |%varavg| %total
---------------------------------------------------------------
Pair    | 0.023114   | 0.023148   | 0.02323    |   0.0 | 82.67
Neigh   | 0          | 0          | 0          |   0.0 |  0.00
Comm    | 0.0030842  | 0.0034641  | 0.0037691  |   0.5 | 12.37
Output  | 2.2121e-05 | 3.736e-05  | 8.2965e-05 |   0.0 |  0.13
Modify  | 0          | 0          | 0          |   0.0 |  0.00
Other   |            | 0.00135    |            |       |  4.82

Nlocal:            125 ave         145 max         105 min
Histogram: 1 0 0 0 0 2 0 0 0 1
Nghost:           1737 ave        1757 max        1717 min
Histogram: 1 0 0 0 0 2 0 0 0 1
Neighs:          11000 ave       12772 max        9259 min
Histogram: 1 0 0 0 1 1 0 0 0 1

Total # of neighbors = 44000
Ave neighs/atom = 88
Neighbor list builds = 0
Dangerous builds = 0

# Релаксация ячейки aniso
fix 1 all box/relax aniso 0.0 vmax 0.0001
min_style cg
minimize 1.0e-10 1.0e-11 1000 5000
WARNING: Energy due to 3 extra global DOFs will be included in minimizer energies
 (src/min.cpp:219)
Per MPI rank memory allocation (min/avg/max) = 4.524 | 4.524 | 4.524 Mbytes
   Step           Lx             Ly             Lz           PotEng         Press           Fmax          Volume    
        17   17.6           17.6           17.6          -2090.0506      8105.4749      0.0010927683   5451.776     
        20   17.605059      17.604019      17.60528      -2090.0712      6521.7751      0.0036426605   5456.2246    
        30   17.62149       17.614697      17.62288      -2090.1078      1646.8689      0.01359842     5470.0926    
        40   17.632117      17.604796      17.637459     -2090.1129      0.48606686     0.020188451    5474.8405    
        50   17.634689      17.600828      17.641335     -2090.1136     -224.36376      0.018103137    5475.6083    
        60   17.636141      17.598915      17.640689     -2090.1147      12.492873      0.0065818309   5475.2634    
        68   17.635154      17.599229      17.641997     -2090.1151     -2.4969865      0.0034013066   5475.4602    
Loop time of 0.0805099 on 4 procs for 51 steps with 500 atoms

68.5% CPU use with 4 MPI tasks x 1 OpenMP threads

Minimization stats:
  Stopping criterion = energy tolerance
  Energy initial, next-to-last, final = 
     -2090.05058953286  -2090.11510038446  -2090.11510056327
  Force two-norm initial, final = 48.050318 0.035080625
  Force max component initial, final = 30.26747 0.0086175012
  Final line search alpha, max atom move = 0.0022970781 1.9795073e-05
  Iterations, force evaluations = 51 65

MPI task timing breakdown:
Section |  min time  |  avg time  |  max time  |%varavg| %total
---------------------------------------------------------------
Pair    | 0.045944   | 0.057237   | 0.067828   |   4.4 | 71.09
Neigh   | 0          | 0          | 0          |   0.0 |  0.00
Comm    | 0.007395   | 0.017945   | 0.029104   |   7.8 | 22.29
Output  | 0.00017977 | 0.00023521 | 0.00039444 |   0.0 |  0.29
Modify  | 0          | 0          | 0          |   0.0 |  0.00
Other   |            | 0.005093   |            |       |  6.33

Nlocal:            125 ave         147 max         106 min
Histogram: 1 0 0 1 1 0 0 0 0 1
Nghost:           1737 ave        1756 max        1715 min
Histogram: 1 0 0 0 0 1 1 0 0 1
Neighs:          11000 ave       12924 max        9337 min
Histogram: 1 0 0 1 1 0 0 0 0 1

Total # of neighbors = 44000
Ave neighs/atom = 88
Neighbor list builds = 0
Dangerous builds = 0
unfix 1

# Промежуточная минимизация атомов
min_style cg
minimize 1.0e-10 1.0e-11 1000 5000
Per MPI rank memory allocation (min/avg/max) = 4.524 | 4.524 | 4.524 Mbytes
   Step           Lx             Ly             Lz           PotEng         Press           Fmax          Volume    
        68   17.635154      17.599229      17.641997     -2090.1151     -2.4969865      0.0034013066   5475.4602    
        70   17.635154      17.599229      17.641997     -2090.1152      33.074865      0.0017753082   5475.4602    
        79   17.635154      17.599229      17.641997     -2090.1152      31.720463      0.00010679476  5475.4602    
Loop time of 0.0161161 on 4 procs for 11 steps with 500 atoms

68.0% CPU use with 4 MPI tasks x 1 OpenMP threads

Minimization stats:
  Stopping criterion = energy tolerance
  Energy initial, next-to-last, final = 
     -2090.11510056327   -2090.1152293406  -2090.11522949728
  Force two-norm initial, final = 0.03182462 0.001247679
  Force max component initial, final = 0.0034013066 0.00010679476
  Final line search alpha, max atom move = 1 0.00010679476
  Iterations, force evaluations = 11 22

MPI task timing breakdown:
Section |  min time  |  avg time  |  max time  |%varavg| %total
---------------------------------------------------------------
Pair    | 0.013913   | 0.013951   | 0.013969   |   0.0 | 86.56
Neigh   | 0          | 0          | 0          |   0.0 |  0.00
Comm    | 0.0011605  | 0.0012993  | 0.0013736  |   0.2 |  8.06
Output  | 1.7595e-05 | 3.1608e-05 | 7.3421e-05 |   0.0 |  0.20
Modify  | 0          | 0          | 0          |   0.0 |  0.00
Other   |            | 0.0008345  |            |       |  5.18

Nlocal:            125 ave         147 max         106 min
Histogram: 1 0 0 1 1 0 0 0 0 1
Nghost:           1737 ave        1756 max        1715 min
Histogram: 1 0 0 0 0 1 1 0 0 1
Neighs:          11000 ave       12924 max        9337 min
Histogram: 1 0 0 1 1 0 0 0 0 1

Total # of neighbors = 44000
Ave neighs/atom = 88
Neighbor list builds = 0
Dangerous builds = 0

# Релаксация ячейки iso
fix 2 all box/relax iso 0.0 vmax 0.0001
min_style cg
minimize 1.0e-10 1.0e-11 1000 5000
WARNING: Energy due to 1 extra global DOFs will be included in minimizer energies
 (src/min.cpp:219)
Per MPI rank memory allocation (min/avg/max) = 4.524 | 4.524 | 4.524 Mbytes
   Step           Lx             Ly             Lz           PotEng         Press           Fmax          Volume    
        79   17.635154      17.599229      17.641997     -2090.1152      31.720463      0.00010679476  5475.4602    
        80   17.635252      17.599327      17.642095     -2090.1152     -0.025087609    0.00013037186  5475.552     
        81   17.635254      17.599329      17.642097     -2090.1152     -0.10590374     8.7495161e-05  5475.5539    
Loop time of 0.00796708 on 4 procs for 2 steps with 500 atoms

38.4% CPU use with 4 MPI tasks x 1 OpenMP threads

Minimization stats:
  Stopping criterion = energy tolerance
  Energy initial, next-to-last, final = 
     -2090.11522949728  -2090.11523040549  -2090.11523047431
  Force two-norm initial, final = 0.32521775 0.0014457258
  Force max component initial, final = 0.32521535 0.0010857949
  Final line search alpha, max atom move = 1 0.0010857949
  Iterations, force evaluations = 2 4

MPI task timing breakdown:
Section |  min time  |  avg time  |  max time  |%varavg| %total
---------------------------------------------------------------
Pair    | 0.0043609  | 0.0044407  | 0.0045028  |   0.1 | 55.74
Neigh   | 0          | 0          | 0          |   0.0 |  0.00
Comm    | 0.001143   | 0.0020522  | 0.0029471  |   1.9 | 25.76
Output  | 2.1225e-05 | 3.8886e-05 | 9.0276e-05 |   0.0 |  0.49
Modify  | 0          | 0          | 0          |   0.0 |  0.00
Other   |            | 0.001435   |            |       | 18.01

Nlocal:            125 ave         147 max         106 min
Histogram: 1 0 0 1 1 0 0 0 0 1
Nghost:           1737 ave        1756 max        1715 min
Histogram: 1 0 0 0 0 1 1 0 0 1
Neighs:          11000 ave       12924 max        9337 min
Histogram: 1 0 0 1 1 0 0 0 0 1

Total # of neighbors = 44000
Ave neighs/atom = 88
Neighbor list builds = 0
Dangerous builds = 0
unfix 2

variable lat_const equal "lx/5"
variable eatom equal "pe/count(all)"
variable teng equal "pe"
variable natoms equal "count(all)"

print "Lattice parameter (lx/5) = ${lat_const} A"
Lattice parameter (lx/5) = 3.52705087125221 A
print "Total Potential Energy (PE) = ${teng} eV"
Total Potential Energy (PE) = -2090.11523047431 eV
print "Number of atoms = ${natoms}"
Number of atoms = 500
print "Cohesive energy (PE/N) = ${eatom} eV"
Cohesive energy (PE/N) = -4.18023046094861 eV
print "Minimization completed."
Minimization completed.

write_data B5_7_minimized.data
System init for write_data ...
Total wall time: 0:00:00
