read_data B5_8.data
Reading data file ...
  triclinic box = (0 0 0) to (17.6 17.6 17.6) with tilt (1.0776892e-15 1.0776892e-15 1.0776892e-15)
  1 by 2 by 2 MPI processor grid
  reading atoms ...
  500 atoms
  read_data CPU = 0.008 seconds

mass 1 58.6934  # Ni
mass 2 55.845   # Fe
mass 3 51.9961  # Cr

pair_style eam/alloy
pair_coeff * * FeNiCr_bonny.eam.alloy Ni Fe Cr

neighbor 2.0 bin
neigh_modify delay 0 check yes
timestep 0.001

thermo 10
thermo_style custom step lx ly lz pe press fmax vol

# --- ЭТАПЫ МИНИМИЗАЦИИ ---
min_style cg
minimize 1.0e-8 1.0e-9 1000 5000

CITE-CITE-CITE-CITE-CITE-CITE-CITE-CITE-CITE-CITE-CITE-CITE-CITE

Your simulation uses code contributions which should be cited:

- Type Label Framework: https://doi.org/10.1021/acs.jpcb.3c08419

@Article{Gissinger24,
 author = {Jacob R. Gissinger, Ilia Nikiforov, Yaser Afshar, Brendon Waters, Moon-ki Choi, Daniel S. Karls, Alexander Stukowski, Wonpil Im, Hendrik Heinz, Axel Kohlmeyer, and Ellad B. Tadmor},
 title = {Type Label Framework for Bonded Force Fields in LAMMPS},
 journal = {J. Phys. Chem. B},
 year =    2024,
 volume =  128,
 number =  13,
 pages =   {3282–-3297}
}

CITE-CITE-CITE-CITE-CITE-CITE-CITE-CITE-CITE-CITE-CITE-CITE-CITE

Neighbor list info ...
  update: every = 1 steps, delay = 0 steps, check = yes
  max neighbors/atom: 2000, page size: 100000
  master list distance cutoff = 7.6
  ghost atom cutoff = 7.6
  binsize = 3.8, bins = 5 5 5
  1 neighbor lists, perpetual/occasional/extra = 1 0 0
  (1) pair eam/alloy, perpetual
      attributes: half, newton on
      pair build: half/bin/atomonly/newton/tri
      stencil: half/bin/3d/tri
      bin: standard
Per MPI rank memory allocation (min/avg/max) = 4.524 | 4.524 | 4.524 Mbytes
   Step           Lx             Ly             Lz           PotEng         Press           Fmax          Volume    
         0   17.6           17.6           17.6          -2085.7774      8795.5858      0.75856553     5451.776     
        10   17.6           17.6           17.6          -2088.7859      8227.8584      0.0087820696   5451.776     
        17   17.6           17.6           17.6          -2088.7877      8223.1117      0.0011403898   5451.776     
Loop time of 0.0323455 on 4 procs for 17 steps with 500 atoms

81.4% CPU use with 4 MPI tasks x 1 OpenMP threads

Minimization stats:
  Stopping criterion = energy tolerance
  Energy initial, next-to-last, final = 
     -2085.77740520456  -2088.78764243386  -2088.78765711517
  Force two-norm initial, final = 9.0750657 0.012209495
  Force max component initial, final = 0.75856553 0.0011403898
  Final line search alpha, max atom move = 1 0.0011403898
  Iterations, force evaluations = 17 34

MPI task timing breakdown:
Section |  min time  |  avg time  |  max time  |%varavg| %total
---------------------------------------------------------------
Pair    | 0.028017   | 0.028212   | 0.028442   |   0.1 | 87.22
Neigh   | 0          | 0          | 0          |   0.0 |  0.00
Comm    | 0.0027144  | 0.0029676  | 0.0031843  |   0.4 |  9.17
Output  | 2.3615e-05 | 3.8944e-05 | 8.4742e-05 |   0.0 |  0.12
Modify  | 0          | 0          | 0          |   0.0 |  0.00
Other   |            | 0.001127   |            |       |  3.48

Nlocal:            125 ave         145 max         105 min
Histogram: 1 0 0 0 0 2 0 0 0 1
Nghost:           1737 ave        1757 max        1717 min
Histogram: 1 0 0 0 0 2 0 0 0 1
Neighs:          11000 ave       12806 max        9219 min
Histogram: 1 0 0 0 2 0 0 0 0 1

Total # of neighbors = 44000
Ave neighs/atom = 88
Neighbor list builds = 0
Dangerous builds = 0

# Релаксация ячейки aniso
fix 1 all box/relax aniso 0.0 vmax 0.0001
min_style cg
minimize 1.0e-10 1.0e-11 1000 5000
WARNING: Energy due to 3 extra global DOFs will be included in minimizer energies
 (src/min.cpp:219)
Per MPI rank memory allocation (min/avg/max) = 4.524 | 4.524 | 4.524 Mbytes
   Step           Lx             Ly             Lz           PotEng         Press           Fmax          Volume    
        17   17.6           17.6           17.6          -2088.7877      8223.1117      0.0011403898   5451.776     
        20   17.604517      17.60528       17.604989     -2088.8089      6604.6147      0.0038232052   5456.3574    
        30   17.617668      17.62288       17.620894     -2088.8462      1559.4908      0.014276829    5470.8302    
        40   17.611222      17.63748       17.627513     -2088.8494     -5.8516942      0.017358565    5475.4155    
        50   17.61152       17.638241      17.628249     -2088.851      -0.88276114     0.007709773    5475.9729    
        60   17.611036      17.638677      17.628261     -2088.8515      75.082353      0.0014932159   5475.9614    
        65   17.611136      17.638841      17.628651     -2088.8515      0.37616037     0.00082968555  5476.1645    
Loop time of 0.0751829 on 4 procs for 48 steps with 500 atoms

78.5% CPU use with 4 MPI tasks x 1 OpenMP threads

Minimization stats:
  Stopping criterion = energy tolerance
  Energy initial, next-to-last, final = 
     -2088.78765711518  -2088.85153550152  -2088.85153559429
  Force two-norm initial, final = 48.551236 0.012658696
  Force max component initial, final = 29.853061 0.0041995143
  Final line search alpha, max atom move = 0.0074508099 3.1289783e-05
  Iterations, force evaluations = 48 70

MPI task timing breakdown:
Section |  min time  |  avg time  |  max time  |%varavg| %total
---------------------------------------------------------------
Pair    | 0.057153   | 0.057646   | 0.058483   |   0.2 | 76.67
Neigh   | 0          | 0          | 0          |   0.0 |  0.00
Comm    | 0.0061793  | 0.007191   | 0.0078733  |   0.8 |  9.56
Output  | 0.00010415 | 0.00019611 | 0.00047005 |   0.0 |  0.26
Modify  | 0          | 0          | 0          |   0.0 |  0.00
Other   |            | 0.01015    |            |       | 13.50

Nlocal:            125 ave         139 max          99 min
Histogram: 1 0 0 0 0 0 0 1 1 1
Nghost:           1737 ave        1763 max        1723 min
Histogram: 1 1 1 0 0 0 0 0 0 1
Neighs:          11000 ave       12260 max        8699 min
Histogram: 1 0 0 0 0 0 0 1 1 1

Total # of neighbors = 44000
Ave neighs/atom = 88
Neighbor list builds = 0
Dangerous builds = 0
unfix 1

# Промежуточная минимизация атомов
min_style cg
minimize 1.0e-10 1.0e-11 1000 5000
Per MPI rank memory allocation (min/avg/max) = 4.524 | 4.524 | 4.524 Mbytes
   Step           Lx             Ly             Lz           PotEng         Press           Fmax          Volume    
        65   17.611136      17.638841      17.628651     -2088.8515      0.37616037     0.00082968555  5476.1645    
        70   17.611136      17.638841      17.628651     -2088.8516      2.3447201      0.00034832755  5476.1645    
        73   17.611136      17.638841      17.628651     -2088.8516      4.8224178      0.00014945363  5476.1645    
Loop time of 0.0106124 on 4 procs for 8 steps with 500 atoms

78.3% CPU use with 4 MPI tasks x 1 OpenMP threads

Minimization stats:
  Stopping criterion = energy tolerance
  Energy initial, next-to-last, final = 
     -2088.85153559429   -2088.8515515735  -2088.85155172832
  Force two-norm initial, final = 0.010645596 0.0012349615
  Force max component initial, final = 0.00082968555 0.00014945363
  Final line search alpha, max atom move = 1 0.00014945363
  Iterations, force evaluations = 8 16

MPI task timing breakdown:
Section |  min time  |  avg time  |  max time  |%varavg| %total
---------------------------------------------------------------
Pair    | 0.0088807  | 0.0088899  | 0.0088948  |   0.0 | 83.77
Neigh   | 0          | 0          | 0          |   0.0 |  0.00
Comm    | 0.0010708  | 0.0010803  | 0.0010854  |   0.0 | 10.18
Output  | 1.9643e-05 | 3.4809e-05 | 8.0056e-05 |   0.0 |  0.33
Modify  | 0          | 0          | 0          |   0.0 |  0.00
Other   |            | 0.0006073  |            |       |  5.72

Nlocal:            125 ave         139 max          99 min
Histogram: 1 0 0 0 0 0 0 1 1 1
Nghost:           1737 ave        1763 max        1723 min
Histogram: 1 1 1 0 0 0 0 0 0 1
Neighs:        10999.8 ave       12260 max        8699 min
Histogram: 1 0 0 0 0 0 0 1 1 1

Total # of neighbors = 43999
Ave neighs/atom = 87.998
Neighbor list builds = 0
Dangerous builds = 0

# Релаксация ячейки iso
fix 2 all box/relax iso 0.0 vmax 0.0001
min_style cg
minimize 1.0e-10 1.0e-11 1000 5000
WARNING: Energy due to 1 extra global DOFs will be included in minimizer energies
 (src/min.cpp:219)
Per MPI rank memory allocation (min/avg/max) = 4.524 | 4.524 | 4.524 Mbytes
   Step           Lx             Ly             Lz           PotEng         Press           Fmax          Volume    
        73   17.611136      17.638841      17.628651     -2088.8516      4.8224178      0.00014945363  5476.1645    
        74   17.611151      17.638856      17.628666     -2088.8516     -0.0071479515   0.00014744034  5476.1786    
Loop time of 0.00159222 on 4 procs for 1 steps with 500 atoms

69.4% CPU use with 4 MPI tasks x 1 OpenMP threads

Minimization stats:
  Stopping criterion = energy tolerance
  Energy initial, next-to-last, final = 
     -2088.85155172832  -2088.85155172832  -2088.85155174952
  Force two-norm initial, final = 0.049463816 0.00121323
  Force max component initial, final = 0.049448397 0.00014744034
  Final line search alpha, max atom move = 0.0020223102 2.9817011e-07
  Iterations, force evaluations = 1 2

MPI task timing breakdown:
Section |  min time  |  avg time  |  max time  |%varavg| %total
---------------------------------------------------------------
Pair    | 0.0013176  | 0.0013183  | 0.0013195  |   0.0 | 82.80
Neigh   | 0          | 0          | 0          |   0.0 |  0.00
Comm    | 0.00010075 | 0.00010216 | 0.00010446 |   0.0 |  6.42
Output  | 0          | 0          | 0          |   0.0 |  0.00
Modify  | 0          | 0          | 0          |   0.0 |  0.00
Other   |            | 0.0001717  |            |       | 10.78

Nlocal:            125 ave         139 max          99 min
Histogram: 1 0 0 0 0 0 0 1 1 1
Nghost:           1737 ave        1763 max        1723 min
Histogram: 1 1 1 0 0 0 0 0 0 1
Neighs:        10999.8 ave       12260 max        8699 min
Histogram: 1 0 0 0 0 0 0 1 1 1

Total # of neighbors = 43999
Ave neighs/atom = 87.998
Neighbor list builds = 0
Dangerous builds = 0
unfix 2

variable lat_const equal "lx/5"
variable eatom equal "pe/count(all)"
variable teng equal "pe"
variable natoms equal "count(all)"

print "Lattice parameter (lx/5) = ${lat_const} A"
Lattice parameter (lx/5) = 3.52223020953826 A
print "Total Potential Energy (PE) = ${teng} eV"
Total Potential Energy (PE) = -2088.85155174952 eV
print "Number of atoms = ${natoms}"
Number of atoms = 500
print "Cohesive energy (PE/N) = ${eatom} eV"
Cohesive energy (PE/N) = -4.17770310349903 eV
print "Minimization completed."
Minimization completed.

write_data B5_8_minimized.data
System init for write_data ...
Total wall time: 0:00:00
