read_data B5_9.data
Reading data file ...
  triclinic box = (0 0 0) to (17.6 17.6 17.6) with tilt (1.0776892e-15 1.0776892e-15 1.0776892e-15)
  1 by 2 by 2 MPI processor grid
  reading atoms ...
  500 atoms
  read_data CPU = 0.011 seconds

mass 1 58.6934  # Ni
mass 2 55.845   # Fe
mass 3 51.9961  # Cr

pair_style eam/alloy
pair_coeff * * FeNiCr_bonny.eam.alloy Ni Fe Cr

neighbor 2.0 bin
neigh_modify delay 0 check yes
timestep 0.001

thermo 10
thermo_style custom step lx ly lz pe press fmax vol

# --- ЭТАПЫ МИНИМИЗАЦИИ ---
min_style cg
minimize 1.0e-8 1.0e-9 1000 5000

CITE-CITE-CITE-CITE-CITE-CITE-CITE-CITE-CITE-CITE-CITE-CITE-CITE

Your simulation uses code contributions which should be cited:

- Type Label Framework: https://doi.org/10.1021/acs.jpcb.3c08419

@Article{Gissinger24,
 author = {Jacob R. Gissinger, Ilia Nikiforov, Yaser Afshar, Brendon Waters, Moon-ki Choi, Daniel S. Karls, Alexander Stukowski, Wonpil Im, Hendrik Heinz, Axel Kohlmeyer, and Ellad B. Tadmor},
 title = {Type Label Framework for Bonded Force Fields in LAMMPS},
 journal = {J. Phys. Chem. B},
 year =    2024,
 volume =  128,
 number =  13,
 pages =   {3282–-3297}
}

CITE-CITE-CITE-CITE-CITE-CITE-CITE-CITE-CITE-CITE-CITE-CITE-CITE

Neighbor list info ...
  update: every = 1 steps, delay = 0 steps, check = yes
  max neighbors/atom: 2000, page size: 100000
  master list distance cutoff = 7.6
  ghost atom cutoff = 7.6
  binsize = 3.8, bins = 5 5 5
  1 neighbor lists, perpetual/occasional/extra = 1 0 0
  (1) pair eam/alloy, perpetual
      attributes: half, newton on
      pair build: half/bin/atomonly/newton/tri
      stencil: half/bin/3d/tri
      bin: standard
Per MPI rank memory allocation (min/avg/max) = 4.524 | 4.524 | 4.524 Mbytes
   Step           Lx             Ly             Lz           PotEng         Press           Fmax          Volume    
         0   17.6           17.6           17.6          -2085.823       8072.193       0.73050085     5451.776     
        10   17.6           17.6           17.6          -2088.8263      7190.2712      0.013428474    5451.776     
        17   17.6           17.6           17.6          -2088.8285      7198.2362      0.0011451012   5451.776     
Loop time of 0.03866 on 4 procs for 17 steps with 500 atoms

71.5% CPU use with 4 MPI tasks x 1 OpenMP threads

Minimization stats:
  Stopping criterion = energy tolerance
  Energy initial, next-to-last, final = 
     -2085.82295648433  -2088.82849713216  -2088.82851184732
  Force two-norm initial, final = 8.9931548 0.012764797
  Force max component initial, final = 0.73050085 0.0011451012
  Final line search alpha, max atom move = 1 0.0011451012
  Iterations, force evaluations = 17 34

MPI task timing breakdown:
Section |  min time  |  avg time  |  max time  |%varavg| %total
---------------------------------------------------------------
Pair    | 0.023067   | 0.023731   | 0.024281   |   0.3 | 61.38
Neigh   | 0          | 0          | 0          |   0.0 |  0.00
Comm    | 0.0035833  | 0.0085793  | 0.013624   |   5.0 | 22.19
Output  | 2.2076e-05 | 3.3081e-05 | 6.5297e-05 |   0.0 |  0.09
Modify  | 0          | 0          | 0          |   0.0 |  0.00
Other   |            | 0.006317   |            |       | 16.34

Nlocal:            125 ave         145 max         105 min
Histogram: 1 0 0 0 0 2 0 0 0 1
Nghost:           1737 ave        1757 max        1717 min
Histogram: 1 0 0 0 0 2 0 0 0 1
Neighs:          11000 ave       12776 max        9286 min
Histogram: 1 0 0 0 2 0 0 0 0 1

Total # of neighbors = 44000
Ave neighs/atom = 88
Neighbor list builds = 0
Dangerous builds = 0

# Релаксация ячейки aniso
fix 1 all box/relax aniso 0.0 vmax 0.0001
min_style cg
minimize 1.0e-10 1.0e-11 1000 5000
WARNING: Energy due to 3 extra global DOFs will be included in minimizer energies
 (src/min.cpp:219)
Per MPI rank memory allocation (min/avg/max) = 4.524 | 4.524 | 4.524 Mbytes
   Step           Lx             Ly             Lz           PotEng         Press           Fmax          Volume    
        17   17.6           17.6           17.6          -2088.8285      7198.2362      0.0011451012   5451.776     
        20   17.604027      17.60528       17.604824     -2088.8463      5648.875       0.0030783304   5456.1542    
        30   17.614268      17.62288       17.619745     -2088.8749      1011.318       0.012823196    5469.418     
        40   17.602261      17.638529      17.625212     -2088.8776      32.725133      0.018308126    5472.2404    
        50   17.601863      17.64035       17.625976     -2088.8792      0.61897465     0.0031315217   5472.9187    
        60   17.601779      17.640432      17.62611      -2088.8793     -5.2990393      0.0011027605   5472.9598    
Loop time of 0.0869238 on 4 procs for 43 steps with 500 atoms

73.8% CPU use with 4 MPI tasks x 1 OpenMP threads

Minimization stats:
  Stopping criterion = energy tolerance
  Energy initial, next-to-last, final = 
     -2088.82851184733  -2088.87925820952  -2088.87925824206
  Force two-norm initial, final = 42.649079 0.033163005
  Force max component initial, final = 27.271571 0.018796825
  Final line search alpha, max atom move = 0.03221676 0.00060557279
  Iterations, force evaluations = 43 64

MPI task timing breakdown:
Section |  min time  |  avg time  |  max time  |%varavg| %total
---------------------------------------------------------------
Pair    | 0.065927   | 0.066307   | 0.066875   |   0.1 | 76.28
Neigh   | 0          | 0          | 0          |   0.0 |  0.00
Comm    | 0.0062491  | 0.010866   | 0.015307   |   4.1 | 12.50
Output  | 7.9634e-05 | 0.00012779 | 0.00027116 |   0.0 |  0.15
Modify  | 0          | 0          | 0          |   0.0 |  0.00
Other   |            | 0.009624   |            |       | 11.07

Nlocal:            125 ave         133 max         120 min
Histogram: 1 0 1 1 0 0 0 0 0 1
Nghost:           1737 ave        1742 max        1729 min
Histogram: 1 0 0 0 0 0 1 1 0 1
Neighs:        10999.8 ave       11770 max       10509 min
Histogram: 1 0 1 1 0 0 0 0 0 1

Total # of neighbors = 43999
Ave neighs/atom = 87.998
Neighbor list builds = 0
Dangerous builds = 0
unfix 1

# Промежуточная минимизация атомов
min_style cg
minimize 1.0e-10 1.0e-11 1000 5000
Per MPI rank memory allocation (min/avg/max) = 4.524 | 4.524 | 4.524 Mbytes
   Step           Lx             Ly             Lz           PotEng         Press           Fmax          Volume    
        60   17.601779      17.640432      17.62611      -2088.8793     -5.2990393      0.0011027605   5472.9598    
        68   17.601779      17.640432      17.62611      -2088.8793     -2.6445733      0.00010518518  5472.9598    
Loop time of 0.0117162 on 4 procs for 8 steps with 500 atoms

74.9% CPU use with 4 MPI tasks x 1 OpenMP threads

Minimization stats:
  Stopping criterion = energy tolerance
  Energy initial, next-to-last, final = 
     -2088.87925824206  -2088.87927571252  -2088.87927588733
  Force two-norm initial, final = 0.010848223 0.0012798373
  Force max component initial, final = 0.0011027605 0.00010518518
  Final line search alpha, max atom move = 1 0.00010518518
  Iterations, force evaluations = 8 16

MPI task timing breakdown:
Section |  min time  |  avg time  |  max time  |%varavg| %total
---------------------------------------------------------------
Pair    | 0.010231   | 0.010294   | 0.010354   |   0.0 | 87.86
Neigh   | 0          | 0          | 0          |   0.0 |  0.00
Comm    | 0.0009775  | 0.0010415  | 0.0011063  |   0.1 |  8.89
Output  | 0          | 0          | 0          |   0.0 |  0.00
Modify  | 0          | 0          | 0          |   0.0 |  0.00
Other   |            | 0.0003808  |            |       |  3.25

Nlocal:            125 ave         133 max         119 min
Histogram: 1 0 0 2 0 0 0 0 0 1
Nghost:           1737 ave        1743 max        1729 min
Histogram: 1 0 0 0 0 0 2 0 0 1
Neighs:        10999.5 ave       11770 max       10415 min
Histogram: 1 0 0 2 0 0 0 0 0 1

Total # of neighbors = 43998
Ave neighs/atom = 87.996
Neighbor list builds = 0
Dangerous builds = 0

# Релаксация ячейки iso
fix 2 all box/relax iso 0.0 vmax 0.0001
min_style cg
minimize 1.0e-10 1.0e-11 1000 5000
WARNING: Energy due to 1 extra global DOFs will be included in minimizer energies
 (src/min.cpp:219)
Per MPI rank memory allocation (min/avg/max) = 4.524 | 4.524 | 4.524 Mbytes
   Step           Lx             Ly             Lz           PotEng         Press           Fmax          Volume    
        68   17.601779      17.640432      17.62611      -2088.8793     -2.6445733      0.00010518518  5472.9598    
        69   17.601771      17.640424      17.626102     -2088.8793      0.0036890648   0.00010583668  5472.9521    
Loop time of 0.00145371 on 4 procs for 1 steps with 500 atoms

76.4% CPU use with 4 MPI tasks x 1 OpenMP threads

Minimization stats:
  Stopping criterion = energy tolerance
  Energy initial, next-to-last, final = 
     -2088.87927588733  -2088.87927588733  -2088.87927589369
  Force two-norm initial, final = 0.027131418 0.0012908587
  Force max component initial, final = 0.027101215 0.00010583668
  Final line search alpha, max atom move = 0.0036898714 3.9052372e-07
  Iterations, force evaluations = 1 2

MPI task timing breakdown:
Section |  min time  |  avg time  |  max time  |%varavg| %total
---------------------------------------------------------------
Pair    | 0.0011949  | 0.0011957  | 0.0011967  |   0.0 | 82.25
Neigh   | 0          | 0          | 0          |   0.0 |  0.00
Comm    | 9.8466e-05 | 0.00010139 | 0.00010378 |   0.0 |  6.97
Output  | 0          | 0          | 0          |   0.0 |  0.00
Modify  | 0          | 0          | 0          |   0.0 |  0.00
Other   |            | 0.0001567  |            |       | 10.78

Nlocal:            125 ave         133 max         119 min
Histogram: 1 0 1 0 1 0 0 0 0 1
Nghost:           1737 ave        1743 max        1729 min
Histogram: 1 0 0 0 0 1 0 1 0 1
Neighs:        10999.5 ave       11770 max       10415 min
Histogram: 1 0 1 0 1 0 0 0 0 1

Total # of neighbors = 43998
Ave neighs/atom = 87.996
Neighbor list builds = 0
Dangerous builds = 0
unfix 2

variable lat_const equal "lx/5"
variable eatom equal "pe/count(all)"
variable teng equal "pe"
variable natoms equal "count(all)"

print "Lattice parameter (lx/5) = ${lat_const} A"
Lattice parameter (lx/5) = 3.52035410156194 A
print "Total Potential Energy (PE) = ${teng} eV"
Total Potential Energy (PE) = -2088.87927589369 eV
print "Number of atoms = ${natoms}"
Number of atoms = 500
print "Cohesive energy (PE/N) = ${eatom} eV"
Cohesive energy (PE/N) = -4.17775855178737 eV
print "Minimization completed."
Minimization completed.

write_data B5_9_minimized.data
System init for write_data ...
Total wall time: 0:00:00
