read_data C1_mpack_6.data
Reading data file ...
  triclinic box = (0 0 0) to (17.6 17.6 17.6) with tilt (1.0776892e-15 1.0776892e-15 1.0776892e-15)
  1 by 2 by 2 MPI processor grid
  reading atoms ...
  500 atoms
  read_data CPU = 0.008 seconds

mass 1 58.6934  # Ni
mass 2 55.845   # Fe
mass 3 51.9961  # Cr

pair_style eam/alloy
pair_coeff * * FeNiCr_bonny.eam.alloy Ni Fe Cr

neighbor 2.0 bin
neigh_modify delay 0 check yes
timestep 0.001

thermo 10
thermo_style custom step lx ly lz pe press fmax vol

# --- ЭТАПЫ МИНИМИЗАЦИИ ---
min_style cg
minimize 1.0e-8 1.0e-9 1000 5000

CITE-CITE-CITE-CITE-CITE-CITE-CITE-CITE-CITE-CITE-CITE-CITE-CITE

Your simulation uses code contributions which should be cited:

- Type Label Framework: https://doi.org/10.1021/acs.jpcb.3c08419

@Article{Gissinger24,
 author = {Jacob R. Gissinger, Ilia Nikiforov, Yaser Afshar, Brendon Waters, Moon-ki Choi, Daniel S. Karls, Alexander Stukowski, Wonpil Im, Hendrik Heinz, Axel Kohlmeyer, and Ellad B. Tadmor},
 title = {Type Label Framework for Bonded Force Fields in LAMMPS},
 journal = {J. Phys. Chem. B},
 year =    2024,
 volume =  128,
 number =  13,
 pages =   {3282–-3297}
}

CITE-CITE-CITE-CITE-CITE-CITE-CITE-CITE-CITE-CITE-CITE-CITE-CITE

Neighbor list info ...
  update: every = 1 steps, delay = 0 steps, check = yes
  max neighbors/atom: 2000, page size: 100000
  master list distance cutoff = 7.6
  ghost atom cutoff = 7.6
  binsize = 3.8, bins = 5 5 5
  1 neighbor lists, perpetual/occasional/extra = 1 0 0
  (1) pair eam/alloy, perpetual
      attributes: half, newton on
      pair build: half/bin/atomonly/newton/tri
      stencil: half/bin/3d/tri
      bin: standard
Per MPI rank memory allocation (min/avg/max) = 4.524 | 4.524 | 4.524 Mbytes
   Step           Lx             Ly             Lz           PotEng         Press           Fmax          Volume    
         0   17.6           17.6           17.6          -2125.5132     -5867.6328      0.74793833     5451.776     
        10   17.6           17.6           17.6          -2128.033      -6137.7264      0.0094739956   5451.776     
        16   17.6           17.6           17.6          -2128.0343     -6137.3418      0.00095643488  5451.776     
Loop time of 0.0394749 on 4 procs for 16 steps with 500 atoms

70.7% CPU use with 4 MPI tasks x 1 OpenMP threads

Minimization stats:
  Stopping criterion = energy tolerance
  Energy initial, next-to-last, final = 
     -2125.51317370515  -2128.03424761806  -2128.03425923174
  Force two-norm initial, final = 8.4623818 0.010456628
  Force max component initial, final = 0.74793833 0.00095643488
  Final line search alpha, max atom move = 1 0.00095643488
  Iterations, force evaluations = 16 32

MPI task timing breakdown:
Section |  min time  |  avg time  |  max time  |%varavg| %total
---------------------------------------------------------------
Pair    | 0.033277   | 0.033406   | 0.033634   |   0.1 | 84.63
Neigh   | 0          | 0          | 0          |   0.0 |  0.00
Comm    | 0.0033819  | 0.0041027  | 0.0046215  |   0.8 | 10.39
Output  | 2.5097e-05 | 3.915e-05  | 7.9217e-05 |   0.0 |  0.10
Modify  | 0          | 0          | 0          |   0.0 |  0.00
Other   |            | 0.001927   |            |       |  4.88

Nlocal:            125 ave         145 max         105 min
Histogram: 1 0 0 0 0 2 0 0 0 1
Nghost:           1737 ave        1757 max        1717 min
Histogram: 1 0 0 0 0 2 0 0 0 1
Neighs:          11000 ave       12761 max        9226 min
Histogram: 1 0 0 0 1 1 0 0 0 1

Total # of neighbors = 44000
Ave neighs/atom = 88
Neighbor list builds = 0
Dangerous builds = 0

# Релаксация ячейки aniso
fix 1 all box/relax aniso 0.0 vmax 0.0001
min_style cg
minimize 1.0e-10 1.0e-11 1000 5000
WARNING: Energy due to 3 extra global DOFs will be included in minimizer energies
 (src/min.cpp:219)
Per MPI rank memory allocation (min/avg/max) = 4.524 | 4.524 | 4.524 Mbytes
   Step           Lx             Ly             Lz           PotEng         Press           Fmax          Volume    
        16   17.6           17.6           17.6          -2128.0343     -6137.3418      0.00095643488  5451.776     
        20   17.59296       17.594601      17.594013     -2128.0529     -4176.3995      0.0044921576   5446.0703    
        30   17.57536       17.586221      17.582142     -2128.0695     -97.948317      0.013092631    5434.3616    
        40   17.566842      17.592254      17.582961     -2128.0707      16.580922      0.0063832058   5433.8445    
        50   17.566416      17.592827      17.582492     -2128.0709     -1.1199266      0.0028778069   5433.7448    
        59   17.566226      17.592927      17.582373     -2128.071       2.841771       0.0011732945   5433.6798    
Loop time of 0.0822258 on 4 procs for 43 steps with 500 atoms

65.8% CPU use with 4 MPI tasks x 1 OpenMP threads

Minimization stats:
  Stopping criterion = energy tolerance
  Energy initial, next-to-last, final = 
     -2128.03425923174  -2128.07100915307  -2128.07100918211
  Force two-norm initial, final = 36.350424 0.02251225
  Force max component initial, final = 23.637477 0.014829019
  Final line search alpha, max atom move = 0.0058449594 8.6675015e-05
  Iterations, force evaluations = 43 66

MPI task timing breakdown:
Section |  min time  |  avg time  |  max time  |%varavg| %total
---------------------------------------------------------------
Pair    | 0.049886   | 0.050975   | 0.052758   |   0.5 | 61.99
Neigh   | 0          | 0          | 0          |   0.0 |  0.00
Comm    | 0.0076301  | 0.014887   | 0.02277    |   5.5 | 18.11
Output  | 7.1506e-05 | 0.00011467 | 0.00024203 |   0.0 |  0.14
Modify  | 0          | 0          | 0          |   0.0 |  0.00
Other   |            | 0.01625    |            |       | 19.76

Nlocal:            125 ave         140 max         106 min
Histogram: 1 0 0 0 1 0 0 1 0 1
Nghost:           1737 ave        1756 max        1722 min
Histogram: 1 0 1 0 0 1 0 0 0 1
Neighs:          11000 ave       12353 max        9327 min
Histogram: 1 0 0 0 1 0 0 1 0 1

Total # of neighbors = 44000
Ave neighs/atom = 88
Neighbor list builds = 0
Dangerous builds = 0
unfix 1

# Промежуточная минимизация атомов
min_style cg
minimize 1.0e-10 1.0e-11 1000 5000
Per MPI rank memory allocation (min/avg/max) = 4.524 | 4.524 | 4.524 Mbytes
   Step           Lx             Ly             Lz           PotEng         Press           Fmax          Volume    
        59   17.566226      17.592927      17.582373     -2128.071       2.841771       0.0011732945   5433.6798    
        60   17.566226      17.592927      17.582373     -2128.071       3.0667628      0.00092505862  5433.6798    
        67   17.566226      17.592927      17.582373     -2128.071       2.8723202      0.0001247759   5433.6798    
Loop time of 0.0176893 on 4 procs for 8 steps with 500 atoms

74.1% CPU use with 4 MPI tasks x 1 OpenMP threads

Minimization stats:
  Stopping criterion = energy tolerance
  Energy initial, next-to-last, final = 
     -2128.07100918211  -2128.07103291387  -2128.07103307579
  Force two-norm initial, final = 0.012900523 0.0015346176
  Force max component initial, final = 0.0011732945 0.0001247759
  Final line search alpha, max atom move = 1 0.0001247759
  Iterations, force evaluations = 8 16

MPI task timing breakdown:
Section |  min time  |  avg time  |  max time  |%varavg| %total
---------------------------------------------------------------
Pair    | 0.01136    | 0.011376   | 0.011391   |   0.0 | 64.31
Neigh   | 0          | 0          | 0          |   0.0 |  0.00
Comm    | 0.0010818  | 0.0019576  | 0.0022631  |   1.1 | 11.07
Output  | 2.2951e-05 | 3.657e-05  | 7.6703e-05 |   0.0 |  0.21
Modify  | 0          | 0          | 0          |   0.0 |  0.00
Other   |            | 0.004319   |            |       | 24.42

Nlocal:            125 ave         140 max         107 min
Histogram: 1 0 0 1 0 0 0 1 0 1
Nghost:           1737 ave        1755 max        1722 min
Histogram: 1 0 1 0 0 0 1 0 0 1
Neighs:          11000 ave       12353 max        9414 min
Histogram: 1 0 0 1 0 0 0 1 0 1

Total # of neighbors = 44000
Ave neighs/atom = 88
Neighbor list builds = 0
Dangerous builds = 0

# Релаксация ячейки iso
fix 2 all box/relax iso 0.0 vmax 0.0001
min_style cg
minimize 1.0e-10 1.0e-11 1000 5000
WARNING: Energy due to 1 extra global DOFs will be included in minimizer energies
 (src/min.cpp:219)
Per MPI rank memory allocation (min/avg/max) = 4.524 | 4.524 | 4.524 Mbytes
   Step           Lx             Ly             Lz           PotEng         Press           Fmax          Volume    
        67   17.566226      17.592927      17.582373     -2128.071       2.8723202      0.0001247759   5433.6798    
        68   17.566235      17.592936      17.582382     -2128.071      -0.010216309    0.00013019383  5433.688     
Loop time of 0.00149793 on 4 procs for 1 steps with 500 atoms

70.6% CPU use with 4 MPI tasks x 1 OpenMP threads

Minimization stats:
  Stopping criterion = energy tolerance
  Energy initial, next-to-last, final = 
     -2128.07103307579  -2128.07103307579  -2128.07103308317
  Force two-norm initial, final = 0.02926414 0.001549127
  Force max component initial, final = 0.029223874 0.00013019383
  Final line search alpha, max atom move = 0.0034218598 4.4550503e-07
  Iterations, force evaluations = 1 2

MPI task timing breakdown:
Section |  min time  |  avg time  |  max time  |%varavg| %total
---------------------------------------------------------------
Pair    | 0.0012665  | 0.0012669  | 0.0012673  |   0.0 | 84.58
Neigh   | 0          | 0          | 0          |   0.0 |  0.00
Comm    | 9.5209e-05 | 9.5554e-05 | 9.601e-05  |   0.0 |  6.38
Output  | 0          | 0          | 0          |   0.0 |  0.00
Modify  | 0          | 0          | 0          |   0.0 |  0.00
Other   |            | 0.0001355  |            |       |  9.04

Nlocal:            125 ave         140 max         107 min
Histogram: 1 0 0 1 0 0 0 1 0 1
Nghost:           1737 ave        1755 max        1722 min
Histogram: 1 0 1 0 0 0 1 0 0 1
Neighs:          11000 ave       12353 max        9414 min
Histogram: 1 0 0 1 0 0 0 1 0 1

Total # of neighbors = 44000
Ave neighs/atom = 88
Neighbor list builds = 0
Dangerous builds = 0
unfix 2

variable lat_const equal "lx/5"
variable eatom equal "pe/count(all)"
variable teng equal "pe"
variable natoms equal "count(all)"

print "Lattice parameter (lx/5) = ${lat_const} A"
Lattice parameter (lx/5) = 3.51324692372175 A
print "Total Potential Energy (PE) = ${teng} eV"
Total Potential Energy (PE) = -2128.07103308317 eV
print "Number of atoms = ${natoms}"
Number of atoms = 500
print "Cohesive energy (PE/N) = ${eatom} eV"
Cohesive energy (PE/N) = -4.25614206616634 eV
print "Minimization completed."
Minimization completed.

write_data C1_mpack_6_minimized.data
System init for write_data ...
Total wall time: 0:00:00
