read_data C1_mpack_2.data
Reading data file ...
  triclinic box = (0 0 0) to (17.6 17.6 17.6) with tilt (1.0776892e-15 1.0776892e-15 1.0776892e-15)
  1 by 2 by 2 MPI processor grid
  reading atoms ...
  500 atoms
  read_data CPU = 0.012 seconds

mass 1 58.6934  # Ni
mass 2 55.845   # Fe
mass 3 51.9961  # Cr

pair_style eam/alloy
pair_coeff * * FeNiCr_bonny.eam.alloy Ni Fe Cr

neighbor 2.0 bin
neigh_modify delay 0 check yes
timestep 0.001

thermo 10
thermo_style custom step lx ly lz pe press fmax vol

# --- ЭТАПЫ МИНИМИЗАЦИИ ---
min_style cg
minimize 1.0e-8 1.0e-9 1000 5000

CITE-CITE-CITE-CITE-CITE-CITE-CITE-CITE-CITE-CITE-CITE-CITE-CITE

Your simulation uses code contributions which should be cited:

- Type Label Framework: https://doi.org/10.1021/acs.jpcb.3c08419

@Article{Gissinger24,
 author = {Jacob R. Gissinger, Ilia Nikiforov, Yaser Afshar, Brendon Waters, Moon-ki Choi, Daniel S. Karls, Alexander Stukowski, Wonpil Im, Hendrik Heinz, Axel Kohlmeyer, and Ellad B. Tadmor},
 title = {Type Label Framework for Bonded Force Fields in LAMMPS},
 journal = {J. Phys. Chem. B},
 year =    2024,
 volume =  128,
 number =  13,
 pages =   {3282–-3297}
}

CITE-CITE-CITE-CITE-CITE-CITE-CITE-CITE-CITE-CITE-CITE-CITE-CITE

Neighbor list info ...
  update: every = 1 steps, delay = 0 steps, check = yes
  max neighbors/atom: 2000, page size: 100000
  master list distance cutoff = 7.6
  ghost atom cutoff = 7.6
  binsize = 3.8, bins = 5 5 5
  1 neighbor lists, perpetual/occasional/extra = 1 0 0
  (1) pair eam/alloy, perpetual
      attributes: half, newton on
      pair build: half/bin/atomonly/newton/tri
      stencil: half/bin/3d/tri
      bin: standard
Per MPI rank memory allocation (min/avg/max) = 4.524 | 4.524 | 4.524 Mbytes
   Step           Lx             Ly             Lz           PotEng         Press           Fmax          Volume    
         0   17.6           17.6           17.6          -2125.4309     -4650.2621      0.76141593     5451.776     
        10   17.6           17.6           17.6          -2128.1118     -5074.967       0.010539983    5451.776     
        16   17.6           17.6           17.6          -2128.113      -5074.3025      0.0011198595   5451.776     
Loop time of 0.0240229 on 4 procs for 16 steps with 500 atoms

88.3% CPU use with 4 MPI tasks x 1 OpenMP threads

Minimization stats:
  Stopping criterion = energy tolerance
  Energy initial, next-to-last, final = 
      -2125.4309493068  -2128.11296836669  -2128.11298457526
  Force two-norm initial, final = 8.7893745 0.012404639
  Force max component initial, final = 0.76141593 0.0011198595
  Final line search alpha, max atom move = 1 0.0011198595
  Iterations, force evaluations = 16 32

MPI task timing breakdown:
Section |  min time  |  avg time  |  max time  |%varavg| %total
---------------------------------------------------------------
Pair    | 0.019151   | 0.019969   | 0.020653   |   0.5 | 83.13
Neigh   | 0          | 0          | 0          |   0.0 |  0.00
Comm    | 0.0020225  | 0.0027887  | 0.0036921  |   1.3 | 11.61
Output  | 2.3e-05    | 3.2997e-05 | 6.2267e-05 |   0.0 |  0.14
Modify  | 0          | 0          | 0          |   0.0 |  0.00
Other   |            | 0.001232   |            |       |  5.13

Nlocal:            125 ave         145 max         105 min
Histogram: 1 0 0 0 0 2 0 0 0 1
Nghost:           1737 ave        1757 max        1717 min
Histogram: 1 0 0 0 0 2 0 0 0 1
Neighs:          11000 ave       12818 max        9186 min
Histogram: 1 0 0 0 2 0 0 0 0 1

Total # of neighbors = 44000
Ave neighs/atom = 88
Neighbor list builds = 0
Dangerous builds = 0

# Релаксация ячейки aniso
fix 1 all box/relax aniso 0.0 vmax 0.0001
min_style cg
minimize 1.0e-10 1.0e-11 1000 5000
WARNING: Energy due to 3 extra global DOFs will be included in minimizer energies
 (src/min.cpp:219)
Per MPI rank memory allocation (min/avg/max) = 4.524 | 4.524 | 4.524 Mbytes
   Step           Lx             Ly             Lz           PotEng         Press           Fmax          Volume    
        16   17.6           17.6           17.6          -2128.113      -5074.3025      0.0011198595   5451.776     
        20   17.593737      17.59296       17.595485     -2128.1276     -3170.492       0.003841389    5446.2585    
        30   17.581726      17.575709      17.595381     -2128.1388      2.874654       0.011242259    5437.1714    
        40   17.579687      17.56789       17.604121     -2128.1401      9.3365018      0.0037999585   5436.8214    
        50   17.579206      17.568341      17.604245     -2128.1402      0.21663538     0.0014536627   5436.8506    
        54   17.579299      17.568144      17.60435      -2128.1402      0.84667192     0.0009902304   5436.851     
Loop time of 0.0601169 on 4 procs for 38 steps with 500 atoms

74.6% CPU use with 4 MPI tasks x 1 OpenMP threads

Minimization stats:
  Stopping criterion = energy tolerance
  Energy initial, next-to-last, final = 
     -2128.11298457525  -2128.14019002439  -2128.14019010297
  Force two-norm initial, final = 30.264145 0.018740291
  Force max component initial, final = 20.059685 0.012025696
  Final line search alpha, max atom move = 0.016545129 0.00019896669
  Iterations, force evaluations = 38 58

MPI task timing breakdown:
Section |  min time  |  avg time  |  max time  |%varavg| %total
---------------------------------------------------------------
Pair    | 0.046824   | 0.047368   | 0.047999   |   0.2 | 78.79
Neigh   | 0          | 0          | 0          |   0.0 |  0.00
Comm    | 0.0050063  | 0.0054126  | 0.0058326  |   0.5 |  9.00
Output  | 8.2303e-05 | 0.0001322  | 0.00027998 |   0.0 |  0.22
Modify  | 0          | 0          | 0          |   0.0 |  0.00
Other   |            | 0.007205   |            |       | 11.98

Nlocal:            125 ave         134 max         116 min
Histogram: 2 0 0 0 0 0 0 0 0 2
Nghost:           1737 ave        1746 max        1728 min
Histogram: 2 0 0 0 0 0 0 0 0 2
Neighs:          11000 ave       11820 max       10195 min
Histogram: 2 0 0 0 0 0 0 0 0 2

Total # of neighbors = 44000
Ave neighs/atom = 88
Neighbor list builds = 0
Dangerous builds = 0
unfix 1

# Промежуточная минимизация атомов
min_style cg
minimize 1.0e-10 1.0e-11 1000 5000
Per MPI rank memory allocation (min/avg/max) = 4.524 | 4.524 | 4.524 Mbytes
   Step           Lx             Ly             Lz           PotEng         Press           Fmax          Volume    
        54   17.579299      17.568144      17.60435      -2128.1402      0.84667192     0.0009902304   5436.851     
        60   17.579299      17.568144      17.60435      -2128.1402      2.1624648      0.00023685554  5436.851     
        62   17.579299      17.568144      17.60435      -2128.1402      0.74392561     8.9158712e-05  5436.851     
Loop time of 0.00869248 on 4 procs for 8 steps with 500 atoms

75.2% CPU use with 4 MPI tasks x 1 OpenMP threads

Minimization stats:
  Stopping criterion = energy tolerance
  Energy initial, next-to-last, final = 
     -2128.14019010297  -2128.14020702105  -2128.14020710242
  Force two-norm initial, final = 0.010845791 0.00096284938
  Force max component initial, final = 0.0009902304 8.9158712e-05
  Final line search alpha, max atom move = 1 8.9158712e-05
  Iterations, force evaluations = 8 16

MPI task timing breakdown:
Section |  min time  |  avg time  |  max time  |%varavg| %total
---------------------------------------------------------------
Pair    | 0.0073709  | 0.0073723  | 0.0073734  |   0.0 | 84.81
Neigh   | 0          | 0          | 0          |   0.0 |  0.00
Comm    | 0.00076986 | 0.00077762 | 0.00078452 |   0.0 |  8.95
Output  | 1.757e-05  | 2.7703e-05 | 5.7926e-05 |   0.0 |  0.32
Modify  | 0          | 0          | 0          |   0.0 |  0.00
Other   |            | 0.0005148  |            |       |  5.92

Nlocal:            125 ave         135 max         116 min
Histogram: 2 0 0 0 0 0 0 0 1 1
Nghost:           1737 ave        1746 max        1727 min
Histogram: 1 1 0 0 0 0 0 0 0 2
Neighs:          11000 ave       11911 max       10209 min
Histogram: 2 0 0 0 0 0 0 0 1 1

Total # of neighbors = 44000
Ave neighs/atom = 88
Neighbor list builds = 0
Dangerous builds = 0

# Релаксация ячейки iso
fix 2 all box/relax iso 0.0 vmax 0.0001
min_style cg
minimize 1.0e-10 1.0e-11 1000 5000
WARNING: Energy due to 1 extra global DOFs will be included in minimizer energies
 (src/min.cpp:219)
Per MPI rank memory allocation (min/avg/max) = 4.524 | 4.524 | 4.524 Mbytes
   Step           Lx             Ly             Lz           PotEng         Press           Fmax          Volume    
        62   17.579299      17.568144      17.60435      -2128.1402      0.74392561     8.9158712e-05  5436.851     
        63   17.579301      17.568146      17.604353     -2128.1402     -0.01264467     8.9477075e-05  5436.8532    
Loop time of 0.0164729 on 4 procs for 1 steps with 500 atoms

52.0% CPU use with 4 MPI tasks x 1 OpenMP threads

Minimization stats:
  Stopping criterion = energy tolerance
  Energy initial, next-to-last, final = 
     -2128.14020710242  -2128.14020710242  -2128.14020710294
  Force two-norm initial, final = 0.0076343081 0.00097391281
  Force max component initial, final = 0.0075733467 0.0001287259
  Final line search alpha, max atom move = 0.013204202 1.6997228e-06
  Iterations, force evaluations = 1 2

MPI task timing breakdown:
Section |  min time  |  avg time  |  max time  |%varavg| %total
---------------------------------------------------------------
Pair    | 0.012329   | 0.01418    | 0.016021   |   1.5 | 86.08
Neigh   | 0          | 0          | 0          |   0.0 |  0.00
Comm    | 0.0001878  | 0.0020635  | 0.0039558  |   4.0 | 12.53
Output  | 0          | 0          | 0          |   0.0 |  0.00
Modify  | 0          | 0          | 0          |   0.0 |  0.00
Other   |            | 0.0002291  |            |       |  1.39

Nlocal:            125 ave         135 max         116 min
Histogram: 2 0 0 0 0 0 0 0 1 1
Nghost:           1737 ave        1746 max        1727 min
Histogram: 1 1 0 0 0 0 0 0 0 2
Neighs:          11000 ave       11911 max       10209 min
Histogram: 2 0 0 0 0 0 0 0 1 1

Total # of neighbors = 44000
Ave neighs/atom = 88
Neighbor list builds = 0
Dangerous builds = 0
unfix 2

variable lat_const equal "lx/5"
variable eatom equal "pe/count(all)"
variable teng equal "pe"
variable natoms equal "count(all)"

print "Lattice parameter (lx/5) = ${lat_const} A"
Lattice parameter (lx/5) = 3.51586029204813 A
print "Total Potential Energy (PE) = ${teng} eV"
Total Potential Energy (PE) = -2128.14020710294 eV
print "Number of atoms = ${natoms}"
Number of atoms = 500
print "Cohesive energy (PE/N) = ${eatom} eV"
Cohesive energy (PE/N) = -4.25628041420588 eV
print "Minimization completed."
Minimization completed.

write_data C1_mpack_2_minimized.data
System init for write_data ...
Total wall time: 0:00:00
