read_data C1_mpack_1.data
Reading data file ...
  triclinic box = (0 0 0) to (17.6 17.6 17.6) with tilt (1.0776892e-15 1.0776892e-15 1.0776892e-15)
  1 by 2 by 2 MPI processor grid
  reading atoms ...
  500 atoms
  read_data CPU = 0.009 seconds

mass 1 58.6934  # Ni
mass 2 55.845   # Fe
mass 3 51.9961  # Cr

pair_style eam/alloy
pair_coeff * * FeNiCr_bonny.eam.alloy Ni Fe Cr

neighbor 2.0 bin
neigh_modify delay 0 check yes
timestep 0.001

thermo 10
thermo_style custom step lx ly lz pe press fmax vol

# --- ЭТАПЫ МИНИМИЗАЦИИ ---
min_style cg
minimize 1.0e-8 1.0e-9 1000 5000

CITE-CITE-CITE-CITE-CITE-CITE-CITE-CITE-CITE-CITE-CITE-CITE-CITE

Your simulation uses code contributions which should be cited:

- Type Label Framework: https://doi.org/10.1021/acs.jpcb.3c08419

@Article{Gissinger24,
 author = {Jacob R. Gissinger, Ilia Nikiforov, Yaser Afshar, Brendon Waters, Moon-ki Choi, Daniel S. Karls, Alexander Stukowski, Wonpil Im, Hendrik Heinz, Axel Kohlmeyer, and Ellad B. Tadmor},
 title = {Type Label Framework for Bonded Force Fields in LAMMPS},
 journal = {J. Phys. Chem. B},
 year =    2024,
 volume =  128,
 number =  13,
 pages =   {3282–-3297}
}

CITE-CITE-CITE-CITE-CITE-CITE-CITE-CITE-CITE-CITE-CITE-CITE-CITE

Neighbor list info ...
  update: every = 1 steps, delay = 0 steps, check = yes
  max neighbors/atom: 2000, page size: 100000
  master list distance cutoff = 7.6
  ghost atom cutoff = 7.6
  binsize = 3.8, bins = 5 5 5
  1 neighbor lists, perpetual/occasional/extra = 1 0 0
  (1) pair eam/alloy, perpetual
      attributes: half, newton on
      pair build: half/bin/atomonly/newton/tri
      stencil: half/bin/3d/tri
      bin: standard
Per MPI rank memory allocation (min/avg/max) = 4.524 | 4.524 | 4.524 Mbytes
   Step           Lx             Ly             Lz           PotEng         Press           Fmax          Volume    
         0   17.6           17.6           17.6          -2125.0298     -5745.785       0.70541756     5451.776     
        10   17.6           17.6           17.6          -2127.5312     -5842.3035      0.0080980641   5451.776     
        16   17.6           17.6           17.6          -2127.5321     -5836.8406      0.00090299874  5451.776     
Loop time of 0.0268837 on 4 procs for 16 steps with 500 atoms

89.2% CPU use with 4 MPI tasks x 1 OpenMP threads

Minimization stats:
  Stopping criterion = energy tolerance
  Energy initial, next-to-last, final = 
     -2125.02984633908  -2127.53207644524  -2127.53209026556
  Force two-norm initial, final = 8.5220493 0.0116385
  Force max component initial, final = 0.70541756 0.00090299874
  Final line search alpha, max atom move = 1 0.00090299874
  Iterations, force evaluations = 16 32

MPI task timing breakdown:
Section |  min time  |  avg time  |  max time  |%varavg| %total
---------------------------------------------------------------
Pair    | 0.023306   | 0.023384   | 0.023428   |   0.0 | 86.98
Neigh   | 0          | 0          | 0          |   0.0 |  0.00
Comm    | 0.001861   | 0.0018946  | 0.0019828  |   0.1 |  7.05
Output  | 2.9992e-05 | 4.3803e-05 | 8.5057e-05 |   0.0 |  0.16
Modify  | 0          | 0          | 0          |   0.0 |  0.00
Other   |            | 0.001561   |            |       |  5.81

Nlocal:            125 ave         145 max         105 min
Histogram: 1 0 0 0 0 2 0 0 0 1
Nghost:           1737 ave        1757 max        1717 min
Histogram: 1 0 0 0 0 2 0 0 0 1
Neighs:          11000 ave       12721 max        9273 min
Histogram: 1 0 0 0 1 1 0 0 0 1

Total # of neighbors = 44000
Ave neighs/atom = 88
Neighbor list builds = 0
Dangerous builds = 0

# Релаксация ячейки aniso
fix 1 all box/relax aniso 0.0 vmax 0.0001
min_style cg
minimize 1.0e-10 1.0e-11 1000 5000
WARNING: Energy due to 3 extra global DOFs will be included in minimizer energies
 (src/min.cpp:219)
Per MPI rank memory allocation (min/avg/max) = 4.524 | 4.524 | 4.524 Mbytes
   Step           Lx             Ly             Lz           PotEng         Press           Fmax          Volume    
        16   17.6           17.6           17.6          -2127.5321     -5836.8406      0.00090299874  5451.776     
        20   17.593783      17.593492      17.59296      -2127.5504     -3739.0932      0.0046945217   5445.6561    
        30   17.586969      17.583592      17.575595     -2127.5634     -86.304571      0.012294753    5435.1137    
        40   17.586837      17.583089      17.57397      -2127.5643     -1.1610171      0.0022026017   5434.415     
        41   17.586778      17.583054      17.573939     -2127.5643      12.365075      0.0021847939   5434.3762    
Loop time of 0.18319 on 4 procs for 25 steps with 500 atoms

69.6% CPU use with 4 MPI tasks x 1 OpenMP threads

Minimization stats:
  Stopping criterion = energy tolerance
  Energy initial, next-to-last, final = 
     -2127.53209026556  -2127.56427006414  -2127.56427023115
  Force two-norm initial, final = 34.435627 0.07607339
  Force max component initial, final = 21.044069 0.04348497
  Final line search alpha, max atom move = 0.017747161 0.00077173478
  Iterations, force evaluations = 25 37

MPI task timing breakdown:
Section |  min time  |  avg time  |  max time  |%varavg| %total
---------------------------------------------------------------
Pair    | 0.080347   | 0.087663   | 0.094276   |   1.8 | 47.85
Neigh   | 0          | 0          | 0          |   0.0 |  0.00
Comm    | 0.04657    | 0.054256   | 0.0612     |   2.3 | 29.62
Output  | 0.0011735  | 0.0023037  | 0.0050897  |   3.4 |  1.26
Modify  | 0          | 0          | 0          |   0.0 |  0.00
Other   |            | 0.03897    |            |       | 21.27

Nlocal:            125 ave         135 max         120 min
Histogram: 1 1 1 0 0 0 0 0 0 1
Nghost:           1737 ave        1742 max        1727 min
Histogram: 1 0 0 0 0 0 0 0 2 1
Neighs:          11000 ave       11869 max       10559 min
Histogram: 1 1 1 0 0 0 0 0 0 1

Total # of neighbors = 44000
Ave neighs/atom = 88
Neighbor list builds = 0
Dangerous builds = 0
unfix 1

# Промежуточная минимизация атомов
min_style cg
minimize 1.0e-10 1.0e-11 1000 5000
Per MPI rank memory allocation (min/avg/max) = 4.524 | 4.524 | 4.524 Mbytes
   Step           Lx             Ly             Lz           PotEng         Press           Fmax          Volume    
        41   17.586778      17.583054      17.573939     -2127.5643      12.365075      0.0021847939   5434.3762    
        50   17.586778      17.583054      17.573939     -2127.5643      3.7913033      0.00017120015  5434.3762    
        51   17.586778      17.583054      17.573939     -2127.5643      3.7043483      0.00013623346  5434.3762    
Loop time of 0.0427451 on 4 procs for 10 steps with 500 atoms

70.9% CPU use with 4 MPI tasks x 1 OpenMP threads

Minimization stats:
  Stopping criterion = energy tolerance
  Energy initial, next-to-last, final = 
     -2127.56427023115  -2127.56432411921  -2127.56432429187
  Force two-norm initial, final = 0.022176985 0.0013140486
  Force max component initial, final = 0.0021847939 0.00013623346
  Final line search alpha, max atom move = 1 0.00013623346
  Iterations, force evaluations = 10 20

MPI task timing breakdown:
Section |  min time  |  avg time  |  max time  |%varavg| %total
---------------------------------------------------------------
Pair    | 0.036767   | 0.037044   | 0.037842   |   0.2 | 86.66
Neigh   | 0          | 0          | 0          |   0.0 |  0.00
Comm    | 0.0010519  | 0.0031026  | 0.0048103  |   2.8 |  7.26
Output  | 2.4207e-05 | 3.5484e-05 | 6.8654e-05 |   0.0 |  0.08
Modify  | 0          | 0          | 0          |   0.0 |  0.00
Other   |            | 0.002563   |            |       |  6.00

Nlocal:            125 ave         135 max         120 min
Histogram: 2 0 1 0 0 0 0 0 0 1
Nghost:           1737 ave        1742 max        1727 min
Histogram: 1 0 0 0 0 0 0 1 0 2
Neighs:          11000 ave       11871 max       10558 min
Histogram: 2 0 1 0 0 0 0 0 0 1

Total # of neighbors = 44000
Ave neighs/atom = 88
Neighbor list builds = 0
Dangerous builds = 0

# Релаксация ячейки iso
fix 2 all box/relax iso 0.0 vmax 0.0001
min_style cg
minimize 1.0e-10 1.0e-11 1000 5000
WARNING: Energy due to 1 extra global DOFs will be included in minimizer energies
 (src/min.cpp:219)
Per MPI rank memory allocation (min/avg/max) = 4.524 | 4.524 | 4.524 Mbytes
   Step           Lx             Ly             Lz           PotEng         Press           Fmax          Volume    
        51   17.586778      17.583054      17.573939     -2127.5643      3.7043483      0.00013623346  5434.3762    
        52   17.586789      17.583066      17.57395      -2127.5643     -0.0075536848   0.00013754699  5434.3868    
Loop time of 0.00920298 on 4 procs for 1 steps with 500 atoms

65.1% CPU use with 4 MPI tasks x 1 OpenMP threads

Minimization stats:
  Stopping criterion = energy tolerance
  Energy initial, next-to-last, final = 
     -2127.56432429187  -2127.56432429187  -2127.56432430415
  Force two-norm initial, final = 0.037716914 0.0013163871
  Force max component initial, final = 0.037694016 0.00013754699
  Final line search alpha, max atom move = 0.002652941 3.6490404e-07
  Iterations, force evaluations = 1 2

MPI task timing breakdown:
Section |  min time  |  avg time  |  max time  |%varavg| %total
---------------------------------------------------------------
Pair    | 0.0019693  | 0.0021255  | 0.0022789  |   0.3 | 23.10
Neigh   | 0          | 0          | 0          |   0.0 |  0.00
Comm    | 0.00028169 | 0.0008138  | 0.0013821  |   0.0 |  8.84
Output  | 0          | 0          | 0          |   0.0 |  0.00
Modify  | 0          | 0          | 0          |   0.0 |  0.00
Other   |            | 0.006264   |            |       | 68.06

Nlocal:            125 ave         135 max         120 min
Histogram: 2 0 1 0 0 0 0 0 0 1
Nghost:           1737 ave        1742 max        1727 min
Histogram: 1 0 0 0 0 0 0 1 0 2
Neighs:          11000 ave       11871 max       10558 min
Histogram: 2 0 1 0 0 0 0 0 0 1

Total # of neighbors = 44000
Ave neighs/atom = 88
Neighbor list builds = 0
Dangerous builds = 0
unfix 2

variable lat_const equal "lx/5"
variable eatom equal "pe/count(all)"
variable teng equal "pe"
variable natoms equal "count(all)"

print "Lattice parameter (lx/5) = ${lat_const} A"
Lattice parameter (lx/5) = 3.51735785557998 A
print "Total Potential Energy (PE) = ${teng} eV"
Total Potential Energy (PE) = -2127.56432430415 eV
print "Number of atoms = ${natoms}"
Number of atoms = 500
print "Cohesive energy (PE/N) = ${eatom} eV"
Cohesive energy (PE/N) = -4.2551286486083 eV
print "Minimization completed."
Minimization completed.

write_data C1_mpack_1_minimized.data
System init for write_data ...
Total wall time: 0:00:00
