read_data C1_mpack_4.data
Reading data file ...
  triclinic box = (0 0 0) to (17.6 17.6 17.6) with tilt (1.0776892e-15 1.0776892e-15 1.0776892e-15)
  1 by 2 by 2 MPI processor grid
  reading atoms ...
  500 atoms
  read_data CPU = 0.017 seconds

mass 1 58.6934  # Ni
mass 2 55.845   # Fe
mass 3 51.9961  # Cr

pair_style eam/alloy
pair_coeff * * FeNiCr_bonny.eam.alloy Ni Fe Cr

neighbor 2.0 bin
neigh_modify delay 0 check yes
timestep 0.001

thermo 10
thermo_style custom step lx ly lz pe press fmax vol

# --- ЭТАПЫ МИНИМИЗАЦИИ ---
min_style cg
minimize 1.0e-8 1.0e-9 1000 5000

CITE-CITE-CITE-CITE-CITE-CITE-CITE-CITE-CITE-CITE-CITE-CITE-CITE

Your simulation uses code contributions which should be cited:

- Type Label Framework: https://doi.org/10.1021/acs.jpcb.3c08419

@Article{Gissinger24,
 author = {Jacob R. Gissinger, Ilia Nikiforov, Yaser Afshar, Brendon Waters, Moon-ki Choi, Daniel S. Karls, Alexander Stukowski, Wonpil Im, Hendrik Heinz, Axel Kohlmeyer, and Ellad B. Tadmor},
 title = {Type Label Framework for Bonded Force Fields in LAMMPS},
 journal = {J. Phys. Chem. B},
 year =    2024,
 volume =  128,
 number =  13,
 pages =   {3282–-3297}
}

CITE-CITE-CITE-CITE-CITE-CITE-CITE-CITE-CITE-CITE-CITE-CITE-CITE

Neighbor list info ...
  update: every = 1 steps, delay = 0 steps, check = yes
  max neighbors/atom: 2000, page size: 100000
  master list distance cutoff = 7.6
  ghost atom cutoff = 7.6
  binsize = 3.8, bins = 5 5 5
  1 neighbor lists, perpetual/occasional/extra = 1 0 0
  (1) pair eam/alloy, perpetual
      attributes: half, newton on
      pair build: half/bin/atomonly/newton/tri
      stencil: half/bin/3d/tri
      bin: standard
Per MPI rank memory allocation (min/avg/max) = 4.524 | 4.524 | 4.524 Mbytes
   Step           Lx             Ly             Lz           PotEng         Press           Fmax          Volume    
         0   17.6           17.6           17.6          -2125.0965     -5494.4083      0.81765617     5451.776     
        10   17.6           17.6           17.6          -2127.7652     -5642.8064      0.008158345    5451.776     
        16   17.6           17.6           17.6          -2127.7662     -5638.3575      0.00093539012  5451.776     
Loop time of 0.0258239 on 4 procs for 16 steps with 500 atoms

74.6% CPU use with 4 MPI tasks x 1 OpenMP threads

Minimization stats:
  Stopping criterion = energy tolerance
  Energy initial, next-to-last, final = 
     -2125.09654950555  -2127.76615526678  -2127.76616795675
  Force two-norm initial, final = 8.8584879 0.010860248
  Force max component initial, final = 0.81765617 0.00093539012
  Final line search alpha, max atom move = 1 0.00093539012
  Iterations, force evaluations = 16 32

MPI task timing breakdown:
Section |  min time  |  avg time  |  max time  |%varavg| %total
---------------------------------------------------------------
Pair    | 0.02306    | 0.023085   | 0.023104   |   0.0 | 89.40
Neigh   | 0          | 0          | 0          |   0.0 |  0.00
Comm    | 0.0015467  | 0.001592   | 0.0016263  |   0.1 |  6.16
Output  | 6.6911e-05 | 7.9399e-05 | 0.00011502 |   0.0 |  0.31
Modify  | 0          | 0          | 0          |   0.0 |  0.00
Other   |            | 0.001067   |            |       |  4.13

Nlocal:            125 ave         145 max         105 min
Histogram: 1 0 0 0 0 2 0 0 0 1
Nghost:           1737 ave        1757 max        1717 min
Histogram: 1 0 0 0 0 2 0 0 0 1
Neighs:          11000 ave       12767 max        9268 min
Histogram: 1 0 0 0 1 1 0 0 0 1

Total # of neighbors = 44000
Ave neighs/atom = 88
Neighbor list builds = 0
Dangerous builds = 0

# Релаксация ячейки aniso
fix 1 all box/relax aniso 0.0 vmax 0.0001
min_style cg
minimize 1.0e-10 1.0e-11 1000 5000
WARNING: Energy due to 3 extra global DOFs will be included in minimizer energies
 (src/min.cpp:219)
Per MPI rank memory allocation (min/avg/max) = 4.524 | 4.524 | 4.524 Mbytes
   Step           Lx             Ly             Lz           PotEng         Press           Fmax          Volume    
        16   17.6           17.6           17.6          -2127.7662     -5638.3575      0.00093539012  5451.776     
        20   17.594267      17.59296       17.593481     -2127.7835     -3591.2026      0.0043453215   5445.8024    
        30   17.590131      17.576131      17.581432     -2127.7959     -49.803918      0.012479614    5435.5886    
        40   17.592658      17.573133      17.580058     -2127.7967     -0.77353429     0.0019702404   5435.0176    
        47   17.592496      17.572972      17.580252     -2127.7968      7.4218885      0.00088238133  5434.9778    
Loop time of 0.0516937 on 4 procs for 31 steps with 500 atoms

80.5% CPU use with 4 MPI tasks x 1 OpenMP threads

Minimization stats:
  Stopping criterion = energy tolerance
  Energy initial, next-to-last, final = 
     -2127.76616795675  -2127.79677949255  -2127.79677955288
  Force two-norm initial, final = 33.320084 0.04508201
  Force max component initial, final = 20.787235 0.028389946
  Final line search alpha, max atom move = 0.036331397 0.0010314464
  Iterations, force evaluations = 31 48

MPI task timing breakdown:
Section |  min time  |  avg time  |  max time  |%varavg| %total
---------------------------------------------------------------
Pair    | 0.030799   | 0.03158    | 0.032596   |   0.4 | 61.09
Neigh   | 0          | 0          | 0          |   0.0 |  0.00
Comm    | 0.0044617  | 0.005868   | 0.007716   |   1.6 | 11.35
Output  | 6.5626e-05 | 9.9382e-05 | 0.00019919 |   0.0 |  0.19
Modify  | 0          | 0          | 0          |   0.0 |  0.00
Other   |            | 0.01415    |            |       | 27.36

Nlocal:            125 ave         147 max         110 min
Histogram: 1 1 0 0 0 1 0 0 0 1
Nghost:           1737 ave        1752 max        1715 min
Histogram: 1 0 0 0 1 0 0 0 1 1
Neighs:          11000 ave       12890 max        9732 min
Histogram: 1 1 0 0 1 0 0 0 0 1

Total # of neighbors = 44000
Ave neighs/atom = 88
Neighbor list builds = 0
Dangerous builds = 0
unfix 1

# Промежуточная минимизация атомов
min_style cg
minimize 1.0e-10 1.0e-11 1000 5000
Per MPI rank memory allocation (min/avg/max) = 4.524 | 4.524 | 4.524 Mbytes
   Step           Lx             Ly             Lz           PotEng         Press           Fmax          Volume    
        47   17.592496      17.572972      17.580252     -2127.7968      7.4218885      0.00088238133  5434.9778    
        50   17.592496      17.572972      17.580252     -2127.7968      8.2459637      0.00054999274  5434.9778    
        54   17.592496      17.572972      17.580252     -2127.7968      5.5015559      0.0001151776   5434.9778    
Loop time of 0.0188215 on 4 procs for 7 steps with 500 atoms

69.9% CPU use with 4 MPI tasks x 1 OpenMP threads

Minimization stats:
  Stopping criterion = energy tolerance
  Energy initial, next-to-last, final = 
     -2127.79677955287  -2127.79679450084  -2127.79679468383
  Force two-norm initial, final = 0.010513509 0.0014490742
  Force max component initial, final = 0.00088238133 0.0001151776
  Final line search alpha, max atom move = 1 0.0001151776
  Iterations, force evaluations = 7 14

MPI task timing breakdown:
Section |  min time  |  avg time  |  max time  |%varavg| %total
---------------------------------------------------------------
Pair    | 0.013711   | 0.01436    | 0.015694   |   0.7 | 76.30
Neigh   | 0          | 0          | 0          |   0.0 |  0.00
Comm    | 0.0014917  | 0.002913   | 0.0036511  |   1.6 | 15.48
Output  | 2.4056e-05 | 3.6948e-05 | 7.5158e-05 |   0.0 |  0.20
Modify  | 0          | 0          | 0          |   0.0 |  0.00
Other   |            | 0.001511   |            |       |  8.03

Nlocal:            125 ave         147 max         111 min
Histogram: 2 0 0 0 1 0 0 0 0 1
Nghost:           1737 ave        1751 max        1715 min
Histogram: 1 0 0 0 0 1 0 0 0 2
Neighs:          11000 ave       12890 max        9828 min
Histogram: 2 0 0 0 1 0 0 0 0 1

Total # of neighbors = 44000
Ave neighs/atom = 88
Neighbor list builds = 0
Dangerous builds = 0

# Релаксация ячейки iso
fix 2 all box/relax iso 0.0 vmax 0.0001
min_style cg
minimize 1.0e-10 1.0e-11 1000 5000
WARNING: Energy due to 1 extra global DOFs will be included in minimizer energies
 (src/min.cpp:219)
Per MPI rank memory allocation (min/avg/max) = 4.524 | 4.524 | 4.524 Mbytes
   Step           Lx             Ly             Lz           PotEng         Press           Fmax          Volume    
        54   17.592496      17.572972      17.580252     -2127.7968      5.5015559      0.0001151776   5434.9778    
        55   17.592513      17.572989      17.580269     -2127.7968     -0.0081981386   0.00012483765  5434.9936    
Loop time of 0.00208332 on 4 procs for 1 steps with 500 atoms

99.4% CPU use with 4 MPI tasks x 1 OpenMP threads

Minimization stats:
  Stopping criterion = energy tolerance
  Energy initial, next-to-last, final = 
     -2127.79679468383  -2127.79679468383  -2127.79679471092
  Force two-norm initial, final = 0.056006652 0.0014970469
  Force max component initial, final = 0.055987903 0.00012483765
  Final line search alpha, max atom move = 0.0017861001 2.2297255e-07
  Iterations, force evaluations = 1 2

MPI task timing breakdown:
Section |  min time  |  avg time  |  max time  |%varavg| %total
---------------------------------------------------------------
Pair    | 0.0017222  | 0.0017582  | 0.0017931  |   0.1 | 84.40
Neigh   | 0          | 0          | 0          |   0.0 |  0.00
Comm    | 0.0001158  | 0.00015306 | 0.00019187 |   0.0 |  7.35
Output  | 0          | 0          | 0          |   0.0 |  0.00
Modify  | 0          | 0          | 0          |   0.0 |  0.00
Other   |            | 0.000172   |            |       |  8.26

Nlocal:            125 ave         147 max         111 min
Histogram: 2 0 0 0 1 0 0 0 0 1
Nghost:           1737 ave        1751 max        1715 min
Histogram: 1 0 0 0 0 1 0 0 0 2
Neighs:          11000 ave       12890 max        9828 min
Histogram: 2 0 0 0 1 0 0 0 0 1

Total # of neighbors = 44000
Ave neighs/atom = 88
Neighbor list builds = 0
Dangerous builds = 0
unfix 2

variable lat_const equal "lx/5"
variable eatom equal "pe/count(all)"
variable teng equal "pe"
variable natoms equal "count(all)"

print "Lattice parameter (lx/5) = ${lat_const} A"
Lattice parameter (lx/5) = 3.51850254069009 A
print "Total Potential Energy (PE) = ${teng} eV"
Total Potential Energy (PE) = -2127.79679471092 eV
print "Number of atoms = ${natoms}"
Number of atoms = 500
print "Cohesive energy (PE/N) = ${eatom} eV"
Cohesive energy (PE/N) = -4.25559358942185 eV
print "Minimization completed."
Minimization completed.

write_data C1_mpack_4_minimized.data
System init for write_data ...
Total wall time: 0:00:00
