read_data C1_mpack_10.data
Reading data file ...
  triclinic box = (0 0 0) to (17.6 17.6 17.6) with tilt (1.0776892e-15 1.0776892e-15 1.0776892e-15)
  1 by 2 by 2 MPI processor grid
  reading atoms ...
  500 atoms
  read_data CPU = 0.006 seconds

mass 1 58.6934  # Ni
mass 2 55.845   # Fe
mass 3 51.9961  # Cr

pair_style eam/alloy
pair_coeff * * FeNiCr_bonny.eam.alloy Ni Fe Cr

neighbor 2.0 bin
neigh_modify delay 0 check yes
timestep 0.001

thermo 10
thermo_style custom step lx ly lz pe press fmax vol

# --- ЭТАПЫ МИНИМИЗАЦИИ ---
min_style cg
minimize 1.0e-8 1.0e-9 1000 5000

CITE-CITE-CITE-CITE-CITE-CITE-CITE-CITE-CITE-CITE-CITE-CITE-CITE

Your simulation uses code contributions which should be cited:

- Type Label Framework: https://doi.org/10.1021/acs.jpcb.3c08419

@Article{Gissinger24,
 author = {Jacob R. Gissinger, Ilia Nikiforov, Yaser Afshar, Brendon Waters, Moon-ki Choi, Daniel S. Karls, Alexander Stukowski, Wonpil Im, Hendrik Heinz, Axel Kohlmeyer, and Ellad B. Tadmor},
 title = {Type Label Framework for Bonded Force Fields in LAMMPS},
 journal = {J. Phys. Chem. B},
 year =    2024,
 volume =  128,
 number =  13,
 pages =   {3282–-3297}
}

CITE-CITE-CITE-CITE-CITE-CITE-CITE-CITE-CITE-CITE-CITE-CITE-CITE

Neighbor list info ...
  update: every = 1 steps, delay = 0 steps, check = yes
  max neighbors/atom: 2000, page size: 100000
  master list distance cutoff = 7.6
  ghost atom cutoff = 7.6
  binsize = 3.8, bins = 5 5 5
  1 neighbor lists, perpetual/occasional/extra = 1 0 0
  (1) pair eam/alloy, perpetual
      attributes: half, newton on
      pair build: half/bin/atomonly/newton/tri
      stencil: half/bin/3d/tri
      bin: standard
Per MPI rank memory allocation (min/avg/max) = 4.524 | 4.524 | 4.524 Mbytes
   Step           Lx             Ly             Lz           PotEng         Press           Fmax          Volume    
         0   17.6           17.6           17.6          -2125.7172     -5284.2148      0.7171947      5451.776     
        10   17.6           17.6           17.6          -2128.2462     -5984.4579      0.0068480717   5451.776     
        15   17.6           17.6           17.6          -2128.2467     -5982.4063      0.0012177672   5451.776     
Loop time of 0.016345 on 4 procs for 15 steps with 500 atoms

83.7% CPU use with 4 MPI tasks x 1 OpenMP threads

Minimization stats:
  Stopping criterion = energy tolerance
  Energy initial, next-to-last, final = 
     -2125.71716923974  -2128.24663684648  -2128.24665714131
  Force two-norm initial, final = 8.6045222 0.013550683
  Force max component initial, final = 0.7171947 0.0012177672
  Final line search alpha, max atom move = 1 0.0012177672
  Iterations, force evaluations = 15 30

MPI task timing breakdown:
Section |  min time  |  avg time  |  max time  |%varavg| %total
---------------------------------------------------------------
Pair    | 0.01347    | 0.013727   | 0.013921   |   0.2 | 83.98
Neigh   | 0          | 0          | 0          |   0.0 |  0.00
Comm    | 0.0010369  | 0.001603   | 0.0021136  |   1.0 |  9.81
Output  | 2.2825e-05 | 3.3466e-05 | 6.4839e-05 |   0.0 |  0.20
Modify  | 0          | 0          | 0          |   0.0 |  0.00
Other   |            | 0.0009819  |            |       |  6.01

Nlocal:            125 ave         145 max         105 min
Histogram: 1 0 0 0 0 2 0 0 0 1
Nghost:           1737 ave        1757 max        1717 min
Histogram: 1 0 0 0 0 2 0 0 0 1
Neighs:          11000 ave       12724 max        9277 min
Histogram: 1 0 0 0 1 1 0 0 0 1

Total # of neighbors = 44000
Ave neighs/atom = 88
Neighbor list builds = 0
Dangerous builds = 0

# Релаксация ячейки aniso
fix 1 all box/relax aniso 0.0 vmax 0.0001
min_style cg
minimize 1.0e-10 1.0e-11 1000 5000
WARNING: Energy due to 3 extra global DOFs will be included in minimizer energies
 (src/min.cpp:219)
Per MPI rank memory allocation (min/avg/max) = 4.524 | 4.524 | 4.524 Mbytes
   Step           Lx             Ly             Lz           PotEng         Press           Fmax          Volume    
        15   17.6           17.6           17.6          -2128.2467     -5982.4063      0.0012177672   5451.776     
        20   17.591794      17.5912        17.592544     -2128.2689     -3368.7203      0.0052731655   5444.2021    
        30   17.580587      17.574857      17.588149     -2128.2795      82.521639      0.012614421    5434.3212    
        40   17.580066      17.573144      17.589058     -2128.2804      80.777298      0.0016211358   5433.9112    
        45   17.580288      17.573408      17.589201     -2128.2804     -0.52417487     0.0014162632   5434.1056    
Loop time of 0.0846233 on 4 procs for 30 steps with 500 atoms

78.8% CPU use with 4 MPI tasks x 1 OpenMP threads

Minimization stats:
  Stopping criterion = energy tolerance
  Energy initial, next-to-last, final = 
      -2128.2466571413  -2128.28039646022  -2128.28039666206
  Force two-norm initial, final = 35.314754 0.025840143
  Force max component initial, final = 21.710347 0.01653098
  Final line search alpha, max atom move = 0.0071519943 0.00011822948
  Iterations, force evaluations = 30 45

MPI task timing breakdown:
Section |  min time  |  avg time  |  max time  |%varavg| %total
---------------------------------------------------------------
Pair    | 0.043699   | 0.044641   | 0.046538   |   0.5 | 52.75
Neigh   | 0          | 0          | 0          |   0.0 |  0.00
Comm    | 0.0068606  | 0.0088015  | 0.0097973  |   1.2 | 10.40
Output  | 7.0084e-05 | 0.0001149  | 0.00024781 |   0.0 |  0.14
Modify  | 0          | 0          | 0          |   0.0 |  0.00
Other   |            | 0.03107    |            |       | 36.71

Nlocal:            125 ave         142 max         107 min
Histogram: 1 0 1 0 0 0 0 1 0 1
Nghost:           1737 ave        1755 max        1720 min
Histogram: 1 0 1 0 0 0 0 1 0 1
Neighs:          11000 ave       12461 max        9451 min
Histogram: 1 0 1 0 0 0 0 1 0 1

Total # of neighbors = 44000
Ave neighs/atom = 88
Neighbor list builds = 0
Dangerous builds = 0
unfix 1

# Промежуточная минимизация атомов
min_style cg
minimize 1.0e-10 1.0e-11 1000 5000
Per MPI rank memory allocation (min/avg/max) = 4.524 | 4.524 | 4.524 Mbytes
   Step           Lx             Ly             Lz           PotEng         Press           Fmax          Volume    
        45   17.580288      17.573408      17.589201     -2128.2804     -0.52417487     0.0014162632   5434.1056    
        50   17.580288      17.573408      17.589201     -2128.2804      4.5625163      0.00032448219  5434.1056    
        54   17.580288      17.573408      17.589201     -2128.2804      4.7684832      9.8038229e-05  5434.1056    
Loop time of 0.0837908 on 4 procs for 9 steps with 500 atoms

66.6% CPU use with 4 MPI tasks x 1 OpenMP threads

Minimization stats:
  Stopping criterion = energy tolerance
  Energy initial, next-to-last, final = 
     -2128.28039666206  -2128.28042790145  -2128.28042803969
  Force two-norm initial, final = 0.01804313 0.0011728392
  Force max component initial, final = 0.0014162632 9.8038229e-05
  Final line search alpha, max atom move = 1 9.8038229e-05
  Iterations, force evaluations = 9 18

MPI task timing breakdown:
Section |  min time  |  avg time  |  max time  |%varavg| %total
---------------------------------------------------------------
Pair    | 0.053488   | 0.065592   | 0.077644   |   4.2 | 78.28
Neigh   | 0          | 0          | 0          |   0.0 |  0.00
Comm    | 0.0034372  | 0.015748   | 0.028021   |   8.7 | 18.79
Output  | 4.1603e-05 | 5.7533e-05 | 0.00010514 |   0.0 |  0.07
Modify  | 0          | 0          | 0          |   0.0 |  0.00
Other   |            | 0.002393   |            |       |  2.86

Nlocal:            125 ave         142 max         107 min
Histogram: 1 0 1 0 0 0 0 1 0 1
Nghost:           1737 ave        1755 max        1720 min
Histogram: 1 0 1 0 0 0 0 1 0 1
Neighs:          11000 ave       12462 max        9451 min
Histogram: 1 0 1 0 0 0 0 1 0 1

Total # of neighbors = 44000
Ave neighs/atom = 88
Neighbor list builds = 0
Dangerous builds = 0

# Релаксация ячейки iso
fix 2 all box/relax iso 0.0 vmax 0.0001
min_style cg
minimize 1.0e-10 1.0e-11 1000 5000
WARNING: Energy due to 1 extra global DOFs will be included in minimizer energies
 (src/min.cpp:219)
Per MPI rank memory allocation (min/avg/max) = 4.524 | 4.524 | 4.524 Mbytes
   Step           Lx             Ly             Lz           PotEng         Press           Fmax          Volume    
        54   17.580288      17.573408      17.589201     -2128.2804      4.7684832      9.8038229e-05  5434.1056    
        55   17.580303      17.573422      17.589215     -2128.2804     -0.0065829201   9.8829779e-05  5434.1192    
Loop time of 0.00256096 on 4 procs for 1 steps with 500 atoms

65.2% CPU use with 4 MPI tasks x 1 OpenMP threads

Minimization stats:
  Stopping criterion = energy tolerance
  Energy initial, next-to-last, final = 
     -2128.28042803969  -2128.28042803969   -2128.2804280599
  Force two-norm initial, final = 0.048533998 0.001173803
  Force max component initial, final = 0.048519825 9.8829779e-05
  Final line search alpha, max atom move = 0.0020610132 2.0368948e-07
  Iterations, force evaluations = 1 2

MPI task timing breakdown:
Section |  min time  |  avg time  |  max time  |%varavg| %total
---------------------------------------------------------------
Pair    | 0.0020848  | 0.0021026  | 0.0021311  |   0.0 | 82.10
Neigh   | 0          | 0          | 0          |   0.0 |  0.00
Comm    | 0.00014908 | 0.0001655  | 0.00018628 |   0.0 |  6.46
Output  | 0          | 0          | 0          |   0.0 |  0.00
Modify  | 0          | 0          | 0          |   0.0 |  0.00
Other   |            | 0.0002929  |            |       | 11.44

Nlocal:            125 ave         142 max         107 min
Histogram: 1 0 1 0 0 0 0 1 0 1
Nghost:           1737 ave        1755 max        1720 min
Histogram: 1 0 1 0 0 0 0 1 0 1
Neighs:          11000 ave       12462 max        9451 min
Histogram: 1 0 1 0 0 0 0 1 0 1

Total # of neighbors = 44000
Ave neighs/atom = 88
Neighbor list builds = 0
Dangerous builds = 0
unfix 2

variable lat_const equal "lx/5"
variable eatom equal "pe/count(all)"
variable teng equal "pe"
variable natoms equal "count(all)"

print "Lattice parameter (lx/5) = ${lat_const} A"
Lattice parameter (lx/5) = 3.51606051078847 A
print "Total Potential Energy (PE) = ${teng} eV"
Total Potential Energy (PE) = -2128.2804280599 eV
print "Number of atoms = ${natoms}"
Number of atoms = 500
print "Cohesive energy (PE/N) = ${eatom} eV"
Cohesive energy (PE/N) = -4.2565608561198 eV
print "Minimization completed."
Minimization completed.

write_data C1_mpack_10_minimized.data
System init for write_data ...
Total wall time: 0:00:00
