read_data A0_1.data
Reading data file ...
  triclinic box = (0 0 0) to (18 18 18) with tilt (1.1021821e-15 1.1021821e-15 1.1021821e-15)
  1 by 2 by 2 MPI processor grid
  reading atoms ...
  500 atoms
  read_data CPU = 0.007 seconds

mass 1 58.6934  # Ni
mass 2 55.845   # Fe
mass 3 51.9961  # Cr

pair_style eam/alloy
pair_coeff * * FeNiCr_bonny.eam.alloy Ni Fe Cr

neighbor 2.0 bin
neigh_modify delay 0 check yes
timestep 0.001

thermo 10
thermo_style custom step lx ly lz pe press fmax vol

# --- ЭТАПЫ МИНИМИЗАЦИИ ---
min_style cg
minimize 1.0e-8 1.0e-9 1000 5000

CITE-CITE-CITE-CITE-CITE-CITE-CITE-CITE-CITE-CITE-CITE-CITE-CITE

Your simulation uses code contributions which should be cited:

- Type Label Framework: https://doi.org/10.1021/acs.jpcb.3c08419

@Article{Gissinger24,
 author = {Jacob R. Gissinger, Ilia Nikiforov, Yaser Afshar, Brendon Waters, Moon-ki Choi, Daniel S. Karls, Alexander Stukowski, Wonpil Im, Hendrik Heinz, Axel Kohlmeyer, and Ellad B. Tadmor},
 title = {Type Label Framework for Bonded Force Fields in LAMMPS},
 journal = {J. Phys. Chem. B},
 year =    2024,
 volume =  128,
 number =  13,
 pages =   {3282–-3297}
}

CITE-CITE-CITE-CITE-CITE-CITE-CITE-CITE-CITE-CITE-CITE-CITE-CITE

Neighbor list info ...
  update: every = 1 steps, delay = 0 steps, check = yes
  max neighbors/atom: 2000, page size: 100000
  master list distance cutoff = 7.6
  ghost atom cutoff = 7.6
  binsize = 3.8, bins = 5 5 5
  1 neighbor lists, perpetual/occasional/extra = 1 0 0
  (1) pair eam/alloy, perpetual
      attributes: half, newton on
      pair build: half/bin/atomonly/newton/tri
      stencil: half/bin/3d/tri
      bin: standard
Per MPI rank memory allocation (min/avg/max) = 4.514 | 4.514 | 4.514 Mbytes
   Step           Lx             Ly             Lz           PotEng         Press           Fmax          Volume    
         0   18             18             18            -2095.4233     -108822.07      0.56097771     5832         
        10   18             18             18            -2097.2562     -108368.66      0.0055137812   5832         
        14   18             18             18            -2097.2566     -108371.79      0.0011791265   5832         
Loop time of 0.0398316 on 4 procs for 14 steps with 500 atoms

68.5% CPU use with 4 MPI tasks x 1 OpenMP threads

Minimization stats:
  Stopping criterion = energy tolerance
  Energy initial, next-to-last, final = 
     -2095.42330113702  -2097.25657371174  -2097.25659175923
  Force two-norm initial, final = 6.1968243 0.010532132
  Force max component initial, final = 0.56097771 0.0011791265
  Final line search alpha, max atom move = 1 0.0011791265
  Iterations, force evaluations = 14 28

MPI task timing breakdown:
Section |  min time  |  avg time  |  max time  |%varavg| %total
---------------------------------------------------------------
Pair    | 0.025118   | 0.026776   | 0.029965   |   1.1 | 67.22
Neigh   | 0          | 0          | 0          |   0.0 |  0.00
Comm    | 0.0049166  | 0.0076871  | 0.0089664  |   1.9 | 19.30
Output  | 2.8735e-05 | 4.1151e-05 | 7.7809e-05 |   0.0 |  0.10
Modify  | 0          | 0          | 0          |   0.0 |  0.00
Other   |            | 0.005327   |            |       | 13.37

Nlocal:            125 ave         180 max          80 min
Histogram: 1 0 0 0 2 0 0 0 0 1
Nghost:           1737 ave        1782 max        1682 min
Histogram: 1 0 0 0 0 0 2 0 0 1
Neighs:           8750 ave       12559 max        5620 min
Histogram: 1 0 0 0 2 0 0 0 0 1

Total # of neighbors = 35000
Ave neighs/atom = 70
Neighbor list builds = 0
Dangerous builds = 0

# Релаксация ячейки aniso
fix 1 all box/relax aniso 0.0 vmax 0.0001
min_style cg
minimize 1.0e-10 1.0e-11 1000 5000
WARNING: Energy due to 3 extra global DOFs will be included in minimizer energies
 (src/min.cpp:219)
Per MPI rank memory allocation (min/avg/max) = 4.514 | 4.514 | 4.514 Mbytes
   Step           Lx             Ly             Lz           PotEng         Press           Fmax          Volume    
        14   18             18             18            -2097.2566     -108371.79      0.0011791265   5832         
        20   17.989408      17.9892        17.989526     -2097.9473     -106085.55      0.0083282864   5821.6815    
        30   17.971764      17.9712        17.972087     -2099.0633     -102240.41      0.022043319    5804.5198    
        40   17.954132      17.9532        17.954672     -2100.135      -98351.112      0.035788725    5787.4034    
        50   17.936512      17.9352        17.937282     -2101.1622     -94416.651      0.049565597    5770.3326    
        60   17.918905      17.9172        17.919918     -2102.1446     -90436.27       0.063366492    5753.3082    
        70   17.901312      17.8992        17.902583     -2103.0818     -86408.876      0.077185233    5736.3305    
        80   17.883733      17.8812        17.885277     -2103.9737     -82333.404      0.091030162    5719.4006    
        90   17.86617       17.8632        17.868003     -2104.8198     -78208.739      0.1049026      5702.5191    
       100   17.848623      17.8452        17.850765     -2105.6198     -74033.56       0.11880469     5685.6873    
       110   17.831095      17.8272        17.833564     -2106.3734     -69806.675      0.13273935     5668.9063    
       120   17.813585      17.8092        17.816405     -2107.0802     -65526.645      0.14669355     5652.1778    
       130   17.796097      17.7912        17.799293     -2107.74       -61192.003      0.16071374     5635.5037    
       140   17.778632      17.7732        17.782232     -2108.3523     -56801.293      0.17620393     5618.8863    
       150   17.761194      17.7552        17.765231     -2108.9167     -52353.215      0.19194618     5602.3285    
       160   17.743786      17.7372        17.748297     -2109.4329     -47846.388      0.20793216     5585.8341    
       170   17.726413      17.7192        17.731442     -2109.9005     -43279.561      0.22415896     5569.4079    
       180   17.709082      17.7012        17.714681     -2110.319      -38651.929      0.24061232     5553.0566    
       190   17.691802      17.6832        17.698035     -2110.6882     -33963.591      0.25722124     5536.789     
       200   17.674585      17.6652        17.681533     -2111.0076     -29215.812      0.27396897     5520.6183    
       210   17.657453      17.6472        17.66522      -2111.2769     -24412.108      0.29083557     5504.5638    
       220   17.640434      17.6292        17.649166     -2111.4958     -19560.01       0.30779033     5488.6567    
       230   17.623586      17.6112        17.633495     -2111.6644     -14675.1        0.32478736     5472.9518    
       240   17.607018      17.5932        17.618459     -2111.783      -9792.9235      0.34172779     5457.5605    
       250   17.591019      17.5752        17.604713     -2111.8527     -5010.7048      0.35835209     5442.7731    
       260   17.576943      17.5572        17.595308     -2111.8786     -788.96044      0.37341586     5429.9458    
       270   17.572983      17.543028      17.603082     -2111.9171      128.46862      0.36938889     5426.7368    
       280   17.572319      17.541852      17.603333     -2111.9469      162.16823      0.36081579     5426.2453    
       290   17.572365      17.541747      17.603614     -2112.0186     -188.50027      0.33722568     5426.3134    
       300   17.572429      17.541743      17.603776     -2112.0474     -349.19453      0.32722735     5426.3819    
       310   17.572413      17.541618      17.60391      -2112.0896     -558.17401      0.31208877     5426.38      
       320   17.568985      17.538018      17.600647     -2112.1366      264.206        0.29791402     5423.2025    
       330   17.569028      17.537976      17.600795     -2112.1638      102.54013      0.28717129     5423.2483    
       340   17.568775      17.537393      17.60092      -2112.254      -346.78999      0.24883521     5423.0283    
       350   17.568745      17.537189      17.601069     -2112.2929     -585.87783      0.23053698     5423.0022    
       360   17.565326      17.533587      17.597784     -2112.3228      286.82719      0.21899007     5419.8213    
       370   17.565386      17.533495      17.597988     -2112.351       71.576562      0.20425423     5419.8743    
       380   17.565352      17.533212      17.598173     -2112.3909     -215.16414      0.18194258     5419.8332    
       390   17.56546       17.53304       17.598516     -2112.4294     -561.96238      0.15828717     5419.9191    
       400   17.562511      17.526759      17.593293     -2112.495       327.21217      0.11810992     5415.4602    
       410   17.561401      17.528902      17.595961     -2112.5023     -136.9647       0.1123088      5416.6011    
       420   17.561926      17.527195      17.592678     -2112.5093      256.68516      0.10923728     5415.2252    
       430   17.560818      17.528165      17.596121     -2112.5142     -143.91276      0.10504163     5416.243     
       440   17.561374      17.527096      17.592474     -2112.519       239.20923      0.10302515     5414.9614    
       450   17.560583      17.527599      17.595882     -2112.5231     -135.42976      0.099378612    5415.9219    
       460   17.561004      17.526823      17.592274     -2112.5274      230.81876      0.097458814    5414.7015    
       470   17.560328      17.527123      17.595601     -2112.5312     -122.98941      0.094079741    5415.6095    
       480   17.560706      17.526472      17.591988     -2112.5352      237.35507      0.092223771    5414.4131    
       490   17.560101      17.526703      17.595248     -2112.5387     -108.03286      0.088985316    5415.3014    
       500   17.559244      17.525269      17.592203     -2112.5426      402.86858      0.087311599    5413.6569    
       510   17.560832      17.526787      17.593861     -2112.5482     -166.87094      0.082051688    5415.1256    
       520   17.558398      17.524794      17.593953     -2112.5521      236.57866      0.07997005     5413.7882    
       530   17.558356      17.52407       17.593254     -2112.5758      51.743542      0.059983139    5413.336     
       540   17.560714      17.525248      17.591636     -2112.5866     -329.55233      0.049524508    5413.9293    
       550   17.556721      17.521803      17.590685     -2112.5896      506.60413      0.048624567    5411.3416    
       560   17.558059      17.52345       17.593567     -2112.5912     -135.42182      0.046778309    5413.1494    
       570   17.559038      17.523896      17.592383     -2112.5932     -192.69768      0.045552286    5413.2248    
       580   17.55731       17.522595      17.592855     -2112.5944      57.181899      0.044891385    5412.4352    
       590   17.559223      17.524067      17.592904     -2112.5957     -327.70994      0.043886296    5413.4951    
       600   17.557496      17.5227        17.593427     -2112.5992     -114.2423       0.041678447    5412.7011    
       610   17.559089      17.523486      17.591661     -2112.6015     -218.22857      0.03995079     5412.8918    
       620   17.556939      17.521764      17.591844     -2112.6032      141.98878      0.038801223    5411.7535    
       630   17.558079      17.522122      17.589938     -2112.6063      129.95456      0.036241479    5411.6288    
       640   17.559092      17.522713      17.589698     -2112.6102     -88.037228      0.032614844    5412.0498    
       650   17.559898      17.523441      17.590346     -2112.611      -335.69506      0.031657512    5412.7225    
       660   17.558047      17.521708      17.589335     -2112.6124      125.90059      0.030514745    5411.3056    
       670   17.556554      17.521085      17.59233      -2112.6141      1.3503413      0.028838017    5411.5744    
       680   17.556886      17.52131       17.592569     -2112.616      -118.87374      0.026775343    5411.8199    
       690   17.556159      17.520307      17.589558     -2112.6294      93.681533      0.011887608    5410.3599    
       700   17.558039      17.517206      17.591106     -2112.63        48.235762      0.010240202    5410.4574    
       710   17.555837      17.520536      17.591055     -2112.6314     -99.221174      0.0080345383   5410.7915    
       720   17.555804      17.519999      17.589343     -2112.6321      122.91763      0.0060501029   5410.0892    
       730   17.55632       17.518434      17.592025     -2112.6328     -68.37932       0.0039936758   5410.5897    
       740   17.553257      17.520135      17.592864     -2112.6337     -34.990541      0.0023808679   5410.4291    
       750   17.555873      17.518552      17.591108     -2112.6339      8.8736325      0.0026730711   5410.2063    
Loop time of 1.04332 on 4 procs for 736 steps with 500 atoms

78.4% CPU use with 4 MPI tasks x 1 OpenMP threads

Minimization stats:
  Stopping criterion = energy tolerance
  Energy initial, next-to-last, final = 
     -2097.25659175923  -2112.63389547584  -2112.63389559749
  Force two-norm initial, final = 683.3107 0.060680577
  Force max component initial, final = 401.02446 0.033406012
  Final line search alpha, max atom move = 0.009402251 0.00031409171
  Iterations, force evaluations = 736 874

MPI task timing breakdown:
Section |  min time  |  avg time  |  max time  |%varavg| %total
---------------------------------------------------------------
Pair    | 0.67248    | 0.69066    | 0.7041     |   1.6 | 66.20
Neigh   | 0          | 0          | 0          |   0.0 |  0.00
Comm    | 0.12588    | 0.15053    | 0.16923    |   4.1 | 14.43
Output  | 0.0021558  | 0.0037058  | 0.0083202  |   4.4 |  0.36
Modify  | 0          | 0          | 0          |   0.0 |  0.00
Other   |            | 0.1984     |            |       | 19.02

Nlocal:            125 ave         141 max         102 min
Histogram: 1 0 0 0 0 0 1 1 0 1
Nghost:           1737 ave        1760 max        1721 min
Histogram: 1 0 1 1 0 0 0 0 0 1
Neighs:        8979.75 ave       10211 max        7254 min
Histogram: 1 0 0 0 0 0 1 1 0 1

Total # of neighbors = 35919
Ave neighs/atom = 71.838
Neighbor list builds = 0
Dangerous builds = 0
unfix 1

# Промежуточная минимизация атомов
min_style cg
minimize 1.0e-10 1.0e-11 1000 5000
Per MPI rank memory allocation (min/avg/max) = 4.514 | 4.514 | 4.514 Mbytes
   Step           Lx             Ly             Lz           PotEng         Press           Fmax          Volume    
       750   17.555873      17.518552      17.591108     -2112.6339      8.8736325      0.0026730711   5410.2063    
       759   17.555873      17.518552      17.591108     -2112.634       29.683044      8.9083425e-05  5410.2063    
Loop time of 0.00756617 on 4 procs for 9 steps with 500 atoms

84.3% CPU use with 4 MPI tasks x 1 OpenMP threads

Minimization stats:
  Stopping criterion = energy tolerance
  Energy initial, next-to-last, final = 
     -2112.63389559749  -2112.63396480666  -2112.63396495115
  Force two-norm initial, final = 0.028945248 0.0009362821
  Force max component initial, final = 0.0026730711 8.9083425e-05
  Final line search alpha, max atom move = 1 8.9083425e-05
  Iterations, force evaluations = 9 18

MPI task timing breakdown:
Section |  min time  |  avg time  |  max time  |%varavg| %total
---------------------------------------------------------------
Pair    | 0.0067972  | 0.006801   | 0.0068061  |   0.0 | 89.89
Neigh   | 0          | 0          | 0          |   0.0 |  0.00
Comm    | 0.00054276 | 0.00054911 | 0.0005542  |   0.0 |  7.26
Output  | 0          | 0          | 0          |   0.0 |  0.00
Modify  | 0          | 0          | 0          |   0.0 |  0.00
Other   |            | 0.0002161  |            |       |  2.86

Nlocal:            125 ave         131 max         112 min
Histogram: 1 0 0 0 0 0 0 1 0 2
Nghost:           1737 ave        1750 max        1731 min
Histogram: 2 0 1 0 0 0 0 0 0 1
Neighs:          11000 ave       11502 max        9882 min
Histogram: 1 0 0 0 0 0 0 1 0 2

Total # of neighbors = 44000
Ave neighs/atom = 88
Neighbor list builds = 0
Dangerous builds = 0

# Релаксация ячейки iso
fix 2 all box/relax iso 0.0 vmax 0.0001
min_style cg
minimize 1.0e-10 1.0e-11 1000 5000
WARNING: Energy due to 1 extra global DOFs will be included in minimizer energies
 (src/min.cpp:219)
Per MPI rank memory allocation (min/avg/max) = 4.514 | 4.514 | 4.514 Mbytes
   Step           Lx             Ly             Lz           PotEng         Press           Fmax          Volume    
       759   17.555873      17.518552      17.591108     -2112.634       29.683044      8.9083425e-05  5410.2063    
       760   17.555967      17.518645      17.591201     -2112.634      -0.023338933    0.00012467783  5410.2927    
       761   17.55597       17.518648      17.591205     -2112.634      -0.091828482    5.7321631e-05  5410.2957    
Loop time of 0.00232993 on 4 procs for 2 steps with 500 atoms

83.3% CPU use with 4 MPI tasks x 1 OpenMP threads

Minimization stats:
  Stopping criterion = energy tolerance
  Energy initial, next-to-last, final = 
     -2112.63396495115  -2112.63396575029  -2112.63396580977
  Force two-norm initial, final = 0.30070128 0.0011454421
  Force max component initial, final = 0.30069982 0.0009302655
  Final line search alpha, max atom move = 1 0.0009302655
  Iterations, force evaluations = 2 4

MPI task timing breakdown:
Section |  min time  |  avg time  |  max time  |%varavg| %total
---------------------------------------------------------------
Pair    | 0.0018047  | 0.0018072  | 0.0018113  |   0.0 | 77.57
Neigh   | 0          | 0          | 0          |   0.0 |  0.00
Comm    | 0.00015729 | 0.0001595  | 0.00016253 |   0.0 |  6.85
Output  | 1.1959e-05 | 2.0757e-05 | 4.7026e-05 |   0.0 |  0.89
Modify  | 0          | 0          | 0          |   0.0 |  0.00
Other   |            | 0.0003424  |            |       | 14.70

Nlocal:            125 ave         131 max         112 min
Histogram: 1 0 0 0 0 0 0 1 0 2
Nghost:           1737 ave        1750 max        1731 min
Histogram: 2 0 1 0 0 0 0 0 0 1
Neighs:          11000 ave       11557 max        9882 min
Histogram: 1 0 0 0 0 0 0 1 0 2

Total # of neighbors = 44000
Ave neighs/atom = 88
Neighbor list builds = 0
Dangerous builds = 0
unfix 2

variable lat_const equal "lx/5"
variable eatom equal "pe/count(all)"
variable teng equal "pe"
variable natoms equal "count(all)"

print "Lattice parameter (lx/5) = ${lat_const} A"
Lattice parameter (lx/5) = 3.51119397532813 A
print "Total Potential Energy (PE) = ${teng} eV"
Total Potential Energy (PE) = -2112.63396580977 eV
print "Number of atoms = ${natoms}"
Number of atoms = 500
print "Cohesive energy (PE/N) = ${eatom} eV"
Cohesive energy (PE/N) = -4.22526793161954 eV
print "Minimization completed."
Minimization completed.

write_data A0_1_minimized.data
System init for write_data ...
Total wall time: 0:00:01
