read_data A0_4.data
Reading data file ...
  triclinic box = (0 0 0) to (17.6 17.6 17.6) with tilt (1.0776892e-15 1.0776892e-15 1.0776892e-15)
  1 by 2 by 2 MPI processor grid
  reading atoms ...
  500 atoms
  read_data CPU = 0.010 seconds

mass 1 58.6934  # Ni
mass 2 55.845   # Fe
mass 3 51.9961  # Cr

pair_style eam/alloy
pair_coeff * * FeNiCr_bonny.eam.alloy Ni Fe Cr

neighbor 2.0 bin
neigh_modify delay 0 check yes
timestep 0.001

thermo 10
thermo_style custom step lx ly lz pe press fmax vol

# --- ЭТАПЫ МИНИМИЗАЦИИ ---
min_style cg
minimize 1.0e-8 1.0e-9 1000 5000

CITE-CITE-CITE-CITE-CITE-CITE-CITE-CITE-CITE-CITE-CITE-CITE-CITE

Your simulation uses code contributions which should be cited:

- Type Label Framework: https://doi.org/10.1021/acs.jpcb.3c08419

@Article{Gissinger24,
 author = {Jacob R. Gissinger, Ilia Nikiforov, Yaser Afshar, Brendon Waters, Moon-ki Choi, Daniel S. Karls, Alexander Stukowski, Wonpil Im, Hendrik Heinz, Axel Kohlmeyer, and Ellad B. Tadmor},
 title = {Type Label Framework for Bonded Force Fields in LAMMPS},
 journal = {J. Phys. Chem. B},
 year =    2024,
 volume =  128,
 number =  13,
 pages =   {3282–-3297}
}

CITE-CITE-CITE-CITE-CITE-CITE-CITE-CITE-CITE-CITE-CITE-CITE-CITE

Neighbor list info ...
  update: every = 1 steps, delay = 0 steps, check = yes
  max neighbors/atom: 2000, page size: 100000
  master list distance cutoff = 7.6
  ghost atom cutoff = 7.6
  binsize = 3.8, bins = 5 5 5
  1 neighbor lists, perpetual/occasional/extra = 1 0 0
  (1) pair eam/alloy, perpetual
      attributes: half, newton on
      pair build: half/bin/atomonly/newton/tri
      stencil: half/bin/3d/tri
      bin: standard
Per MPI rank memory allocation (min/avg/max) = 4.514 | 4.514 | 4.514 Mbytes
   Step           Lx             Ly             Lz           PotEng         Press           Fmax          Volume    
         0   17.6           17.6           17.6          -2111.6822     -12240.741      0.66897569     5451.776     
        10   17.6           17.6           17.6          -2113.6515     -13821.342      0.0098835598   5451.776     
        16   17.6           17.6           17.6          -2113.6528     -13824.944      0.0010455452   5451.776     
Loop time of 0.039101 on 4 procs for 16 steps with 500 atoms

76.8% CPU use with 4 MPI tasks x 1 OpenMP threads

Minimization stats:
  Stopping criterion = energy tolerance
  Energy initial, next-to-last, final = 
      -2111.6822184138  -2113.65276404767  -2113.65277594788
  Force two-norm initial, final = 6.9170924 0.0099742075
  Force max component initial, final = 0.66897569 0.0010455452
  Final line search alpha, max atom move = 1 0.0010455452
  Iterations, force evaluations = 16 32

MPI task timing breakdown:
Section |  min time  |  avg time  |  max time  |%varavg| %total
---------------------------------------------------------------
Pair    | 0.031772   | 0.032354   | 0.033029   |   0.3 | 82.74
Neigh   | 0          | 0          | 0          |   0.0 |  0.00
Comm    | 0.0030974  | 0.0040259  | 0.0047723  |   1.0 | 10.30
Output  | 3.7677e-05 | 5.7395e-05 | 0.00011488 |   0.0 |  0.15
Modify  | 0          | 0          | 0          |   0.0 |  0.00
Other   |            | 0.002664   |            |       |  6.81

Nlocal:            125 ave         180 max          80 min
Histogram: 1 0 0 0 2 0 0 0 0 1
Nghost:           1737 ave        1782 max        1682 min
Histogram: 1 0 0 0 0 0 2 0 0 1
Neighs:          11000 ave       15891 max        7054 min
Histogram: 1 0 0 2 0 0 0 0 0 1

Total # of neighbors = 44000
Ave neighs/atom = 88
Neighbor list builds = 0
Dangerous builds = 0

# Релаксация ячейки aniso
fix 1 all box/relax aniso 0.0 vmax 0.0001
min_style cg
minimize 1.0e-10 1.0e-11 1000 5000
WARNING: Energy due to 3 extra global DOFs will be included in minimizer energies
 (src/min.cpp:219)
Per MPI rank memory allocation (min/avg/max) = 4.514 | 4.514 | 4.514 Mbytes
   Step           Lx             Ly             Lz           PotEng         Press           Fmax          Volume    
        16   17.6           17.6           17.6          -2113.6528     -13824.944      0.0010455452   5451.776     
        20   17.594309      17.59296       17.593435     -2113.701      -11857.284      0.005069171    5445.8011    
        30   17.580973      17.57536       17.577368     -2113.7878     -7003.2259      0.018693122    5431.2649    
        40   17.570415      17.55776       17.562379     -2113.8287     -2469.3129      0.031447607    5417.9436    
        50   17.573968      17.540375      17.55302      -2113.8372      0.72623669     0.039213564    5410.7883    
        60   17.583109      17.532574      17.550656     -2113.8404      1.5921921      0.030087271    5410.4665    
        70   17.57967       17.531991      17.55344      -2113.8428     -11.890139      0.017060596    5410.0865    
        80   17.581755      17.532243      17.551481     -2113.8434     -90.75122       0.014844572    5410.202     
        90   17.581368      17.529824      17.550479     -2113.8454      72.104136      0.0040516625   5409.0273    
        99   17.582429      17.529742      17.549985     -2113.8456      5.940636       0.0017916243   5409.1765    
Loop time of 0.153765 on 4 procs for 83 steps with 500 atoms

66.3% CPU use with 4 MPI tasks x 1 OpenMP threads

Minimization stats:
  Stopping criterion = energy tolerance
  Energy initial, next-to-last, final = 
     -2113.65277594788  -2113.84559444475  -2113.84559451081
  Force two-norm initial, final = 81.760435 0.041079535
  Force max component initial, final = 51.285888 0.022572624
  Final line search alpha, max atom move = 0.0087321988 0.00019710864
  Iterations, force evaluations = 83 111

MPI task timing breakdown:
Section |  min time  |  avg time  |  max time  |%varavg| %total
---------------------------------------------------------------
Pair    | 0.09523    | 0.098957   | 0.10292    |   1.1 | 64.36
Neigh   | 0          | 0          | 0          |   0.0 |  0.00
Comm    | 0.015539   | 0.026408   | 0.037508   |   5.1 | 17.17
Output  | 0.0001918  | 0.00031534 | 0.00068262 |   0.0 |  0.21
Modify  | 0          | 0          | 0          |   0.0 |  0.00
Other   |            | 0.02808    |            |       | 18.26

Nlocal:            125 ave         150 max         107 min
Histogram: 1 1 0 0 0 1 0 0 0 1
Nghost:           1737 ave        1755 max        1712 min
Histogram: 1 0 0 0 1 0 0 0 1 1
Neighs:          11000 ave       13194 max        9369 min
Histogram: 1 1 0 0 0 1 0 0 0 1

Total # of neighbors = 44000
Ave neighs/atom = 88
Neighbor list builds = 0
Dangerous builds = 0
unfix 1

# Промежуточная минимизация атомов
min_style cg
minimize 1.0e-10 1.0e-11 1000 5000
Per MPI rank memory allocation (min/avg/max) = 4.514 | 4.514 | 4.514 Mbytes
   Step           Lx             Ly             Lz           PotEng         Press           Fmax          Volume    
        99   17.582429      17.529742      17.549985     -2113.8456      5.940636       0.0017916243   5409.1765    
       100   17.582429      17.529742      17.549985     -2113.8456      3.043349       0.0015019831   5409.1765    
       109   17.582429      17.529742      17.549985     -2113.8456      1.3063622      9.3123112e-05  5409.1765    
Loop time of 0.0490076 on 4 procs for 10 steps with 500 atoms

76.0% CPU use with 4 MPI tasks x 1 OpenMP threads

Minimization stats:
  Stopping criterion = energy tolerance
  Energy initial, next-to-last, final = 
     -2113.84559451081  -2113.84564784894  -2113.84564799036
  Force two-norm initial, final = 0.021558018 0.0011041059
  Force max component initial, final = 0.0017916243 9.3123112e-05
  Final line search alpha, max atom move = 1 9.3123112e-05
  Iterations, force evaluations = 10 20

MPI task timing breakdown:
Section |  min time  |  avg time  |  max time  |%varavg| %total
---------------------------------------------------------------
Pair    | 0.031368   | 0.033426   | 0.035626   |   0.9 | 68.20
Neigh   | 0          | 0          | 0          |   0.0 |  0.00
Comm    | 0.0030904  | 0.0073366  | 0.011414   |   3.6 | 14.97
Output  | 2.7049e-05 | 3.7067e-05 | 6.5538e-05 |   0.0 |  0.08
Modify  | 0          | 0          | 0          |   0.0 |  0.00
Other   |            | 0.008208   |            |       | 16.75

Nlocal:            125 ave         151 max         108 min
Histogram: 2 0 0 0 1 0 0 0 0 1
Nghost:           1737 ave        1754 max        1711 min
Histogram: 1 0 0 0 0 1 0 0 0 2
Neighs:          11000 ave       13289 max        9452 min
Histogram: 1 1 0 0 1 0 0 0 0 1

Total # of neighbors = 44000
Ave neighs/atom = 88
Neighbor list builds = 0
Dangerous builds = 0

# Релаксация ячейки iso
fix 2 all box/relax iso 0.0 vmax 0.0001
min_style cg
minimize 1.0e-10 1.0e-11 1000 5000
WARNING: Energy due to 1 extra global DOFs will be included in minimizer energies
 (src/min.cpp:219)
Per MPI rank memory allocation (min/avg/max) = 4.514 | 4.514 | 4.514 Mbytes
   Step           Lx             Ly             Lz           PotEng         Press           Fmax          Volume    
       109   17.582429      17.529742      17.549985     -2113.8456      1.3063622      9.3123112e-05  5409.1765    
       110   17.582433      17.529746      17.549989     -2113.8456     -0.010136418    9.2857609e-05  5409.1803    
Loop time of 0.00250079 on 4 procs for 1 steps with 500 atoms

79.1% CPU use with 4 MPI tasks x 1 OpenMP threads

Minimization stats:
  Stopping criterion = energy tolerance
  Energy initial, next-to-last, final = 
     -2113.84564799036  -2113.84564799036  -2113.84564799191
  Force two-norm initial, final = 0.013277382 0.0011086561
  Force max component initial, final = 0.013231395 0.00010266603
  Final line search alpha, max atom move = 0.0075577819 7.7592748e-07
  Iterations, force evaluations = 1 2

MPI task timing breakdown:
Section |  min time  |  avg time  |  max time  |%varavg| %total
---------------------------------------------------------------
Pair    | 0.0020715  | 0.0020769  | 0.0020832  |   0.0 | 83.05
Neigh   | 0          | 0          | 0          |   0.0 |  0.00
Comm    | 0.0001619  | 0.00019141 | 0.0002214  |   0.0 |  7.65
Output  | 0          | 0          | 0          |   0.0 |  0.00
Modify  | 0          | 0          | 0          |   0.0 |  0.00
Other   |            | 0.0002324  |            |       |  9.29

Nlocal:            125 ave         153 max         108 min
Histogram: 2 0 0 0 1 0 0 0 0 1
Nghost:           1737 ave        1754 max        1709 min
Histogram: 1 0 0 0 0 1 0 0 0 2
Neighs:          11000 ave       13473 max        9452 min
Histogram: 1 1 0 0 1 0 0 0 0 1

Total # of neighbors = 44000
Ave neighs/atom = 88
Neighbor list builds = 0
Dangerous builds = 0
unfix 2

variable lat_const equal "lx/5"
variable eatom equal "pe/count(all)"
variable teng equal "pe"
variable natoms equal "count(all)"

print "Lattice parameter (lx/5) = ${lat_const} A"
Lattice parameter (lx/5) = 3.51648667944477 A
print "Total Potential Energy (PE) = ${teng} eV"
Total Potential Energy (PE) = -2113.84564799191 eV
print "Number of atoms = ${natoms}"
Number of atoms = 500
print "Cohesive energy (PE/N) = ${eatom} eV"
Cohesive energy (PE/N) = -4.22769129598382 eV
print "Minimization completed."
Minimization completed.

write_data A0_4_minimized.data
System init for write_data ...
Total wall time: 0:00:00
