read_data A0_5.data
Reading data file ...
  triclinic box = (0 0 0) to (17.6 17.6 17.6) with tilt (1.0776892e-15 1.0776892e-15 1.0776892e-15)
  1 by 2 by 2 MPI processor grid
  reading atoms ...
  500 atoms
  read_data CPU = 0.007 seconds

mass 1 58.6934  # Ni
mass 2 55.845   # Fe
mass 3 51.9961  # Cr

pair_style eam/alloy
pair_coeff * * FeNiCr_bonny.eam.alloy Ni Fe Cr

neighbor 2.0 bin
neigh_modify delay 0 check yes
timestep 0.001

thermo 10
thermo_style custom step lx ly lz pe press fmax vol

# --- ЭТАПЫ МИНИМИЗАЦИИ ---
min_style cg
minimize 1.0e-8 1.0e-9 1000 5000

CITE-CITE-CITE-CITE-CITE-CITE-CITE-CITE-CITE-CITE-CITE-CITE-CITE

Your simulation uses code contributions which should be cited:

- Type Label Framework: https://doi.org/10.1021/acs.jpcb.3c08419

@Article{Gissinger24,
 author = {Jacob R. Gissinger, Ilia Nikiforov, Yaser Afshar, Brendon Waters, Moon-ki Choi, Daniel S. Karls, Alexander Stukowski, Wonpil Im, Hendrik Heinz, Axel Kohlmeyer, and Ellad B. Tadmor},
 title = {Type Label Framework for Bonded Force Fields in LAMMPS},
 journal = {J. Phys. Chem. B},
 year =    2024,
 volume =  128,
 number =  13,
 pages =   {3282–-3297}
}

CITE-CITE-CITE-CITE-CITE-CITE-CITE-CITE-CITE-CITE-CITE-CITE-CITE

Neighbor list info ...
  update: every = 1 steps, delay = 0 steps, check = yes
  max neighbors/atom: 2000, page size: 100000
  master list distance cutoff = 7.6
  ghost atom cutoff = 7.6
  binsize = 3.8, bins = 5 5 5
  1 neighbor lists, perpetual/occasional/extra = 1 0 0
  (1) pair eam/alloy, perpetual
      attributes: half, newton on
      pair build: half/bin/atomonly/newton/tri
      stencil: half/bin/3d/tri
      bin: standard
Per MPI rank memory allocation (min/avg/max) = 4.514 | 4.514 | 4.514 Mbytes
   Step           Lx             Ly             Lz           PotEng         Press           Fmax          Volume    
         0   17.6           17.6           17.6          -2112.0518     -11874.307      0.65208355     5451.776     
        10   17.6           17.6           17.6          -2114.0726     -13921.473      0.0095635944   5451.776     
        16   17.6           17.6           17.6          -2114.0737     -13921.048      0.00092360787  5451.776     
Loop time of 0.0374394 on 4 procs for 16 steps with 500 atoms

76.4% CPU use with 4 MPI tasks x 1 OpenMP threads

Minimization stats:
  Stopping criterion = energy tolerance
  Energy initial, next-to-last, final = 
     -2112.05180495313  -2114.07365514549  -2114.07366680478
  Force two-norm initial, final = 7.112232 0.010269862
  Force max component initial, final = 0.65208355 0.00092360787
  Final line search alpha, max atom move = 1 0.00092360787
  Iterations, force evaluations = 16 32

MPI task timing breakdown:
Section |  min time  |  avg time  |  max time  |%varavg| %total
---------------------------------------------------------------
Pair    | 0.032123   | 0.03231    | 0.032687   |   0.1 | 86.30
Neigh   | 0          | 0          | 0          |   0.0 |  0.00
Comm    | 0.0031674  | 0.0035873  | 0.0041479  |   0.6 |  9.58
Output  | 3.2203e-05 | 4.735e-05  | 9.172e-05  |   0.0 |  0.13
Modify  | 0          | 0          | 0          |   0.0 |  0.00
Other   |            | 0.001495   |            |       |  3.99

Nlocal:            125 ave         180 max          80 min
Histogram: 1 0 0 0 2 0 0 0 0 1
Nghost:           1737 ave        1782 max        1682 min
Histogram: 1 0 0 0 0 0 2 0 0 1
Neighs:          11000 ave       15773 max        7054 min
Histogram: 1 0 0 1 1 0 0 0 0 1

Total # of neighbors = 44000
Ave neighs/atom = 88
Neighbor list builds = 0
Dangerous builds = 0

# Релаксация ячейки aniso
fix 1 all box/relax aniso 0.0 vmax 0.0001
min_style cg
minimize 1.0e-10 1.0e-11 1000 5000
WARNING: Energy due to 3 extra global DOFs will be included in minimizer energies
 (src/min.cpp:219)
Per MPI rank memory allocation (min/avg/max) = 4.514 | 4.514 | 4.514 Mbytes
   Step           Lx             Ly             Lz           PotEng         Press           Fmax          Volume    
        16   17.6           17.6           17.6          -2114.0737     -13921.048      0.00092360787  5451.776     
        20   17.59296       17.593874      17.593024     -2114.1241     -11872.133      0.0053057162   5445.5392    
        30   17.57536       17.579234      17.575635     -2114.214      -6755.2109      0.017755289    5430.1922    
        40   17.55776       17.567123      17.558444     -2114.2538     -1827.7241      0.029666727    5415.7144    
        50   17.544052      17.575638      17.54649      -2114.2585     -6.2270155      0.035066815    5410.4235    
        60   17.542246      17.576956      17.54352      -2114.2648     -14.184756      0.011187358    5409.3566    
        70   17.540623      17.575883      17.545682     -2114.2656     -42.666384      0.0063833462   5409.1922    
        80   17.541524      17.575377      17.544141     -2114.2661     -0.20795897     0.0034491493   5408.8395    
        90   17.541518      17.575313      17.54394      -2114.2663     -0.94507147     0.0015583531   5408.7559    
        98   17.541332      17.575478      17.543948     -2114.2664     -3.0952205      0.00070551084  5408.7519    
Loop time of 0.217172 on 4 procs for 82 steps with 500 atoms

72.9% CPU use with 4 MPI tasks x 1 OpenMP threads

Minimization stats:
  Stopping criterion = energy tolerance
  Energy initial, next-to-last, final = 
     -2114.07366680478  -2114.26637470306  -2114.26637471526
  Force two-norm initial, final = 82.190431 0.019720163
  Force max component initial, final = 49.563281 0.011708078
  Final line search alpha, max atom move = 0.04122594 0.00048267653
  Iterations, force evaluations = 82 114

MPI task timing breakdown:
Section |  min time  |  avg time  |  max time  |%varavg| %total
---------------------------------------------------------------
Pair    | 0.12854    | 0.14304    | 0.15761    |   3.5 | 65.87
Neigh   | 0          | 0          | 0          |   0.0 |  0.00
Comm    | 0.023562   | 0.039447   | 0.05469    |   6.5 | 18.16
Output  | 0.0002653  | 0.00038108 | 0.00072311 |   0.0 |  0.18
Modify  | 0          | 0          | 0          |   0.0 |  0.00
Other   |            | 0.0343     |            |       | 15.80

Nlocal:            125 ave         140 max         103 min
Histogram: 1 0 0 0 0 0 1 1 0 1
Nghost:           1737 ave        1759 max        1722 min
Histogram: 1 0 1 1 0 0 0 0 0 1
Neighs:          11000 ave       12298 max        9056 min
Histogram: 1 0 0 0 0 0 1 1 0 1

Total # of neighbors = 44000
Ave neighs/atom = 88
Neighbor list builds = 0
Dangerous builds = 0
unfix 1

# Промежуточная минимизация атомов
min_style cg
minimize 1.0e-10 1.0e-11 1000 5000
Per MPI rank memory allocation (min/avg/max) = 4.514 | 4.514 | 4.514 Mbytes
   Step           Lx             Ly             Lz           PotEng         Press           Fmax          Volume    
        98   17.541332      17.575478      17.543948     -2114.2664     -3.0952205      0.00070551084  5408.7519    
       100   17.541332      17.575478      17.543948     -2114.2664     -7.9323183      0.0004634702   5408.7519    
       105   17.541332      17.575478      17.543948     -2114.2664     -4.5811707      0.00011588439  5408.7519    
Loop time of 0.0297947 on 4 procs for 7 steps with 500 atoms

51.3% CPU use with 4 MPI tasks x 1 OpenMP threads

Minimization stats:
  Stopping criterion = energy tolerance
  Energy initial, next-to-last, final = 
     -2114.26637471526  -2114.26638176858  -2114.26638193784
  Force two-norm initial, final = 0.0075629243 0.001313067
  Force max component initial, final = 0.00070551084 0.00011588439
  Final line search alpha, max atom move = 1 0.00011588439
  Iterations, force evaluations = 7 14

MPI task timing breakdown:
Section |  min time  |  avg time  |  max time  |%varavg| %total
---------------------------------------------------------------
Pair    | 0.0167     | 0.018627   | 0.019305   |   0.8 | 62.52
Neigh   | 0          | 0          | 0          |   0.0 |  0.00
Comm    | 0.0093512  | 0.010028   | 0.011953   |   1.1 | 33.66
Output  | 2.1484e-05 | 3.3982e-05 | 7.0728e-05 |   0.0 |  0.11
Modify  | 0          | 0          | 0          |   0.0 |  0.00
Other   |            | 0.001106   |            |       |  3.71

Nlocal:            125 ave         138 max         102 min
Histogram: 1 0 0 0 0 0 0 2 0 1
Nghost:           1737 ave        1760 max        1724 min
Histogram: 1 0 2 0 0 0 0 0 0 1
Neighs:          11000 ave       12125 max        8968 min
Histogram: 1 0 0 0 0 0 0 1 1 1

Total # of neighbors = 44000
Ave neighs/atom = 88
Neighbor list builds = 0
Dangerous builds = 0

# Релаксация ячейки iso
fix 2 all box/relax iso 0.0 vmax 0.0001
min_style cg
minimize 1.0e-10 1.0e-11 1000 5000
WARNING: Energy due to 1 extra global DOFs will be included in minimizer energies
 (src/min.cpp:219)
Per MPI rank memory allocation (min/avg/max) = 4.514 | 4.514 | 4.514 Mbytes
   Step           Lx             Ly             Lz           PotEng         Press           Fmax          Volume    
       105   17.541332      17.575478      17.543948     -2114.2664     -4.5811707      0.00011588439  5408.7519    
       106   17.541318      17.575464      17.543934     -2114.2664     -0.00017865616  0.00011660936  5408.7388    
Loop time of 0.00411079 on 4 procs for 1 steps with 500 atoms

81.6% CPU use with 4 MPI tasks x 1 OpenMP threads

Minimization stats:
  Stopping criterion = energy tolerance
  Energy initial, next-to-last, final = 
     -2114.26638193784  -2114.26638193784  -2114.26638195674
  Force two-norm initial, final = 0.046414993 0.0013488551
  Force max component initial, final = 0.046396416 0.00011660936
  Final line search alpha, max atom move = 0.0021553389 2.5133269e-07
  Iterations, force evaluations = 1 2

MPI task timing breakdown:
Section |  min time  |  avg time  |  max time  |%varavg| %total
---------------------------------------------------------------
Pair    | 0.0034947  | 0.0035221  | 0.0035519  |   0.0 | 85.68
Neigh   | 0          | 0          | 0          |   0.0 |  0.00
Comm    | 0.00025466 | 0.00028181 | 0.00030768 |   0.0 |  6.86
Output  | 0          | 0          | 0          |   0.0 |  0.00
Modify  | 0          | 0          | 0          |   0.0 |  0.00
Other   |            | 0.0003069  |            |       |  7.46

Nlocal:            125 ave         138 max         102 min
Histogram: 1 0 0 0 0 0 0 2 0 1
Nghost:           1737 ave        1760 max        1724 min
Histogram: 1 0 2 0 0 0 0 0 0 1
Neighs:          11000 ave       12125 max        8968 min
Histogram: 1 0 0 0 0 0 0 1 1 1

Total # of neighbors = 44000
Ave neighs/atom = 88
Neighbor list builds = 0
Dangerous builds = 0
unfix 2

variable lat_const equal "lx/5"
variable eatom equal "pe/count(all)"
variable teng equal "pe"
variable natoms equal "count(all)"

print "Lattice parameter (lx/5) = ${lat_const} A"
Lattice parameter (lx/5) = 3.50826362030747 A
print "Total Potential Energy (PE) = ${teng} eV"
Total Potential Energy (PE) = -2114.26638195674 eV
print "Number of atoms = ${natoms}"
Number of atoms = 500
print "Cohesive energy (PE/N) = ${eatom} eV"
Cohesive energy (PE/N) = -4.22853276391347 eV
print "Minimization completed."
Minimization completed.

write_data A0_5_minimized.data
System init for write_data ...
Total wall time: 0:00:00
