read_data A0_6.data
Reading data file ...
  triclinic box = (0 0 0) to (17.6 17.6 17.6) with tilt (1.0776892e-15 1.0776892e-15 1.0776892e-15)
  1 by 2 by 2 MPI processor grid
  reading atoms ...
  500 atoms
  read_data CPU = 0.007 seconds

mass 1 58.6934  # Ni
mass 2 55.845   # Fe
mass 3 51.9961  # Cr

pair_style eam/alloy
pair_coeff * * FeNiCr_bonny.eam.alloy Ni Fe Cr

neighbor 2.0 bin
neigh_modify delay 0 check yes
timestep 0.001

thermo 10
thermo_style custom step lx ly lz pe press fmax vol

# --- ЭТАПЫ МИНИМИЗАЦИИ ---
min_style cg
minimize 1.0e-8 1.0e-9 1000 5000

CITE-CITE-CITE-CITE-CITE-CITE-CITE-CITE-CITE-CITE-CITE-CITE-CITE

Your simulation uses code contributions which should be cited:

- Type Label Framework: https://doi.org/10.1021/acs.jpcb.3c08419

@Article{Gissinger24,
 author = {Jacob R. Gissinger, Ilia Nikiforov, Yaser Afshar, Brendon Waters, Moon-ki Choi, Daniel S. Karls, Alexander Stukowski, Wonpil Im, Hendrik Heinz, Axel Kohlmeyer, and Ellad B. Tadmor},
 title = {Type Label Framework for Bonded Force Fields in LAMMPS},
 journal = {J. Phys. Chem. B},
 year =    2024,
 volume =  128,
 number =  13,
 pages =   {3282–-3297}
}

CITE-CITE-CITE-CITE-CITE-CITE-CITE-CITE-CITE-CITE-CITE-CITE-CITE

Neighbor list info ...
  update: every = 1 steps, delay = 0 steps, check = yes
  max neighbors/atom: 2000, page size: 100000
  master list distance cutoff = 7.6
  ghost atom cutoff = 7.6
  binsize = 3.8, bins = 5 5 5
  1 neighbor lists, perpetual/occasional/extra = 1 0 0
  (1) pair eam/alloy, perpetual
      attributes: half, newton on
      pair build: half/bin/atomonly/newton/tri
      stencil: half/bin/3d/tri
      bin: standard
Per MPI rank memory allocation (min/avg/max) = 4.514 | 4.514 | 4.514 Mbytes
   Step           Lx             Ly             Lz           PotEng         Press           Fmax          Volume    
         0   17.6           17.6           17.6          -2112.36       -13124.394      0.62038593     5451.776     
        10   17.6           17.6           17.6          -2114.3715     -15400.6        0.010933553    5451.776     
        16   17.6           17.6           17.6          -2114.3727     -15393.607      0.0011211633   5451.776     
Loop time of 0.0337442 on 4 procs for 16 steps with 500 atoms

73.7% CPU use with 4 MPI tasks x 1 OpenMP threads

Minimization stats:
  Stopping criterion = energy tolerance
  Energy initial, next-to-last, final = 
     -2112.36002648293  -2114.37271610753  -2114.37272701451
  Force two-norm initial, final = 7.0623793 0.0098470808
  Force max component initial, final = 0.62038593 0.0011211633
  Final line search alpha, max atom move = 1 0.0011211633
  Iterations, force evaluations = 16 32

MPI task timing breakdown:
Section |  min time  |  avg time  |  max time  |%varavg| %total
---------------------------------------------------------------
Pair    | 0.02604    | 0.026287   | 0.026525   |   0.1 | 77.90
Neigh   | 0          | 0          | 0          |   0.0 |  0.00
Comm    | 0.004913   | 0.0057342  | 0.0062976  |   0.8 | 16.99
Output  | 2.6481e-05 | 4.1597e-05 | 8.6774e-05 |   0.0 |  0.12
Modify  | 0          | 0          | 0          |   0.0 |  0.00
Other   |            | 0.001681   |            |       |  4.98

Nlocal:            125 ave         180 max          80 min
Histogram: 1 0 0 0 2 0 0 0 0 1
Nghost:           1737 ave        1782 max        1682 min
Histogram: 1 0 0 0 0 0 2 0 0 1
Neighs:          11000 ave       15783 max        6988 min
Histogram: 1 0 0 0 2 0 0 0 0 1

Total # of neighbors = 44000
Ave neighs/atom = 88
Neighbor list builds = 0
Dangerous builds = 0

# Релаксация ячейки aniso
fix 1 all box/relax aniso 0.0 vmax 0.0001
min_style cg
minimize 1.0e-10 1.0e-11 1000 5000
WARNING: Energy due to 3 extra global DOFs will be included in minimizer energies
 (src/min.cpp:219)
Per MPI rank memory allocation (min/avg/max) = 4.514 | 4.514 | 4.514 Mbytes
   Step           Lx             Ly             Lz           PotEng         Press           Fmax          Volume    
        16   17.6           17.6           17.6          -2114.3727     -15393.607      0.0011211633   5451.776     
        20   17.593674      17.593392      17.59296      -2114.4283     -13352.666      0.0058187771   5445.591     
        30   17.578318      17.577166      17.57536      -2114.5313     -8259.743       0.019236702    5430.382     
        40   17.564367      17.56184       17.55776      -2114.5841     -3314.263       0.032161968    5415.9126    
        50   17.560126      17.552737      17.54016      -2114.5952     -0.98510137     0.042082056    5406.3733    
        60   17.565339      17.553892      17.533417     -2114.5968     -17.561535      0.038644568    5406.2551    
        70   17.564039      17.553596      17.535425     -2114.5979     -105.37276      0.034043996    5406.3828    
        80   17.564622      17.55368       17.535173     -2114.5991     -210.17987      0.028649862    5406.5106    
        90   17.564694      17.550803      17.533159     -2114.6027      15.353318      0.0064271546   5405.0256    
       100   17.563524      17.552712      17.531817     -2114.6032     -0.041602029    0.0037955259   5404.8396    
       110   17.563697      17.551752      17.532422     -2114.6033     -0.19659263     0.0020807623   5404.7838    
       114   17.563706      17.551802      17.53238      -2114.6033      2.7648195      0.0020280134   5404.789     
Loop time of 0.247081 on 4 procs for 98 steps with 500 atoms

73.9% CPU use with 4 MPI tasks x 1 OpenMP threads

Minimization stats:
  Stopping criterion = energy tolerance
  Energy initial, next-to-last, final = 
     -2114.37272701451  -2114.60332068952  -2114.60332079296
  Force two-norm initial, final = 90.806097 0.030382565
  Force max component initial, final = 55.253307 0.019689163
  Final line search alpha, max atom move = 0.0024539901 4.8317011e-05
  Iterations, force evaluations = 98 132

MPI task timing breakdown:
Section |  min time  |  avg time  |  max time  |%varavg| %total
---------------------------------------------------------------
Pair    | 0.14232    | 0.14866    | 0.15371    |   1.1 | 60.17
Neigh   | 0          | 0          | 0          |   0.0 |  0.00
Comm    | 0.032884   | 0.039407   | 0.045029   |   2.2 | 15.95
Output  | 0.00028001 | 0.00044763 | 0.00094755 |   0.0 |  0.18
Modify  | 0          | 0          | 0          |   0.0 |  0.00
Other   |            | 0.05857    |            |       | 23.70

Nlocal:            125 ave         142 max         108 min
Histogram: 1 0 0 0 0 2 0 0 0 1
Nghost:           1737 ave        1754 max        1720 min
Histogram: 1 0 0 0 0 2 0 0 0 1
Neighs:          11000 ave       12564 max        9507 min
Histogram: 1 0 0 0 2 0 0 0 0 1

Total # of neighbors = 44000
Ave neighs/atom = 88
Neighbor list builds = 0
Dangerous builds = 0
unfix 1

# Промежуточная минимизация атомов
min_style cg
minimize 1.0e-10 1.0e-11 1000 5000
Per MPI rank memory allocation (min/avg/max) = 4.514 | 4.514 | 4.514 Mbytes
   Step           Lx             Ly             Lz           PotEng         Press           Fmax          Volume    
       114   17.563706      17.551802      17.53238      -2114.6033      2.7648195      0.0020280134   5404.789     
       120   17.563706      17.551802      17.53238      -2114.6034      9.2316115      0.00052565839  5404.789     
       123   17.563706      17.551802      17.53238      -2114.6034      8.0101855      0.00010374657  5404.789     
Loop time of 0.0145708 on 4 procs for 9 steps with 500 atoms

78.8% CPU use with 4 MPI tasks x 1 OpenMP threads

Minimization stats:
  Stopping criterion = energy tolerance
  Energy initial, next-to-last, final = 
     -2114.60332079296  -2114.60337111756  -2114.60337125428
  Force two-norm initial, final = 0.018762829 0.0011063814
  Force max component initial, final = 0.0020280134 0.00010374657
  Final line search alpha, max atom move = 1 0.00010374657
  Iterations, force evaluations = 9 18

MPI task timing breakdown:
Section |  min time  |  avg time  |  max time  |%varavg| %total
---------------------------------------------------------------
Pair    | 0.011791   | 0.011921   | 0.012156   |   0.1 | 81.82
Neigh   | 0          | 0          | 0          |   0.0 |  0.00
Comm    | 0.001279   | 0.0015352  | 0.0016336  |   0.4 | 10.54
Output  | 2.0441e-05 | 3.151e-05  | 6.4577e-05 |   0.0 |  0.22
Modify  | 0          | 0          | 0          |   0.0 |  0.00
Other   |            | 0.001083   |            |       |  7.43

Nlocal:            125 ave         142 max         111 min
Histogram: 1 0 0 1 1 0 0 0 0 1
Nghost:           1737 ave        1751 max        1720 min
Histogram: 1 0 0 0 0 1 1 0 0 1
Neighs:          11000 ave       12567 max        9766 min
Histogram: 1 0 0 1 1 0 0 0 0 1

Total # of neighbors = 44000
Ave neighs/atom = 88
Neighbor list builds = 0
Dangerous builds = 0

# Релаксация ячейки iso
fix 2 all box/relax iso 0.0 vmax 0.0001
min_style cg
minimize 1.0e-10 1.0e-11 1000 5000
WARNING: Energy due to 1 extra global DOFs will be included in minimizer energies
 (src/min.cpp:219)
Per MPI rank memory allocation (min/avg/max) = 4.514 | 4.514 | 4.514 Mbytes
   Step           Lx             Ly             Lz           PotEng         Press           Fmax          Volume    
       123   17.563706      17.551802      17.53238      -2114.6034      8.0101855      0.00010374657  5404.789     
       124   17.563731      17.551826      17.532405     -2114.6034     -0.007869228    0.0001022043   5404.8118    
Loop time of 0.0143098 on 4 procs for 1 steps with 500 atoms

65.2% CPU use with 4 MPI tasks x 1 OpenMP threads

Minimization stats:
  Stopping criterion = energy tolerance
  Energy initial, next-to-last, final = 
     -2114.60337125428  -2114.60337125428  -2114.60337131138
  Force two-norm initial, final = 0.081072331 0.0011071437
  Force max component initial, final = 0.081064781 0.0001022043
  Final line search alpha, max atom move = 0.0012335813 1.2607732e-07
  Iterations, force evaluations = 1 2

MPI task timing breakdown:
Section |  min time  |  avg time  |  max time  |%varavg| %total
---------------------------------------------------------------
Pair    | 0.0050304  | 0.0060345  | 0.0070592  |   1.2 | 42.17
Neigh   | 0          | 0          | 0          |   0.0 |  0.00
Comm    | 0.0012898  | 0.0033064  | 0.0044799  |   2.2 | 23.11
Output  | 0          | 0          | 0          |   0.0 |  0.00
Modify  | 0          | 0          | 0          |   0.0 |  0.00
Other   |            | 0.004969   |            |       | 34.72

Nlocal:            125 ave         142 max         111 min
Histogram: 1 0 0 1 1 0 0 0 0 1
Nghost:           1737 ave        1751 max        1720 min
Histogram: 1 0 0 0 0 1 1 0 0 1
Neighs:          11000 ave       12567 max        9766 min
Histogram: 1 0 0 1 1 0 0 0 0 1

Total # of neighbors = 44000
Ave neighs/atom = 88
Neighbor list builds = 0
Dangerous builds = 0
unfix 2

variable lat_const equal "lx/5"
variable eatom equal "pe/count(all)"
variable teng equal "pe"
variable natoms equal "count(all)"

print "Lattice parameter (lx/5) = ${lat_const} A"
Lattice parameter (lx/5) = 3.51274614652422 A
print "Total Potential Energy (PE) = ${teng} eV"
Total Potential Energy (PE) = -2114.60337131138 eV
print "Number of atoms = ${natoms}"
Number of atoms = 500
print "Cohesive energy (PE/N) = ${eatom} eV"
Cohesive energy (PE/N) = -4.22920674262275 eV
print "Minimization completed."
Minimization completed.

write_data A0_6_minimized.data
System init for write_data ...
Total wall time: 0:00:00
