read_data B3_11.data
Reading data file ...
  triclinic box = (0 0 0) to (17.6 17.6 17.6) with tilt (1.0776892e-15 1.0776892e-15 1.0776892e-15)
  1 by 2 by 2 MPI processor grid
  reading atoms ...
  500 atoms
  read_data CPU = 0.012 seconds

mass 1 58.6934  # Ni
mass 2 55.845   # Fe
mass 3 51.9961  # Cr

pair_style eam/alloy
pair_coeff * * FeNiCr_bonny.eam.alloy Ni Fe Cr

neighbor 2.0 bin
neigh_modify delay 0 check yes
timestep 0.001

thermo 10
thermo_style custom step lx ly lz pe press fmax vol

# --- ЭТАПЫ МИНИМИЗАЦИИ ---
min_style cg
minimize 1.0e-8 1.0e-9 1000 5000

CITE-CITE-CITE-CITE-CITE-CITE-CITE-CITE-CITE-CITE-CITE-CITE-CITE

Your simulation uses code contributions which should be cited:

- Type Label Framework: https://doi.org/10.1021/acs.jpcb.3c08419

@Article{Gissinger24,
 author = {Jacob R. Gissinger, Ilia Nikiforov, Yaser Afshar, Brendon Waters, Moon-ki Choi, Daniel S. Karls, Alexander Stukowski, Wonpil Im, Hendrik Heinz, Axel Kohlmeyer, and Ellad B. Tadmor},
 title = {Type Label Framework for Bonded Force Fields in LAMMPS},
 journal = {J. Phys. Chem. B},
 year =    2024,
 volume =  128,
 number =  13,
 pages =   {3282–-3297}
}

CITE-CITE-CITE-CITE-CITE-CITE-CITE-CITE-CITE-CITE-CITE-CITE-CITE

Neighbor list info ...
  update: every = 1 steps, delay = 0 steps, check = yes
  max neighbors/atom: 2000, page size: 100000
  master list distance cutoff = 7.6
  ghost atom cutoff = 7.6
  binsize = 3.8, bins = 5 5 5
  1 neighbor lists, perpetual/occasional/extra = 1 0 0
  (1) pair eam/alloy, perpetual
      attributes: half, newton on
      pair build: half/bin/atomonly/newton/tri
      stencil: half/bin/3d/tri
      bin: standard
Per MPI rank memory allocation (min/avg/max) = 4.524 | 4.524 | 4.524 Mbytes
   Step           Lx             Ly             Lz           PotEng         Press           Fmax          Volume    
         0   17.6           17.6           17.6          -2107.9446     -424.33542      0.78672489     5451.776     
        10   17.6           17.6           17.6          -2110.7223     -1335.6623      0.0094916553   5451.776     
        16   17.6           17.6           17.6          -2110.7237     -1332.3445      0.0011220966   5451.776     
Loop time of 0.0597285 on 4 procs for 16 steps with 500 atoms

64.5% CPU use with 4 MPI tasks x 1 OpenMP threads

Minimization stats:
  Stopping criterion = energy tolerance
  Energy initial, next-to-last, final = 
     -2107.94462250723  -2110.72369101037   -2110.7237065347
  Force two-norm initial, final = 8.7804873 0.012459722
  Force max component initial, final = 0.78672489 0.0011220966
  Final line search alpha, max atom move = 1 0.0011220966
  Iterations, force evaluations = 16 32

MPI task timing breakdown:
Section |  min time  |  avg time  |  max time  |%varavg| %total
---------------------------------------------------------------
Pair    | 0.043932   | 0.044042   | 0.044228   |   0.1 | 73.74
Neigh   | 0          | 0          | 0          |   0.0 |  0.00
Comm    | 0.0042231  | 0.010384   | 0.012627   |   3.5 | 17.38
Output  | 2.1218e-05 | 3.2304e-05 | 6.5155e-05 |   0.0 |  0.05
Modify  | 0          | 0          | 0          |   0.0 |  0.00
Other   |            | 0.005271   |            |       |  8.82

Nlocal:            125 ave         145 max         105 min
Histogram: 1 0 0 0 0 2 0 0 0 1
Nghost:           1737 ave        1757 max        1717 min
Histogram: 1 0 0 0 0 2 0 0 0 1
Neighs:          11000 ave       12675 max        9253 min
Histogram: 1 0 0 0 0 2 0 0 0 1

Total # of neighbors = 44000
Ave neighs/atom = 88
Neighbor list builds = 0
Dangerous builds = 0

# Релаксация ячейки aniso
fix 1 all box/relax aniso 0.0 vmax 0.0001
min_style cg
minimize 1.0e-10 1.0e-11 1000 5000
WARNING: Energy due to 3 extra global DOFs will be included in minimizer energies
 (src/min.cpp:219)
Per MPI rank memory allocation (min/avg/max) = 4.524 | 4.524 | 4.524 Mbytes
   Step           Lx             Ly             Lz           PotEng         Press           Fmax          Volume    
        16   17.6           17.6           17.6          -2110.7237     -1332.3445      0.0011220966   5451.776     
        20   17.594307      17.603059      17.59296      -2110.7281     -274.48697      0.0037879907   5448.7796    
        30   17.586337      17.620648      17.580903     -2110.7329      1.1561701      0.0097799302   5448.0169    
        40   17.583248      17.628393      17.576561     -2110.7337     -49.479721      0.0061730791   5448.1084    
        47   17.582875      17.629464      17.57526      -2110.7339     -4.7656871      0.0027198981   5447.9205    
Loop time of 0.0466928 on 4 procs for 31 steps with 500 atoms

75.7% CPU use with 4 MPI tasks x 1 OpenMP threads

Minimization stats:
  Stopping criterion = energy tolerance
  Energy initial, next-to-last, final = 
      -2110.7237065347  -2110.73392177844  -2110.73392187343
  Force two-norm initial, final = 10.701359 0.041743406
  Force max component initial, final = 8.1076904 0.022167414
  Final line search alpha, max atom move = 0.0040906836 9.0679879e-05
  Iterations, force evaluations = 31 42

MPI task timing breakdown:
Section |  min time  |  avg time  |  max time  |%varavg| %total
---------------------------------------------------------------
Pair    | 0.031915   | 0.03201    | 0.032143   |   0.0 | 68.56
Neigh   | 0          | 0          | 0          |   0.0 |  0.00
Comm    | 0.0043101  | 0.0045524  | 0.0048047  |   0.3 |  9.75
Output  | 6.1488e-05 | 9.6632e-05 | 0.00020107 |   0.0 |  0.21
Modify  | 0          | 0          | 0          |   0.0 |  0.00
Other   |            | 0.01003    |            |       | 21.49

Nlocal:            125 ave         152 max         108 min
Histogram: 1 0 2 0 0 0 0 0 0 1
Nghost:           1737 ave        1754 max        1710 min
Histogram: 1 0 0 0 0 0 0 2 0 1
Neighs:          11000 ave       13331 max        9522 min
Histogram: 1 0 1 1 0 0 0 0 0 1

Total # of neighbors = 44000
Ave neighs/atom = 88
Neighbor list builds = 0
Dangerous builds = 0
unfix 1

# Промежуточная минимизация атомов
min_style cg
minimize 1.0e-10 1.0e-11 1000 5000
Per MPI rank memory allocation (min/avg/max) = 4.524 | 4.524 | 4.524 Mbytes
   Step           Lx             Ly             Lz           PotEng         Press           Fmax          Volume    
        47   17.582875      17.629464      17.57526      -2110.7339     -4.7656871      0.0027198981   5447.9205    
        50   17.582875      17.629464      17.57526      -2110.734      -4.5761324      0.00095226195  5447.9205    
        58   17.582875      17.629464      17.57526      -2110.734      -5.2040339      8.9077641e-05  5447.9205    
Loop time of 0.0283482 on 4 procs for 11 steps with 500 atoms

87.0% CPU use with 4 MPI tasks x 1 OpenMP threads

Minimization stats:
  Stopping criterion = energy tolerance
  Energy initial, next-to-last, final = 
     -2110.73392187343   -2110.7340167088   -2110.7340168565
  Force two-norm initial, final = 0.028331822 0.0011401423
  Force max component initial, final = 0.0027198981 8.9077641e-05
  Final line search alpha, max atom move = 1 8.9077641e-05
  Iterations, force evaluations = 11 22

MPI task timing breakdown:
Section |  min time  |  avg time  |  max time  |%varavg| %total
---------------------------------------------------------------
Pair    | 0.021804   | 0.021942   | 0.022299   |   0.1 | 77.40
Neigh   | 0          | 0          | 0          |   0.0 |  0.00
Comm    | 0.0027274  | 0.0039498  | 0.0054654  |   2.0 | 13.93
Output  | 2.1028e-05 | 3.3079e-05 | 6.7953e-05 |   0.0 |  0.12
Modify  | 0          | 0          | 0          |   0.0 |  0.00
Other   |            | 0.002423   |            |       |  8.55

Nlocal:            125 ave         150 max         108 min
Histogram: 1 0 1 1 0 0 0 0 0 1
Nghost:           1737 ave        1754 max        1712 min
Histogram: 1 0 0 0 0 0 1 1 0 1
Neighs:          11000 ave       13165 max        9522 min
Histogram: 1 0 1 1 0 0 0 0 0 1

Total # of neighbors = 44000
Ave neighs/atom = 88
Neighbor list builds = 0
Dangerous builds = 0

# Релаксация ячейки iso
fix 2 all box/relax iso 0.0 vmax 0.0001
min_style cg
minimize 1.0e-10 1.0e-11 1000 5000
WARNING: Energy due to 1 extra global DOFs will be included in minimizer energies
 (src/min.cpp:219)
Per MPI rank memory allocation (min/avg/max) = 4.524 | 4.524 | 4.524 Mbytes
   Step           Lx             Ly             Lz           PotEng         Press           Fmax          Volume    
        58   17.582875      17.629464      17.57526      -2110.734      -5.2040339      8.9077641e-05  5447.9205    
        59   17.58286       17.629448      17.575244     -2110.734      -0.0021336938   9.1811841e-05  5447.9058    
Loop time of 0.00314451 on 4 procs for 1 steps with 500 atoms

74.2% CPU use with 4 MPI tasks x 1 OpenMP threads

Minimization stats:
  Stopping criterion = energy tolerance
  Energy initial, next-to-last, final = 
      -2110.7340168565   -2110.7340168565   -2110.7340168804
  Force two-norm initial, final = 0.053098459 0.0011453082
  Force max component initial, final = 0.053086217 9.1811841e-05
  Final line search alpha, max atom move = 0.0018837281 1.7294855e-07
  Iterations, force evaluations = 1 2

MPI task timing breakdown:
Section |  min time  |  avg time  |  max time  |%varavg| %total
---------------------------------------------------------------
Pair    | 0.0024502  | 0.0025037  | 0.0026249  |   0.1 | 79.62
Neigh   | 0          | 0          | 0          |   0.0 |  0.00
Comm    | 0.00029685 | 0.00042194 | 0.00047799 |   0.0 | 13.42
Output  | 0          | 0          | 0          |   0.0 |  0.00
Modify  | 0          | 0          | 0          |   0.0 |  0.00
Other   |            | 0.0002189  |            |       |  6.96

Nlocal:            125 ave         151 max         107 min
Histogram: 1 0 1 1 0 0 0 0 0 1
Nghost:           1737 ave        1755 max        1711 min
Histogram: 1 0 0 0 0 0 1 1 0 1
Neighs:          11000 ave       13249 max        9430 min
Histogram: 1 0 1 1 0 0 0 0 0 1

Total # of neighbors = 44000
Ave neighs/atom = 88
Neighbor list builds = 0
Dangerous builds = 0
unfix 2

variable lat_const equal "lx/5"
variable eatom equal "pe/count(all)"
variable teng equal "pe"
variable natoms equal "count(all)"

print "Lattice parameter (lx/5) = ${lat_const} A"
Lattice parameter (lx/5) = 3.51657191497723 A
print "Total Potential Energy (PE) = ${teng} eV"
Total Potential Energy (PE) = -2110.7340168804 eV
print "Number of atoms = ${natoms}"
Number of atoms = 500
print "Cohesive energy (PE/N) = ${eatom} eV"
Cohesive energy (PE/N) = -4.22146803376079 eV
print "Minimization completed."
Minimization completed.

write_data B3_11_minimized.data
System init for write_data ...
Total wall time: 0:00:00
