read_data B3_1.data
Reading data file ...
  triclinic box = (0 0 0) to (17.6 17.6 17.6) with tilt (1.0776892e-15 1.0776892e-15 1.0776892e-15)
  1 by 2 by 2 MPI processor grid
  reading atoms ...
  500 atoms
  read_data CPU = 0.009 seconds

mass 1 58.6934  # Ni
mass 2 55.845   # Fe
mass 3 51.9961  # Cr

pair_style eam/alloy
pair_coeff * * FeNiCr_bonny.eam.alloy Ni Fe Cr

neighbor 2.0 bin
neigh_modify delay 0 check yes
timestep 0.001

thermo 10
thermo_style custom step lx ly lz pe press fmax vol

# --- ЭТАПЫ МИНИМИЗАЦИИ ---
min_style cg
minimize 1.0e-8 1.0e-9 1000 5000

CITE-CITE-CITE-CITE-CITE-CITE-CITE-CITE-CITE-CITE-CITE-CITE-CITE

Your simulation uses code contributions which should be cited:

- Type Label Framework: https://doi.org/10.1021/acs.jpcb.3c08419

@Article{Gissinger24,
 author = {Jacob R. Gissinger, Ilia Nikiforov, Yaser Afshar, Brendon Waters, Moon-ki Choi, Daniel S. Karls, Alexander Stukowski, Wonpil Im, Hendrik Heinz, Axel Kohlmeyer, and Ellad B. Tadmor},
 title = {Type Label Framework for Bonded Force Fields in LAMMPS},
 journal = {J. Phys. Chem. B},
 year =    2024,
 volume =  128,
 number =  13,
 pages =   {3282–-3297}
}

CITE-CITE-CITE-CITE-CITE-CITE-CITE-CITE-CITE-CITE-CITE-CITE-CITE

Neighbor list info ...
  update: every = 1 steps, delay = 0 steps, check = yes
  max neighbors/atom: 2000, page size: 100000
  master list distance cutoff = 7.6
  ghost atom cutoff = 7.6
  binsize = 3.8, bins = 5 5 5
  1 neighbor lists, perpetual/occasional/extra = 1 0 0
  (1) pair eam/alloy, perpetual
      attributes: half, newton on
      pair build: half/bin/atomonly/newton/tri
      stencil: half/bin/3d/tri
      bin: standard
Per MPI rank memory allocation (min/avg/max) = 4.524 | 4.524 | 4.524 Mbytes
   Step           Lx             Ly             Lz           PotEng         Press           Fmax          Volume    
         0   17.6           17.6           17.6          -2107.8922     -1373.6772      0.76327323     5451.776     
        10   17.6           17.6           17.6          -2110.651      -1906.9937      0.0076306145   5451.776     
        16   17.6           17.6           17.6          -2110.6519     -1907.8379      0.0012186335   5451.776     
Loop time of 0.0332393 on 4 procs for 16 steps with 500 atoms

68.1% CPU use with 4 MPI tasks x 1 OpenMP threads

Minimization stats:
  Stopping criterion = energy tolerance
  Energy initial, next-to-last, final = 
     -2107.89219051507  -2110.65187105323  -2110.65188658503
  Force two-norm initial, final = 8.7598841 0.011968805
  Force max component initial, final = 0.76327323 0.0012186335
  Final line search alpha, max atom move = 1 0.0012186335
  Iterations, force evaluations = 16 32

MPI task timing breakdown:
Section |  min time  |  avg time  |  max time  |%varavg| %total
---------------------------------------------------------------
Pair    | 0.023544   | 0.023956   | 0.024775   |   0.3 | 72.07
Neigh   | 0          | 0          | 0          |   0.0 |  0.00
Comm    | 0.0022593  | 0.0033011  | 0.0039322  |   1.1 |  9.93
Output  | 0.0032379  | 0.0035619  | 0.004454   |   0.9 | 10.72
Modify  | 0          | 0          | 0          |   0.0 |  0.00
Other   |            | 0.002421   |            |       |  7.28

Nlocal:            125 ave         145 max         105 min
Histogram: 1 0 0 0 0 2 0 0 0 1
Nghost:           1737 ave        1757 max        1717 min
Histogram: 1 0 0 0 0 2 0 0 0 1
Neighs:          11000 ave       12746 max        9238 min
Histogram: 1 0 0 0 0 2 0 0 0 1

Total # of neighbors = 44000
Ave neighs/atom = 88
Neighbor list builds = 0
Dangerous builds = 0

# Релаксация ячейки aniso
fix 1 all box/relax aniso 0.0 vmax 0.0001
min_style cg
minimize 1.0e-10 1.0e-11 1000 5000
WARNING: Energy due to 3 extra global DOFs will be included in minimizer energies
 (src/min.cpp:219)
Per MPI rank memory allocation (min/avg/max) = 4.524 | 4.524 | 4.524 Mbytes
   Step           Lx             Ly             Lz           PotEng         Press           Fmax          Volume    
        16   17.6           17.6           17.6          -2110.6519     -1907.8379      0.0012186335   5451.776     
        20   17.597648      17.596644      17.59296      -2110.6556     -517.1667       0.0038245995   5447.8282    
        30   17.60522       17.599359      17.577804     -2110.6573      22.677082      0.0081538073   5446.3171    
        40   17.605967      17.599598      17.576345     -2110.6576      22.573994      0.0010701584   5446.1701    
        43   17.605978      17.599729      17.576414     -2110.6576     -1.8665597      0.00097531115  5446.2355    
Loop time of 0.070033 on 4 procs for 27 steps with 500 atoms

71.2% CPU use with 4 MPI tasks x 1 OpenMP threads

Minimization stats:
  Stopping criterion = energy tolerance
  Energy initial, next-to-last, final = 
     -2110.65188658503  -2110.65757061423  -2110.65757062608
  Force two-norm initial, final = 11.861496 0.015348386
  Force max component initial, final = 9.5097744 0.0067484582
  Final line search alpha, max atom move = 0.01285688 8.6764115e-05
  Iterations, force evaluations = 27 42

MPI task timing breakdown:
Section |  min time  |  avg time  |  max time  |%varavg| %total
---------------------------------------------------------------
Pair    | 0.057394   | 0.058016   | 0.059419   |   0.3 | 82.84
Neigh   | 0          | 0          | 0          |   0.0 |  0.00
Comm    | 0.0048072  | 0.0062243  | 0.0069193  |   1.1 |  8.89
Output  | 7.0047e-05 | 0.00010588 | 0.00021169 |   0.0 |  0.15
Modify  | 0          | 0          | 0          |   0.0 |  0.00
Other   |            | 0.005686   |            |       |  8.12

Nlocal:            125 ave         131 max         116 min
Histogram: 1 0 0 0 1 0 0 0 0 2
Nghost:           1737 ave        1746 max        1731 min
Histogram: 2 0 0 0 0 0 1 0 0 1
Neighs:          11000 ave       11566 max       10169 min
Histogram: 1 0 0 1 0 0 0 0 0 2

Total # of neighbors = 44000
Ave neighs/atom = 88
Neighbor list builds = 0
Dangerous builds = 0
unfix 1

# Промежуточная минимизация атомов
min_style cg
minimize 1.0e-10 1.0e-11 1000 5000
Per MPI rank memory allocation (min/avg/max) = 4.524 | 4.524 | 4.524 Mbytes
   Step           Lx             Ly             Lz           PotEng         Press           Fmax          Volume    
        43   17.605978      17.599729      17.576414     -2110.6576     -1.8665597      0.00097531115  5446.2355    
        50   17.605978      17.599729      17.576414     -2110.6576     -4.0288941      0.00015613808  5446.2355    
Loop time of 0.0139327 on 4 procs for 7 steps with 500 atoms

88.1% CPU use with 4 MPI tasks x 1 OpenMP threads

Minimization stats:
  Stopping criterion = energy tolerance
  Energy initial, next-to-last, final = 
     -2110.65757062608  -2110.65758348889  -2110.65758365802
  Force two-norm initial, final = 0.010671625 0.0016186506
  Force max component initial, final = 0.00097531115 0.00015613808
  Final line search alpha, max atom move = 1 0.00015613808
  Iterations, force evaluations = 7 14

MPI task timing breakdown:
Section |  min time  |  avg time  |  max time  |%varavg| %total
---------------------------------------------------------------
Pair    | 0.012611   | 0.012625   | 0.012642   |   0.0 | 90.62
Neigh   | 0          | 0          | 0          |   0.0 |  0.00
Comm    | 0.00093325 | 0.00094438 | 0.00095079 |   0.0 |  6.78
Output  | 0          | 0          | 0          |   0.0 |  0.00
Modify  | 0          | 0          | 0          |   0.0 |  0.00
Other   |            | 0.0003629  |            |       |  2.60

Nlocal:            125 ave         132 max         117 min
Histogram: 1 0 0 1 0 0 0 0 1 1
Nghost:           1737 ave        1745 max        1730 min
Histogram: 1 0 1 0 0 0 1 0 0 1
Neighs:          11000 ave       11628 max       10244 min
Histogram: 1 0 0 1 0 0 0 0 1 1

Total # of neighbors = 44000
Ave neighs/atom = 88
Neighbor list builds = 0
Dangerous builds = 0

# Релаксация ячейки iso
fix 2 all box/relax iso 0.0 vmax 0.0001
min_style cg
minimize 1.0e-10 1.0e-11 1000 5000
WARNING: Energy due to 1 extra global DOFs will be included in minimizer energies
 (src/min.cpp:219)
Per MPI rank memory allocation (min/avg/max) = 4.524 | 4.524 | 4.524 Mbytes
   Step           Lx             Ly             Lz           PotEng         Press           Fmax          Volume    
        50   17.605978      17.599729      17.576414     -2110.6576     -4.0288941      0.00015613808  5446.2355    
        51   17.605966      17.599717      17.576402     -2110.6576      0.0029291372   0.00015712788  5446.2241    
Loop time of 0.00299215 on 4 procs for 1 steps with 500 atoms

88.4% CPU use with 4 MPI tasks x 1 OpenMP threads

Minimization stats:
  Stopping criterion = energy tolerance
  Energy initial, next-to-last, final = 
     -2110.65758365802  -2110.65758365802  -2110.65758367237
  Force two-norm initial, final = 0.041117807 0.0016189475
  Force max component initial, final = 0.041085935 0.00015712788
  Final line search alpha, max atom move = 0.002433923 3.8243716e-07
  Iterations, force evaluations = 1 2

MPI task timing breakdown:
Section |  min time  |  avg time  |  max time  |%varavg| %total
---------------------------------------------------------------
Pair    | 0.0023627  | 0.0023698  | 0.00238    |   0.0 | 79.20
Neigh   | 0          | 0          | 0          |   0.0 |  0.00
Comm    | 0.0001824  | 0.00019253 | 0.00019921 |   0.0 |  6.43
Output  | 0          | 0          | 0          |   0.0 |  0.00
Modify  | 0          | 0          | 0          |   0.0 |  0.00
Other   |            | 0.0004298  |            |       | 14.36

Nlocal:            125 ave         132 max         116 min
Histogram: 1 0 0 1 0 0 0 0 1 1
Nghost:           1737 ave        1746 max        1730 min
Histogram: 1 1 0 0 0 0 1 0 0 1
Neighs:          11000 ave       11628 max       10152 min
Histogram: 1 0 0 1 0 0 0 0 0 2

Total # of neighbors = 44000
Ave neighs/atom = 88
Neighbor list builds = 0
Dangerous builds = 0
unfix 2

variable lat_const equal "lx/5"
variable eatom equal "pe/count(all)"
variable teng equal "pe"
variable natoms equal "count(all)"

print "Lattice parameter (lx/5) = ${lat_const} A"
Lattice parameter (lx/5) = 3.52119312142859 A
print "Total Potential Energy (PE) = ${teng} eV"
Total Potential Energy (PE) = -2110.65758367237 eV
print "Number of atoms = ${natoms}"
Number of atoms = 500
print "Cohesive energy (PE/N) = ${eatom} eV"
Cohesive energy (PE/N) = -4.22131516734475 eV
print "Minimization completed."
Minimization completed.

write_data B3_1_minimized.data
System init for write_data ...
Total wall time: 0:00:00
