read_data B3_4.data
Reading data file ...
  triclinic box = (0 0 0) to (17.6 17.6 17.6) with tilt (1.0776892e-15 1.0776892e-15 1.0776892e-15)
  1 by 2 by 2 MPI processor grid
  reading atoms ...
  500 atoms
  read_data CPU = 0.009 seconds

mass 1 58.6934  # Ni
mass 2 55.845   # Fe
mass 3 51.9961  # Cr

pair_style eam/alloy
pair_coeff * * FeNiCr_bonny.eam.alloy Ni Fe Cr

neighbor 2.0 bin
neigh_modify delay 0 check yes
timestep 0.001

thermo 10
thermo_style custom step lx ly lz pe press fmax vol

# --- ЭТАПЫ МИНИМИЗАЦИИ ---
min_style cg
minimize 1.0e-8 1.0e-9 1000 5000

CITE-CITE-CITE-CITE-CITE-CITE-CITE-CITE-CITE-CITE-CITE-CITE-CITE

Your simulation uses code contributions which should be cited:

- Type Label Framework: https://doi.org/10.1021/acs.jpcb.3c08419

@Article{Gissinger24,
 author = {Jacob R. Gissinger, Ilia Nikiforov, Yaser Afshar, Brendon Waters, Moon-ki Choi, Daniel S. Karls, Alexander Stukowski, Wonpil Im, Hendrik Heinz, Axel Kohlmeyer, and Ellad B. Tadmor},
 title = {Type Label Framework for Bonded Force Fields in LAMMPS},
 journal = {J. Phys. Chem. B},
 year =    2024,
 volume =  128,
 number =  13,
 pages =   {3282–-3297}
}

CITE-CITE-CITE-CITE-CITE-CITE-CITE-CITE-CITE-CITE-CITE-CITE-CITE

Neighbor list info ...
  update: every = 1 steps, delay = 0 steps, check = yes
  max neighbors/atom: 2000, page size: 100000
  master list distance cutoff = 7.6
  ghost atom cutoff = 7.6
  binsize = 3.8, bins = 5 5 5
  1 neighbor lists, perpetual/occasional/extra = 1 0 0
  (1) pair eam/alloy, perpetual
      attributes: half, newton on
      pair build: half/bin/atomonly/newton/tri
      stencil: half/bin/3d/tri
      bin: standard
Per MPI rank memory allocation (min/avg/max) = 4.524 | 4.524 | 4.524 Mbytes
   Step           Lx             Ly             Lz           PotEng         Press           Fmax          Volume    
         0   17.6           17.6           17.6          -2108.2518     -1999.7426      0.73917634     5451.776     
        10   17.6           17.6           17.6          -2110.9418     -2627.6157      0.0081797717   5451.776     
        16   17.6           17.6           17.6          -2110.9429     -2626.2981      0.0010621319   5451.776     
Loop time of 0.028344 on 4 procs for 16 steps with 500 atoms

70.9% CPU use with 4 MPI tasks x 1 OpenMP threads

Minimization stats:
  Stopping criterion = energy tolerance
  Energy initial, next-to-last, final = 
     -2108.25175598983  -2110.94284201013   -2110.9428559264
  Force two-norm initial, final = 8.7831364 0.011801676
  Force max component initial, final = 0.73917634 0.0010621319
  Final line search alpha, max atom move = 1 0.0010621319
  Iterations, force evaluations = 16 32

MPI task timing breakdown:
Section |  min time  |  avg time  |  max time  |%varavg| %total
---------------------------------------------------------------
Pair    | 0.025502   | 0.025556   | 0.025652   |   0.0 | 90.17
Neigh   | 0          | 0          | 0          |   0.0 |  0.00
Comm    | 0.0016058  | 0.0018481  | 0.0020933  |   0.4 |  6.52
Output  | 2.3939e-05 | 3.5739e-05 | 7.1012e-05 |   0.0 |  0.13
Modify  | 0          | 0          | 0          |   0.0 |  0.00
Other   |            | 0.0009037  |            |       |  3.19

Nlocal:            125 ave         145 max         105 min
Histogram: 1 0 0 0 0 2 0 0 0 1
Nghost:           1737 ave        1757 max        1717 min
Histogram: 1 0 0 0 0 2 0 0 0 1
Neighs:          11000 ave       12769 max        9208 min
Histogram: 1 0 0 0 0 2 0 0 0 1

Total # of neighbors = 44000
Ave neighs/atom = 88
Neighbor list builds = 0
Dangerous builds = 0

# Релаксация ячейки aniso
fix 1 all box/relax aniso 0.0 vmax 0.0001
min_style cg
minimize 1.0e-10 1.0e-11 1000 5000
WARNING: Energy due to 3 extra global DOFs will be included in minimizer energies
 (src/min.cpp:219)
Per MPI rank memory allocation (min/avg/max) = 4.524 | 4.524 | 4.524 Mbytes
   Step           Lx             Ly             Lz           PotEng         Press           Fmax          Volume    
        16   17.6           17.6           17.6          -2110.9429     -2626.2981      0.0010621319   5451.776     
        20   17.59296       17.59454       17.595479     -2110.9486     -766.57987      0.0038683333   5446.5052    
        30   17.583074      17.593271      17.598988     -2110.9498      16.423181      0.0025655614   5444.1377    
        40   17.582953      17.59272       17.599652     -2110.9498     -4.5891089      0.0024522603   5444.1352    
        50   17.583038      17.593102      17.599094     -2110.9498     -4.295491       0.0020072324   5444.1066    
        52   17.582625      17.593076      17.599455     -2110.9498      3.7840869      0.0019266723   5444.0827    
Loop time of 0.0700679 on 4 procs for 36 steps with 500 atoms

79.3% CPU use with 4 MPI tasks x 1 OpenMP threads

Minimization stats:
  Stopping criterion = energy tolerance
  Energy initial, next-to-last, final = 
      -2110.9428559264  -2110.94982222167  -2110.94982240898
  Force two-norm initial, final = 15.611975 0.044997708
  Force max component initial, final = 10.484306 0.038289661
  Final line search alpha, max atom move = 0.0021819271 8.3545249e-05
  Iterations, force evaluations = 36 62

MPI task timing breakdown:
Section |  min time  |  avg time  |  max time  |%varavg| %total
---------------------------------------------------------------
Pair    | 0.05919    | 0.059287   | 0.059339   |   0.0 | 84.61
Neigh   | 0          | 0          | 0          |   0.0 |  0.00
Comm    | 0.0046073  | 0.0048045  | 0.0049677  |   0.2 |  6.86
Output  | 8.9139e-05 | 0.00014428 | 0.00030841 |   0.0 |  0.21
Modify  | 0          | 0          | 0          |   0.0 |  0.00
Other   |            | 0.005832   |            |       |  8.32

Nlocal:            125 ave         139 max         115 min
Histogram: 1 0 1 0 1 0 0 0 0 1
Nghost:           1737 ave        1747 max        1723 min
Histogram: 1 0 0 0 0 1 0 1 0 1
Neighs:          11000 ave       12255 max       10173 min
Histogram: 1 0 1 1 0 0 0 0 0 1

Total # of neighbors = 44000
Ave neighs/atom = 88
Neighbor list builds = 0
Dangerous builds = 0
unfix 1

# Промежуточная минимизация атомов
min_style cg
minimize 1.0e-10 1.0e-11 1000 5000
Per MPI rank memory allocation (min/avg/max) = 4.524 | 4.524 | 4.524 Mbytes
   Step           Lx             Ly             Lz           PotEng         Press           Fmax          Volume    
        52   17.582625      17.593076      17.599455     -2110.9498      3.7840869      0.0019266723   5444.0827    
        60   17.582625      17.593076      17.599455     -2110.9499      10.430868      0.00012205364  5444.0827    
Loop time of 0.0335418 on 4 procs for 8 steps with 500 atoms

72.3% CPU use with 4 MPI tasks x 1 OpenMP threads

Minimization stats:
  Stopping criterion = energy tolerance
  Energy initial, next-to-last, final = 
     -2110.94982240898  -2110.94985234177  -2110.94985249903
  Force two-norm initial, final = 0.019405482 0.0012792592
  Force max component initial, final = 0.0019266723 0.00012205364
  Final line search alpha, max atom move = 1 0.00012205364
  Iterations, force evaluations = 8 16

MPI task timing breakdown:
Section |  min time  |  avg time  |  max time  |%varavg| %total
---------------------------------------------------------------
Pair    | 0.031418   | 0.031449   | 0.031532   |   0.0 | 93.76
Neigh   | 0          | 0          | 0          |   0.0 |  0.00
Comm    | 0.0015748  | 0.0016899  | 0.0017506  |   0.2 |  5.04
Output  | 0          | 0          | 0          |   0.0 |  0.00
Modify  | 0          | 0          | 0          |   0.0 |  0.00
Other   |            | 0.0004026  |            |       |  1.20

Nlocal:            125 ave         139 max         115 min
Histogram: 1 0 1 0 1 0 0 0 0 1
Nghost:           1737 ave        1747 max        1723 min
Histogram: 1 0 0 0 0 1 0 1 0 1
Neighs:          11000 ave       12255 max       10173 min
Histogram: 1 0 1 1 0 0 0 0 0 1

Total # of neighbors = 44000
Ave neighs/atom = 88
Neighbor list builds = 0
Dangerous builds = 0

# Релаксация ячейки iso
fix 2 all box/relax iso 0.0 vmax 0.0001
min_style cg
minimize 1.0e-10 1.0e-11 1000 5000
WARNING: Energy due to 1 extra global DOFs will be included in minimizer energies
 (src/min.cpp:219)
Per MPI rank memory allocation (min/avg/max) = 4.524 | 4.524 | 4.524 Mbytes
   Step           Lx             Ly             Lz           PotEng         Press           Fmax          Volume    
        60   17.582625      17.593076      17.599455     -2110.9499      10.430868      0.00012205364  5444.0827    
        61   17.582657      17.593108      17.599487     -2110.9499     -0.010503658    0.00012544634  5444.1121    
Loop time of 0.00403315 on 4 procs for 1 steps with 500 atoms

85.1% CPU use with 4 MPI tasks x 1 OpenMP threads

Minimization stats:
  Stopping criterion = energy tolerance
  Energy initial, next-to-last, final = 
     -2110.94985249903  -2110.94985249903  -2110.94985259459
  Force two-norm initial, final = 0.10633776 0.001313112
  Force max component initial, final = 0.10633006 0.00012544634
  Final line search alpha, max atom move = 0.00094046778 1.1797824e-07
  Iterations, force evaluations = 1 2

MPI task timing breakdown:
Section |  min time  |  avg time  |  max time  |%varavg| %total
---------------------------------------------------------------
Pair    | 0.003251   | 0.003257   | 0.0032618  |   0.0 | 80.76
Neigh   | 0          | 0          | 0          |   0.0 |  0.00
Comm    | 0.0002032  | 0.00024709 | 0.00026953 |   0.0 |  6.13
Output  | 0          | 0          | 0          |   0.0 |  0.00
Modify  | 0          | 0          | 0          |   0.0 |  0.00
Other   |            | 0.0005291  |            |       | 13.12

Nlocal:            125 ave         139 max         115 min
Histogram: 1 0 1 0 1 0 0 0 0 1
Nghost:           1737 ave        1747 max        1723 min
Histogram: 1 0 0 0 0 1 0 1 0 1
Neighs:          11000 ave       12255 max       10173 min
Histogram: 1 0 1 1 0 0 0 0 0 1

Total # of neighbors = 44000
Ave neighs/atom = 88
Neighbor list builds = 0
Dangerous builds = 0
unfix 2

variable lat_const equal "lx/5"
variable eatom equal "pe/count(all)"
variable teng equal "pe"
variable natoms equal "count(all)"

print "Lattice parameter (lx/5) = ${lat_const} A"
Lattice parameter (lx/5) = 3.51653130953898 A
print "Total Potential Energy (PE) = ${teng} eV"
Total Potential Energy (PE) = -2110.94985259459 eV
print "Number of atoms = ${natoms}"
Number of atoms = 500
print "Cohesive energy (PE/N) = ${eatom} eV"
Cohesive energy (PE/N) = -4.22189970518918 eV
print "Minimization completed."
Minimization completed.

write_data B3_4_minimized.data
System init for write_data ...
Total wall time: 0:00:00
