read_data B3_5.data
Reading data file ...
  triclinic box = (0 0 0) to (17.6 17.6 17.6) with tilt (1.0776892e-15 1.0776892e-15 1.0776892e-15)
  1 by 2 by 2 MPI processor grid
  reading atoms ...
  500 atoms
  read_data CPU = 0.010 seconds

mass 1 58.6934  # Ni
mass 2 55.845   # Fe
mass 3 51.9961  # Cr

pair_style eam/alloy
pair_coeff * * FeNiCr_bonny.eam.alloy Ni Fe Cr

neighbor 2.0 bin
neigh_modify delay 0 check yes
timestep 0.001

thermo 10
thermo_style custom step lx ly lz pe press fmax vol

# --- ЭТАПЫ МИНИМИЗАЦИИ ---
min_style cg
minimize 1.0e-8 1.0e-9 1000 5000

CITE-CITE-CITE-CITE-CITE-CITE-CITE-CITE-CITE-CITE-CITE-CITE-CITE

Your simulation uses code contributions which should be cited:

- Type Label Framework: https://doi.org/10.1021/acs.jpcb.3c08419

@Article{Gissinger24,
 author = {Jacob R. Gissinger, Ilia Nikiforov, Yaser Afshar, Brendon Waters, Moon-ki Choi, Daniel S. Karls, Alexander Stukowski, Wonpil Im, Hendrik Heinz, Axel Kohlmeyer, and Ellad B. Tadmor},
 title = {Type Label Framework for Bonded Force Fields in LAMMPS},
 journal = {J. Phys. Chem. B},
 year =    2024,
 volume =  128,
 number =  13,
 pages =   {3282–-3297}
}

CITE-CITE-CITE-CITE-CITE-CITE-CITE-CITE-CITE-CITE-CITE-CITE-CITE

Neighbor list info ...
  update: every = 1 steps, delay = 0 steps, check = yes
  max neighbors/atom: 2000, page size: 100000
  master list distance cutoff = 7.6
  ghost atom cutoff = 7.6
  binsize = 3.8, bins = 5 5 5
  1 neighbor lists, perpetual/occasional/extra = 1 0 0
  (1) pair eam/alloy, perpetual
      attributes: half, newton on
      pair build: half/bin/atomonly/newton/tri
      stencil: half/bin/3d/tri
      bin: standard
Per MPI rank memory allocation (min/avg/max) = 4.524 | 4.524 | 4.524 Mbytes
   Step           Lx             Ly             Lz           PotEng         Press           Fmax          Volume    
         0   17.6           17.6           17.6          -2106.3611     -584.54251      0.76795215     5451.776     
        10   17.6           17.6           17.6          -2109.0208     -1738.6744      0.0079668606   5451.776     
        16   17.6           17.6           17.6          -2109.0217     -1736.066       0.0010086919   5451.776     
Loop time of 0.0358429 on 4 procs for 16 steps with 500 atoms

86.2% CPU use with 4 MPI tasks x 1 OpenMP threads

Minimization stats:
  Stopping criterion = energy tolerance
  Energy initial, next-to-last, final = 
     -2106.36106283734  -2109.02170090094   -2109.0217171496
  Force two-norm initial, final = 8.7597124 0.012426362
  Force max component initial, final = 0.76795215 0.0010086919
  Final line search alpha, max atom move = 1 0.0010086919
  Iterations, force evaluations = 16 32

MPI task timing breakdown:
Section |  min time  |  avg time  |  max time  |%varavg| %total
---------------------------------------------------------------
Pair    | 0.023528   | 0.02514    | 0.026741   |   1.0 | 70.14
Neigh   | 0          | 0          | 0          |   0.0 |  0.00
Comm    | 0.0055477  | 0.0074991  | 0.0094458  |   2.2 | 20.92
Output  | 2.5455e-05 | 3.9813e-05 | 8.1864e-05 |   0.0 |  0.11
Modify  | 0          | 0          | 0          |   0.0 |  0.00
Other   |            | 0.003164   |            |       |  8.83

Nlocal:            125 ave         145 max         105 min
Histogram: 1 0 0 0 0 2 0 0 0 1
Nghost:           1737 ave        1757 max        1717 min
Histogram: 1 0 0 0 0 2 0 0 0 1
Neighs:          11000 ave       12782 max        9246 min
Histogram: 1 0 0 0 2 0 0 0 0 1

Total # of neighbors = 44000
Ave neighs/atom = 88
Neighbor list builds = 0
Dangerous builds = 0

# Релаксация ячейки aniso
fix 1 all box/relax aniso 0.0 vmax 0.0001
min_style cg
minimize 1.0e-10 1.0e-11 1000 5000
WARNING: Energy due to 3 extra global DOFs will be included in minimizer energies
 (src/min.cpp:219)
Per MPI rank memory allocation (min/avg/max) = 4.524 | 4.524 | 4.524 Mbytes
   Step           Lx             Ly             Lz           PotEng         Press           Fmax          Volume    
        16   17.6           17.6           17.6          -2109.0217     -1736.066       0.0010086919   5451.776     
        20   17.59799       17.594995      17.59296      -2109.0249     -215.77621      0.0042106942   5447.4234    
        30   17.606523      17.593072      17.58315      -2109.0257      86.862331      0.0029520604   5446.4306    
        33   17.606375      17.593109      17.584066     -2109.0257     -3.8825087      0.003306195    5446.6798    
Loop time of 0.0329195 on 4 procs for 17 steps with 500 atoms

81.1% CPU use with 4 MPI tasks x 1 OpenMP threads

Minimization stats:
  Stopping criterion = energy tolerance
  Energy initial, next-to-last, final = 
     -2109.02171714959  -2109.02573598807  -2109.02573611814
  Force two-norm initial, final = 10.597091 0.040429761
  Force max component initial, final = 7.7254485 0.022364556
  Final line search alpha, max atom move = 0.0019720549 4.4104133e-05
  Iterations, force evaluations = 17 25

MPI task timing breakdown:
Section |  min time  |  avg time  |  max time  |%varavg| %total
---------------------------------------------------------------
Pair    | 0.025616   | 0.025907   | 0.026381   |   0.2 | 78.70
Neigh   | 0          | 0          | 0          |   0.0 |  0.00
Comm    | 0.0025264  | 0.0033704  | 0.0040692  |   1.1 | 10.24
Output  | 0.00010835 | 0.00013354 | 0.00020794 |   0.0 |  0.41
Modify  | 0          | 0          | 0          |   0.0 |  0.00
Other   |            | 0.003509   |            |       | 10.66

Nlocal:            125 ave         139 max         109 min
Histogram: 1 0 0 1 0 0 0 0 1 1
Nghost:           1737 ave        1753 max        1723 min
Histogram: 1 0 1 0 0 0 1 0 0 1
Neighs:          11000 ave       12212 max        9555 min
Histogram: 1 0 0 1 0 0 0 0 1 1

Total # of neighbors = 44000
Ave neighs/atom = 88
Neighbor list builds = 0
Dangerous builds = 0
unfix 1

# Промежуточная минимизация атомов
min_style cg
minimize 1.0e-10 1.0e-11 1000 5000
Per MPI rank memory allocation (min/avg/max) = 4.524 | 4.524 | 4.524 Mbytes
   Step           Lx             Ly             Lz           PotEng         Press           Fmax          Volume    
        33   17.606375      17.593109      17.584066     -2109.0257     -3.8825087      0.003306195    5446.6798    
        40   17.606375      17.593109      17.584066     -2109.0258     -12.71749       0.00029374402  5446.6798    
        43   17.606375      17.593109      17.584066     -2109.0258     -12.508222      0.00011946197  5446.6798    
Loop time of 0.0192016 on 4 procs for 10 steps with 500 atoms

71.1% CPU use with 4 MPI tasks x 1 OpenMP threads

Minimization stats:
  Stopping criterion = energy tolerance
  Energy initial, next-to-last, final = 
     -2109.02573611814  -2109.02580162164  -2109.02580173757
  Force two-norm initial, final = 0.031282082 0.0012211693
  Force max component initial, final = 0.003306195 0.00011946197
  Final line search alpha, max atom move = 1 0.00011946197
  Iterations, force evaluations = 10 20

MPI task timing breakdown:
Section |  min time  |  avg time  |  max time  |%varavg| %total
---------------------------------------------------------------
Pair    | 0.015915   | 0.016066   | 0.016211   |   0.1 | 83.67
Neigh   | 0          | 0          | 0          |   0.0 |  0.00
Comm    | 0.0014965  | 0.0017006  | 0.0018818  |   0.3 |  8.86
Output  | 2.5677e-05 | 3.9024e-05 | 7.8943e-05 |   0.0 |  0.20
Modify  | 0          | 0          | 0          |   0.0 |  0.00
Other   |            | 0.001396   |            |       |  7.27

Nlocal:            125 ave         139 max         109 min
Histogram: 1 0 0 1 0 0 0 0 1 1
Nghost:           1737 ave        1753 max        1723 min
Histogram: 1 0 1 0 0 0 1 0 0 1
Neighs:          11000 ave       12212 max        9555 min
Histogram: 1 0 0 1 0 0 0 0 1 1

Total # of neighbors = 44000
Ave neighs/atom = 88
Neighbor list builds = 0
Dangerous builds = 0

# Релаксация ячейки iso
fix 2 all box/relax iso 0.0 vmax 0.0001
min_style cg
minimize 1.0e-10 1.0e-11 1000 5000
WARNING: Energy due to 1 extra global DOFs will be included in minimizer energies
 (src/min.cpp:219)
Per MPI rank memory allocation (min/avg/max) = 4.524 | 4.524 | 4.524 Mbytes
   Step           Lx             Ly             Lz           PotEng         Press           Fmax          Volume    
        43   17.606375      17.593109      17.584066     -2109.0258     -12.508222      0.00011946197  5446.6798    
        44   17.606336      17.593071      17.584028     -2109.0258     -0.0093126469   0.00012764899  5446.6442    
Loop time of 0.00203441 on 4 procs for 1 steps with 500 atoms

79.6% CPU use with 4 MPI tasks x 1 OpenMP threads

Minimization stats:
  Stopping criterion = energy tolerance
  Energy initial, next-to-last, final = 
     -2109.02580173757  -2109.02580173757  -2109.02580187663
  Force two-norm initial, final = 0.12757284 0.0013014614
  Force max component initial, final = 0.12756699 0.00012764899
  Final line search alpha, max atom move = 0.00078390184 1.0006428e-07
  Iterations, force evaluations = 1 2

MPI task timing breakdown:
Section |  min time  |  avg time  |  max time  |%varavg| %total
---------------------------------------------------------------
Pair    | 0.001336   | 0.001337   | 0.0013378  |   0.0 | 65.72
Neigh   | 0          | 0          | 0          |   0.0 |  0.00
Comm    | 0.00011533 | 0.00011552 | 0.00011605 |   0.0 |  5.68
Output  | 0          | 0          | 0          |   0.0 |  0.00
Modify  | 0          | 0          | 0          |   0.0 |  0.00
Other   |            | 0.0005819  |            |       | 28.60

Nlocal:            125 ave         140 max         108 min
Histogram: 1 0 0 1 0 0 0 1 0 1
Nghost:           1737 ave        1754 max        1722 min
Histogram: 1 0 1 0 0 0 1 0 0 1
Neighs:          11000 ave       12306 max        9461 min
Histogram: 1 0 0 1 0 0 0 1 0 1

Total # of neighbors = 44000
Ave neighs/atom = 88
Neighbor list builds = 0
Dangerous builds = 0
unfix 2

variable lat_const equal "lx/5"
variable eatom equal "pe/count(all)"
variable teng equal "pe"
variable natoms equal "count(all)"

print "Lattice parameter (lx/5) = ${lat_const} A"
Lattice parameter (lx/5) = 3.52126725637851 A
print "Total Potential Energy (PE) = ${teng} eV"
Total Potential Energy (PE) = -2109.02580187663 eV
print "Number of atoms = ${natoms}"
Number of atoms = 500
print "Cohesive energy (PE/N) = ${eatom} eV"
Cohesive energy (PE/N) = -4.21805160375327 eV
print "Minimization completed."
Minimization completed.

write_data B3_5_minimized.data
System init for write_data ...
Total wall time: 0:00:00
