read_data B3_7.data
Reading data file ...
  triclinic box = (0 0 0) to (17.6 17.6 17.6) with tilt (1.0776892e-15 1.0776892e-15 1.0776892e-15)
  1 by 2 by 2 MPI processor grid
  reading atoms ...
  500 atoms
  read_data CPU = 0.008 seconds

mass 1 58.6934  # Ni
mass 2 55.845   # Fe
mass 3 51.9961  # Cr

pair_style eam/alloy
pair_coeff * * FeNiCr_bonny.eam.alloy Ni Fe Cr

neighbor 2.0 bin
neigh_modify delay 0 check yes
timestep 0.001

thermo 10
thermo_style custom step lx ly lz pe press fmax vol

# --- ЭТАПЫ МИНИМИЗАЦИИ ---
min_style cg
minimize 1.0e-8 1.0e-9 1000 5000

CITE-CITE-CITE-CITE-CITE-CITE-CITE-CITE-CITE-CITE-CITE-CITE-CITE

Your simulation uses code contributions which should be cited:

- Type Label Framework: https://doi.org/10.1021/acs.jpcb.3c08419

@Article{Gissinger24,
 author = {Jacob R. Gissinger, Ilia Nikiforov, Yaser Afshar, Brendon Waters, Moon-ki Choi, Daniel S. Karls, Alexander Stukowski, Wonpil Im, Hendrik Heinz, Axel Kohlmeyer, and Ellad B. Tadmor},
 title = {Type Label Framework for Bonded Force Fields in LAMMPS},
 journal = {J. Phys. Chem. B},
 year =    2024,
 volume =  128,
 number =  13,
 pages =   {3282–-3297}
}

CITE-CITE-CITE-CITE-CITE-CITE-CITE-CITE-CITE-CITE-CITE-CITE-CITE

Neighbor list info ...
  update: every = 1 steps, delay = 0 steps, check = yes
  max neighbors/atom: 2000, page size: 100000
  master list distance cutoff = 7.6
  ghost atom cutoff = 7.6
  binsize = 3.8, bins = 5 5 5
  1 neighbor lists, perpetual/occasional/extra = 1 0 0
  (1) pair eam/alloy, perpetual
      attributes: half, newton on
      pair build: half/bin/atomonly/newton/tri
      stencil: half/bin/3d/tri
      bin: standard
Per MPI rank memory allocation (min/avg/max) = 4.524 | 4.524 | 4.524 Mbytes
   Step           Lx             Ly             Lz           PotEng         Press           Fmax          Volume    
         0   17.6           17.6           17.6          -2108.3332     -1890.5682      0.74399034     5451.776     
        10   17.6           17.6           17.6          -2110.9616     -2375.0835      0.010291283    5451.776     
        16   17.6           17.6           17.6          -2110.9632     -2376.6985      0.0011717394   5451.776     
Loop time of 0.0348984 on 4 procs for 16 steps with 500 atoms

66.2% CPU use with 4 MPI tasks x 1 OpenMP threads

Minimization stats:
  Stopping criterion = energy tolerance
  Energy initial, next-to-last, final = 
     -2108.33322990393  -2110.96313281387  -2110.96315349097
  Force two-norm initial, final = 8.6214604 0.013932916
  Force max component initial, final = 0.74399034 0.0011717394
  Final line search alpha, max atom move = 1 0.0011717394
  Iterations, force evaluations = 16 32

MPI task timing breakdown:
Section |  min time  |  avg time  |  max time  |%varavg| %total
---------------------------------------------------------------
Pair    | 0.021314   | 0.02221    | 0.024679   |   1.0 | 63.64
Neigh   | 0          | 0          | 0          |   0.0 |  0.00
Comm    | 0.005137   | 0.0083515  | 0.0099752  |   2.1 | 23.93
Output  | 2.6767e-05 | 3.8349e-05 | 7.2845e-05 |   0.0 |  0.11
Modify  | 0          | 0          | 0          |   0.0 |  0.00
Other   |            | 0.004299   |            |       | 12.32

Nlocal:            125 ave         145 max         105 min
Histogram: 1 0 0 0 0 2 0 0 0 1
Nghost:           1737 ave        1757 max        1717 min
Histogram: 1 0 0 0 0 2 0 0 0 1
Neighs:          11000 ave       12879 max        9179 min
Histogram: 1 0 0 0 2 0 0 0 0 1

Total # of neighbors = 44000
Ave neighs/atom = 88
Neighbor list builds = 0
Dangerous builds = 0

# Релаксация ячейки aniso
fix 1 all box/relax aniso 0.0 vmax 0.0001
min_style cg
minimize 1.0e-10 1.0e-11 1000 5000
WARNING: Energy due to 3 extra global DOFs will be included in minimizer energies
 (src/min.cpp:219)
Per MPI rank memory allocation (min/avg/max) = 4.524 | 4.524 | 4.524 Mbytes
   Step           Lx             Ly             Lz           PotEng         Press           Fmax          Volume    
        16   17.6           17.6           17.6          -2110.9632     -2376.6985      0.0011717394   5451.776     
        20   17.593852      17.59296       17.595217     -2110.9681     -412.78032      0.0043177379   5446.2114    
        30   17.591949      17.587118      17.598614     -2110.9686     -0.25296447     0.0015622984   5444.8648    
        36   17.591914      17.587045      17.598658     -2110.9686      1.6833187      0.00085876394  5444.8448    
Loop time of 0.0335123 on 4 procs for 20 steps with 500 atoms

78.5% CPU use with 4 MPI tasks x 1 OpenMP threads

Minimization stats:
  Stopping criterion = energy tolerance
  Energy initial, next-to-last, final = 
     -2110.96315349097  -2110.96864658822  -2110.96864669012
  Force two-norm initial, final = 14.079034 0.01325169
  Force max component initial, final = 9.0010568 0.0067772974
  Final line search alpha, max atom move = 0.0057722526 3.9120272e-05
  Iterations, force evaluations = 20 34

MPI task timing breakdown:
Section |  min time  |  avg time  |  max time  |%varavg| %total
---------------------------------------------------------------
Pair    | 0.024763   | 0.025341   | 0.02598    |   0.3 | 75.62
Neigh   | 0          | 0          | 0          |   0.0 |  0.00
Comm    | 0.0042065  | 0.0048541  | 0.005513   |   0.7 | 14.48
Output  | 4.1164e-05 | 6.6138e-05 | 0.00014038 |   0.0 |  0.20
Modify  | 0          | 0          | 0          |   0.0 |  0.00
Other   |            | 0.003251   |            |       |  9.70

Nlocal:            125 ave         129 max         119 min
Histogram: 1 0 0 0 0 1 0 0 0 2
Nghost:           1737 ave        1743 max        1733 min
Histogram: 1 1 0 0 0 1 0 0 0 1
Neighs:          11000 ave       11419 max       10436 min
Histogram: 1 0 0 0 1 0 0 0 1 1

Total # of neighbors = 44000
Ave neighs/atom = 88
Neighbor list builds = 0
Dangerous builds = 0
unfix 1

# Промежуточная минимизация атомов
min_style cg
minimize 1.0e-10 1.0e-11 1000 5000
Per MPI rank memory allocation (min/avg/max) = 4.524 | 4.524 | 4.524 Mbytes
   Step           Lx             Ly             Lz           PotEng         Press           Fmax          Volume    
        36   17.591914      17.587045      17.598658     -2110.9686      1.6833187      0.00085876394  5444.8448    
        40   17.591914      17.587045      17.598658     -2110.9687      3.0407973      0.00036387163  5444.8448    
        42   17.591914      17.587045      17.598658     -2110.9687     -0.30016799     0.00012081085  5444.8448    
Loop time of 0.0129374 on 4 procs for 6 steps with 500 atoms

80.2% CPU use with 4 MPI tasks x 1 OpenMP threads

Minimization stats:
  Stopping criterion = energy tolerance
  Energy initial, next-to-last, final = 
     -2110.96864669011   -2110.9686552869   -2110.9686554498
  Force two-norm initial, final = 0.0085176279 0.0013546358
  Force max component initial, final = 0.00085876394 0.00012081085
  Final line search alpha, max atom move = 1 0.00012081085
  Iterations, force evaluations = 6 12

MPI task timing breakdown:
Section |  min time  |  avg time  |  max time  |%varavg| %total
---------------------------------------------------------------
Pair    | 0.010366   | 0.010615   | 0.011315   |   0.4 | 82.05
Neigh   | 0          | 0          | 0          |   0.0 |  0.00
Comm    | 0.0009694  | 0.0017185  | 0.002014   |   1.0 | 13.28
Output  | 2.7585e-05 | 4.1098e-05 | 7.9698e-05 |   0.0 |  0.32
Modify  | 0          | 0          | 0          |   0.0 |  0.00
Other   |            | 0.0005628  |            |       |  4.35

Nlocal:            125 ave         129 max         119 min
Histogram: 1 0 0 0 0 0 1 0 1 1
Nghost:           1737 ave        1743 max        1733 min
Histogram: 1 0 1 0 1 0 0 0 0 1
Neighs:          11000 ave       11419 max       10436 min
Histogram: 1 0 0 0 0 1 0 1 0 1

Total # of neighbors = 44000
Ave neighs/atom = 88
Neighbor list builds = 0
Dangerous builds = 0

# Релаксация ячейки iso
fix 2 all box/relax iso 0.0 vmax 0.0001
min_style cg
minimize 1.0e-10 1.0e-11 1000 5000
WARNING: Energy due to 1 extra global DOFs will be included in minimizer energies
 (src/min.cpp:219)
Per MPI rank memory allocation (min/avg/max) = 4.524 | 4.524 | 4.524 Mbytes
   Step           Lx             Ly             Lz           PotEng         Press           Fmax          Volume    
        42   17.591914      17.587045      17.598658     -2110.9687     -0.30016799     0.00012081085  5444.8448    
        43   17.591913      17.587043      17.598657     -2110.9687      0.058348628    0.00012021189  5444.8438    
Loop time of 0.00165108 on 4 procs for 1 steps with 500 atoms

92.5% CPU use with 4 MPI tasks x 1 OpenMP threads

Minimization stats:
  Stopping criterion = energy tolerance
  Energy initial, next-to-last, final = 
      -2110.9686554498   -2110.9686554498  -2110.96865544991
  Force two-norm initial, final = 0.0033466902 0.001476043
  Force max component initial, final = 0.0030602773 0.00059487675
  Final line search alpha, max atom move = 0.032676777 1.9438655e-05
  Iterations, force evaluations = 1 2

MPI task timing breakdown:
Section |  min time  |  avg time  |  max time  |%varavg| %total
---------------------------------------------------------------
Pair    | 0.0013654  | 0.0013672  | 0.0013705  |   0.0 | 82.81
Neigh   | 0          | 0          | 0          |   0.0 |  0.00
Comm    | 0.00011402 | 0.0001183  | 0.00012118 |   0.0 |  7.16
Output  | 0          | 0          | 0          |   0.0 |  0.00
Modify  | 0          | 0          | 0          |   0.0 |  0.00
Other   |            | 0.0001656  |            |       | 10.03

Nlocal:            125 ave         129 max         119 min
Histogram: 1 0 0 0 0 0 1 0 1 1
Nghost:           1737 ave        1743 max        1733 min
Histogram: 1 0 1 0 1 0 0 0 0 1
Neighs:          11000 ave       11419 max       10436 min
Histogram: 1 0 0 0 0 1 0 1 0 1

Total # of neighbors = 44000
Ave neighs/atom = 88
Neighbor list builds = 0
Dangerous builds = 0
unfix 2

variable lat_const equal "lx/5"
variable eatom equal "pe/count(all)"
variable teng equal "pe"
variable natoms equal "count(all)"

print "Lattice parameter (lx/5) = ${lat_const} A"
Lattice parameter (lx/5) = 3.51838254945738 A
print "Total Potential Energy (PE) = ${teng} eV"
Total Potential Energy (PE) = -2110.96865544991 eV
print "Number of atoms = ${natoms}"
Number of atoms = 500
print "Cohesive energy (PE/N) = ${eatom} eV"
Cohesive energy (PE/N) = -4.22193731089983 eV
print "Minimization completed."
Minimization completed.

write_data B3_7_minimized.data
System init for write_data ...
Total wall time: 0:00:00
