read_data B3_8.data
Reading data file ...
  triclinic box = (0 0 0) to (17.6 17.6 17.6) with tilt (1.0776892e-15 1.0776892e-15 1.0776892e-15)
  1 by 2 by 2 MPI processor grid
  reading atoms ...
  500 atoms
  read_data CPU = 0.008 seconds

mass 1 58.6934  # Ni
mass 2 55.845   # Fe
mass 3 51.9961  # Cr

pair_style eam/alloy
pair_coeff * * FeNiCr_bonny.eam.alloy Ni Fe Cr

neighbor 2.0 bin
neigh_modify delay 0 check yes
timestep 0.001

thermo 10
thermo_style custom step lx ly lz pe press fmax vol

# --- ЭТАПЫ МИНИМИЗАЦИИ ---
min_style cg
minimize 1.0e-8 1.0e-9 1000 5000

CITE-CITE-CITE-CITE-CITE-CITE-CITE-CITE-CITE-CITE-CITE-CITE-CITE

Your simulation uses code contributions which should be cited:

- Type Label Framework: https://doi.org/10.1021/acs.jpcb.3c08419

@Article{Gissinger24,
 author = {Jacob R. Gissinger, Ilia Nikiforov, Yaser Afshar, Brendon Waters, Moon-ki Choi, Daniel S. Karls, Alexander Stukowski, Wonpil Im, Hendrik Heinz, Axel Kohlmeyer, and Ellad B. Tadmor},
 title = {Type Label Framework for Bonded Force Fields in LAMMPS},
 journal = {J. Phys. Chem. B},
 year =    2024,
 volume =  128,
 number =  13,
 pages =   {3282–-3297}
}

CITE-CITE-CITE-CITE-CITE-CITE-CITE-CITE-CITE-CITE-CITE-CITE-CITE

Neighbor list info ...
  update: every = 1 steps, delay = 0 steps, check = yes
  max neighbors/atom: 2000, page size: 100000
  master list distance cutoff = 7.6
  ghost atom cutoff = 7.6
  binsize = 3.8, bins = 5 5 5
  1 neighbor lists, perpetual/occasional/extra = 1 0 0
  (1) pair eam/alloy, perpetual
      attributes: half, newton on
      pair build: half/bin/atomonly/newton/tri
      stencil: half/bin/3d/tri
      bin: standard
Per MPI rank memory allocation (min/avg/max) = 4.524 | 4.524 | 4.524 Mbytes
   Step           Lx             Ly             Lz           PotEng         Press           Fmax          Volume    
         0   17.6           17.6           17.6          -2107.7407     -1665.7881      0.87962851     5451.776     
        10   17.6           17.6           17.6          -2110.4379     -2234.6067      0.01069645     5451.776     
        16   17.6           17.6           17.6          -2110.4393     -2228.5599      0.00098103371  5451.776     
Loop time of 0.0263315 on 4 procs for 16 steps with 500 atoms

81.5% CPU use with 4 MPI tasks x 1 OpenMP threads

Minimization stats:
  Stopping criterion = energy tolerance
  Energy initial, next-to-last, final = 
     -2107.74066652526  -2110.43933033497  -2110.43934584392
  Force two-norm initial, final = 8.7518272 0.011683806
  Force max component initial, final = 0.87962851 0.00098103371
  Final line search alpha, max atom move = 1 0.00098103371
  Iterations, force evaluations = 16 32

MPI task timing breakdown:
Section |  min time  |  avg time  |  max time  |%varavg| %total
---------------------------------------------------------------
Pair    | 0.021586   | 0.022403   | 0.022985   |   0.4 | 85.08
Neigh   | 0          | 0          | 0          |   0.0 |  0.00
Comm    | 0.0019146  | 0.0026262  | 0.0035369  |   1.3 |  9.97
Output  | 2.4762e-05 | 3.6745e-05 | 7.1977e-05 |   0.0 |  0.14
Modify  | 0          | 0          | 0          |   0.0 |  0.00
Other   |            | 0.001265   |            |       |  4.81

Nlocal:            125 ave         145 max         105 min
Histogram: 1 0 0 0 0 2 0 0 0 1
Nghost:           1737 ave        1757 max        1717 min
Histogram: 1 0 0 0 0 2 0 0 0 1
Neighs:          11000 ave       12710 max        9244 min
Histogram: 1 0 0 0 0 2 0 0 0 1

Total # of neighbors = 44000
Ave neighs/atom = 88
Neighbor list builds = 0
Dangerous builds = 0

# Релаксация ячейки aniso
fix 1 all box/relax aniso 0.0 vmax 0.0001
min_style cg
minimize 1.0e-10 1.0e-11 1000 5000
WARNING: Energy due to 3 extra global DOFs will be included in minimizer energies
 (src/min.cpp:219)
Per MPI rank memory allocation (min/avg/max) = 4.524 | 4.524 | 4.524 Mbytes
   Step           Lx             Ly             Lz           PotEng         Press           Fmax          Volume    
        16   17.6           17.6           17.6          -2110.4393     -2228.5599      0.00098103371  5451.776     
        20   17.601154      17.595058      17.59296      -2110.4461     -1046.6153      0.0033295072   5448.4225    
        30   17.615904      17.586857      17.576992     -2110.4559     -7.7736076      0.0097258087   5445.4994    
        40   17.633504      17.581913      17.564382     -2110.4594      0.73536617     0.016411254    5445.4978    
        50   17.638764      17.580442      17.559242     -2110.4607      98.516531      0.0056350353   5445.073     
        60   17.640185      17.579762      17.558856     -2110.4608      47.112691      0.0054000514   5445.1809    
        70   17.640237      17.57982       17.559095     -2110.4609      20.089818      0.0040376865   5445.2896    
        78   17.640134      17.580055      17.559252     -2110.4609     -7.318968       0.0031263257   5445.3794    
Loop time of 0.0794825 on 4 procs for 62 steps with 500 atoms

89.5% CPU use with 4 MPI tasks x 1 OpenMP threads

Minimization stats:
  Stopping criterion = energy tolerance
  Energy initial, next-to-last, final = 
     -2110.43934584392  -2110.46093879037  -2110.46093894817
  Force two-norm initial, final = 16.620365 0.058100544
  Force max component initial, final = 13.393724 0.034684424
  Final line search alpha, max atom move = 0.0048369447 0.00016776664
  Iterations, force evaluations = 62 95

MPI task timing breakdown:
Section |  min time  |  avg time  |  max time  |%varavg| %total
---------------------------------------------------------------
Pair    | 0.059599   | 0.060929   | 0.062115   |   0.5 | 76.66
Neigh   | 0          | 0          | 0          |   0.0 |  0.00
Comm    | 0.0058931  | 0.0071101  | 0.0084504  |   1.4 |  8.95
Output  | 0.00011727 | 0.00019088 | 0.00040871 |   0.0 |  0.24
Modify  | 0          | 0          | 0          |   0.0 |  0.00
Other   |            | 0.01125    |            |       | 14.16

Nlocal:            125 ave         136 max         113 min
Histogram: 1 0 0 1 0 0 1 0 0 1
Nghost:           1737 ave        1749 max        1726 min
Histogram: 1 0 0 1 0 0 1 0 0 1
Neighs:          11000 ave       12025 max        9950 min
Histogram: 1 0 0 1 0 0 1 0 0 1

Total # of neighbors = 44000
Ave neighs/atom = 88
Neighbor list builds = 0
Dangerous builds = 0
unfix 1

# Промежуточная минимизация атомов
min_style cg
minimize 1.0e-10 1.0e-11 1000 5000
Per MPI rank memory allocation (min/avg/max) = 4.524 | 4.524 | 4.524 Mbytes
   Step           Lx             Ly             Lz           PotEng         Press           Fmax          Volume    
        78   17.640134      17.580055      17.559252     -2110.4609     -7.318968       0.0031263257   5445.3794    
        80   17.640134      17.580055      17.559252     -2110.461      -9.8919696      0.0011953451   5445.3794    
        87   17.640134      17.580055      17.559252     -2110.461      -8.0024075      0.00013469291  5445.3794    
Loop time of 0.0324542 on 4 procs for 9 steps with 500 atoms

70.4% CPU use with 4 MPI tasks x 1 OpenMP threads

Minimization stats:
  Stopping criterion = energy tolerance
  Energy initial, next-to-last, final = 
     -2110.46093894817  -2110.46103081915  -2110.46103099789
  Force two-norm initial, final = 0.036472603 0.0013743653
  Force max component initial, final = 0.0031263257 0.00013469291
  Final line search alpha, max atom move = 1 0.00013469291
  Iterations, force evaluations = 9 18

MPI task timing breakdown:
Section |  min time  |  avg time  |  max time  |%varavg| %total
---------------------------------------------------------------
Pair    | 0.028389   | 0.029245   | 0.03009    |   0.5 | 90.11
Neigh   | 0          | 0          | 0          |   0.0 |  0.00
Comm    | 0.0015293  | 0.0023473  | 0.0031773  |   1.7 |  7.23
Output  | 2.3243e-05 | 4.3901e-05 | 0.00010471 |   0.0 |  0.14
Modify  | 0          | 0          | 0          |   0.0 |  0.00
Other   |            | 0.0008183  |            |       |  2.52

Nlocal:            125 ave         136 max         114 min
Histogram: 1 0 0 1 0 0 1 0 0 1
Nghost:           1737 ave        1748 max        1726 min
Histogram: 1 0 0 1 0 0 1 0 0 1
Neighs:        10999.8 ave       12025 max       10039 min
Histogram: 1 0 1 0 0 0 1 0 0 1

Total # of neighbors = 43999
Ave neighs/atom = 87.998
Neighbor list builds = 0
Dangerous builds = 0

# Релаксация ячейки iso
fix 2 all box/relax iso 0.0 vmax 0.0001
min_style cg
minimize 1.0e-10 1.0e-11 1000 5000
WARNING: Energy due to 1 extra global DOFs will be included in minimizer energies
 (src/min.cpp:219)
Per MPI rank memory allocation (min/avg/max) = 4.524 | 4.524 | 4.524 Mbytes
   Step           Lx             Ly             Lz           PotEng         Press           Fmax          Volume    
        87   17.640134      17.580055      17.559252     -2110.461      -8.0024075      0.00013469291  5445.3794    
        88   17.64011       17.580031      17.559228     -2110.461      -0.0042530512   0.00013833763  5445.3569    
Loop time of 0.00247868 on 4 procs for 1 steps with 500 atoms

74.0% CPU use with 4 MPI tasks x 1 OpenMP threads

Minimization stats:
  Stopping criterion = energy tolerance
  Energy initial, next-to-last, final = 
     -2110.46103099789  -2110.46103099789  -2110.46103105425
  Force two-norm initial, final = 0.081605852 0.0014012988
  Force max component initial, final = 0.081594278 0.00013833763
  Final line search alpha, max atom move = 0.0012255761 1.695433e-07
  Iterations, force evaluations = 1 2

MPI task timing breakdown:
Section |  min time  |  avg time  |  max time  |%varavg| %total
---------------------------------------------------------------
Pair    | 0.0020872  | 0.002092   | 0.0020963  |   0.0 | 84.40
Neigh   | 0          | 0          | 0          |   0.0 |  0.00
Comm    | 0.00016314 | 0.00017081 | 0.00017714 |   0.0 |  6.89
Output  | 0          | 0          | 0          |   0.0 |  0.00
Modify  | 0          | 0          | 0          |   0.0 |  0.00
Other   |            | 0.0002158  |            |       |  8.71

Nlocal:            125 ave         137 max         115 min
Histogram: 1 0 1 0 0 1 0 0 0 1
Nghost:           1737 ave        1747 max        1725 min
Histogram: 1 0 0 0 1 0 0 1 0 1
Neighs:        10999.8 ave       12112 max       10120 min
Histogram: 1 1 0 0 0 1 0 0 0 1

Total # of neighbors = 43999
Ave neighs/atom = 87.998
Neighbor list builds = 0
Dangerous builds = 0
unfix 2

variable lat_const equal "lx/5"
variable eatom equal "pe/count(all)"
variable teng equal "pe"
variable natoms equal "count(all)"

print "Lattice parameter (lx/5) = ${lat_const} A"
Lattice parameter (lx/5) = 3.52802200908891 A
print "Total Potential Energy (PE) = ${teng} eV"
Total Potential Energy (PE) = -2110.46103105425 eV
print "Number of atoms = ${natoms}"
Number of atoms = 500
print "Cohesive energy (PE/N) = ${eatom} eV"
Cohesive energy (PE/N) = -4.22092206210849 eV
print "Minimization completed."
Minimization completed.

write_data B3_8_minimized.data
System init for write_data ...
Total wall time: 0:00:00
