read_data B3_9.data
Reading data file ...
  triclinic box = (0 0 0) to (17.6 17.6 17.6) with tilt (1.0776892e-15 1.0776892e-15 1.0776892e-15)
  1 by 2 by 2 MPI processor grid
  reading atoms ...
  500 atoms
  read_data CPU = 0.010 seconds

mass 1 58.6934  # Ni
mass 2 55.845   # Fe
mass 3 51.9961  # Cr

pair_style eam/alloy
pair_coeff * * FeNiCr_bonny.eam.alloy Ni Fe Cr

neighbor 2.0 bin
neigh_modify delay 0 check yes
timestep 0.001

thermo 10
thermo_style custom step lx ly lz pe press fmax vol

# --- ЭТАПЫ МИНИМИЗАЦИИ ---
min_style cg
minimize 1.0e-8 1.0e-9 1000 5000

CITE-CITE-CITE-CITE-CITE-CITE-CITE-CITE-CITE-CITE-CITE-CITE-CITE

Your simulation uses code contributions which should be cited:

- Type Label Framework: https://doi.org/10.1021/acs.jpcb.3c08419

@Article{Gissinger24,
 author = {Jacob R. Gissinger, Ilia Nikiforov, Yaser Afshar, Brendon Waters, Moon-ki Choi, Daniel S. Karls, Alexander Stukowski, Wonpil Im, Hendrik Heinz, Axel Kohlmeyer, and Ellad B. Tadmor},
 title = {Type Label Framework for Bonded Force Fields in LAMMPS},
 journal = {J. Phys. Chem. B},
 year =    2024,
 volume =  128,
 number =  13,
 pages =   {3282–-3297}
}

CITE-CITE-CITE-CITE-CITE-CITE-CITE-CITE-CITE-CITE-CITE-CITE-CITE

Neighbor list info ...
  update: every = 1 steps, delay = 0 steps, check = yes
  max neighbors/atom: 2000, page size: 100000
  master list distance cutoff = 7.6
  ghost atom cutoff = 7.6
  binsize = 3.8, bins = 5 5 5
  1 neighbor lists, perpetual/occasional/extra = 1 0 0
  (1) pair eam/alloy, perpetual
      attributes: half, newton on
      pair build: half/bin/atomonly/newton/tri
      stencil: half/bin/3d/tri
      bin: standard
Per MPI rank memory allocation (min/avg/max) = 4.524 | 4.524 | 4.524 Mbytes
   Step           Lx             Ly             Lz           PotEng         Press           Fmax          Volume    
         0   17.6           17.6           17.6          -2109.2092     -332.72064      0.78285808     5451.776     
        10   17.6           17.6           17.6          -2112.2019     -1056.858       0.010961991    5451.776     
        16   17.6           17.6           17.6          -2112.2035     -1050.9193      0.0011428605   5451.776     
Loop time of 0.0272099 on 4 procs for 16 steps with 500 atoms

67.0% CPU use with 4 MPI tasks x 1 OpenMP threads

Minimization stats:
  Stopping criterion = energy tolerance
  Energy initial, next-to-last, final = 
     -2109.20917606163  -2112.20351179848  -2112.20352969846
  Force two-norm initial, final = 8.9284372 0.012715622
  Force max component initial, final = 0.78285808 0.0011428605
  Final line search alpha, max atom move = 1 0.0011428605
  Iterations, force evaluations = 16 32

MPI task timing breakdown:
Section |  min time  |  avg time  |  max time  |%varavg| %total
---------------------------------------------------------------
Pair    | 0.023119   | 0.023221   | 0.023328   |   0.1 | 85.34
Neigh   | 0          | 0          | 0          |   0.0 |  0.00
Comm    | 0.0020545  | 0.0025715  | 0.0031009  |   0.9 |  9.45
Output  | 2.2471e-05 | 3.4579e-05 | 7.0497e-05 |   0.0 |  0.13
Modify  | 0          | 0          | 0          |   0.0 |  0.00
Other   |            | 0.001382   |            |       |  5.08

Nlocal:            125 ave         145 max         105 min
Histogram: 1 0 0 0 0 2 0 0 0 1
Nghost:           1737 ave        1757 max        1717 min
Histogram: 1 0 0 0 0 2 0 0 0 1
Neighs:          11000 ave       12726 max        9259 min
Histogram: 1 0 0 0 1 1 0 0 0 1

Total # of neighbors = 44000
Ave neighs/atom = 88
Neighbor list builds = 0
Dangerous builds = 0

# Релаксация ячейки aniso
fix 1 all box/relax aniso 0.0 vmax 0.0001
min_style cg
minimize 1.0e-10 1.0e-11 1000 5000
WARNING: Energy due to 3 extra global DOFs will be included in minimizer energies
 (src/min.cpp:219)
Per MPI rank memory allocation (min/avg/max) = 4.524 | 4.524 | 4.524 Mbytes
   Step           Lx             Ly             Lz           PotEng         Press           Fmax          Volume    
        16   17.6           17.6           17.6          -2112.2035     -1050.9193      0.0011428605   5451.776     
        20   17.596134      17.604414      17.59296      -2112.2088     -336.00398      0.0030427845   5449.7645    
        30   17.590427      17.621852      17.578223     -2112.2173      0.97333721     0.0091963747   5448.8256    
        40   17.586476      17.638867      17.565272     -2112.2197     -0.20717488     0.014495543    5448.8443    
        50   17.586003      17.641377      17.564563     -2112.2206     -161.28984      0.0058440697   5449.2529    
        60   17.585291      17.640849      17.563999     -2112.2208      34.255872      0.0036392584   5448.694     
        70   17.585643      17.641467      17.563368     -2112.2209      1.1407437      0.0021291294   5448.7982    
        78   17.585591      17.641416      17.563409     -2112.2209      8.067724       0.0015040231   5448.7793    
Loop time of 0.110173 on 4 procs for 62 steps with 500 atoms

79.6% CPU use with 4 MPI tasks x 1 OpenMP threads

Minimization stats:
  Stopping criterion = energy tolerance
  Energy initial, next-to-last, final = 
     -2112.20352969846  -2112.22094886287  -2112.22094894884
  Force two-norm initial, final = 11.864283 0.051223079
  Force max component initial, final = 9.4722548 0.035472585
  Final line search alpha, max atom move = 0.01086924 0.00038556003
  Iterations, force evaluations = 62 97

MPI task timing breakdown:
Section |  min time  |  avg time  |  max time  |%varavg| %total
---------------------------------------------------------------
Pair    | 0.072115   | 0.076505   | 0.089041   |   2.6 | 69.44
Neigh   | 0          | 0          | 0          |   0.0 |  0.00
Comm    | 0.012466   | 0.024456   | 0.029383   |   4.4 | 22.20
Output  | 0.00010973 | 0.00017703 | 0.00037742 |   0.0 |  0.16
Modify  | 0          | 0          | 0          |   0.0 |  0.00
Other   |            | 0.009035   |            |       |  8.20

Nlocal:            125 ave         136 max         107 min
Histogram: 1 0 0 0 0 0 1 1 0 1
Nghost:           1737 ave        1755 max        1726 min
Histogram: 1 0 1 1 0 0 0 0 0 1
Neighs:          11000 ave       11989 max        9419 min
Histogram: 1 0 0 0 0 0 1 1 0 1

Total # of neighbors = 44000
Ave neighs/atom = 88
Neighbor list builds = 0
Dangerous builds = 0
unfix 1

# Промежуточная минимизация атомов
min_style cg
minimize 1.0e-10 1.0e-11 1000 5000
Per MPI rank memory allocation (min/avg/max) = 4.524 | 4.524 | 4.524 Mbytes
   Step           Lx             Ly             Lz           PotEng         Press           Fmax          Volume    
        78   17.585591      17.641416      17.563409     -2112.2209      8.067724       0.0015040231   5448.7793    
        80   17.585591      17.641416      17.563409     -2112.221       4.2670439      0.0013862918   5448.7793    
        87   17.585591      17.641416      17.563409     -2112.221       4.9015443      0.00012936716  5448.7793    
Loop time of 0.014362 on 4 procs for 9 steps with 500 atoms

86.6% CPU use with 4 MPI tasks x 1 OpenMP threads

Minimization stats:
  Stopping criterion = energy tolerance
  Energy initial, next-to-last, final = 
     -2112.22094894884   -2112.2209908392  -2112.22099103228
  Force two-norm initial, final = 0.016354856 0.0013903858
  Force max component initial, final = 0.0015040231 0.00012936716
  Final line search alpha, max atom move = 1 0.00012936716
  Iterations, force evaluations = 9 18

MPI task timing breakdown:
Section |  min time  |  avg time  |  max time  |%varavg| %total
---------------------------------------------------------------
Pair    | 0.011766   | 0.011886   | 0.011995   |   0.1 | 82.76
Neigh   | 0          | 0          | 0          |   0.0 |  0.00
Comm    | 0.0011846  | 0.0013465  | 0.0015135  |   0.3 |  9.38
Output  | 2.199e-05  | 3.6836e-05 | 7.9603e-05 |   0.0 |  0.26
Modify  | 0          | 0          | 0          |   0.0 |  0.00
Other   |            | 0.001093   |            |       |  7.61

Nlocal:            125 ave         134 max         104 min
Histogram: 1 0 0 0 0 0 0 0 1 2
Nghost:           1737 ave        1758 max        1728 min
Histogram: 2 1 0 0 0 0 0 0 0 1
Neighs:        10999.5 ave       11811 max        9170 min
Histogram: 1 0 0 0 0 0 0 0 1 2

Total # of neighbors = 43998
Ave neighs/atom = 87.996
Neighbor list builds = 0
Dangerous builds = 0

# Релаксация ячейки iso
fix 2 all box/relax iso 0.0 vmax 0.0001
min_style cg
minimize 1.0e-10 1.0e-11 1000 5000
WARNING: Energy due to 1 extra global DOFs will be included in minimizer energies
 (src/min.cpp:219)
Per MPI rank memory allocation (min/avg/max) = 4.524 | 4.524 | 4.524 Mbytes
   Step           Lx             Ly             Lz           PotEng         Press           Fmax          Volume    
        87   17.585591      17.641416      17.563409     -2112.221       4.9015443      0.00012936716  5448.7793    
        88   17.585606      17.641431      17.563423     -2112.221      -0.0077499265   0.00013066753  5448.7931    
Loop time of 0.00380863 on 4 procs for 1 steps with 500 atoms

86.9% CPU use with 4 MPI tasks x 1 OpenMP threads

Minimization stats:
  Stopping criterion = energy tolerance
  Energy initial, next-to-last, final = 
     -2112.22099103228  -2112.22099103228  -2112.22099105334
  Force two-norm initial, final = 0.050027735 0.0013937738
  Force max component initial, final = 0.050008411 0.00013066753
  Final line search alpha, max atom move = 0.0019996636 2.6129111e-07
  Iterations, force evaluations = 1 2

MPI task timing breakdown:
Section |  min time  |  avg time  |  max time  |%varavg| %total
---------------------------------------------------------------
Pair    | 0.0020184  | 0.0023623  | 0.0031963  |   1.0 | 62.03
Neigh   | 0          | 0          | 0          |   0.0 |  0.00
Comm    | 0.00032057 | 0.0011538  | 0.0014985  |   1.4 | 30.29
Output  | 0          | 0          | 0          |   0.0 |  0.00
Modify  | 0          | 0          | 0          |   0.0 |  0.00
Other   |            | 0.0002925  |            |       |  7.68

Nlocal:            125 ave         134 max         105 min
Histogram: 1 0 0 0 0 0 0 0 1 2
Nghost:           1737 ave        1757 max        1728 min
Histogram: 2 1 0 0 0 0 0 0 0 1
Neighs:        10999.5 ave       11811 max        9253 min
Histogram: 1 0 0 0 0 0 0 0 1 2

Total # of neighbors = 43998
Ave neighs/atom = 87.996
Neighbor list builds = 0
Dangerous builds = 0
unfix 2

variable lat_const equal "lx/5"
variable eatom equal "pe/count(all)"
variable teng equal "pe"
variable natoms equal "count(all)"

print "Lattice parameter (lx/5) = ${lat_const} A"
Lattice parameter (lx/5) = 3.51712114792138 A
print "Total Potential Energy (PE) = ${teng} eV"
Total Potential Energy (PE) = -2112.22099105334 eV
print "Number of atoms = ${natoms}"
Number of atoms = 500
print "Cohesive energy (PE/N) = ${eatom} eV"
Cohesive energy (PE/N) = -4.22444198210668 eV
print "Minimization completed."
Minimization completed.

write_data B3_9_minimized.data
System init for write_data ...
Total wall time: 0:00:00
