                                                        
                 _ _     _         ____                 
            __ _(_) |__ | |__  ___|___ \                
           / _` | | '_ \| '_ \/ __| __) |               
          | (_| | | |_) | |_) \__ \/ __/                
           \__, |_|_.__/|_.__/|___/_____|               
           |___/                                        
      GIBBS2: (p,t) thermodynamics of solids.           
                                                        
by A. Otero-de-la-Roza, V. Lua~na and D. Abbasi. 

If you find this software useful, please cite:
  * Comput. Phys. Commun. 182 (2011) 1708--1720 
These articles describe the strain polynomial fits:
  * Comput. Phys. Commun. 182 (2011) 2232--2248.
  * Comput. Theor. Chem. doi:10.1016/j.comptc.2011.03.050 
Empirical energy corrections: 
  * Phys. Rev. B 84 (2011) 024109 

Dedicated to the memory of Miguel Alvarez Blanco (1969--2010).

tictac -- 2025.12.26, 21:48:01.682

* Reading main input file
+ Initializing phase: BM3
  Reading data from file: Fe20Ni50Cr30.dat
  Interpretation of columns in the data file:
    Volume:   1
    Energy:   2

* Input 
  Title: Fe20Ni50Cr30
  Output file (lu= 2): stdout
  Units: output is in atomic units, except where noted.
  Number of atoms per primitive cell:   1
  Molecular mass (amu):       56.11430000
  Number of phases:   1
  Phase   1: BM3
  Polynomial fit mode: slatec
  Polynomial weight mode: gibbs2
  Max. polynomial degree: 12

* Pressure range examined
  Minimum p_max across all phases (GPa):       47.805
  Pressure range (GPa):        0.000 ->      500.000
  Number of pressure points:    100

** STATIC RUN **

* Calculating static properties on pressure grid
+ Phase  1 (BM3)
# Volumes per formula unit.
# xV indicates position of V on the volume grid (0 = beginning, 1 = end)
# Num    p(GPa)    V(bohr^3)    xV
     1     0.0000    69.4255  0.4738651
     2     5.0505    68.2216  0.4159078
     3    10.1010    67.1227  0.3630088
     4    15.1515    66.1123  0.3143701
     5    20.2020    65.1776  0.2693703
     6    25.2525    64.3081  0.2275154
     7    30.3030    63.4957  0.1884061
     8    35.3535    62.7335  0.1517148
     9    40.4040    62.0159  0.1171693
    10    45.4545    61.3382  0.0845412
    11    50.5051    60.6962  0.0536364
    12    55.5556    60.0866  0.0242891
    13    60.6061  -- minimum outside volume grid --
    14    65.6566  -- minimum outside volume grid --
    15    70.7071  -- minimum outside volume grid --
    16    75.7576  -- minimum outside volume grid --
    17    80.8081  -- minimum outside volume grid --
    18    85.8586  -- minimum outside volume grid --
    19    90.9091  -- minimum outside volume grid --
    20    95.9596  -- minimum outside volume grid --
    21   101.0101  -- minimum outside volume grid --
    22   106.0606  -- minimum outside volume grid --
    23   111.1111  -- minimum outside volume grid --
    24   116.1616  -- minimum outside volume grid --
    25   121.2121  -- minimum outside volume grid --
    26   126.2626  -- minimum outside volume grid --
    27   131.3131  -- minimum outside volume grid --
    28   136.3636  -- minimum outside volume grid --
    29   141.4141  -- minimum outside volume grid --
    30   146.4646  -- minimum outside volume grid --
    31   151.5152  -- minimum outside volume grid --
    32   156.5657  -- minimum outside volume grid --
    33   161.6162  -- minimum outside volume grid --
    34   166.6667  -- minimum outside volume grid --
    35   171.7172  -- minimum outside volume grid --
    36   176.7677  -- minimum outside volume grid --
    37   181.8182  -- minimum outside volume grid --
    38   186.8687  -- minimum outside volume grid --
    39   191.9192  -- minimum outside volume grid --
    40   196.9697  -- minimum outside volume grid --
    41   202.0202  -- minimum outside volume grid --
    42   207.0707  -- minimum outside volume grid --
    43   212.1212  -- minimum outside volume grid --
    44   217.1717  -- minimum outside volume grid --
    45   222.2222  -- minimum outside volume grid --
    46   227.2727  -- minimum outside volume grid --
    47   232.3232  -- minimum outside volume grid --
    48   237.3737  -- minimum outside volume grid --
    49   242.4242  -- minimum outside volume grid --
    50   247.4747  -- minimum outside volume grid --
    51   252.5253  -- minimum outside volume grid --
    52   257.5758  -- minimum outside volume grid --
    53   262.6263  -- minimum outside volume grid --
    54   267.6768  -- minimum outside volume grid --
    55   272.7273  -- minimum outside volume grid --
    56   277.7778  -- minimum outside volume grid --
    57   282.8283  -- minimum outside volume grid --
    58   287.8788  -- minimum outside volume grid --
    59   292.9293  -- minimum outside volume grid --
    60   297.9798  -- minimum outside volume grid --
    61   303.0303  -- minimum outside volume grid --
    62   308.0808  -- minimum outside volume grid --
    63   313.1313  -- minimum outside volume grid --
    64   318.1818  -- minimum outside volume grid --
    65   323.2323  -- minimum outside volume grid --
    66   328.2828  -- minimum outside volume grid --
    67   333.3333  -- minimum outside volume grid --
    68   338.3838  -- minimum outside volume grid --
    69   343.4343  -- minimum outside volume grid --
    70   348.4848  -- minimum outside volume grid --
    71   353.5354  -- minimum outside volume grid --
    72   358.5859  -- minimum outside volume grid --
    73   363.6364  -- minimum outside volume grid --
    74   368.6869  -- minimum outside volume grid --
    75   373.7374  -- minimum outside volume grid --
    76   378.7879  -- minimum outside volume grid --
    77   383.8384  -- minimum outside volume grid --
    78   388.8889  -- minimum outside volume grid --
    79   393.9394  -- minimum outside volume grid --
    80   398.9899  -- minimum outside volume grid --
    81   404.0404  -- minimum outside volume grid --
    82   409.0909  -- minimum outside volume grid --
    83   414.1414  -- minimum outside volume grid --
    84   419.1919  -- minimum outside volume grid --
    85   424.2424  -- minimum outside volume grid --
    86   429.2929  -- minimum outside volume grid --
    87   434.3434  -- minimum outside volume grid --
    88   439.3939  -- minimum outside volume grid --
    89   444.4444  -- minimum outside volume grid --
    90   449.4949  -- minimum outside volume grid --
    91   454.5455  -- minimum outside volume grid --
    92   459.5960  -- minimum outside volume grid --
    93   464.6465  -- minimum outside volume grid --
    94   469.6970  -- minimum outside volume grid --
    95   474.7475  -- minimum outside volume grid --
    96   479.7980  -- minimum outside volume grid --
    97   484.8485  -- minimum outside volume grid --
    98   489.8990  -- minimum outside volume grid --
    99   494.9495  -- minimum outside volume grid --
   100   500.0000  -- minimum outside volume grid --
* Phase information after initial setup
+ Phase  1 (BM3)
  Number of volume points:   19
  Number of vfree units (Z):        1.000
  p(V) input data? F
  Calculable pressure range for this phase (GPa):      -29.265 ->       47.805
  Number of interpolated fields :    0
  Input units: 
    Volume : bohr^3
    Energy : Ry
    Pressure : GPa
    Frequency : Hartree
    DOS energy : Hartree
  Output units are atomic units (Ha), except where noted.
  First/last volume (bohr^3):   5.958200000000E+01    8.035478000000E+01
  First/last energy (Ha):  -1.317905678500E+03   -1.317908179500E+03
  Poisson ratio (sigma):       0.250000
  Poisson function, f(sigma):       0.859949
  Correction of static energy: no correction
  Energy fit mode:   130103
  S(V) fit mode:   130510
  ThetaD(V) fit mode:   130510
  omega(V) fit mode:   130506
  Number of fixed fit parameters:   0
  Static equilibrium volume (bohr^3):        69.4254950168
  Static equilibrium energy (Ha):     -1317.9143854748
  Static equilibrium energy (kJ/mol):  -3460183.6918983641
  Static bulk modulus (GPa):      277.577182
  Static EOS fit, error RMS (Ha):   1.8452288E-06
  Static EOS fit, max|error| (Ha):   2.9353293E-06
  r2 of the fit:   9.999896292834E-01
  Akaike information criterion:  -4.357661363118E+02
  Bayesian information (Schwarz) criterion:  -4.310439414159E+02
  Temperature model: Debye, Td from static B(V).
  All data points are ACTIVE for dynamic calculations

  Fit to static E(V) data:
# Copy in file : Fe20Ni50Cr30.eos_static
# All extensive properties per formula unit.
#   p(GPa)           E(Ha)             H(Ha)     V(bohr^3)      V/V0   p_fit(GPa)   B(GPa)         Bp      Bpp(GPa-1)
      0.0000  -1.317914385E+03  -1.317914385E+03    69.4255  1.0000000     0.0000   277.5772    4.4924170  -1.6658E-02
      5.0505  -1.317914284E+03  -1.317902573E+03    68.2216  0.9826586     5.0505   300.0646    4.4146030  -1.4260E-02
     10.1010  -1.317914002E+03  -1.317890957E+03    67.1227  0.9668307    10.1010   322.1871    4.3474934  -1.2388E-02
     15.1515  -1.317913570E+03  -1.317879523E+03    66.1123  0.9522776    15.1515   343.9928    4.2888359  -1.0893E-02
     20.2020  -1.317913009E+03  -1.317868255E+03    65.1776  0.9388132    20.2020   365.5201    4.2369908  -9.6773E-03
     25.2525  -1.317912338E+03  -1.317857142E+03    64.3081  0.9262898    25.2525   386.8001    4.1907317  -8.6720E-03
     30.3030  -1.317911572E+03  -1.317846173E+03    63.4957  0.9145879    30.3030   407.8586    4.1491210  -7.8298E-03
     35.3535  -1.317910722E+03  -1.317835339E+03    62.7335  0.9036095    35.3535   428.7170    4.1114277  -7.1158E-03
     40.4040  -1.317909799E+03  -1.317824632E+03    62.0159  0.8932732    40.4040   449.3937    4.0770723  -6.5043E-03
     45.4545  -1.317908811E+03  -1.317814045E+03    61.3382  0.8835105    45.4545   469.9044    4.0455886  -5.9757E-03
     50.5051  -1.317907764E+03  -1.317803571E+03    60.6962  0.8742635    50.5051   490.2625    4.0165970  -5.5152E-03
     55.5556  -1.317906666E+03  -1.317793205E+03    60.0866  0.8654825    55.5556   510.4798    3.9897846  -5.1111E-03
# Polynomial fit to strain: 
# Degree :  3
#      p(x) = a_0 + a_1 * f(V) + ... + a_n * f(V)^n
# a_00 =  -1.317914344439E+03
# a_01 =   2.220053237976E-02
# a_02 =   3.008116162875E+00
# a_03 =   1.484118369721E+00
# V_scal (bohr^3) =   6.865625000000E+01
# p_scal (GPa) =       0.000000000000

* Computed Debye temperatures from static data
+ Phase BM3
# ThetaD at static eq. volume:     422.49
# V(bohr^3)  Tdebye(K)   Tdebye_slater(K)
    59.5820     876.09     876.09
    61.0352     838.23     838.23
    64.0120     766.30     766.30
    65.5360     732.09     732.09
    67.0840     698.97     698.97
    68.6562     666.86     666.86
    70.2528     635.71     635.71
    71.2226     617.46     617.46
    71.8740     605.47     605.47
    72.2012     599.53     599.53
    73.1887     581.89     581.89
    73.5199     576.07     576.07
    74.1852     564.54     564.54
    76.2053     530.64     530.64
    77.2289     514.08     514.08
    78.2617     497.75     497.75
    78.6080     492.35     492.35
    79.3036     481.64     481.64
    80.3548     465.75     465.75

* Temperature range examined
  Min_{DebyeT} (K):      465.745
  Temperature range (K):        0.000 ->      698.618
  Number of T points:    100

GIBBS2 ended successfully (  0 WARNINGS,   0 COMMENTS)

tictac -- 2025.12.26, 21:48:01.697

