read_data B3_10.data
Reading data file ...
  triclinic box = (0 0 0) to (17.245 17.245 17.245) with tilt (1.0559517e-15 1.0559517e-15 1.0559517e-15)
  1 by 1 by 1 MPI processor grid
  reading atoms ...
  500 atoms
  read_data CPU = 0.004 seconds

mass 1 58.6934  # Ni
mass 2 55.845   # Fe
mass 3 51.9961  # Cr

pair_style metatomic pet-mad-latest.pt device cpu

This is the PET-MAD v1.0.2 model
================================

A universal interatomic potential for advanced materials modeling

Model authors
-------------

- Arslan Mazitov (arslan.mazitov@epfl.ch)
- Filippo Bigi
- Matthias Kellner
- Paolo Pegolo
- Davide Tisi
- Guillaume Fraux
- Sergey Pozdnyakov
- Philip Loche
- Michele Ceriotti (michele.ceriotti@epfl.ch)

Model references
----------------

Please cite the following references when using this model:
- about this specific model:
  * http://arxiv.org/abs/2503.14118
- about the architecture of this model:
  * LLPR (uncertainty method):
    https://iopscience.iop.org/article/10.1088/2632-2153/ad805f
  * LPR (if using per-atom uncertainty):
    https://pubs.acs.org/doi/10.1021/acs.jctc.3c00704
  * https://arxiv.org/abs/2305.19302v3

WARNING: the model declared support for unknown device 'cuda', it will be ignored (src/ML-METATOMIC/pair_metatomic.cpp:216)
Running simulation on cpu device with float32 data
pair_coeff * * 28 26 24

neighbor 2.0 bin
neigh_modify delay 0 check yes
timestep 0.001

thermo 10
thermo_style custom step lx ly lz pe press fmax vol

# --- ЭТАПЫ МИНИМИЗАЦИИ ---
min_style cg
minimize 1.0e-8 1.0e-9 1000 5000

CITE-CITE-CITE-CITE-CITE-CITE-CITE-CITE-CITE-CITE-CITE-CITE-CITE

Your simulation uses code contributions which should be cited:

- LLPR (uncertainty method): https://iopscience.iop.org/article/10.1088/2632-2153/ad805f
- LPR (if using per-atom uncertainty): https://pubs.acs.org/doi/10.1021/acs.jctc.3c00704
- https://arxiv.org/abs/2305.19302v3
- http://arxiv.org/abs/2503.14118
CITE-CITE-CITE-CITE-CITE-CITE-CITE-CITE-CITE-CITE-CITE-CITE-CITE

Neighbor list info ...
  update: every = 1 steps, delay = 0 steps, check = yes
  max neighbors/atom: 2000, page size: 100000
  master list distance cutoff = 11
  ghost atom cutoff = 11
  binsize = 5.5, bins = 4 4 4
  1 neighbor lists, perpetual/occasional/extra = 1 0 0
  (1) pair metatomic, perpetual
      attributes: full, newton on, ghost
      pair build: full/bin/ghost
      stencil: full/ghost/bin/3d
      bin: standard
Per MPI rank memory allocation (min/avg/max) = 19.8 | 19.8 | 19.8 Mbytes
   Step           Lx             Ly             Lz           PotEng         Press           Fmax          Volume    
         0   17.245         17.245         17.245        -3991.8838      61496.285      1.1931686      5128.491     
        10   17.245         17.245         17.245        -3997.6228      63509.926      0.0068782121   5128.491     
        12   17.245         17.245         17.245        -3997.623       63510.937      0.0026591364   5128.491     
Loop time of 53.489 on 8 procs for 12 steps with 500 atoms

767.9% CPU use with 1 MPI tasks x 8 OpenMP threads

Minimization stats:
  Stopping criterion = energy tolerance
  Energy initial, next-to-last, final = 
      -3991.8837890625    -3997.623046875    -3997.623046875
  Force two-norm initial, final = 11.123775 0.025228612
  Force max component initial, final = 1.1931686 0.0026591364
  Final line search alpha, max atom move = 1 0.0026591364
  Iterations, force evaluations = 12 24

MPI task timing breakdown:
Section |  min time  |  avg time  |  max time  |%varavg| %total
---------------------------------------------------------------
Pair    | 53.488     | 53.488     | 53.488     |   0.0 |100.00
Neigh   | 0          | 0          | 0          |   0.0 |  0.00
Comm    | 0.00060262 | 0.00060262 | 0.00060262 |   0.0 |  0.00
Output  | 3.1591e-05 | 3.1591e-05 | 3.1591e-05 |   0.0 |  0.00
Modify  | 0          | 0          | 0          |   0.0 |  0.00
Other   |            | 0.0004597  |            |       |  0.00

Nlocal:            500 ave         500 max         500 min
Histogram: 1 0 0 0 0 0 0 0 0 0
Nghost:           5584 ave        5584 max        5584 min
Histogram: 1 0 0 0 0 0 0 0 0 0
Neighs:              0 ave           0 max           0 min
Histogram: 1 0 0 0 0 0 0 0 0 0
FullNghs:       277000 ave      277000 max      277000 min
Histogram: 1 0 0 0 0 0 0 0 0 0

Total # of neighbors = 277000
Ave neighs/atom = 554
Neighbor list builds = 0
Dangerous builds = 0

# Релаксация ячейки aniso
fix 1 all box/relax aniso 0.0 vmax 0.0001
min_style cg
minimize 1.0e-10 1.0e-11 1000 5000
WARNING: Energy due to 3 extra global DOFs will be included in minimizer energies
 (src/min.cpp:222)
Per MPI rank memory allocation (min/avg/max) = 19.8 | 19.8 | 19.8 Mbytes
   Step           Lx             Ly             Lz           PotEng         Press           Fmax          Volume    
        12   17.245         17.245         17.245        -3997.6228      63510.978      0.0026590889   5128.491     
        20   17.258796      17.257952      17.258268     -3998.0669      55982.5        0.010003418    5140.4004    
        30   17.276041      17.274025      17.274774     -3998.5432      46719.067      0.02219829     5155.255     
        40   17.293286      17.289928      17.291166     -3998.9333      37629.329      0.034591362    5170.0528    
        50   17.310531      17.305587      17.307392     -3999.238       28727.062      0.046478868    5184.7566    
        60   17.327776      17.320866      17.323359     -3999.46        20051.208      0.057797015    5199.2959    
        70   17.345021      17.335453      17.338853     -3999.6013      11693.385      0.068451479    5213.5119    
        80   17.362266      17.348305      17.353168     -3999.6675      3950.5476      0.078361496    5226.8764    
        90   17.378002      17.349441      17.359097     -3999.678       14.231586      0.082602292    5233.7438    
        91   17.378002      17.349441      17.359097     -3999.678       14.230065      0.082602262    5233.7438    
Loop time of 216.38 on 8 procs for 79 steps with 500 atoms

784.3% CPU use with 1 MPI tasks x 8 OpenMP threads

Minimization stats:
  Stopping criterion = linesearch alpha is zero
  Energy initial, next-to-last, final = 
     -3997.62280273438  -3999.67797851562  -3999.67797851562
  Force two-norm initial, final = 352.22935 0.94284227
  Force max component initial, final = 209.99689 0.46990614
  Final line search alpha, max atom move = 1.2988667e-08 6.1034542e-09
  Iterations, force evaluations = 79 96

MPI task timing breakdown:
Section |  min time  |  avg time  |  max time  |%varavg| %total
---------------------------------------------------------------
Pair    | 216.37     | 216.37     | 216.37     |   0.0 |100.00
Neigh   | 0          | 0          | 0          |   0.0 |  0.00
Comm    | 0.0018957  | 0.0018957  | 0.0018957  |   0.0 |  0.00
Output  | 0.00038759 | 0.00038759 | 0.00038759 |   0.0 |  0.00
Modify  | 0          | 0          | 0          |   0.0 |  0.00
Other   |            | 0.007302   |            |       |  0.00

Nlocal:            500 ave         500 max         500 min
Histogram: 1 0 0 0 0 0 0 0 0 0
Nghost:           5584 ave        5584 max        5584 min
Histogram: 1 0 0 0 0 0 0 0 0 0
Neighs:              0 ave           0 max           0 min
Histogram: 1 0 0 0 0 0 0 0 0 0
FullNghs:       276702 ave      276702 max      276702 min
Histogram: 1 0 0 0 0 0 0 0 0 0

Total # of neighbors = 276702
Ave neighs/atom = 553.404
Neighbor list builds = 0
Dangerous builds = 0
unfix 1

# Промежуточная минимизация атомов
min_style cg
minimize 1.0e-10 1.0e-11 1000 5000
Per MPI rank memory allocation (min/avg/max) = 19.8 | 19.8 | 19.8 Mbytes
   Step           Lx             Ly             Lz           PotEng         Press           Fmax          Volume    
        91   17.378002      17.349441      17.359097     -3999.678       14.23082       0.082602262    5233.7438    
        95   17.378002      17.349441      17.359097     -3999.7029      764.76325      0.007113114    5233.7438    
Loop time of 20.6561 on 8 procs for 4 steps with 500 atoms

786.9% CPU use with 1 MPI tasks x 8 OpenMP threads

Minimization stats:
  Stopping criterion = energy tolerance
  Energy initial, next-to-last, final = 
     -3999.67797851562  -3999.70288085938  -3999.70288085938
  Force two-norm initial, final = 0.76136572 0.039449625
  Force max component initial, final = 0.082602262 0.007113114
  Final line search alpha, max atom move = 1 0.007113114
  Iterations, force evaluations = 4 8

MPI task timing breakdown:
Section |  min time  |  avg time  |  max time  |%varavg| %total
---------------------------------------------------------------
Pair    | 20.656     | 20.656     | 20.656     |   0.0 |100.00
Neigh   | 0          | 0          | 0          |   0.0 |  0.00
Comm    | 0.00021762 | 0.00021762 | 0.00021762 |   0.0 |  0.00
Output  | 0          | 0          | 0          |   0.0 |  0.00
Modify  | 0          | 0          | 0          |   0.0 |  0.00
Other   |            | 0.0001735  |            |       |  0.00

Nlocal:            500 ave         500 max         500 min
Histogram: 1 0 0 0 0 0 0 0 0 0
Nghost:           5584 ave        5584 max        5584 min
Histogram: 1 0 0 0 0 0 0 0 0 0
Neighs:              0 ave           0 max           0 min
Histogram: 1 0 0 0 0 0 0 0 0 0
FullNghs:       273046 ave      273046 max      273046 min
Histogram: 1 0 0 0 0 0 0 0 0 0

Total # of neighbors = 273046
Ave neighs/atom = 546.092
Neighbor list builds = 0
Dangerous builds = 0

# Релаксация ячейки iso
fix 2 all box/relax iso 0.0 vmax 0.0001
min_style cg
minimize 1.0e-10 1.0e-11 1000 5000
WARNING: Energy due to 1 extra global DOFs will be included in minimizer energies
 (src/min.cpp:222)
Per MPI rank memory allocation (min/avg/max) = 19.8 | 19.8 | 19.8 Mbytes
   Step           Lx             Ly             Lz           PotEng         Press           Fmax          Volume    
        95   17.378002      17.349441      17.359097     -3999.7029      764.76371      0.0071112514   5233.7438    
        98   17.379582      17.351018      17.360675     -3999.7036     -36.581471      0.0047824234   5235.1712    
Loop time of 15.9205 on 8 procs for 3 steps with 500 atoms

784.7% CPU use with 1 MPI tasks x 8 OpenMP threads

Minimization stats:
  Stopping criterion = energy tolerance
  Energy initial, next-to-last, final = 
     -3999.70288085938  -3999.70361328125  -3999.70361328125
  Force two-norm initial, final = 7.4947413 0.35936793
  Force max component initial, final = 7.4946375 0.35856135
  Final line search alpha, max atom move = 0.060210487 0.021589153
  Iterations, force evaluations = 3 6

MPI task timing breakdown:
Section |  min time  |  avg time  |  max time  |%varavg| %total
---------------------------------------------------------------
Pair    | 15.92      | 15.92      | 15.92      |   0.0 |100.00
Neigh   | 0          | 0          | 0          |   0.0 |  0.00
Comm    | 0.00013579 | 0.00013579 | 0.00013579 |   0.0 |  0.00
Output  | 0          | 0          | 0          |   0.0 |  0.00
Modify  | 0          | 0          | 0          |   0.0 |  0.00
Other   |            | 0.0004893  |            |       |  0.00

Nlocal:            500 ave         500 max         500 min
Histogram: 1 0 0 0 0 0 0 0 0 0
Nghost:           5584 ave        5584 max        5584 min
Histogram: 1 0 0 0 0 0 0 0 0 0
Neighs:              0 ave           0 max           0 min
Histogram: 1 0 0 0 0 0 0 0 0 0
FullNghs:       272998 ave      272998 max      272998 min
Histogram: 1 0 0 0 0 0 0 0 0 0

Total # of neighbors = 272998
Ave neighs/atom = 545.996
Neighbor list builds = 0
Dangerous builds = 0
unfix 2

variable lat_const equal "lx/5"
variable eatom equal "pe/count(all)"
variable teng equal "pe"
variable natoms equal "count(all)"

print "Lattice parameter (lx/5) = ${lat_const} A"
Lattice parameter (lx/5) = 3.47591634485426 A
print "Total Potential Energy (PE) = ${teng} eV"
Total Potential Energy (PE) = -3999.70361328125 eV
print "Number of atoms = ${natoms}"
Number of atoms = 500
print "Cohesive energy (PE/N) = ${eatom} eV"
Cohesive energy (PE/N) = -7.9994072265625 eV
print "Minimization completed."
Minimization completed.

write_data B3_10_minimized.data
System init for write_data ...
Total wall time: 0:05:16
