read_data B3_5.data
Reading data file ...
  triclinic box = (0 0 0) to (17.245 17.245 17.245) with tilt (1.0559517e-15 1.0559517e-15 1.0559517e-15)
  1 by 1 by 1 MPI processor grid
  reading atoms ...
  500 atoms
  read_data CPU = 0.003 seconds

mass 1 58.6934  # Ni
mass 2 55.845   # Fe
mass 3 51.9961  # Cr

pair_style metatomic pet-mad-latest.pt device cpu

This is the PET-MAD v1.0.2 model
================================

A universal interatomic potential for advanced materials modeling

Model authors
-------------

- Arslan Mazitov (arslan.mazitov@epfl.ch)
- Filippo Bigi
- Matthias Kellner
- Paolo Pegolo
- Davide Tisi
- Guillaume Fraux
- Sergey Pozdnyakov
- Philip Loche
- Michele Ceriotti (michele.ceriotti@epfl.ch)

Model references
----------------

Please cite the following references when using this model:
- about this specific model:
  * http://arxiv.org/abs/2503.14118
- about the architecture of this model:
  * LLPR (uncertainty method):
    https://iopscience.iop.org/article/10.1088/2632-2153/ad805f
  * LPR (if using per-atom uncertainty):
    https://pubs.acs.org/doi/10.1021/acs.jctc.3c00704
  * https://arxiv.org/abs/2305.19302v3

WARNING: the model declared support for unknown device 'cuda', it will be ignored (src/ML-METATOMIC/pair_metatomic.cpp:216)
Running simulation on cpu device with float32 data
pair_coeff * * 28 26 24

neighbor 2.0 bin
neigh_modify delay 0 check yes
timestep 0.001

thermo 10
thermo_style custom step lx ly lz pe press fmax vol

# --- ЭТАПЫ МИНИМИЗАЦИИ ---
min_style cg
minimize 1.0e-8 1.0e-9 1000 5000

CITE-CITE-CITE-CITE-CITE-CITE-CITE-CITE-CITE-CITE-CITE-CITE-CITE

Your simulation uses code contributions which should be cited:

- LLPR (uncertainty method): https://iopscience.iop.org/article/10.1088/2632-2153/ad805f
- LPR (if using per-atom uncertainty): https://pubs.acs.org/doi/10.1021/acs.jctc.3c00704
- https://arxiv.org/abs/2305.19302v3
- http://arxiv.org/abs/2503.14118
CITE-CITE-CITE-CITE-CITE-CITE-CITE-CITE-CITE-CITE-CITE-CITE-CITE

Neighbor list info ...
  update: every = 1 steps, delay = 0 steps, check = yes
  max neighbors/atom: 2000, page size: 100000
  master list distance cutoff = 11
  ghost atom cutoff = 11
  binsize = 5.5, bins = 4 4 4
  1 neighbor lists, perpetual/occasional/extra = 1 0 0
  (1) pair metatomic, perpetual
      attributes: full, newton on, ghost
      pair build: full/bin/ghost
      stencil: full/ghost/bin/3d
      bin: standard
Per MPI rank memory allocation (min/avg/max) = 19.8 | 19.8 | 19.8 Mbytes
   Step           Lx             Ly             Lz           PotEng         Press           Fmax          Volume    
         0   17.245         17.245         17.245        -3994.2468      59777.074      1.5510004      5128.491     
        10   17.245         17.245         17.245        -4000.0752      62044.293      0.018740769    5128.491     
        12   17.245         17.245         17.245        -4000.0762      62044.254      0.0048807561   5128.491     
Loop time of 50.3986 on 8 procs for 12 steps with 500 atoms

764.9% CPU use with 1 MPI tasks x 8 OpenMP threads

Minimization stats:
  Stopping criterion = energy tolerance
  Energy initial, next-to-last, final = 
     -3994.24682617188    -4000.076171875    -4000.076171875
  Force two-norm initial, final = 11.120426 0.043664715
  Force max component initial, final = 1.5510004 0.0048807561
  Final line search alpha, max atom move = 1 0.0048807561
  Iterations, force evaluations = 12 23

MPI task timing breakdown:
Section |  min time  |  avg time  |  max time  |%varavg| %total
---------------------------------------------------------------
Pair    | 50.398     | 50.398     | 50.398     |   0.0 |100.00
Neigh   | 0          | 0          | 0          |   0.0 |  0.00
Comm    | 0.0005944  | 0.0005944  | 0.0005944  |   0.0 |  0.00
Output  | 7.7849e-05 | 7.7849e-05 | 7.7849e-05 |   0.0 |  0.00
Modify  | 0          | 0          | 0          |   0.0 |  0.00
Other   |            | 0.0004256  |            |       |  0.00

Nlocal:            500 ave         500 max         500 min
Histogram: 1 0 0 0 0 0 0 0 0 0
Nghost:           5584 ave        5584 max        5584 min
Histogram: 1 0 0 0 0 0 0 0 0 0
Neighs:              0 ave           0 max           0 min
Histogram: 1 0 0 0 0 0 0 0 0 0
FullNghs:       277000 ave      277000 max      277000 min
Histogram: 1 0 0 0 0 0 0 0 0 0

Total # of neighbors = 277000
Ave neighs/atom = 554
Neighbor list builds = 0
Dangerous builds = 0

# Релаксация ячейки aniso
fix 1 all box/relax aniso 0.0 vmax 0.0001
min_style cg
minimize 1.0e-10 1.0e-11 1000 5000
WARNING: Energy due to 3 extra global DOFs will be included in minimizer energies
 (src/min.cpp:222)
Per MPI rank memory allocation (min/avg/max) = 19.8 | 19.8 | 19.8 Mbytes
   Step           Lx             Ly             Lz           PotEng         Press           Fmax          Volume    
        12   17.245         17.245         17.245        -4000.0759      62044.227      0.0048824921   5128.491     
        20   17.258604      17.258548      17.258796     -4000.5186      54349.676      0.012277424    5140.6782    
        30   17.275573      17.275444      17.276041     -4000.9902      44867.65       0.028208751    5155.9168    
        40   17.292487      17.29228       17.293286     -4001.3726      35542.353      0.04372016     5171.1513    
        50   17.309318      17.309028      17.310531     -4001.6665      26373          0.057583373    5186.3645    
        60   17.326011      17.325627      17.327776     -4001.8735      17379.844      0.070559502    5201.5212    
        70   17.342411      17.341903      17.345021     -4001.9951      8612.7254      0.082639381    5216.5224    
        80   17.357414      17.356652      17.362266     -4002.0352      462.8059       0.093392342    5230.6709    
        83   17.356743      17.355672      17.364954     -4002.0356      287.63655      0.092407502    5230.9828    
Loop time of 163.127 on 8 procs for 71 steps with 500 atoms

783.4% CPU use with 1 MPI tasks x 8 OpenMP threads

Minimization stats:
  Stopping criterion = energy tolerance
  Energy initial, next-to-last, final = 
     -4000.07592773438  -4002.03564453125  -4002.03564453125
  Force two-norm initial, final = 343.99592 1.7856509
  Force max component initial, final = 200.6394 0.97891522
  Final line search alpha, max atom move = 0.00030326031 0.00029686613
  Iterations, force evaluations = 71 74

MPI task timing breakdown:
Section |  min time  |  avg time  |  max time  |%varavg| %total
---------------------------------------------------------------
Pair    | 163.12     | 163.12     | 163.12     |   0.0 |100.00
Neigh   | 0          | 0          | 0          |   0.0 |  0.00
Comm    | 0.0014396  | 0.0014396  | 0.0014396  |   0.0 |  0.00
Output  | 0.00038286 | 0.00038286 | 0.00038286 |   0.0 |  0.00
Modify  | 0          | 0          | 0          |   0.0 |  0.00
Other   |            | 0.005848   |            |       |  0.00

Nlocal:            500 ave         500 max         500 min
Histogram: 1 0 0 0 0 0 0 0 0 0
Nghost:           5584 ave        5584 max        5584 min
Histogram: 1 0 0 0 0 0 0 0 0 0
Neighs:              0 ave           0 max           0 min
Histogram: 1 0 0 0 0 0 0 0 0 0
FullNghs:       276694 ave      276694 max      276694 min
Histogram: 1 0 0 0 0 0 0 0 0 0

Total # of neighbors = 276694
Ave neighs/atom = 553.388
Neighbor list builds = 0
Dangerous builds = 0
unfix 1

# Промежуточная минимизация атомов
min_style cg
minimize 1.0e-10 1.0e-11 1000 5000
Per MPI rank memory allocation (min/avg/max) = 19.8 | 19.8 | 19.8 Mbytes
   Step           Lx             Ly             Lz           PotEng         Press           Fmax          Volume    
        83   17.356743      17.355672      17.364954     -4002.0356      287.6355       0.092407487    5230.9828    
        89   17.356743      17.355672      17.364954     -4002.0608      1067.9085      0.0016125515   5230.9828    
Loop time of 88.8375 on 8 procs for 6 steps with 500 atoms

786.0% CPU use with 1 MPI tasks x 8 OpenMP threads

Minimization stats:
  Stopping criterion = energy tolerance
  Energy initial, next-to-last, final = 
     -4002.03564453125  -4002.06079101562  -4002.06079101562
  Force two-norm initial, final = 0.75313983 0.017195846
  Force max component initial, final = 0.092407487 0.0016125515
  Final line search alpha, max atom move = 0.00012207031 1.9684467e-07
  Iterations, force evaluations = 6 38

MPI task timing breakdown:
Section |  min time  |  avg time  |  max time  |%varavg| %total
---------------------------------------------------------------
Pair    | 88.836     | 88.836     | 88.836     |   0.0 |100.00
Neigh   | 0          | 0          | 0          |   0.0 |  0.00
Comm    | 0.00093635 | 0.00093635 | 0.00093635 |   0.0 |  0.00
Output  | 0          | 0          | 0          |   0.0 |  0.00
Modify  | 0          | 0          | 0          |   0.0 |  0.00
Other   |            | 0.0006265  |            |       |  0.00

Nlocal:            500 ave         500 max         500 min
Histogram: 1 0 0 0 0 0 0 0 0 0
Nghost:           5584 ave        5584 max        5584 min
Histogram: 1 0 0 0 0 0 0 0 0 0
Neighs:              0 ave           0 max           0 min
Histogram: 1 0 0 0 0 0 0 0 0 0
FullNghs:       273140 ave      273140 max      273140 min
Histogram: 1 0 0 0 0 0 0 0 0 0

Total # of neighbors = 273140
Ave neighs/atom = 546.28
Neighbor list builds = 0
Dangerous builds = 0

# Релаксация ячейки iso
fix 2 all box/relax iso 0.0 vmax 0.0001
min_style cg
minimize 1.0e-10 1.0e-11 1000 5000
WARNING: Energy due to 1 extra global DOFs will be included in minimizer energies
 (src/min.cpp:222)
Per MPI rank memory allocation (min/avg/max) = 19.8 | 19.8 | 19.8 Mbytes
   Step           Lx             Ly             Lz           PotEng         Press           Fmax          Volume    
        89   17.356743      17.355672      17.364954     -4002.061       1067.9079      0.0016132332   5230.9828    
        90   17.358478      17.357408      17.36669      -4002.0618      169.44402      0.0019058287   5232.5522    
        91   17.358806      17.357735      17.367018     -4002.0618      0.065924334    0.0021327436   5232.8486    
Loop time of 9.26872 on 8 procs for 2 steps with 500 atoms

792.9% CPU use with 1 MPI tasks x 8 OpenMP threads

Minimization stats:
  Stopping criterion = energy tolerance
  Energy initial, next-to-last, final = 
     -4002.06103515625  -4002.06176757812  -4002.06176757812
  Force two-norm initial, final = 10.459925 0.019942456
  Force max component initial, final = 10.459911 0.0021327436
  Final line search alpha, max atom move = 6.0241073e-05 1.2847876e-07
  Iterations, force evaluations = 2 3

MPI task timing breakdown:
Section |  min time  |  avg time  |  max time  |%varavg| %total
---------------------------------------------------------------
Pair    | 9.2683     | 9.2683     | 9.2683     |   0.0 |100.00
Neigh   | 0          | 0          | 0          |   0.0 |  0.00
Comm    | 7.6774e-05 | 7.6774e-05 | 7.6774e-05 |   0.0 |  0.00
Output  | 7.7135e-05 | 7.7135e-05 | 7.7135e-05 |   0.0 |  0.00
Modify  | 0          | 0          | 0          |   0.0 |  0.00
Other   |            | 0.0003062  |            |       |  0.00

Nlocal:            500 ave         500 max         500 min
Histogram: 1 0 0 0 0 0 0 0 0 0
Nghost:           5584 ave        5584 max        5584 min
Histogram: 1 0 0 0 0 0 0 0 0 0
Neighs:              0 ave           0 max           0 min
Histogram: 1 0 0 0 0 0 0 0 0 0
FullNghs:       273072 ave      273072 max      273072 min
Histogram: 1 0 0 0 0 0 0 0 0 0

Total # of neighbors = 273072
Ave neighs/atom = 546.144
Neighbor list builds = 0
Dangerous builds = 0
unfix 2

variable lat_const equal "lx/5"
variable eatom equal "pe/count(all)"
variable teng equal "pe"
variable natoms equal "count(all)"

print "Lattice parameter (lx/5) = ${lat_const} A"
Lattice parameter (lx/5) = 3.47176119202894 A
print "Total Potential Energy (PE) = ${teng} eV"
Total Potential Energy (PE) = -4002.06176757812 eV
print "Number of atoms = ${natoms}"
Number of atoms = 500
print "Cohesive energy (PE/N) = ${eatom} eV"
Cohesive energy (PE/N) = -8.00412353515625 eV
print "Minimization completed."
Minimization completed.

write_data B3_5_minimized.data
System init for write_data ...
Total wall time: 0:05:21
