read_data B3_6.data
Reading data file ...
  triclinic box = (0 0 0) to (17.245 17.245 17.245) with tilt (1.0559517e-15 1.0559517e-15 1.0559517e-15)
  1 by 1 by 1 MPI processor grid
  reading atoms ...
  500 atoms
  read_data CPU = 0.018 seconds

mass 1 58.6934  # Ni
mass 2 55.845   # Fe
mass 3 51.9961  # Cr

pair_style metatomic pet-mad-latest.pt device cpu

This is the PET-MAD v1.0.2 model
================================

A universal interatomic potential for advanced materials modeling

Model authors
-------------

- Arslan Mazitov (arslan.mazitov@epfl.ch)
- Filippo Bigi
- Matthias Kellner
- Paolo Pegolo
- Davide Tisi
- Guillaume Fraux
- Sergey Pozdnyakov
- Philip Loche
- Michele Ceriotti (michele.ceriotti@epfl.ch)

Model references
----------------

Please cite the following references when using this model:
- about this specific model:
  * http://arxiv.org/abs/2503.14118
- about the architecture of this model:
  * LLPR (uncertainty method):
    https://iopscience.iop.org/article/10.1088/2632-2153/ad805f
  * LPR (if using per-atom uncertainty):
    https://pubs.acs.org/doi/10.1021/acs.jctc.3c00704
  * https://arxiv.org/abs/2305.19302v3

WARNING: the model declared support for unknown device 'cuda', it will be ignored (src/ML-METATOMIC/pair_metatomic.cpp:216)
Running simulation on cpu device with float32 data
pair_coeff * * 28 26 24

neighbor 2.0 bin
neigh_modify delay 0 check yes
timestep 0.001

thermo 10
thermo_style custom step lx ly lz pe press fmax vol

# --- ЭТАПЫ МИНИМИЗАЦИИ ---
min_style cg
minimize 1.0e-8 1.0e-9 1000 5000

CITE-CITE-CITE-CITE-CITE-CITE-CITE-CITE-CITE-CITE-CITE-CITE-CITE

Your simulation uses code contributions which should be cited:

- LLPR (uncertainty method): https://iopscience.iop.org/article/10.1088/2632-2153/ad805f
- LPR (if using per-atom uncertainty): https://pubs.acs.org/doi/10.1021/acs.jctc.3c00704
- https://arxiv.org/abs/2305.19302v3
- http://arxiv.org/abs/2503.14118
CITE-CITE-CITE-CITE-CITE-CITE-CITE-CITE-CITE-CITE-CITE-CITE-CITE

Neighbor list info ...
  update: every = 1 steps, delay = 0 steps, check = yes
  max neighbors/atom: 2000, page size: 100000
  master list distance cutoff = 11
  ghost atom cutoff = 11
  binsize = 5.5, bins = 4 4 4
  1 neighbor lists, perpetual/occasional/extra = 1 0 0
  (1) pair metatomic, perpetual
      attributes: full, newton on, ghost
      pair build: full/bin/ghost
      stencil: full/ghost/bin/3d
      bin: standard
Per MPI rank memory allocation (min/avg/max) = 19.8 | 19.8 | 19.8 Mbytes
   Step           Lx             Ly             Lz           PotEng         Press           Fmax          Volume    
         0   17.245         17.245         17.245        -3995.6208      59920.908      1.0958836      5128.491     
        10   17.245         17.245         17.245        -4001.322       62002.298      0.040081307    5128.491     
        17   17.245         17.245         17.245        -4001.3267      61998.915      0.0041983575   5128.491     
Loop time of 142.775 on 8 procs for 17 steps with 500 atoms

776.0% CPU use with 1 MPI tasks x 8 OpenMP threads

Minimization stats:
  Stopping criterion = linesearch alpha is zero
  Energy initial, next-to-last, final = 
     -3995.62084960938  -4001.32666015625  -4001.32666015625
  Force two-norm initial, final = 11.245499 0.025357232
  Force max component initial, final = 1.0958836 0.0041983575
  Final line search alpha, max atom move = 1.5258789e-05 6.4061851e-08
  Iterations, force evaluations = 17 65

MPI task timing breakdown:
Section |  min time  |  avg time  |  max time  |%varavg| %total
---------------------------------------------------------------
Pair    | 142.77     | 142.77     | 142.77     |   0.0 |100.00
Neigh   | 0          | 0          | 0          |   0.0 |  0.00
Comm    | 0.0015921  | 0.0015921  | 0.0015921  |   0.0 |  0.00
Output  | 3.4548e-05 | 3.4548e-05 | 3.4548e-05 |   0.0 |  0.00
Modify  | 0          | 0          | 0          |   0.0 |  0.00
Other   |            | 0.001068   |            |       |  0.00

Nlocal:            500 ave         500 max         500 min
Histogram: 1 0 0 0 0 0 0 0 0 0
Nghost:           5584 ave        5584 max        5584 min
Histogram: 1 0 0 0 0 0 0 0 0 0
Neighs:              0 ave           0 max           0 min
Histogram: 1 0 0 0 0 0 0 0 0 0
FullNghs:       277000 ave      277000 max      277000 min
Histogram: 1 0 0 0 0 0 0 0 0 0

Total # of neighbors = 277000
Ave neighs/atom = 554
Neighbor list builds = 0
Dangerous builds = 0

# Релаксация ячейки aniso
fix 1 all box/relax aniso 0.0 vmax 0.0001
min_style cg
minimize 1.0e-10 1.0e-11 1000 5000
WARNING: Energy due to 3 extra global DOFs will be included in minimizer energies
 (src/min.cpp:222)
Per MPI rank memory allocation (min/avg/max) = 19.8 | 19.8 | 19.8 Mbytes
   Step           Lx             Ly             Lz           PotEng         Press           Fmax          Volume    
        17   17.245         17.245         17.245        -4001.3262      61998.95       0.0041977093   5128.491     
        20   17.250174      17.250162      17.249998     -4001.4985      59110.061      0.0041638762   5133.0524    
        30   17.267419      17.267367      17.266613     -4002.0144      49576.293      0.014224892    5148.2625    
        40   17.284664      17.284571      17.283136     -4002.4407      40191.009      0.024523996    5163.4751    
        50   17.301909      17.301775      17.299529     -4002.7783      30960.537      0.034841634    5178.6788    
        60   17.319154      17.31898       17.315721     -4003.0286      21891.808      0.045284703    5193.8518    
        70   17.336399      17.336189      17.331542     -4003.1929      13009.238      0.055315245    5208.9444    
        80   17.353644      17.353417      17.346373     -4003.2742      4424.495       0.064464509    5223.7737    
        88   17.364501      17.364335      17.350273     -4003.2854      0.021199254    0.068268456    5231.5065    
Loop time of 198.592 on 8 procs for 71 steps with 500 atoms

779.9% CPU use with 1 MPI tasks x 8 OpenMP threads

Minimization stats:
  Stopping criterion = linesearch alpha is zero
  Energy initial, next-to-last, final = 
       -4001.326171875  -4003.28540039062  -4003.28540039062
  Force two-norm initial, final = 343.77648 0.98966309
  Force max component initial, final = 200.84695 0.52384502
  Final line search alpha, max atom move = 1.1651336e-08 6.1034942e-09
  Iterations, force evaluations = 71 85

MPI task timing breakdown:
Section |  min time  |  avg time  |  max time  |%varavg| %total
---------------------------------------------------------------
Pair    | 198.58     | 198.58     | 198.58     |   0.0 |100.00
Neigh   | 0          | 0          | 0          |   0.0 |  0.00
Comm    | 0.0017781  | 0.0017781  | 0.0017781  |   0.0 |  0.00
Output  | 0.00054584 | 0.00054584 | 0.00054584 |   0.0 |  0.00
Modify  | 0          | 0          | 0          |   0.0 |  0.00
Other   |            | 0.006426   |            |       |  0.00

Nlocal:            500 ave         500 max         500 min
Histogram: 1 0 0 0 0 0 0 0 0 0
Nghost:           5584 ave        5584 max        5584 min
Histogram: 1 0 0 0 0 0 0 0 0 0
Neighs:              0 ave           0 max           0 min
Histogram: 1 0 0 0 0 0 0 0 0 0
FullNghs:       276728 ave      276728 max      276728 min
Histogram: 1 0 0 0 0 0 0 0 0 0

Total # of neighbors = 276728
Ave neighs/atom = 553.456
Neighbor list builds = 0
Dangerous builds = 0
unfix 1

# Промежуточная минимизация атомов
min_style cg
minimize 1.0e-10 1.0e-11 1000 5000
Per MPI rank memory allocation (min/avg/max) = 19.8 | 19.8 | 19.8 Mbytes
   Step           Lx             Ly             Lz           PotEng         Press           Fmax          Volume    
        88   17.364501      17.364335      17.350273     -4003.2854      0.019982305    0.068268448    5231.5065    
        90   17.364501      17.364335      17.350273     -4003.3098      677.25486      0.022065263    5231.5065    
        93   17.364501      17.364335      17.350273     -4003.3115      780.80741      0.0064677894   5231.5065    
Loop time of 25.5565 on 8 procs for 5 steps with 500 atoms

778.7% CPU use with 1 MPI tasks x 8 OpenMP threads

Minimization stats:
  Stopping criterion = energy tolerance
  Energy initial, next-to-last, final = 
     -4003.28540039062   -4003.3115234375   -4003.3115234375
  Force two-norm initial, final = 0.75360027 0.035620846
  Force max component initial, final = 0.068268448 0.0064677894
  Final line search alpha, max atom move = 1 0.0064677894
  Iterations, force evaluations = 5 10

MPI task timing breakdown:
Section |  min time  |  avg time  |  max time  |%varavg| %total
---------------------------------------------------------------
Pair    | 25.556     | 25.556     | 25.556     |   0.0 |100.00
Neigh   | 0          | 0          | 0          |   0.0 |  0.00
Comm    | 0.00027656 | 0.00027656 | 0.00027656 |   0.0 |  0.00
Output  | 7.1899e-05 | 7.1899e-05 | 7.1899e-05 |   0.0 |  0.00
Modify  | 0          | 0          | 0          |   0.0 |  0.00
Other   |            | 0.0002545  |            |       |  0.00

Nlocal:            500 ave         500 max         500 min
Histogram: 1 0 0 0 0 0 0 0 0 0
Nghost:           5584 ave        5584 max        5584 min
Histogram: 1 0 0 0 0 0 0 0 0 0
Neighs:              0 ave           0 max           0 min
Histogram: 1 0 0 0 0 0 0 0 0 0
FullNghs:       273168 ave      273168 max      273168 min
Histogram: 1 0 0 0 0 0 0 0 0 0

Total # of neighbors = 273168
Ave neighs/atom = 546.336
Neighbor list builds = 0
Dangerous builds = 0

# Релаксация ячейки iso
fix 2 all box/relax iso 0.0 vmax 0.0001
min_style cg
minimize 1.0e-10 1.0e-11 1000 5000
WARNING: Energy due to 1 extra global DOFs will be included in minimizer energies
 (src/min.cpp:222)
Per MPI rank memory allocation (min/avg/max) = 19.8 | 19.8 | 19.8 Mbytes
   Step           Lx             Ly             Lz           PotEng         Press           Fmax          Volume    
        93   17.364501      17.364335      17.350273     -4003.3115      780.80897      0.0064678192   5231.5065    
        95   17.366164      17.365998      17.351935     -4003.312      -76.517978      0.0058821589   5233.0095    
Loop time of 11.8375 on 8 procs for 2 steps with 500 atoms

776.6% CPU use with 1 MPI tasks x 8 OpenMP threads

Minimization stats:
  Stopping criterion = energy tolerance
  Energy initial, next-to-last, final = 
      -4003.3115234375  -4003.31201171875  -4003.31201171875
  Force two-norm initial, final = 7.648692 0.75064822
  Force max component initial, final = 7.648609 0.7496945
  Final line search alpha, max atom move = 0.050345219 0.037743534
  Iterations, force evaluations = 2 4

MPI task timing breakdown:
Section |  min time  |  avg time  |  max time  |%varavg| %total
---------------------------------------------------------------
Pair    | 11.837     | 11.837     | 11.837     |   0.0 |100.00
Neigh   | 0          | 0          | 0          |   0.0 |  0.00
Comm    | 9.9112e-05 | 9.9112e-05 | 9.9112e-05 |   0.0 |  0.00
Output  | 0          | 0          | 0          |   0.0 |  0.00
Modify  | 0          | 0          | 0          |   0.0 |  0.00
Other   |            | 0.0004316  |            |       |  0.00

Nlocal:            500 ave         500 max         500 min
Histogram: 1 0 0 0 0 0 0 0 0 0
Nghost:           5584 ave        5584 max        5584 min
Histogram: 1 0 0 0 0 0 0 0 0 0
Neighs:              0 ave           0 max           0 min
Histogram: 1 0 0 0 0 0 0 0 0 0
FullNghs:       273144 ave      273144 max      273144 min
Histogram: 1 0 0 0 0 0 0 0 0 0

Total # of neighbors = 273144
Ave neighs/atom = 546.288
Neighbor list builds = 0
Dangerous builds = 0
unfix 2

variable lat_const equal "lx/5"
variable eatom equal "pe/count(all)"
variable teng equal "pe"
variable natoms equal "count(all)"

print "Lattice parameter (lx/5) = ${lat_const} A"
Lattice parameter (lx/5) = 3.47323274450693 A
print "Total Potential Energy (PE) = ${teng} eV"
Total Potential Energy (PE) = -4003.31201171875 eV
print "Number of atoms = ${natoms}"
Number of atoms = 500
print "Cohesive energy (PE/N) = ${eatom} eV"
Cohesive energy (PE/N) = -8.0066240234375 eV
print "Minimization completed."
Minimization completed.

write_data B3_6_minimized.data
System init for write_data ...
Total wall time: 0:06:28
