read_data B1_10.data
Reading data file ...
  triclinic box = (0 0 0) to (17.6 17.6 17.6) with tilt (1.0776892e-15 1.0776892e-15 1.0776892e-15)
  1 by 2 by 2 MPI processor grid
  reading atoms ...
  500 atoms
  read_data CPU = 0.010 seconds

mass 1 58.6934  # Ni
mass 2 55.845   # Fe
mass 3 51.9961  # Cr

pair_style eam/alloy
pair_coeff * * FeNiCr_bonny.eam.alloy Ni Fe Cr

neighbor 2.0 bin
neigh_modify delay 0 check yes
timestep 0.001

thermo 10
thermo_style custom step lx ly lz pe press fmax vol

# --- ЭТАПЫ МИНИМИЗАЦИИ ---
min_style cg
minimize 1.0e-8 1.0e-9 1000 5000

CITE-CITE-CITE-CITE-CITE-CITE-CITE-CITE-CITE-CITE-CITE-CITE-CITE

Your simulation uses code contributions which should be cited:

- Type Label Framework: https://doi.org/10.1021/acs.jpcb.3c08419

@Article{Gissinger24,
 author = {Jacob R. Gissinger, Ilia Nikiforov, Yaser Afshar, Brendon Waters, Moon-ki Choi, Daniel S. Karls, Alexander Stukowski, Wonpil Im, Hendrik Heinz, Axel Kohlmeyer, and Ellad B. Tadmor},
 title = {Type Label Framework for Bonded Force Fields in LAMMPS},
 journal = {J. Phys. Chem. B},
 year =    2024,
 volume =  128,
 number =  13,
 pages =   {3282–-3297}
}

CITE-CITE-CITE-CITE-CITE-CITE-CITE-CITE-CITE-CITE-CITE-CITE-CITE

Neighbor list info ...
  update: every = 1 steps, delay = 0 steps, check = yes
  max neighbors/atom: 2000, page size: 100000
  master list distance cutoff = 7.6
  ghost atom cutoff = 7.6
  binsize = 3.8, bins = 5 5 5
  1 neighbor lists, perpetual/occasional/extra = 1 0 0
  (1) pair eam/alloy, perpetual
      attributes: half, newton on
      pair build: half/bin/atomonly/newton/tri
      stencil: half/bin/3d/tri
      bin: standard
Per MPI rank memory allocation (min/avg/max) = 4.524 | 4.524 | 4.524 Mbytes
   Step           Lx             Ly             Lz           PotEng         Press           Fmax          Volume    
         0   17.6           17.6           17.6          -2094.2447      5604.2178      0.69569555     5451.776     
        10   17.6           17.6           17.6          -2097.072       4796.0792      0.0094409973   5451.776     
        17   17.6           17.6           17.6          -2097.0734      4805.179       0.0010954177   5451.776     
Loop time of 0.0420879 on 4 procs for 17 steps with 500 atoms

79.6% CPU use with 4 MPI tasks x 1 OpenMP threads

Minimization stats:
  Stopping criterion = energy tolerance
  Energy initial, next-to-last, final = 
     -2094.24465144553  -2097.07335479491  -2097.07336659909
  Force two-norm initial, final = 8.8051926 0.011103656
  Force max component initial, final = 0.69569555 0.0010954177
  Final line search alpha, max atom move = 1 0.0010954177
  Iterations, force evaluations = 17 34

MPI task timing breakdown:
Section |  min time  |  avg time  |  max time  |%varavg| %total
---------------------------------------------------------------
Pair    | 0.037621   | 0.037759   | 0.037855   |   0.0 | 89.72
Neigh   | 0          | 0          | 0          |   0.0 |  0.00
Comm    | 0.0025299  | 0.0026005  | 0.0026624  |   0.1 |  6.18
Output  | 2.4071e-05 | 3.6265e-05 | 7.2669e-05 |   0.0 |  0.09
Modify  | 0          | 0          | 0          |   0.0 |  0.00
Other   |            | 0.001692   |            |       |  4.02

Nlocal:            125 ave         145 max         105 min
Histogram: 1 0 0 0 0 2 0 0 0 1
Nghost:           1737 ave        1757 max        1717 min
Histogram: 1 0 0 0 0 2 0 0 0 1
Neighs:          11000 ave       12818 max        9221 min
Histogram: 1 0 0 0 2 0 0 0 0 1

Total # of neighbors = 44000
Ave neighs/atom = 88
Neighbor list builds = 0
Dangerous builds = 0

# Релаксация ячейки aniso
fix 1 all box/relax aniso 0.0 vmax 0.0001
min_style cg
minimize 1.0e-10 1.0e-11 1000 5000
WARNING: Energy due to 3 extra global DOFs will be included in minimizer energies
 (src/min.cpp:219)
Per MPI rank memory allocation (min/avg/max) = 4.524 | 4.524 | 4.524 Mbytes
   Step           Lx             Ly             Lz           PotEng         Press           Fmax          Volume    
        17   17.6           17.6           17.6          -2097.0734      4805.179       0.0010954177   5451.776     
        20   17.60528       17.604812      17.604526     -2097.0847      3215.4196      0.0036703864   5456.3052    
        30   17.622018      17.613723      17.609219     -2097.0945     -47.545149      0.011626356    5465.7139    
        40   17.623661      17.613738      17.608273     -2097.0951     -4.1330495      0.0022361124   5465.9346    
        48   17.623743      17.613719      17.608438     -2097.0951     -0.07832748     0.0010385261   5466.0051    
Loop time of 0.0796021 on 4 procs for 31 steps with 500 atoms

69.1% CPU use with 4 MPI tasks x 1 OpenMP threads

Minimization stats:
  Stopping criterion = energy tolerance
  Energy initial, next-to-last, final = 
     -2097.07336659909   -2097.0951415997  -2097.09514179321
  Force two-norm initial, final = 28.365843 0.011936379
  Force max component initial, final = 17.56432 0.0035598078
  Final line search alpha, max atom move = 0.0035791818 1.27412e-05
  Iterations, force evaluations = 31 48

MPI task timing breakdown:
Section |  min time  |  avg time  |  max time  |%varavg| %total
---------------------------------------------------------------
Pair    | 0.051604   | 0.057252   | 0.063035   |   2.2 | 71.92
Neigh   | 0          | 0          | 0          |   0.0 |  0.00
Comm    | 0.0094694  | 0.016225   | 0.022472   |   4.7 | 20.38
Output  | 0.00021898 | 0.00025408 | 0.00035811 |   0.0 |  0.32
Modify  | 0          | 0          | 0          |   0.0 |  0.00
Other   |            | 0.005871   |            |       |  7.38

Nlocal:            125 ave         143 max         106 min
Histogram: 1 0 0 0 0 2 0 0 0 1
Nghost:           1737 ave        1756 max        1719 min
Histogram: 1 0 0 0 2 0 0 0 0 1
Neighs:          11000 ave       12623 max        9354 min
Histogram: 1 0 0 0 1 1 0 0 0 1

Total # of neighbors = 44000
Ave neighs/atom = 88
Neighbor list builds = 0
Dangerous builds = 0
unfix 1

# Промежуточная минимизация атомов
min_style cg
minimize 1.0e-10 1.0e-11 1000 5000
Per MPI rank memory allocation (min/avg/max) = 4.524 | 4.524 | 4.524 Mbytes
   Step           Lx             Ly             Lz           PotEng         Press           Fmax          Volume    
        48   17.623743      17.613719      17.608438     -2097.0951     -0.07832748     0.0010385261   5466.0051    
        50   17.623743      17.613719      17.608438     -2097.0952     -0.55722743     0.00072802282  5466.0051    
        57   17.623743      17.613719      17.608438     -2097.0952      2.6472891      8.4976981e-05  5466.0051    
Loop time of 0.014964 on 4 procs for 9 steps with 500 atoms

81.0% CPU use with 4 MPI tasks x 1 OpenMP threads

Minimization stats:
  Stopping criterion = energy tolerance
  Energy initial, next-to-last, final = 
     -2097.09514179321  -2097.09516222471  -2097.09516234601
  Force two-norm initial, final = 0.011223462 0.0010782858
  Force max component initial, final = 0.0010385261 8.4976981e-05
  Final line search alpha, max atom move = 1 8.4976981e-05
  Iterations, force evaluations = 9 18

MPI task timing breakdown:
Section |  min time  |  avg time  |  max time  |%varavg| %total
---------------------------------------------------------------
Pair    | 0.012863   | 0.012917   | 0.013002   |   0.1 | 86.32
Neigh   | 0          | 0          | 0          |   0.0 |  0.00
Comm    | 0.0011328  | 0.0012468  | 0.0013538  |   0.2 |  8.33
Output  | 2.6626e-05 | 4.1649e-05 | 8.4676e-05 |   0.0 |  0.28
Modify  | 0          | 0          | 0          |   0.0 |  0.00
Other   |            | 0.000759   |            |       |  5.07

Nlocal:            125 ave         144 max         105 min
Histogram: 1 0 0 0 0 2 0 0 0 1
Nghost:           1737 ave        1757 max        1718 min
Histogram: 1 0 0 0 2 0 0 0 0 1
Neighs:          11000 ave       12706 max        9271 min
Histogram: 1 0 0 0 1 1 0 0 0 1

Total # of neighbors = 44000
Ave neighs/atom = 88
Neighbor list builds = 0
Dangerous builds = 0

# Релаксация ячейки iso
fix 2 all box/relax iso 0.0 vmax 0.0001
min_style cg
minimize 1.0e-10 1.0e-11 1000 5000
WARNING: Energy due to 1 extra global DOFs will be included in minimizer energies
 (src/min.cpp:219)
Per MPI rank memory allocation (min/avg/max) = 4.524 | 4.524 | 4.524 Mbytes
   Step           Lx             Ly             Lz           PotEng         Press           Fmax          Volume    
        57   17.623743      17.613719      17.608438     -2097.0952      2.6472891      8.4976982e-05  5466.0051    
        58   17.623751      17.613727      17.608446     -2097.0952     -0.0064735814   8.4564536e-05  5466.0128    
Loop time of 0.0019054 on 4 procs for 1 steps with 500 atoms

75.8% CPU use with 4 MPI tasks x 1 OpenMP threads

Minimization stats:
  Stopping criterion = energy tolerance
  Energy initial, next-to-last, final = 
     -2097.09516234601  -2097.09516234601  -2097.09516235236
  Force two-norm initial, final = 0.02711602 0.0010768638
  Force max component initial, final = 0.027094573 8.4564536e-05
  Final line search alpha, max atom move = 0.0036907761 3.1210877e-07
  Iterations, force evaluations = 1 2

MPI task timing breakdown:
Section |  min time  |  avg time  |  max time  |%varavg| %total
---------------------------------------------------------------
Pair    | 0.0015882  | 0.0015914  | 0.001593   |   0.0 | 83.52
Neigh   | 0          | 0          | 0          |   0.0 |  0.00
Comm    | 0.00012931 | 0.00013179 | 0.00013546 |   0.0 |  6.92
Output  | 0          | 0          | 0          |   0.0 |  0.00
Modify  | 0          | 0          | 0          |   0.0 |  0.00
Other   |            | 0.0001822  |            |       |  9.56

Nlocal:            125 ave         144 max         105 min
Histogram: 1 0 0 0 0 2 0 0 0 1
Nghost:           1737 ave        1757 max        1718 min
Histogram: 1 0 0 0 2 0 0 0 0 1
Neighs:          11000 ave       12706 max        9271 min
Histogram: 1 0 0 0 1 1 0 0 0 1

Total # of neighbors = 44000
Ave neighs/atom = 88
Neighbor list builds = 0
Dangerous builds = 0
unfix 2

variable lat_const equal "lx/5"
variable eatom equal "pe/count(all)"
variable teng equal "pe"
variable natoms equal "count(all)"

print "Lattice parameter (lx/5) = ${lat_const} A"
Lattice parameter (lx/5) = 3.52475016306177 A
print "Total Potential Energy (PE) = ${teng} eV"
Total Potential Energy (PE) = -2097.09516235236 eV
print "Number of atoms = ${natoms}"
Number of atoms = 500
print "Cohesive energy (PE/N) = ${eatom} eV"
Cohesive energy (PE/N) = -4.19419032470472 eV
print "Minimization completed."
Minimization completed.

write_data B1_10_minimized.data
System init for write_data ...
Total wall time: 0:00:00
