read_data B1_5.data
Reading data file ...
  triclinic box = (0 0 0) to (17.6 17.6 17.6) with tilt (1.0776892e-15 1.0776892e-15 1.0776892e-15)
  1 by 2 by 2 MPI processor grid
  reading atoms ...
  500 atoms
  read_data CPU = 0.011 seconds

mass 1 58.6934  # Ni
mass 2 55.845   # Fe
mass 3 51.9961  # Cr

pair_style eam/alloy
pair_coeff * * FeNiCr_bonny.eam.alloy Ni Fe Cr

neighbor 2.0 bin
neigh_modify delay 0 check yes
timestep 0.001

thermo 10
thermo_style custom step lx ly lz pe press fmax vol

# --- ЭТАПЫ МИНИМИЗАЦИИ ---
min_style cg
minimize 1.0e-8 1.0e-9 1000 5000

CITE-CITE-CITE-CITE-CITE-CITE-CITE-CITE-CITE-CITE-CITE-CITE-CITE

Your simulation uses code contributions which should be cited:

- Type Label Framework: https://doi.org/10.1021/acs.jpcb.3c08419

@Article{Gissinger24,
 author = {Jacob R. Gissinger, Ilia Nikiforov, Yaser Afshar, Brendon Waters, Moon-ki Choi, Daniel S. Karls, Alexander Stukowski, Wonpil Im, Hendrik Heinz, Axel Kohlmeyer, and Ellad B. Tadmor},
 title = {Type Label Framework for Bonded Force Fields in LAMMPS},
 journal = {J. Phys. Chem. B},
 year =    2024,
 volume =  128,
 number =  13,
 pages =   {3282–-3297}
}

CITE-CITE-CITE-CITE-CITE-CITE-CITE-CITE-CITE-CITE-CITE-CITE-CITE

Neighbor list info ...
  update: every = 1 steps, delay = 0 steps, check = yes
  max neighbors/atom: 2000, page size: 100000
  master list distance cutoff = 7.6
  ghost atom cutoff = 7.6
  binsize = 3.8, bins = 5 5 5
  1 neighbor lists, perpetual/occasional/extra = 1 0 0
  (1) pair eam/alloy, perpetual
      attributes: half, newton on
      pair build: half/bin/atomonly/newton/tri
      stencil: half/bin/3d/tri
      bin: standard
Per MPI rank memory allocation (min/avg/max) = 4.524 | 4.524 | 4.524 Mbytes
   Step           Lx             Ly             Lz           PotEng         Press           Fmax          Volume    
         0   17.6           17.6           17.6          -2094.582       4228.3105      0.78269526     5451.776     
        10   17.6           17.6           17.6          -2097.6925      3668.4556      0.0092930613   5451.776     
        17   17.6           17.6           17.6          -2097.6941      3666.1012      0.00096148374  5451.776     
Loop time of 0.0360862 on 4 procs for 17 steps with 500 atoms

63.1% CPU use with 4 MPI tasks x 1 OpenMP threads

Minimization stats:
  Stopping criterion = energy tolerance
  Energy initial, next-to-last, final = 
     -2094.58200538777   -2097.6940937612  -2097.69410590386
  Force two-norm initial, final = 9.2690287 0.011198364
  Force max component initial, final = 0.78269526 0.00096148374
  Final line search alpha, max atom move = 1 0.00096148374
  Iterations, force evaluations = 17 34

MPI task timing breakdown:
Section |  min time  |  avg time  |  max time  |%varavg| %total
---------------------------------------------------------------
Pair    | 0.028397   | 0.030086   | 0.031727   |   0.9 | 83.37
Neigh   | 0          | 0          | 0          |   0.0 |  0.00
Comm    | 0.0033877  | 0.0050291  | 0.0067175  |   2.3 | 13.94
Output  | 2.7536e-05 | 4.2202e-05 | 8.4356e-05 |   0.0 |  0.12
Modify  | 0          | 0          | 0          |   0.0 |  0.00
Other   |            | 0.0009285  |            |       |  2.57

Nlocal:            125 ave         145 max         105 min
Histogram: 1 0 0 0 0 2 0 0 0 1
Nghost:           1737 ave        1757 max        1717 min
Histogram: 1 0 0 0 0 2 0 0 0 1
Neighs:          11000 ave       12788 max        9185 min
Histogram: 1 0 0 0 1 1 0 0 0 1

Total # of neighbors = 44000
Ave neighs/atom = 88
Neighbor list builds = 0
Dangerous builds = 0

# Релаксация ячейки aniso
fix 1 all box/relax aniso 0.0 vmax 0.0001
min_style cg
minimize 1.0e-10 1.0e-11 1000 5000
WARNING: Energy due to 3 extra global DOFs will be included in minimizer energies
 (src/min.cpp:219)
Per MPI rank memory allocation (min/avg/max) = 4.524 | 4.524 | 4.524 Mbytes
   Step           Lx             Ly             Lz           PotEng         Press           Fmax          Volume    
        17   17.6           17.6           17.6          -2097.6941      3666.1012      0.00096148374  5451.776     
        20   17.602456      17.60528       17.603313     -2097.7014      2459.6866      0.002885558    5455.1993    
        30   17.601983      17.62288       17.608393     -2097.7102      51.351889      0.010275011    5462.0819    
        40   17.590699      17.640241      17.604157     -2097.7128     -81.372035      0.005574589    5462.6434    
        50   17.588754      17.639673      17.604957     -2097.7129      127.28587      0.0044562257   5462.1115    
        60   17.589728      17.641209      17.604221     -2097.713      -50.266391      0.0032770499   5462.6613    
        70   17.588604      17.640695      17.605302     -2097.7131      14.75455       0.0020340304   5462.489     
        80   17.588975      17.641442      17.604364     -2097.7131     -3.227117       0.0018983799   5462.5441    
        90   17.588966      17.641084      17.604736     -2097.7131     -1.1089367      0.0014166449   5462.5458    
       100   17.588624      17.641346      17.604805     -2097.7132      3.4107155      0.0012379587   5462.5421    
Loop time of 0.18682 on 4 procs for 83 steps with 500 atoms

76.3% CPU use with 4 MPI tasks x 1 OpenMP threads

Minimization stats:
  Stopping criterion = energy tolerance
  Energy initial, next-to-last, final = 
     -2097.69410590386  -2097.71315213899  -2097.71315227878
  Force two-norm initial, final = 22.4889 0.04055031
  Force max component initial, final = 17.340144 0.034653017
  Final line search alpha, max atom move = 0.0021913207 7.5935874e-05
  Iterations, force evaluations = 83 143

MPI task timing breakdown:
Section |  min time  |  avg time  |  max time  |%varavg| %total
---------------------------------------------------------------
Pair    | 0.11856    | 0.12019    | 0.1213     |   0.3 | 64.34
Neigh   | 0          | 0          | 0          |   0.0 |  0.00
Comm    | 0.013718   | 0.02027    | 0.026644   |   3.9 | 10.85
Output  | 0.00017632 | 0.00028046 | 0.00058729 |   0.0 |  0.15
Modify  | 0          | 0          | 0          |   0.0 |  0.00
Other   |            | 0.04607    |            |       | 24.66

Nlocal:            125 ave         142 max         111 min
Histogram: 1 0 0 1 1 0 0 0 0 1
Nghost:           1737 ave        1751 max        1720 min
Histogram: 1 0 0 0 0 1 1 0 0 1
Neighs:          11000 ave       12533 max        9730 min
Histogram: 1 0 0 1 1 0 0 0 0 1

Total # of neighbors = 44000
Ave neighs/atom = 88
Neighbor list builds = 0
Dangerous builds = 0
unfix 1

# Промежуточная минимизация атомов
min_style cg
minimize 1.0e-10 1.0e-11 1000 5000
Per MPI rank memory allocation (min/avg/max) = 4.524 | 4.524 | 4.524 Mbytes
   Step           Lx             Ly             Lz           PotEng         Press           Fmax          Volume    
       100   17.588624      17.641346      17.604805     -2097.7132      3.4107155      0.0012379587   5462.5421    
       110   17.588624      17.641346      17.604805     -2097.7132      4.2317037      9.3706168e-05  5462.5421    
Loop time of 0.0185462 on 4 procs for 10 steps with 500 atoms

86.1% CPU use with 4 MPI tasks x 1 OpenMP threads

Minimization stats:
  Stopping criterion = energy tolerance
  Energy initial, next-to-last, final = 
     -2097.71315227878  -2097.71318924982  -2097.71318935555
  Force two-norm initial, final = 0.013519371 0.00090809011
  Force max component initial, final = 0.0012379587 9.3706168e-05
  Final line search alpha, max atom move = 1 9.3706168e-05
  Iterations, force evaluations = 10 20

MPI task timing breakdown:
Section |  min time  |  avg time  |  max time  |%varavg| %total
---------------------------------------------------------------
Pair    | 0.016252   | 0.016388   | 0.016556   |   0.1 | 88.36
Neigh   | 0          | 0          | 0          |   0.0 |  0.00
Comm    | 0.0015107  | 0.001676   | 0.0018053  |   0.3 |  9.04
Output  | 0          | 0          | 0          |   0.0 |  0.00
Modify  | 0          | 0          | 0          |   0.0 |  0.00
Other   |            | 0.0004823  |            |       |  2.60

Nlocal:            125 ave         143 max         111 min
Histogram: 1 0 0 2 0 0 0 0 0 1
Nghost:           1737 ave        1751 max        1719 min
Histogram: 1 0 0 0 0 0 2 0 0 1
Neighs:          11000 ave       12622 max        9730 min
Histogram: 1 0 0 2 0 0 0 0 0 1

Total # of neighbors = 44000
Ave neighs/atom = 88
Neighbor list builds = 0
Dangerous builds = 0

# Релаксация ячейки iso
fix 2 all box/relax iso 0.0 vmax 0.0001
min_style cg
minimize 1.0e-10 1.0e-11 1000 5000
WARNING: Energy due to 1 extra global DOFs will be included in minimizer energies
 (src/min.cpp:219)
Per MPI rank memory allocation (min/avg/max) = 4.524 | 4.524 | 4.524 Mbytes
   Step           Lx             Ly             Lz           PotEng         Press           Fmax          Volume    
       110   17.588624      17.641346      17.604805     -2097.7132      4.2317037      9.3706168e-05  5462.5421    
       111   17.588637      17.641359      17.604818     -2097.7132     -0.0054503514   9.2008134e-05  5462.5543    
Loop time of 0.00308973 on 4 procs for 1 steps with 500 atoms

72.2% CPU use with 4 MPI tasks x 1 OpenMP threads

Minimization stats:
  Stopping criterion = energy tolerance
  Energy initial, next-to-last, final = 
     -2097.71318935555  -2097.71318935555  -2097.71318937162
  Force two-norm initial, final = 0.043292883 0.0009281108
  Force max component initial, final = 0.043283358 9.2008134e-05
  Final line search alpha, max atom move = 0.0023103568 2.1257162e-07
  Iterations, force evaluations = 1 2

MPI task timing breakdown:
Section |  min time  |  avg time  |  max time  |%varavg| %total
---------------------------------------------------------------
Pair    | 0.0023852  | 0.0023895  | 0.0023926  |   0.0 | 77.34
Neigh   | 0          | 0          | 0          |   0.0 |  0.00
Comm    | 0.00018698 | 0.00019405 | 0.00020147 |   0.0 |  6.28
Output  | 0          | 0          | 0          |   0.0 |  0.00
Modify  | 0          | 0          | 0          |   0.0 |  0.00
Other   |            | 0.0005062  |            |       | 16.38

Nlocal:            125 ave         143 max         111 min
Histogram: 1 0 0 2 0 0 0 0 0 1
Nghost:           1737 ave        1751 max        1719 min
Histogram: 1 0 0 0 0 0 2 0 0 1
Neighs:          11000 ave       12622 max        9730 min
Histogram: 1 0 0 2 0 0 0 0 0 1

Total # of neighbors = 44000
Ave neighs/atom = 88
Neighbor list builds = 0
Dangerous builds = 0
unfix 2

variable lat_const equal "lx/5"
variable eatom equal "pe/count(all)"
variable teng equal "pe"
variable natoms equal "count(all)"

print "Lattice parameter (lx/5) = ${lat_const} A"
Lattice parameter (lx/5) = 3.51772737402467 A
print "Total Potential Energy (PE) = ${teng} eV"
Total Potential Energy (PE) = -2097.71318937162 eV
print "Number of atoms = ${natoms}"
Number of atoms = 500
print "Cohesive energy (PE/N) = ${eatom} eV"
Cohesive energy (PE/N) = -4.19542637874324 eV
print "Minimization completed."
Minimization completed.

write_data B1_5_minimized.data
System init for write_data ...
Total wall time: 0:00:00
