read_data B1_6.data
Reading data file ...
  triclinic box = (0 0 0) to (17.6 17.6 17.6) with tilt (1.0776892e-15 1.0776892e-15 1.0776892e-15)
  1 by 2 by 2 MPI processor grid
  reading atoms ...
  500 atoms
  read_data CPU = 0.009 seconds

mass 1 58.6934  # Ni
mass 2 55.845   # Fe
mass 3 51.9961  # Cr

pair_style eam/alloy
pair_coeff * * FeNiCr_bonny.eam.alloy Ni Fe Cr

neighbor 2.0 bin
neigh_modify delay 0 check yes
timestep 0.001

thermo 10
thermo_style custom step lx ly lz pe press fmax vol

# --- ЭТАПЫ МИНИМИЗАЦИИ ---
min_style cg
minimize 1.0e-8 1.0e-9 1000 5000

CITE-CITE-CITE-CITE-CITE-CITE-CITE-CITE-CITE-CITE-CITE-CITE-CITE

Your simulation uses code contributions which should be cited:

- Type Label Framework: https://doi.org/10.1021/acs.jpcb.3c08419

@Article{Gissinger24,
 author = {Jacob R. Gissinger, Ilia Nikiforov, Yaser Afshar, Brendon Waters, Moon-ki Choi, Daniel S. Karls, Alexander Stukowski, Wonpil Im, Hendrik Heinz, Axel Kohlmeyer, and Ellad B. Tadmor},
 title = {Type Label Framework for Bonded Force Fields in LAMMPS},
 journal = {J. Phys. Chem. B},
 year =    2024,
 volume =  128,
 number =  13,
 pages =   {3282–-3297}
}

CITE-CITE-CITE-CITE-CITE-CITE-CITE-CITE-CITE-CITE-CITE-CITE-CITE

Neighbor list info ...
  update: every = 1 steps, delay = 0 steps, check = yes
  max neighbors/atom: 2000, page size: 100000
  master list distance cutoff = 7.6
  ghost atom cutoff = 7.6
  binsize = 3.8, bins = 5 5 5
  1 neighbor lists, perpetual/occasional/extra = 1 0 0
  (1) pair eam/alloy, perpetual
      attributes: half, newton on
      pair build: half/bin/atomonly/newton/tri
      stencil: half/bin/3d/tri
      bin: standard
Per MPI rank memory allocation (min/avg/max) = 4.524 | 4.524 | 4.524 Mbytes
   Step           Lx             Ly             Lz           PotEng         Press           Fmax          Volume    
         0   17.6           17.6           17.6          -2095.1586      4618.6263      0.75183448     5451.776     
        10   17.6           17.6           17.6          -2098.1716      4193.3946      0.0075255289   5451.776     
        17   17.6           17.6           17.6          -2098.1726      4185.3923      0.0010318342   5451.776     
Loop time of 0.0267575 on 4 procs for 17 steps with 500 atoms

72.7% CPU use with 4 MPI tasks x 1 OpenMP threads

Minimization stats:
  Stopping criterion = energy tolerance
  Energy initial, next-to-last, final = 
     -2095.15861853692  -2098.17260592594  -2098.17261645302
  Force two-norm initial, final = 9.1656129 0.010058436
  Force max component initial, final = 0.75183448 0.0010318342
  Final line search alpha, max atom move = 1 0.0010318342
  Iterations, force evaluations = 17 34

MPI task timing breakdown:
Section |  min time  |  avg time  |  max time  |%varavg| %total
---------------------------------------------------------------
Pair    | 0.019509   | 0.019797   | 0.020434   |   0.3 | 73.99
Neigh   | 0          | 0          | 0          |   0.0 |  0.00
Comm    | 0.0026311  | 0.0035913  | 0.0041715  |   1.0 | 13.42
Output  | 2.2363e-05 | 3.3884e-05 | 6.7925e-05 |   0.0 |  0.13
Modify  | 0          | 0          | 0          |   0.0 |  0.00
Other   |            | 0.003335   |            |       | 12.46

Nlocal:            125 ave         145 max         105 min
Histogram: 1 0 0 0 0 2 0 0 0 1
Nghost:           1737 ave        1757 max        1717 min
Histogram: 1 0 0 0 0 2 0 0 0 1
Neighs:          11000 ave       12750 max        9211 min
Histogram: 1 0 0 0 0 2 0 0 0 1

Total # of neighbors = 44000
Ave neighs/atom = 88
Neighbor list builds = 0
Dangerous builds = 0

# Релаксация ячейки aniso
fix 1 all box/relax aniso 0.0 vmax 0.0001
min_style cg
minimize 1.0e-10 1.0e-11 1000 5000
WARNING: Energy due to 3 extra global DOFs will be included in minimizer energies
 (src/min.cpp:219)
Per MPI rank memory allocation (min/avg/max) = 4.524 | 4.524 | 4.524 Mbytes
   Step           Lx             Ly             Lz           PotEng         Press           Fmax          Volume    
        17   17.6           17.6           17.6          -2098.1726      4185.3923      0.0010318342   5451.776     
        20   17.60528       17.603735      17.602288     -2098.1813      2946.8838      0.0033671218   5455.2778    
        30   17.62288       17.612033      17.601925     -2098.1931      170.99352      0.010166299    5463.1929    
        40   17.64048       17.612337      17.585697     -2098.1965      0.37919339     0.014480255    5463.7017    
        50   17.64515       17.612053      17.581682     -2098.1977      54.875676      0.0045487942   5463.8123    
        60   17.643929      17.613425      17.582694     -2098.1978     -58.241216      0.0033148379   5464.1742    
        70   17.645271      17.612505      17.581742     -2098.1979      18.567574      0.0023429587   5464.0086    
        80   17.645265      17.612991      17.581618     -2098.198      -11.127145      0.0015994715   5464.1188    
        90   17.645901      17.612666      17.581157     -2098.198       7.074919       0.0012362958   5464.0715    
       100   17.645128      17.613162      17.581513     -2098.198      -2.3093446      0.0011838261   5464.097     
       110   17.645826      17.612544      17.581435     -2098.198      -1.9129459      0.0011554861   5464.0969    
       118   17.645712      17.612736      17.58136      -2098.198      -1.6130649      0.0010194879   5464.0981    
Loop time of 0.228694 on 4 procs for 101 steps with 500 atoms

75.4% CPU use with 4 MPI tasks x 1 OpenMP threads

Minimization stats:
  Stopping criterion = energy tolerance
  Energy initial, next-to-last, final = 
     -2098.17261645301  -2098.19802753638  -2098.19802764813
  Force two-norm initial, final = 25.718768 0.028107492
  Force max component initial, final = 19.443074 0.024773299
  Final line search alpha, max atom move = 0.0018348431 4.5455117e-05
  Iterations, force evaluations = 101 174

MPI task timing breakdown:
Section |  min time  |  avg time  |  max time  |%varavg| %total
---------------------------------------------------------------
Pair    | 0.1312     | 0.14187    | 0.14614    |   1.6 | 62.03
Neigh   | 0          | 0          | 0          |   0.0 |  0.00
Comm    | 0.052021   | 0.056913   | 0.068206   |   2.8 | 24.89
Output  | 0.00020663 | 0.00036919 | 0.0007049  |   0.0 |  0.16
Modify  | 0          | 0          | 0          |   0.0 |  0.00
Other   |            | 0.02954    |            |       | 12.92

Nlocal:            125 ave         129 max         121 min
Histogram: 1 0 0 1 0 0 1 0 0 1
Nghost:           1737 ave        1741 max        1733 min
Histogram: 1 0 0 1 0 0 1 0 0 1
Neighs:          11000 ave       11336 max       10623 min
Histogram: 1 0 0 0 1 0 1 0 0 1

Total # of neighbors = 44000
Ave neighs/atom = 88
Neighbor list builds = 0
Dangerous builds = 0
unfix 1

# Промежуточная минимизация атомов
min_style cg
minimize 1.0e-10 1.0e-11 1000 5000
Per MPI rank memory allocation (min/avg/max) = 4.524 | 4.524 | 4.524 Mbytes
   Step           Lx             Ly             Lz           PotEng         Press           Fmax          Volume    
       118   17.645712      17.612736      17.58136      -2098.198      -1.6130649      0.0010194879   5464.0981    
       120   17.645712      17.612736      17.58136      -2098.198      -0.62128142     0.00075709944  5464.0981    
       126   17.645712      17.612736      17.58136      -2098.1981     -0.27546292     0.00013202363  5464.0981    
Loop time of 0.0134558 on 4 procs for 8 steps with 500 atoms

79.6% CPU use with 4 MPI tasks x 1 OpenMP threads

Minimization stats:
  Stopping criterion = energy tolerance
  Energy initial, next-to-last, final = 
     -2098.19802764813  -2098.19805037657   -2098.1980505325
  Force two-norm initial, final = 0.0097632328 0.0012807496
  Force max component initial, final = 0.0010194879 0.00013202363
  Final line search alpha, max atom move = 1 0.00013202363
  Iterations, force evaluations = 8 16

MPI task timing breakdown:
Section |  min time  |  avg time  |  max time  |%varavg| %total
---------------------------------------------------------------
Pair    | 0.011732   | 0.011761   | 0.011789   |   0.0 | 87.40
Neigh   | 0          | 0          | 0          |   0.0 |  0.00
Comm    | 0.00097237 | 0.0010065  | 0.0010438  |   0.1 |  7.48
Output  | 1.9168e-05 | 3.1047e-05 | 6.6425e-05 |   0.0 |  0.23
Modify  | 0          | 0          | 0          |   0.0 |  0.00
Other   |            | 0.0006572  |            |       |  4.88

Nlocal:            125 ave         130 max         121 min
Histogram: 1 0 1 0 0 1 0 0 0 1
Nghost:           1737 ave        1741 max        1732 min
Histogram: 1 0 0 0 1 0 0 1 0 1
Neighs:          11000 ave       11424 max       10623 min
Histogram: 1 0 1 0 0 0 1 0 0 1

Total # of neighbors = 44000
Ave neighs/atom = 88
Neighbor list builds = 0
Dangerous builds = 0

# Релаксация ячейки iso
fix 2 all box/relax iso 0.0 vmax 0.0001
min_style cg
minimize 1.0e-10 1.0e-11 1000 5000
WARNING: Energy due to 1 extra global DOFs will be included in minimizer energies
 (src/min.cpp:219)
Per MPI rank memory allocation (min/avg/max) = 4.524 | 4.524 | 4.524 Mbytes
   Step           Lx             Ly             Lz           PotEng         Press           Fmax          Volume    
       126   17.645712      17.612736      17.58136      -2098.1981     -0.27546292     0.00013202363  5464.0981    
       127   17.645711      17.612735      17.581359     -2098.1981      0.056555457    0.00013200233  5464.0971    
Loop time of 0.00233507 on 4 procs for 1 steps with 500 atoms

79.6% CPU use with 4 MPI tasks x 1 OpenMP threads

Minimization stats:
  Stopping criterion = energy tolerance
  Energy initial, next-to-last, final = 
      -2098.1980505325   -2098.1980505325   -2098.1980505326
  Force two-norm initial, final = 0.0030956951 0.0014044998
  Force max component initial, final = 0.0028183344 0.00057863386
  Final line search alpha, max atom move = 0.03548195 2.0531058e-05
  Iterations, force evaluations = 1 2

MPI task timing breakdown:
Section |  min time  |  avg time  |  max time  |%varavg| %total
---------------------------------------------------------------
Pair    | 0.0019251  | 0.0019267  | 0.0019282  |   0.0 | 82.51
Neigh   | 0          | 0          | 0          |   0.0 |  0.00
Comm    | 0.00014299 | 0.0001461  | 0.00015036 |   0.0 |  6.26
Output  | 0          | 0          | 0          |   0.0 |  0.00
Modify  | 0          | 0          | 0          |   0.0 |  0.00
Other   |            | 0.0002623  |            |       | 11.23

Nlocal:            125 ave         130 max         120 min
Histogram: 1 0 0 0 1 0 1 0 0 1
Nghost:           1737 ave        1742 max        1732 min
Histogram: 1 0 0 0 1 0 1 0 0 1
Neighs:          11000 ave       11424 max       10530 min
Histogram: 1 0 0 0 1 0 1 0 0 1

Total # of neighbors = 44000
Ave neighs/atom = 88
Neighbor list builds = 0
Dangerous builds = 0
unfix 2

variable lat_const equal "lx/5"
variable eatom equal "pe/count(all)"
variable teng equal "pe"
variable natoms equal "count(all)"

print "Lattice parameter (lx/5) = ${lat_const} A"
Lattice parameter (lx/5) = 3.52914225519991 A
print "Total Potential Energy (PE) = ${teng} eV"
Total Potential Energy (PE) = -2098.1980505326 eV
print "Number of atoms = ${natoms}"
Number of atoms = 500
print "Cohesive energy (PE/N) = ${eatom} eV"
Cohesive energy (PE/N) = -4.19639610106521 eV
print "Minimization completed."
Minimization completed.

write_data B1_6_minimized.data
System init for write_data ...
Total wall time: 0:00:00
