read_data B1_7.data
Reading data file ...
  triclinic box = (0 0 0) to (17.6 17.6 17.6) with tilt (1.0776892e-15 1.0776892e-15 1.0776892e-15)
  1 by 2 by 2 MPI processor grid
  reading atoms ...
  500 atoms
  read_data CPU = 0.009 seconds

mass 1 58.6934  # Ni
mass 2 55.845   # Fe
mass 3 51.9961  # Cr

pair_style eam/alloy
pair_coeff * * FeNiCr_bonny.eam.alloy Ni Fe Cr

neighbor 2.0 bin
neigh_modify delay 0 check yes
timestep 0.001

thermo 10
thermo_style custom step lx ly lz pe press fmax vol

# --- ЭТАПЫ МИНИМИЗАЦИИ ---
min_style cg
minimize 1.0e-8 1.0e-9 1000 5000

CITE-CITE-CITE-CITE-CITE-CITE-CITE-CITE-CITE-CITE-CITE-CITE-CITE

Your simulation uses code contributions which should be cited:

- Type Label Framework: https://doi.org/10.1021/acs.jpcb.3c08419

@Article{Gissinger24,
 author = {Jacob R. Gissinger, Ilia Nikiforov, Yaser Afshar, Brendon Waters, Moon-ki Choi, Daniel S. Karls, Alexander Stukowski, Wonpil Im, Hendrik Heinz, Axel Kohlmeyer, and Ellad B. Tadmor},
 title = {Type Label Framework for Bonded Force Fields in LAMMPS},
 journal = {J. Phys. Chem. B},
 year =    2024,
 volume =  128,
 number =  13,
 pages =   {3282–-3297}
}

CITE-CITE-CITE-CITE-CITE-CITE-CITE-CITE-CITE-CITE-CITE-CITE-CITE

Neighbor list info ...
  update: every = 1 steps, delay = 0 steps, check = yes
  max neighbors/atom: 2000, page size: 100000
  master list distance cutoff = 7.6
  ghost atom cutoff = 7.6
  binsize = 3.8, bins = 5 5 5
  1 neighbor lists, perpetual/occasional/extra = 1 0 0
  (1) pair eam/alloy, perpetual
      attributes: half, newton on
      pair build: half/bin/atomonly/newton/tri
      stencil: half/bin/3d/tri
      bin: standard
Per MPI rank memory allocation (min/avg/max) = 4.524 | 4.524 | 4.524 Mbytes
   Step           Lx             Ly             Lz           PotEng         Press           Fmax          Volume    
         0   17.6           17.6           17.6          -2094.8247      5174.2423      0.8352712      5451.776     
        10   17.6           17.6           17.6          -2097.8143      4449.2447      0.011800342    5451.776     
        16   17.6           17.6           17.6          -2097.8161      4447.0681      0.0011233844   5451.776     
Loop time of 0.0301066 on 4 procs for 16 steps with 500 atoms

78.8% CPU use with 4 MPI tasks x 1 OpenMP threads

Minimization stats:
  Stopping criterion = energy tolerance
  Energy initial, next-to-last, final = 
     -2094.82472529999  -2097.81604870095  -2097.81606725621
  Force two-norm initial, final = 9.0415528 0.012967584
  Force max component initial, final = 0.8352712 0.0011233844
  Final line search alpha, max atom move = 1 0.0011233844
  Iterations, force evaluations = 16 32

MPI task timing breakdown:
Section |  min time  |  avg time  |  max time  |%varavg| %total
---------------------------------------------------------------
Pair    | 0.02594    | 0.026087   | 0.026462   |   0.1 | 86.65
Neigh   | 0          | 0          | 0          |   0.0 |  0.00
Comm    | 0.0024453  | 0.002815   | 0.0030147  |   0.4 |  9.35
Output  | 2.324e-05  | 3.4937e-05 | 6.991e-05  |   0.0 |  0.12
Modify  | 0          | 0          | 0          |   0.0 |  0.00
Other   |            | 0.00117    |            |       |  3.89

Nlocal:            125 ave         145 max         105 min
Histogram: 1 0 0 0 0 2 0 0 0 1
Nghost:           1737 ave        1757 max        1717 min
Histogram: 1 0 0 0 0 2 0 0 0 1
Neighs:          11000 ave       12772 max        9182 min
Histogram: 1 0 0 0 0 2 0 0 0 1

Total # of neighbors = 44000
Ave neighs/atom = 88
Neighbor list builds = 0
Dangerous builds = 0

# Релаксация ячейки aniso
fix 1 all box/relax aniso 0.0 vmax 0.0001
min_style cg
minimize 1.0e-10 1.0e-11 1000 5000
WARNING: Energy due to 3 extra global DOFs will be included in minimizer energies
 (src/min.cpp:219)
Per MPI rank memory allocation (min/avg/max) = 4.524 | 4.524 | 4.524 Mbytes
   Step           Lx             Ly             Lz           PotEng         Press           Fmax          Volume    
        16   17.6           17.6           17.6          -2097.8161      4447.0681      0.0011233844   5451.776     
        20   17.604043      17.601863      17.60704      -2097.8278      3028.8438      0.0038407127   5455.7872    
        30   17.610666      17.600394      17.62464      -2097.843       554.38595      0.011440362    5462.8392    
        40   17.610939      17.587621      17.64224      -2097.8512      7.3773576      0.016572782    5464.4105    
        50   17.60979       17.571359      17.65984      -2097.8544      0.29840585     0.020860126    5464.4477    
        60   17.610805      17.569666      17.662753     -2097.8565     -134.48848      0.0046659602   5465.1377    
        70   17.609723      17.56629       17.665516     -2097.8569      83.513356      0.0017674361   5464.6065    
        80   17.610539      17.566191      17.665634     -2097.857      -4.8254084      0.0010120045   5464.8654    
        82   17.610268      17.566665      17.665401     -2097.857      -3.7349354      0.0009986613   5464.8569    
Loop time of 0.121552 on 4 procs for 66 steps with 500 atoms

78.7% CPU use with 4 MPI tasks x 1 OpenMP threads

Minimization stats:
  Stopping criterion = energy tolerance
  Energy initial, next-to-last, final = 
     -2097.81606725621  -2097.85697169968  -2097.85697172502
  Force two-norm initial, final = 28.614591 0.024848285
  Force max component initial, final = 23.646334 0.013925747
  Final line search alpha, max atom move = 0.012106181 0.00016858761
  Iterations, force evaluations = 66 93

MPI task timing breakdown:
Section |  min time  |  avg time  |  max time  |%varavg| %total
---------------------------------------------------------------
Pair    | 0.076731   | 0.079028   | 0.082827   |   0.8 | 65.02
Neigh   | 0          | 0          | 0          |   0.0 |  0.00
Comm    | 0.024181   | 0.028211   | 0.03117    |   1.5 | 23.21
Output  | 0.00017924 | 0.00029978 | 0.0005361  |   0.0 |  0.25
Modify  | 0          | 0          | 0          |   0.0 |  0.00
Other   |            | 0.01401    |            |       | 11.53

Nlocal:            125 ave         145 max         109 min
Histogram: 1 1 0 0 0 0 1 0 0 1
Nghost:           1737 ave        1753 max        1717 min
Histogram: 1 0 0 1 0 0 0 0 1 1
Neighs:          11000 ave       12792 max        9564 min
Histogram: 1 1 0 0 0 0 1 0 0 1

Total # of neighbors = 44000
Ave neighs/atom = 88
Neighbor list builds = 0
Dangerous builds = 0
unfix 1

# Промежуточная минимизация атомов
min_style cg
minimize 1.0e-10 1.0e-11 1000 5000
Per MPI rank memory allocation (min/avg/max) = 4.524 | 4.524 | 4.524 Mbytes
   Step           Lx             Ly             Lz           PotEng         Press           Fmax          Volume    
        82   17.610268      17.566665      17.665401     -2097.857      -3.7349354      0.0009986613   5464.8569    
        90   17.610268      17.566665      17.665401     -2097.857       1.0888855      0.0001203623   5464.8569    
Loop time of 0.0247888 on 4 procs for 8 steps with 500 atoms

51.7% CPU use with 4 MPI tasks x 1 OpenMP threads

Minimization stats:
  Stopping criterion = energy tolerance
  Energy initial, next-to-last, final = 
     -2097.85697172502  -2097.85698663988  -2097.85698683638
  Force two-norm initial, final = 0.011286792 0.0011418541
  Force max component initial, final = 0.0009986613 0.0001203623
  Final line search alpha, max atom move = 1 0.0001203623
  Iterations, force evaluations = 8 16

MPI task timing breakdown:
Section |  min time  |  avg time  |  max time  |%varavg| %total
---------------------------------------------------------------
Pair    | 0.015429   | 0.015479   | 0.015572   |   0.0 | 62.44
Neigh   | 0          | 0          | 0          |   0.0 |  0.00
Comm    | 0.0070725  | 0.0074511  | 0.0078642  |   0.4 | 30.06
Output  | 0          | 0          | 0          |   0.0 |  0.00
Modify  | 0          | 0          | 0          |   0.0 |  0.00
Other   |            | 0.001858   |            |       |  7.50

Nlocal:            125 ave         146 max         108 min
Histogram: 1 1 0 0 0 0 1 0 0 1
Nghost:           1737 ave        1754 max        1716 min
Histogram: 1 0 0 1 0 0 0 0 1 1
Neighs:          11000 ave       12880 max        9476 min
Histogram: 1 0 1 0 0 1 0 0 0 1

Total # of neighbors = 44000
Ave neighs/atom = 88
Neighbor list builds = 0
Dangerous builds = 0

# Релаксация ячейки iso
fix 2 all box/relax iso 0.0 vmax 0.0001
min_style cg
minimize 1.0e-10 1.0e-11 1000 5000
WARNING: Energy due to 1 extra global DOFs will be included in minimizer energies
 (src/min.cpp:219)
Per MPI rank memory allocation (min/avg/max) = 4.524 | 4.524 | 4.524 Mbytes
   Step           Lx             Ly             Lz           PotEng         Press           Fmax          Volume    
        90   17.610268      17.566665      17.665401     -2097.857       1.0888855      0.0001203623   5464.8569    
        91   17.610271      17.566668      17.665405     -2097.857      -0.012352381    0.00011943297  5464.8601    
Loop time of 0.00164521 on 4 procs for 1 steps with 500 atoms

83.3% CPU use with 4 MPI tasks x 1 OpenMP threads

Minimization stats:
  Stopping criterion = energy tolerance
  Energy initial, next-to-last, final = 
     -2097.85698683638  -2097.85698683638  -2097.85698683747
  Force two-norm initial, final = 0.011200581 0.0011496577
  Force max component initial, final = 0.011142225 0.0001263981
  Final line search alpha, max atom move = 0.0089748682 1.1344063e-06
  Iterations, force evaluations = 1 2

MPI task timing breakdown:
Section |  min time  |  avg time  |  max time  |%varavg| %total
---------------------------------------------------------------
Pair    | 0.001368   | 0.0013685  | 0.0013691  |   0.0 | 83.18
Neigh   | 0          | 0          | 0          |   0.0 |  0.00
Comm    | 0.00010613 | 0.00010675 | 0.00010721 |   0.0 |  6.49
Output  | 0          | 0          | 0          |   0.0 |  0.00
Modify  | 0          | 0          | 0          |   0.0 |  0.00
Other   |            | 0.0001699  |            |       | 10.33

Nlocal:            125 ave         146 max         108 min
Histogram: 1 1 0 0 0 0 1 0 0 1
Nghost:           1737 ave        1754 max        1716 min
Histogram: 1 0 0 1 0 0 0 0 1 1
Neighs:          11000 ave       12880 max        9476 min
Histogram: 1 0 1 0 0 1 0 0 0 1

Total # of neighbors = 44000
Ave neighs/atom = 88
Neighbor list builds = 0
Dangerous builds = 0
unfix 2

variable lat_const equal "lx/5"
variable eatom equal "pe/count(all)"
variable teng equal "pe"
variable natoms equal "count(all)"

print "Lattice parameter (lx/5) = ${lat_const} A"
Lattice parameter (lx/5) = 3.52205428629168 A
print "Total Potential Energy (PE) = ${teng} eV"
Total Potential Energy (PE) = -2097.85698683747 eV
print "Number of atoms = ${natoms}"
Number of atoms = 500
print "Cohesive energy (PE/N) = ${eatom} eV"
Cohesive energy (PE/N) = -4.19571397367493 eV
print "Minimization completed."
Minimization completed.

write_data B1_7_minimized.data
System init for write_data ...
Total wall time: 0:00:00
