read_data B6_10.data
Reading data file ...
  triclinic box = (0 0 0) to (17.245 17.245 17.245) with tilt (1.0559517e-15 1.0559517e-15 1.0559517e-15)
  1 by 1 by 1 MPI processor grid
  reading atoms ...
  500 atoms
  read_data CPU = 0.003 seconds

mass 1 58.6934  # Ni
mass 2 55.845   # Fe
mass 3 51.9961  # Cr

pair_style metatomic pet-mad-latest.pt device cpu

This is the PET-MAD v1.0.2 model
================================

A universal interatomic potential for advanced materials modeling

Model authors
-------------

- Arslan Mazitov (arslan.mazitov@epfl.ch)
- Filippo Bigi
- Matthias Kellner
- Paolo Pegolo
- Davide Tisi
- Guillaume Fraux
- Sergey Pozdnyakov
- Philip Loche
- Michele Ceriotti (michele.ceriotti@epfl.ch)

Model references
----------------

Please cite the following references when using this model:
- about this specific model:
  * http://arxiv.org/abs/2503.14118
- about the architecture of this model:
  * LLPR (uncertainty method):
    https://iopscience.iop.org/article/10.1088/2632-2153/ad805f
  * LPR (if using per-atom uncertainty):
    https://pubs.acs.org/doi/10.1021/acs.jctc.3c00704
  * https://arxiv.org/abs/2305.19302v3

WARNING: the model declared support for unknown device 'cuda', it will be ignored (src/ML-METATOMIC/pair_metatomic.cpp:216)
Running simulation on cpu device with float32 data
pair_coeff * * 28 26 24

neighbor 2.0 bin
neigh_modify delay 0 check yes
timestep 0.001

thermo 10
thermo_style custom step lx ly lz pe press fmax vol

# --- ЭТАПЫ МИНИМИЗАЦИИ ---
min_style cg
minimize 1.0e-8 1.0e-9 1000 5000

CITE-CITE-CITE-CITE-CITE-CITE-CITE-CITE-CITE-CITE-CITE-CITE-CITE

Your simulation uses code contributions which should be cited:

- LLPR (uncertainty method): https://iopscience.iop.org/article/10.1088/2632-2153/ad805f
- LPR (if using per-atom uncertainty): https://pubs.acs.org/doi/10.1021/acs.jctc.3c00704
- https://arxiv.org/abs/2305.19302v3
- http://arxiv.org/abs/2503.14118
CITE-CITE-CITE-CITE-CITE-CITE-CITE-CITE-CITE-CITE-CITE-CITE-CITE

Neighbor list info ...
  update: every = 1 steps, delay = 0 steps, check = yes
  max neighbors/atom: 2000, page size: 100000
  master list distance cutoff = 11
  ghost atom cutoff = 11
  binsize = 5.5, bins = 4 4 4
  1 neighbor lists, perpetual/occasional/extra = 1 0 0
  (1) pair metatomic, perpetual
      attributes: full, newton on, ghost
      pair build: full/bin/ghost
      stencil: full/ghost/bin/3d
      bin: standard
Per MPI rank memory allocation (min/avg/max) = 19.8 | 19.8 | 19.8 Mbytes
   Step           Lx             Ly             Lz           PotEng         Press           Fmax          Volume    
         0   17.245         17.245         17.245        -4005.741       50662.644      1.1139634      5128.491     
        10   17.245         17.245         17.245        -4011.5303      53109.299      0.0056833178   5128.491     
        12   17.245         17.245         17.245        -4011.5305      53108.147      0.002020672    5128.491     
Loop time of 53.1635 on 8 procs for 12 steps with 500 atoms

771.2% CPU use with 1 MPI tasks x 8 OpenMP threads

Minimization stats:
  Stopping criterion = energy tolerance
  Energy initial, next-to-last, final = 
     -4005.74096679688  -4011.53051757812  -4011.53051757812
  Force two-norm initial, final = 11.389661 0.017232788
  Force max component initial, final = 1.1139634 0.002020672
  Final line search alpha, max atom move = 1 0.002020672
  Iterations, force evaluations = 12 24

MPI task timing breakdown:
Section |  min time  |  avg time  |  max time  |%varavg| %total
---------------------------------------------------------------
Pair    | 53.162     | 53.162     | 53.162     |   0.0 |100.00
Neigh   | 0          | 0          | 0          |   0.0 |  0.00
Comm    | 0.00054518 | 0.00054518 | 0.00054518 |   0.0 |  0.00
Output  | 8.0303e-05 | 8.0303e-05 | 8.0303e-05 |   0.0 |  0.00
Modify  | 0          | 0          | 0          |   0.0 |  0.00
Other   |            | 0.0004743  |            |       |  0.00

Nlocal:            500 ave         500 max         500 min
Histogram: 1 0 0 0 0 0 0 0 0 0
Nghost:           5584 ave        5584 max        5584 min
Histogram: 1 0 0 0 0 0 0 0 0 0
Neighs:              0 ave           0 max           0 min
Histogram: 1 0 0 0 0 0 0 0 0 0
FullNghs:       277000 ave      277000 max      277000 min
Histogram: 1 0 0 0 0 0 0 0 0 0

Total # of neighbors = 277000
Ave neighs/atom = 554
Neighbor list builds = 0
Dangerous builds = 0

# Релаксация ячейки aniso
fix 1 all box/relax aniso 0.0 vmax 0.0001
min_style cg
minimize 1.0e-10 1.0e-11 1000 5000
WARNING: Energy due to 3 extra global DOFs will be included in minimizer energies
 (src/min.cpp:222)
Per MPI rank memory allocation (min/avg/max) = 19.8 | 19.8 | 19.8 Mbytes
   Step           Lx             Ly             Lz           PotEng         Press           Fmax          Volume    
        12   17.245         17.245         17.245        -4011.53        53108.129      0.0020129681   5128.491     
        20   17.257923      17.257857      17.258796     -4011.8936      45693.545      0.0084477533   5140.2695    
        30   17.273935      17.273772      17.276041     -4012.2705      36590.525      0.018711764    5154.9288    
        40   17.289723      17.289441      17.293286     -4012.5625      27696.703      0.028869836    5169.476     
        50   17.305162      17.304723      17.310531     -4012.7727      19057.191      0.03890625     5183.8296    
        60   17.31995       17.319287      17.327776     -4012.9033      10775.086      0.04815359     5197.7988    
        70   17.333039      17.331959      17.345021     -4012.9607      3227.9137      0.056637269    5210.7136    
        76   17.337131      17.335553      17.353644     -4012.9675      389.80701      0.060163364    5215.6159    
Loop time of 174.499 on 8 procs for 64 steps with 500 atoms

783.0% CPU use with 1 MPI tasks x 8 OpenMP threads

Minimization stats:
  Stopping criterion = linesearch alpha is zero
  Energy initial, next-to-last, final = 
     -4011.53002929688  -4012.96752929688  -4012.96752929688
  Force two-norm initial, final = 294.58405 3.822271
  Force max component initial, final = 177.43039 3.749762
  Final line search alpha, max atom move = 8.1385311e-10 3.0517555e-09
  Iterations, force evaluations = 64 79

MPI task timing breakdown:
Section |  min time  |  avg time  |  max time  |%varavg| %total
---------------------------------------------------------------
Pair    | 174.49     | 174.49     | 174.49     |   0.0 | 99.99
Neigh   | 0          | 0          | 0          |   0.0 |  0.00
Comm    | 0.001461   | 0.001461   | 0.001461   |   0.0 |  0.00
Output  | 0.00046435 | 0.00046435 | 0.00046435 |   0.0 |  0.00
Modify  | 0          | 0          | 0          |   0.0 |  0.00
Other   |            | 0.008902   |            |       |  0.01

Nlocal:            500 ave         500 max         500 min
Histogram: 1 0 0 0 0 0 0 0 0 0
Nghost:           5584 ave        5584 max        5584 min
Histogram: 1 0 0 0 0 0 0 0 0 0
Neighs:              0 ave           0 max           0 min
Histogram: 1 0 0 0 0 0 0 0 0 0
FullNghs:       276754 ave      276754 max      276754 min
Histogram: 1 0 0 0 0 0 0 0 0 0

Total # of neighbors = 276754
Ave neighs/atom = 553.508
Neighbor list builds = 0
Dangerous builds = 0
unfix 1

# Промежуточная минимизация атомов
min_style cg
minimize 1.0e-10 1.0e-11 1000 5000
Per MPI rank memory allocation (min/avg/max) = 19.8 | 19.8 | 19.8 Mbytes
   Step           Lx             Ly             Lz           PotEng         Press           Fmax          Volume    
        76   17.337131      17.335553      17.353644     -4012.9675      389.80723      0.060163364    5215.6159    
        80   17.337131      17.335553      17.353644     -4012.9871      1102.9426      0.0034924126   5215.6159    
        81   17.337131      17.335553      17.353644     -4012.9871      1108.5031      0.0029409528   5215.6159    
Loop time of 25.0728 on 8 procs for 5 steps with 500 atoms

781.0% CPU use with 1 MPI tasks x 8 OpenMP threads

Minimization stats:
  Stopping criterion = energy tolerance
  Energy initial, next-to-last, final = 
     -4012.96752929688  -4012.98706054688  -4012.98706054688
  Force two-norm initial, final = 0.68381714 0.021238494
  Force max component initial, final = 0.060163364 0.0029409528
  Final line search alpha, max atom move = 1 0.0029409528
  Iterations, force evaluations = 5 10

MPI task timing breakdown:
Section |  min time  |  avg time  |  max time  |%varavg| %total
---------------------------------------------------------------
Pair    | 25.072     | 25.072     | 25.072     |   0.0 |100.00
Neigh   | 0          | 0          | 0          |   0.0 |  0.00
Comm    | 0.00023665 | 0.00023665 | 0.00023665 |   0.0 |  0.00
Output  | 9.2153e-05 | 9.2153e-05 | 9.2153e-05 |   0.0 |  0.00
Modify  | 0          | 0          | 0          |   0.0 |  0.00
Other   |            | 0.0002521  |            |       |  0.00

Nlocal:            500 ave         500 max         500 min
Histogram: 1 0 0 0 0 0 0 0 0 0
Nghost:           5584 ave        5584 max        5584 min
Histogram: 1 0 0 0 0 0 0 0 0 0
Neighs:              0 ave           0 max           0 min
Histogram: 1 0 0 0 0 0 0 0 0 0
FullNghs:       274142 ave      274142 max      274142 min
Histogram: 1 0 0 0 0 0 0 0 0 0

Total # of neighbors = 274142
Ave neighs/atom = 548.284
Neighbor list builds = 0
Dangerous builds = 0

# Релаксация ячейки iso
fix 2 all box/relax iso 0.0 vmax 0.0001
min_style cg
minimize 1.0e-10 1.0e-11 1000 5000
WARNING: Energy due to 1 extra global DOFs will be included in minimizer energies
 (src/min.cpp:222)
Per MPI rank memory allocation (min/avg/max) = 19.8 | 19.8 | 19.8 Mbytes
   Step           Lx             Ly             Lz           PotEng         Press           Fmax          Volume    
        81   17.337131      17.335553      17.353644     -4012.9871      1108.5043      0.0029408485   5215.6159    
        83   17.339256      17.337678      17.355771     -4012.9878      0.13651688     0.0028142929   5217.5341    
Loop time of 9.02051 on 8 procs for 2 steps with 500 atoms

778.9% CPU use with 1 MPI tasks x 8 OpenMP threads

Minimization stats:
  Stopping criterion = energy tolerance
  Energy initial, next-to-last, final = 
     -4012.98706054688  -4012.98779296875  -4012.98779296875
  Force two-norm initial, final = 10.825668 0.02865151
  Force max component initial, final = 10.825647 0.0028142929
  Final line search alpha, max atom move = 5.020116e-05 1.4128077e-07
  Iterations, force evaluations = 2 3

MPI task timing breakdown:
Section |  min time  |  avg time  |  max time  |%varavg| %total
---------------------------------------------------------------
Pair    | 9.0201     | 9.0201     | 9.0201     |   0.0 |100.00
Neigh   | 0          | 0          | 0          |   0.0 |  0.00
Comm    | 8.6606e-05 | 8.6606e-05 | 8.6606e-05 |   0.0 |  0.00
Output  | 0          | 0          | 0          |   0.0 |  0.00
Modify  | 0          | 0          | 0          |   0.0 |  0.00
Other   |            | 0.0002991  |            |       |  0.00

Nlocal:            500 ave         500 max         500 min
Histogram: 1 0 0 0 0 0 0 0 0 0
Nghost:           5584 ave        5584 max        5584 min
Histogram: 1 0 0 0 0 0 0 0 0 0
Neighs:              0 ave           0 max           0 min
Histogram: 1 0 0 0 0 0 0 0 0 0
FullNghs:       274100 ave      274100 max      274100 min
Histogram: 1 0 0 0 0 0 0 0 0 0

Total # of neighbors = 274100
Ave neighs/atom = 548.2
Neighbor list builds = 0
Dangerous builds = 0
unfix 2

variable lat_const equal "lx/5"
variable eatom equal "pe/count(all)"
variable teng equal "pe"
variable natoms equal "count(all)"

print "Lattice parameter (lx/5) = ${lat_const} A"
Lattice parameter (lx/5) = 3.46785128369409 A
print "Total Potential Energy (PE) = ${teng} eV"
Total Potential Energy (PE) = -4012.98779296875 eV
print "Number of atoms = ${natoms}"
Number of atoms = 500
print "Cohesive energy (PE/N) = ${eatom} eV"
Cohesive energy (PE/N) = -8.0259755859375 eV
print "Minimization completed."
Minimization completed.

write_data B6_10_minimized.data
System init for write_data ...
Total wall time: 0:04:31
