read_data B6_1.data
Reading data file ...
  triclinic box = (0 0 0) to (17.245 17.245 17.245) with tilt (1.0559517e-15 1.0559517e-15 1.0559517e-15)
  1 by 1 by 1 MPI processor grid
  reading atoms ...
  500 atoms
  read_data CPU = 0.004 seconds

mass 1 58.6934  # Ni
mass 2 55.845   # Fe
mass 3 51.9961  # Cr

pair_style metatomic pet-mad-latest.pt device cpu

This is the PET-MAD v1.0.2 model
================================

A universal interatomic potential for advanced materials modeling

Model authors
-------------

- Arslan Mazitov (arslan.mazitov@epfl.ch)
- Filippo Bigi
- Matthias Kellner
- Paolo Pegolo
- Davide Tisi
- Guillaume Fraux
- Sergey Pozdnyakov
- Philip Loche
- Michele Ceriotti (michele.ceriotti@epfl.ch)

Model references
----------------

Please cite the following references when using this model:
- about this specific model:
  * http://arxiv.org/abs/2503.14118
- about the architecture of this model:
  * LLPR (uncertainty method):
    https://iopscience.iop.org/article/10.1088/2632-2153/ad805f
  * LPR (if using per-atom uncertainty):
    https://pubs.acs.org/doi/10.1021/acs.jctc.3c00704
  * https://arxiv.org/abs/2305.19302v3

WARNING: the model declared support for unknown device 'cuda', it will be ignored (src/ML-METATOMIC/pair_metatomic.cpp:216)
Running simulation on cpu device with float32 data
pair_coeff * * 28 26 24

neighbor 2.0 bin
neigh_modify delay 0 check yes
timestep 0.001

thermo 10
thermo_style custom step lx ly lz pe press fmax vol

# --- ЭТАПЫ МИНИМИЗАЦИИ ---
min_style cg
minimize 1.0e-8 1.0e-9 1000 5000

CITE-CITE-CITE-CITE-CITE-CITE-CITE-CITE-CITE-CITE-CITE-CITE-CITE

Your simulation uses code contributions which should be cited:

- LLPR (uncertainty method): https://iopscience.iop.org/article/10.1088/2632-2153/ad805f
- LPR (if using per-atom uncertainty): https://pubs.acs.org/doi/10.1021/acs.jctc.3c00704
- https://arxiv.org/abs/2305.19302v3
- http://arxiv.org/abs/2503.14118
CITE-CITE-CITE-CITE-CITE-CITE-CITE-CITE-CITE-CITE-CITE-CITE-CITE

Neighbor list info ...
  update: every = 1 steps, delay = 0 steps, check = yes
  max neighbors/atom: 2000, page size: 100000
  master list distance cutoff = 11
  ghost atom cutoff = 11
  binsize = 5.5, bins = 4 4 4
  1 neighbor lists, perpetual/occasional/extra = 1 0 0
  (1) pair metatomic, perpetual
      attributes: full, newton on, ghost
      pair build: full/bin/ghost
      stencil: full/ghost/bin/3d
      bin: standard
Per MPI rank memory allocation (min/avg/max) = 19.8 | 19.8 | 19.8 Mbytes
   Step           Lx             Ly             Lz           PotEng         Press           Fmax          Volume    
         0   17.245         17.245         17.245        -4006.7852      50969.21       1.045172       5128.491     
        10   17.245         17.245         17.245        -4012.3684      53582.247      0.0072449446   5128.491     
        11   17.245         17.245         17.245        -4012.3684      53583.796      0.0041502453   5128.491     
Loop time of 48.4719 on 8 procs for 11 steps with 500 atoms

766.9% CPU use with 1 MPI tasks x 8 OpenMP threads

Minimization stats:
  Stopping criterion = energy tolerance
  Energy initial, next-to-last, final = 
        -4006.78515625  -4012.36840820312  -4012.36840820312
  Force two-norm initial, final = 10.989223 0.032823336
  Force max component initial, final = 1.045172 0.0041502453
  Final line search alpha, max atom move = 1 0.0041502453
  Iterations, force evaluations = 11 22

MPI task timing breakdown:
Section |  min time  |  avg time  |  max time  |%varavg| %total
---------------------------------------------------------------
Pair    | 48.471     | 48.471     | 48.471     |   0.0 |100.00
Neigh   | 0          | 0          | 0          |   0.0 |  0.00
Comm    | 0.00052041 | 0.00052041 | 0.00052041 |   0.0 |  0.00
Output  | 3.1096e-05 | 3.1096e-05 | 3.1096e-05 |   0.0 |  0.00
Modify  | 0          | 0          | 0          |   0.0 |  0.00
Other   |            | 0.0004517  |            |       |  0.00

Nlocal:            500 ave         500 max         500 min
Histogram: 1 0 0 0 0 0 0 0 0 0
Nghost:           5584 ave        5584 max        5584 min
Histogram: 1 0 0 0 0 0 0 0 0 0
Neighs:              0 ave           0 max           0 min
Histogram: 1 0 0 0 0 0 0 0 0 0
FullNghs:       277000 ave      277000 max      277000 min
Histogram: 1 0 0 0 0 0 0 0 0 0

Total # of neighbors = 277000
Ave neighs/atom = 554
Neighbor list builds = 0
Dangerous builds = 0

# Релаксация ячейки aniso
fix 1 all box/relax aniso 0.0 vmax 0.0001
min_style cg
minimize 1.0e-10 1.0e-11 1000 5000
WARNING: Energy due to 3 extra global DOFs will be included in minimizer energies
 (src/min.cpp:222)
Per MPI rank memory allocation (min/avg/max) = 19.8 | 19.8 | 19.8 Mbytes
   Step           Lx             Ly             Lz           PotEng         Press           Fmax          Volume    
        11   17.245         17.245         17.245        -4012.3672      53583.801      0.0041494668   5128.491     
        20   17.260007      17.260521      17.260165     -4012.7856      45031.959      0.010737032    5142.0915    
        30   17.276594      17.277766      17.276948     -4013.166       35681.322      0.02345825     5157.1853    
        40   17.293044      17.295011      17.293628     -4013.458       26500.044      0.035939693    5172.2367    
        50   17.309269      17.312256      17.310136     -4013.6636      17521.188      0.048685316    5187.1983    
        60   17.325025      17.329501      17.326284     -4013.7847      8811.7971      0.059989821    5201.9401    
        70   17.338826      17.346746      17.340946     -4013.8262      810.97782      0.069821045    5215.6745    
        73   17.338113      17.351282      17.341534     -4013.8269      46.571795      0.069779821    5217.0007    
Loop time of 160.601 on 8 procs for 62 steps with 500 atoms

781.7% CPU use with 1 MPI tasks x 8 OpenMP threads

Minimization stats:
  Stopping criterion = energy tolerance
  Energy initial, next-to-last, final = 
         -4012.3671875  -4013.82690429688  -4013.82690429688
  Force two-norm initial, final = 297.10635 0.71758176
  Force max component initial, final = 174.59949 0.19811743
  Final line search alpha, max atom move = 1.0383398e-07 2.0571321e-08
  Iterations, force evaluations = 62 73

MPI task timing breakdown:
Section |  min time  |  avg time  |  max time  |%varavg| %total
---------------------------------------------------------------
Pair    | 160.59     | 160.59     | 160.59     |   0.0 |100.00
Neigh   | 0          | 0          | 0          |   0.0 |  0.00
Comm    | 0.0015299  | 0.0015299  | 0.0015299  |   0.0 |  0.00
Output  | 0.00043012 | 0.00043012 | 0.00043012 |   0.0 |  0.00
Modify  | 0          | 0          | 0          |   0.0 |  0.00
Other   |            | 0.005593   |            |       |  0.00

Nlocal:            500 ave         500 max         500 min
Histogram: 1 0 0 0 0 0 0 0 0 0
Nghost:           5584 ave        5584 max        5584 min
Histogram: 1 0 0 0 0 0 0 0 0 0
Neighs:              0 ave           0 max           0 min
Histogram: 1 0 0 0 0 0 0 0 0 0
FullNghs:       276734 ave      276734 max      276734 min
Histogram: 1 0 0 0 0 0 0 0 0 0

Total # of neighbors = 276734
Ave neighs/atom = 553.468
Neighbor list builds = 0
Dangerous builds = 0
unfix 1

# Промежуточная минимизация атомов
min_style cg
minimize 1.0e-10 1.0e-11 1000 5000
Per MPI rank memory allocation (min/avg/max) = 19.8 | 19.8 | 19.8 Mbytes
   Step           Lx             Ly             Lz           PotEng         Press           Fmax          Volume    
        73   17.338113      17.351282      17.341534     -4013.8269      46.571179      0.069779813    5217.0007    
        78   17.338113      17.351282      17.341534     -4013.8462      735.4615       0.0030150637   5217.0007    
Loop time of 24.0722 on 8 procs for 5 steps with 500 atoms

779.2% CPU use with 1 MPI tasks x 8 OpenMP threads

Minimization stats:
  Stopping criterion = energy tolerance
  Energy initial, next-to-last, final = 
     -4013.82690429688  -4013.84619140625  -4013.84619140625
  Force two-norm initial, final = 0.66526594 0.022560832
  Force max component initial, final = 0.069779813 0.0030150637
  Final line search alpha, max atom move = 1 0.0030150637
  Iterations, force evaluations = 5 10

MPI task timing breakdown:
Section |  min time  |  avg time  |  max time  |%varavg| %total
---------------------------------------------------------------
Pair    | 24.072     | 24.072     | 24.072     |   0.0 |100.00
Neigh   | 0          | 0          | 0          |   0.0 |  0.00
Comm    | 0.00026959 | 0.00026959 | 0.00026959 |   0.0 |  0.00
Output  | 0          | 0          | 0          |   0.0 |  0.00
Modify  | 0          | 0          | 0          |   0.0 |  0.00
Other   |            | 0.0002016  |            |       |  0.00

Nlocal:            500 ave         500 max         500 min
Histogram: 1 0 0 0 0 0 0 0 0 0
Nghost:           5584 ave        5584 max        5584 min
Histogram: 1 0 0 0 0 0 0 0 0 0
Neighs:              0 ave           0 max           0 min
Histogram: 1 0 0 0 0 0 0 0 0 0
FullNghs:       274152 ave      274152 max      274152 min
Histogram: 1 0 0 0 0 0 0 0 0 0

Total # of neighbors = 274152
Ave neighs/atom = 548.304
Neighbor list builds = 0
Dangerous builds = 0

# Релаксация ячейки iso
fix 2 all box/relax iso 0.0 vmax 0.0001
min_style cg
minimize 1.0e-10 1.0e-11 1000 5000
WARNING: Energy due to 1 extra global DOFs will be included in minimizer energies
 (src/min.cpp:222)
Per MPI rank memory allocation (min/avg/max) = 19.8 | 19.8 | 19.8 Mbytes
   Step           Lx             Ly             Lz           PotEng         Press           Fmax          Volume    
        78   17.338113      17.351282      17.341534     -4013.8462      735.46377      0.003015101    5217.0007    
        80   17.339549      17.352719      17.34297      -4013.8467     -1.6789712      0.0025848225   5218.2974    
Loop time of 11.1578 on 8 procs for 2 steps with 500 atoms

783.1% CPU use with 1 MPI tasks x 8 OpenMP threads

Minimization stats:
  Stopping criterion = energy tolerance
  Energy initial, next-to-last, final = 
     -4013.84619140625   -4013.8466796875   -4013.8466796875
  Force two-norm initial, final = 7.1844779 0.021913413
  Force max component initial, final = 7.1844425 0.016403896
  Final line search alpha, max atom move = 1 0.016403896
  Iterations, force evaluations = 2 4

MPI task timing breakdown:
Section |  min time  |  avg time  |  max time  |%varavg| %total
---------------------------------------------------------------
Pair    | 11.157     | 11.157     | 11.157     |   0.0 |100.00
Neigh   | 0          | 0          | 0          |   0.0 |  0.00
Comm    | 0.00010379 | 0.00010379 | 0.00010379 |   0.0 |  0.00
Output  | 0          | 0          | 0          |   0.0 |  0.00
Modify  | 0          | 0          | 0          |   0.0 |  0.00
Other   |            | 0.0003171  |            |       |  0.00

Nlocal:            500 ave         500 max         500 min
Histogram: 1 0 0 0 0 0 0 0 0 0
Nghost:           5584 ave        5584 max        5584 min
Histogram: 1 0 0 0 0 0 0 0 0 0
Neighs:              0 ave           0 max           0 min
Histogram: 1 0 0 0 0 0 0 0 0 0
FullNghs:       274070 ave      274070 max      274070 min
Histogram: 1 0 0 0 0 0 0 0 0 0

Total # of neighbors = 274070
Ave neighs/atom = 548.14
Neighbor list builds = 0
Dangerous builds = 0
unfix 2

variable lat_const equal "lx/5"
variable eatom equal "pe/count(all)"
variable teng equal "pe"
variable natoms equal "count(all)"

print "Lattice parameter (lx/5) = ${lat_const} A"
Lattice parameter (lx/5) = 3.46790979487206 A
print "Total Potential Energy (PE) = ${teng} eV"
Total Potential Energy (PE) = -4013.8466796875 eV
print "Number of atoms = ${natoms}"
Number of atoms = 500
print "Cohesive energy (PE/N) = ${eatom} eV"
Cohesive energy (PE/N) = -8.027693359375 eV
print "Minimization completed."
Minimization completed.

write_data B6_1_minimized.data
System init for write_data ...
Total wall time: 0:04:13
