read_data B6_9.data
Reading data file ...
  triclinic box = (0 0 0) to (17.245 17.245 17.245) with tilt (1.0559517e-15 1.0559517e-15 1.0559517e-15)
  1 by 1 by 1 MPI processor grid
  reading atoms ...
  500 atoms
  read_data CPU = 0.003 seconds

mass 1 58.6934  # Ni
mass 2 55.845   # Fe
mass 3 51.9961  # Cr

pair_style metatomic pet-mad-latest.pt device cpu

This is the PET-MAD v1.0.2 model
================================

A universal interatomic potential for advanced materials modeling

Model authors
-------------

- Arslan Mazitov (arslan.mazitov@epfl.ch)
- Filippo Bigi
- Matthias Kellner
- Paolo Pegolo
- Davide Tisi
- Guillaume Fraux
- Sergey Pozdnyakov
- Philip Loche
- Michele Ceriotti (michele.ceriotti@epfl.ch)

Model references
----------------

Please cite the following references when using this model:
- about this specific model:
  * http://arxiv.org/abs/2503.14118
- about the architecture of this model:
  * LLPR (uncertainty method):
    https://iopscience.iop.org/article/10.1088/2632-2153/ad805f
  * LPR (if using per-atom uncertainty):
    https://pubs.acs.org/doi/10.1021/acs.jctc.3c00704
  * https://arxiv.org/abs/2305.19302v3

WARNING: the model declared support for unknown device 'cuda', it will be ignored (src/ML-METATOMIC/pair_metatomic.cpp:216)
Running simulation on cpu device with float32 data
pair_coeff * * 28 26 24

neighbor 2.0 bin
neigh_modify delay 0 check yes
timestep 0.001

thermo 10
thermo_style custom step lx ly lz pe press fmax vol

# --- ЭТАПЫ МИНИМИЗАЦИИ ---
min_style cg
minimize 1.0e-8 1.0e-9 1000 5000

CITE-CITE-CITE-CITE-CITE-CITE-CITE-CITE-CITE-CITE-CITE-CITE-CITE

Your simulation uses code contributions which should be cited:

- LLPR (uncertainty method): https://iopscience.iop.org/article/10.1088/2632-2153/ad805f
- LPR (if using per-atom uncertainty): https://pubs.acs.org/doi/10.1021/acs.jctc.3c00704
- https://arxiv.org/abs/2305.19302v3
- http://arxiv.org/abs/2503.14118
CITE-CITE-CITE-CITE-CITE-CITE-CITE-CITE-CITE-CITE-CITE-CITE-CITE

Neighbor list info ...
  update: every = 1 steps, delay = 0 steps, check = yes
  max neighbors/atom: 2000, page size: 100000
  master list distance cutoff = 11
  ghost atom cutoff = 11
  binsize = 5.5, bins = 4 4 4
  1 neighbor lists, perpetual/occasional/extra = 1 0 0
  (1) pair metatomic, perpetual
      attributes: full, newton on, ghost
      pair build: full/bin/ghost
      stencil: full/ghost/bin/3d
      bin: standard
Per MPI rank memory allocation (min/avg/max) = 19.8 | 19.8 | 19.8 Mbytes
   Step           Lx             Ly             Lz           PotEng         Press           Fmax          Volume    
         0   17.245         17.245         17.245        -4006.6333      49577.163      1.1414804      5128.491     
        10   17.245         17.245         17.245        -4012.179       52198.216      0.006591849    5128.491     
        11   17.245         17.245         17.245        -4012.179       52199.469      0.0044071898   5128.491     
Loop time of 70.776 on 8 procs for 11 steps with 500 atoms

775.4% CPU use with 1 MPI tasks x 8 OpenMP threads

Minimization stats:
  Stopping criterion = energy tolerance
  Energy initial, next-to-last, final = 
     -4006.63330078125  -4012.17895507812  -4012.17895507812
  Force two-norm initial, final = 11.039903 0.023678514
  Force max component initial, final = 1.1414804 0.0044071898
  Final line search alpha, max atom move = 0.03125 0.00013772468
  Iterations, force evaluations = 11 32

MPI task timing breakdown:
Section |  min time  |  avg time  |  max time  |%varavg| %total
---------------------------------------------------------------
Pair    | 70.775     | 70.775     | 70.775     |   0.0 |100.00
Neigh   | 0          | 0          | 0          |   0.0 |  0.00
Comm    | 0.00074466 | 0.00074466 | 0.00074466 |   0.0 |  0.00
Output  | 3.3153e-05 | 3.3153e-05 | 3.3153e-05 |   0.0 |  0.00
Modify  | 0          | 0          | 0          |   0.0 |  0.00
Other   |            | 0.0005256  |            |       |  0.00

Nlocal:            500 ave         500 max         500 min
Histogram: 1 0 0 0 0 0 0 0 0 0
Nghost:           5584 ave        5584 max        5584 min
Histogram: 1 0 0 0 0 0 0 0 0 0
Neighs:              0 ave           0 max           0 min
Histogram: 1 0 0 0 0 0 0 0 0 0
FullNghs:       277000 ave      277000 max      277000 min
Histogram: 1 0 0 0 0 0 0 0 0 0

Total # of neighbors = 277000
Ave neighs/atom = 554
Neighbor list builds = 0
Dangerous builds = 0

# Релаксация ячейки aniso
fix 1 all box/relax aniso 0.0 vmax 0.0001
min_style cg
minimize 1.0e-10 1.0e-11 1000 5000
WARNING: Energy due to 3 extra global DOFs will be included in minimizer energies
 (src/min.cpp:222)
Per MPI rank memory allocation (min/avg/max) = 19.8 | 19.8 | 19.8 Mbytes
   Step           Lx             Ly             Lz           PotEng         Press           Fmax          Volume    
        11   17.245         17.245         17.245        -4012.1785      52199.469      0.0044071153   5128.491     
        20   17.260111      17.259626      17.260521     -4012.582       43738.029      0.010665029    5141.962     
        30   17.276826      17.275715      17.277766     -4012.9468      34497.201      0.023081452    5156.8864    
        40   17.293421      17.291551      17.295011     -4013.2246      25455.412      0.035131007    5171.7282    
        50   17.309819      17.306963      17.312256     -4013.4177      16650.97       0.046775907    5186.4124    
        60   17.325814      17.321508      17.329501     -4013.5293      8187.6523      0.058365569    5200.7429    
        70   17.340198      17.332592      17.346746     -4013.5659      717.32106      0.069138363    5213.5743    
        73   17.341792      17.332055      17.350195     -4013.5667     -64.450245      0.070445016    5214.9287    
Loop time of 172.515 on 8 procs for 62 steps with 500 atoms

785.5% CPU use with 1 MPI tasks x 8 OpenMP threads

Minimization stats:
  Stopping criterion = linesearch alpha is zero
  Energy initial, next-to-last, final = 
     -4012.17846679688  -4013.56665039062  -4013.56665039062
  Force two-norm initial, final = 289.4806 1.7151419
  Force max component initial, final = 171.62801 1.3225354
  Final line search alpha, max atom move = 2.3075015e-09 3.0517523e-09
  Iterations, force evaluations = 62 78

MPI task timing breakdown:
Section |  min time  |  avg time  |  max time  |%varavg| %total
---------------------------------------------------------------
Pair    | 172.51     | 172.51     | 172.51     |   0.0 |100.00
Neigh   | 0          | 0          | 0          |   0.0 |  0.00
Comm    | 0.0014721  | 0.0014721  | 0.0014721  |   0.0 |  0.00
Output  | 0.00039151 | 0.00039151 | 0.00039151 |   0.0 |  0.00
Modify  | 0          | 0          | 0          |   0.0 |  0.00
Other   |            | 0.006723   |            |       |  0.00

Nlocal:            500 ave         500 max         500 min
Histogram: 1 0 0 0 0 0 0 0 0 0
Nghost:           5584 ave        5584 max        5584 min
Histogram: 1 0 0 0 0 0 0 0 0 0
Neighs:              0 ave           0 max           0 min
Histogram: 1 0 0 0 0 0 0 0 0 0
FullNghs:       276784 ave      276784 max      276784 min
Histogram: 1 0 0 0 0 0 0 0 0 0

Total # of neighbors = 276784
Ave neighs/atom = 553.568
Neighbor list builds = 0
Dangerous builds = 0
unfix 1

# Промежуточная минимизация атомов
min_style cg
minimize 1.0e-10 1.0e-11 1000 5000
Per MPI rank memory allocation (min/avg/max) = 19.8 | 19.8 | 19.8 Mbytes
   Step           Lx             Ly             Lz           PotEng         Press           Fmax          Volume    
        73   17.341792      17.332055      17.350195     -4013.5667     -64.451777      0.070445046    5214.9287    
        79   17.341792      17.332055      17.350195     -4013.5859      647.22624      0.0018220767   5214.9287    
Loop time of 42.3946 on 8 procs for 6 steps with 500 atoms

781.7% CPU use with 1 MPI tasks x 8 OpenMP threads

Minimization stats:
  Stopping criterion = energy tolerance
  Energy initial, next-to-last, final = 
     -4013.56665039062      -4013.5859375      -4013.5859375
  Force two-norm initial, final = 0.66067183 0.015449335
  Force max component initial, final = 0.070445046 0.0018220767
  Final line search alpha, max atom move = 0.125 0.00022775959
  Iterations, force evaluations = 6 18

MPI task timing breakdown:
Section |  min time  |  avg time  |  max time  |%varavg| %total
---------------------------------------------------------------
Pair    | 42.394     | 42.394     | 42.394     |   0.0 |100.00
Neigh   | 0          | 0          | 0          |   0.0 |  0.00
Comm    | 0.00044855 | 0.00044855 | 0.00044855 |   0.0 |  0.00
Output  | 0          | 0          | 0          |   0.0 |  0.00
Modify  | 0          | 0          | 0          |   0.0 |  0.00
Other   |            | 0.0003579  |            |       |  0.00

Nlocal:            500 ave         500 max         500 min
Histogram: 1 0 0 0 0 0 0 0 0 0
Nghost:           5584 ave        5584 max        5584 min
Histogram: 1 0 0 0 0 0 0 0 0 0
Neighs:              0 ave           0 max           0 min
Histogram: 1 0 0 0 0 0 0 0 0 0
FullNghs:       274382 ave      274382 max      274382 min
Histogram: 1 0 0 0 0 0 0 0 0 0

Total # of neighbors = 274382
Ave neighs/atom = 548.764
Neighbor list builds = 0
Dangerous builds = 0

# Релаксация ячейки iso
fix 2 all box/relax iso 0.0 vmax 0.0001
min_style cg
minimize 1.0e-10 1.0e-11 1000 5000
WARNING: Energy due to 1 extra global DOFs will be included in minimizer energies
 (src/min.cpp:222)
Per MPI rank memory allocation (min/avg/max) = 19.8 | 19.8 | 19.8 Mbytes
   Step           Lx             Ly             Lz           PotEng         Press           Fmax          Volume    
        79   17.341792      17.332055      17.350195     -4013.5859      647.22587      0.0018202513   5214.9287    
        80   17.343033      17.333295      17.351436     -4013.5864     -0.29878288     0.0016583055   5216.0483    
        81   17.343048      17.33331       17.351451     -4013.5864     -1.616068       0.001634568    5216.0618    
Loop time of 11.4727 on 8 procs for 2 steps with 500 atoms

783.5% CPU use with 1 MPI tasks x 8 OpenMP threads

Minimization stats:
  Stopping criterion = energy tolerance
  Energy initial, next-to-last, final = 
         -4013.5859375  -4013.58642578125  -4013.58642578125
  Force two-norm initial, final = 6.3199907 0.019294464
  Force max component initial, final = 6.3199719 0.015782718
  Final line search alpha, max atom move = 1 0.015782718
  Iterations, force evaluations = 2 4

MPI task timing breakdown:
Section |  min time  |  avg time  |  max time  |%varavg| %total
---------------------------------------------------------------
Pair    | 11.472     | 11.472     | 11.472     |   0.0 |100.00
Neigh   | 0          | 0          | 0          |   0.0 |  0.00
Comm    | 9.9379e-05 | 9.9379e-05 | 9.9379e-05 |   0.0 |  0.00
Output  | 7.5275e-05 | 7.5275e-05 | 7.5275e-05 |   0.0 |  0.00
Modify  | 0          | 0          | 0          |   0.0 |  0.00
Other   |            | 0.0003662  |            |       |  0.00

Nlocal:            500 ave         500 max         500 min
Histogram: 1 0 0 0 0 0 0 0 0 0
Nghost:           5584 ave        5584 max        5584 min
Histogram: 1 0 0 0 0 0 0 0 0 0
Neighs:              0 ave           0 max           0 min
Histogram: 1 0 0 0 0 0 0 0 0 0
FullNghs:       274270 ave      274270 max      274270 min
Histogram: 1 0 0 0 0 0 0 0 0 0

Total # of neighbors = 274270
Ave neighs/atom = 548.54
Neighbor list builds = 0
Dangerous builds = 0
unfix 2

variable lat_const equal "lx/5"
variable eatom equal "pe/count(all)"
variable teng equal "pe"
variable natoms equal "count(all)"

print "Lattice parameter (lx/5) = ${lat_const} A"
Lattice parameter (lx/5) = 3.46860951854059 A
print "Total Potential Energy (PE) = ${teng} eV"
Total Potential Energy (PE) = -4013.58642578125 eV
print "Number of atoms = ${natoms}"
Number of atoms = 500
print "Cohesive energy (PE/N) = ${eatom} eV"
Cohesive energy (PE/N) = -8.0271728515625 eV
print "Minimization completed."
Minimization completed.

write_data B6_9_minimized.data
System init for write_data ...
Total wall time: 0:05:06
