read_data C0_11.data
Reading data file ...
  triclinic box = (0 0 0) to (17.6 17.6 17.6) with tilt (1.0776892e-15 1.0776892e-15 1.0776892e-15)
  1 by 2 by 2 MPI processor grid
  reading atoms ...
  500 atoms
  read_data CPU = 0.007 seconds

mass 1 58.6934  # Ni
mass 2 55.845   # Fe
mass 3 51.9961  # Cr

pair_style eam/alloy
pair_coeff * * FeNiCr_bonny.eam.alloy Ni Fe Cr

neighbor 2.0 bin
neigh_modify delay 0 check yes
timestep 0.001

thermo 10
thermo_style custom step lx ly lz pe press fmax vol

# --- ЭТАПЫ МИНИМИЗАЦИИ ---
min_style cg
minimize 1.0e-8 1.0e-9 1000 5000

CITE-CITE-CITE-CITE-CITE-CITE-CITE-CITE-CITE-CITE-CITE-CITE-CITE

Your simulation uses code contributions which should be cited:

- Type Label Framework: https://doi.org/10.1021/acs.jpcb.3c08419

@Article{Gissinger24,
 author = {Jacob R. Gissinger, Ilia Nikiforov, Yaser Afshar, Brendon Waters, Moon-ki Choi, Daniel S. Karls, Alexander Stukowski, Wonpil Im, Hendrik Heinz, Axel Kohlmeyer, and Ellad B. Tadmor},
 title = {Type Label Framework for Bonded Force Fields in LAMMPS},
 journal = {J. Phys. Chem. B},
 year =    2024,
 volume =  128,
 number =  13,
 pages =   {3282–-3297}
}

CITE-CITE-CITE-CITE-CITE-CITE-CITE-CITE-CITE-CITE-CITE-CITE-CITE

Neighbor list info ...
  update: every = 1 steps, delay = 0 steps, check = yes
  max neighbors/atom: 2000, page size: 100000
  master list distance cutoff = 7.6
  ghost atom cutoff = 7.6
  binsize = 3.8, bins = 5 5 5
  1 neighbor lists, perpetual/occasional/extra = 1 0 0
  (1) pair eam/alloy, perpetual
      attributes: half, newton on
      pair build: half/bin/atomonly/newton/tri
      stencil: half/bin/3d/tri
      bin: standard
Per MPI rank memory allocation (min/avg/max) = 4.524 | 4.524 | 4.524 Mbytes
   Step           Lx             Ly             Lz           PotEng         Press           Fmax          Volume    
         0   17.6           17.6           17.6          -2119.6808     -2271.5813      0.80852356     5451.776     
        10   17.6           17.6           17.6          -2122.4069     -2207.1099      0.0091525604   5451.776     
        16   17.6           17.6           17.6          -2122.408      -2201.6507      0.0011467349   5451.776     
Loop time of 0.0170261 on 4 procs for 16 steps with 500 atoms

68.3% CPU use with 4 MPI tasks x 1 OpenMP threads

Minimization stats:
  Stopping criterion = energy tolerance
  Energy initial, next-to-last, final = 
     -2119.68082285494  -2122.40797994176  -2122.40799576156
  Force two-norm initial, final = 8.9773847 0.012248256
  Force max component initial, final = 0.80852356 0.0011467349
  Final line search alpha, max atom move = 1 0.0011467349
  Iterations, force evaluations = 16 32

MPI task timing breakdown:
Section |  min time  |  avg time  |  max time  |%varavg| %total
---------------------------------------------------------------
Pair    | 0.014754   | 0.014844   | 0.014931   |   0.1 | 87.18
Neigh   | 0          | 0          | 0          |   0.0 |  0.00
Comm    | 0.0011151  | 0.001284   | 0.0014022  |   0.3 |  7.54
Output  | 3.289e-05  | 4.7532e-05 | 9.1201e-05 |   0.0 |  0.28
Modify  | 0          | 0          | 0          |   0.0 |  0.00
Other   |            | 0.0008504  |            |       |  4.99

Nlocal:            125 ave         145 max         105 min
Histogram: 1 0 0 0 0 2 0 0 0 1
Nghost:           1737 ave        1757 max        1717 min
Histogram: 1 0 0 0 0 2 0 0 0 1
Neighs:          11000 ave       12741 max        9287 min
Histogram: 1 0 0 0 1 1 0 0 0 1

Total # of neighbors = 44000
Ave neighs/atom = 88
Neighbor list builds = 0
Dangerous builds = 0

# Релаксация ячейки aniso
fix 1 all box/relax aniso 0.0 vmax 0.0001
min_style cg
minimize 1.0e-10 1.0e-11 1000 5000
WARNING: Energy due to 3 extra global DOFs will be included in minimizer energies
 (src/min.cpp:219)
Per MPI rank memory allocation (min/avg/max) = 4.524 | 4.524 | 4.524 Mbytes
   Step           Lx             Ly             Lz           PotEng         Press           Fmax          Volume    
        16   17.6           17.6           17.6          -2122.408      -2201.6507      0.0011467349   5451.776     
        20   17.59296       17.595156      17.596751     -2122.4125     -612.28155      0.0032354542   5447.0898    
        30   17.580896      17.593216      17.605096     -2122.4139     -45.711805      0.0033248887   5445.3356    
        33   17.580191      17.593892      17.604619     -2122.414      -2.5015125      0.0017791914   5445.1789    
Loop time of 0.0319951 on 4 procs for 17 steps with 500 atoms

57.2% CPU use with 4 MPI tasks x 1 OpenMP threads

Minimization stats:
  Stopping criterion = energy tolerance
  Energy initial, next-to-last, final = 
     -2122.40799576156  -2122.41395214871  -2122.41395230269
  Force two-norm initial, final = 13.286849 0.031642681
  Force max component initial, final = 9.6180605 0.022876198
  Final line search alpha, max atom move = 0.0019497755 4.4603452e-05
  Iterations, force evaluations = 17 24

MPI task timing breakdown:
Section |  min time  |  avg time  |  max time  |%varavg| %total
---------------------------------------------------------------
Pair    | 0.013461   | 0.013537   | 0.013618   |   0.1 | 42.31
Neigh   | 0          | 0          | 0          |   0.0 |  0.00
Comm    | 0.0090903  | 0.013109   | 0.014527   |   2.0 | 40.97
Output  | 2.995e-05  | 4.867e-05  | 0.00010453 |   0.0 |  0.15
Modify  | 0          | 0          | 0          |   0.0 |  0.00
Other   |            | 0.005301   |            |       | 16.57

Nlocal:            125 ave         132 max         113 min
Histogram: 1 0 0 0 0 1 0 0 0 2
Nghost:           1737 ave        1749 max        1730 min
Histogram: 2 0 0 0 1 0 0 0 0 1
Neighs:          11000 ave       11605 max        9962 min
Histogram: 1 0 0 0 0 1 0 0 0 2

Total # of neighbors = 44000
Ave neighs/atom = 88
Neighbor list builds = 0
Dangerous builds = 0
unfix 1

# Промежуточная минимизация атомов
min_style cg
minimize 1.0e-10 1.0e-11 1000 5000
Per MPI rank memory allocation (min/avg/max) = 4.524 | 4.524 | 4.524 Mbytes
   Step           Lx             Ly             Lz           PotEng         Press           Fmax          Volume    
        33   17.580191      17.593892      17.604619     -2122.414      -2.5015125      0.0017791914   5445.1789    
        40   17.580191      17.593892      17.604619     -2122.414      -8.5756013      0.00027044918  5445.1789    
        43   17.580191      17.593892      17.604619     -2122.414      -8.7095261      0.00010341492  5445.1789    
Loop time of 0.02161 on 4 procs for 10 steps with 500 atoms

84.2% CPU use with 4 MPI tasks x 1 OpenMP threads

Minimization stats:
  Stopping criterion = energy tolerance
  Energy initial, next-to-last, final = 
     -2122.41395230269   -2122.4139994842  -2122.41399959938
  Force two-norm initial, final = 0.019878667 0.0011157103
  Force max component initial, final = 0.0017791914 0.00010341492
  Final line search alpha, max atom move = 1 0.00010341492
  Iterations, force evaluations = 10 20

MPI task timing breakdown:
Section |  min time  |  avg time  |  max time  |%varavg| %total
---------------------------------------------------------------
Pair    | 0.014342   | 0.014361   | 0.014401   |   0.0 | 66.45
Neigh   | 0          | 0          | 0          |   0.0 |  0.00
Comm    | 0.0014594  | 0.0028143  | 0.004149   |   2.5 | 13.02
Output  | 2.4006e-05 | 3.8545e-05 | 8.1487e-05 |   0.0 |  0.18
Modify  | 0          | 0          | 0          |   0.0 |  0.00
Other   |            | 0.004396   |            |       | 20.34

Nlocal:            125 ave         132 max         112 min
Histogram: 1 0 0 0 0 0 1 0 0 2
Nghost:           1737 ave        1750 max        1730 min
Histogram: 2 0 0 1 0 0 0 0 0 1
Neighs:          11000 ave       11605 max        9873 min
Histogram: 1 0 0 0 0 0 1 0 0 2

Total # of neighbors = 44000
Ave neighs/atom = 88
Neighbor list builds = 0
Dangerous builds = 0

# Релаксация ячейки iso
fix 2 all box/relax iso 0.0 vmax 0.0001
min_style cg
minimize 1.0e-10 1.0e-11 1000 5000
WARNING: Energy due to 1 extra global DOFs will be included in minimizer energies
 (src/min.cpp:219)
Per MPI rank memory allocation (min/avg/max) = 4.524 | 4.524 | 4.524 Mbytes
   Step           Lx             Ly             Lz           PotEng         Press           Fmax          Volume    
        43   17.580191      17.593892      17.604619     -2122.414      -8.7095261      0.00010341492  5445.1789    
        44   17.580164      17.593865      17.604591     -2122.414      -0.0053017496   0.00010479819  5445.1534    
Loop time of 0.00195497 on 4 procs for 1 steps with 500 atoms

73.7% CPU use with 4 MPI tasks x 1 OpenMP threads

Minimization stats:
  Stopping criterion = energy tolerance
  Energy initial, next-to-last, final = 
     -2122.41399959938  -2122.41399959938  -2122.41399966888
  Force two-norm initial, final = 0.088807952 0.0010952057
  Force max component initial, final = 0.088800943 0.00010479819
  Final line search alpha, max atom move = 0.0011261142 1.1801472e-07
  Iterations, force evaluations = 1 2

MPI task timing breakdown:
Section |  min time  |  avg time  |  max time  |%varavg| %total
---------------------------------------------------------------
Pair    | 0.0016062  | 0.001615   | 0.0016198  |   0.0 | 82.61
Neigh   | 0          | 0          | 0          |   0.0 |  0.00
Comm    | 0.00013883 | 0.00014869 | 0.0001553  |   0.0 |  7.61
Output  | 0          | 0          | 0          |   0.0 |  0.00
Modify  | 0          | 0          | 0          |   0.0 |  0.00
Other   |            | 0.0001913  |            |       |  9.78

Nlocal:            125 ave         132 max         113 min
Histogram: 1 0 0 0 0 1 0 0 0 2
Nghost:           1737 ave        1749 max        1730 min
Histogram: 2 0 0 0 1 0 0 0 0 1
Neighs:          11000 ave       11695 max        9962 min
Histogram: 1 0 0 0 0 1 0 0 1 1

Total # of neighbors = 44000
Ave neighs/atom = 88
Neighbor list builds = 0
Dangerous builds = 0
unfix 2

variable lat_const equal "lx/5"
variable eatom equal "pe/count(all)"
variable teng equal "pe"
variable natoms equal "count(all)"

print "Lattice parameter (lx/5) = ${lat_const} A"
Lattice parameter (lx/5) = 3.51603273985501 A
print "Total Potential Energy (PE) = ${teng} eV"
Total Potential Energy (PE) = -2122.41399966888 eV
print "Number of atoms = ${natoms}"
Number of atoms = 500
print "Cohesive energy (PE/N) = ${eatom} eV"
Cohesive energy (PE/N) = -4.24482799933776 eV
print "Minimization completed."
Minimization completed.

write_data C0_11_minimized.data
System init for write_data ...
Total wall time: 0:00:00
