read_data C0_1.data
Reading data file ...
  triclinic box = (0 0 0) to (17.6 17.6 17.6) with tilt (1.0776892e-15 1.0776892e-15 1.0776892e-15)
  1 by 2 by 2 MPI processor grid
  reading atoms ...
  500 atoms
  read_data CPU = 0.022 seconds

mass 1 58.6934  # Ni
mass 2 55.845   # Fe
mass 3 51.9961  # Cr

pair_style eam/alloy
pair_coeff * * FeNiCr_bonny.eam.alloy Ni Fe Cr

neighbor 2.0 bin
neigh_modify delay 0 check yes
timestep 0.001

thermo 10
thermo_style custom step lx ly lz pe press fmax vol

# --- ЭТАПЫ МИНИМИЗАЦИИ ---
min_style cg
minimize 1.0e-8 1.0e-9 1000 5000

CITE-CITE-CITE-CITE-CITE-CITE-CITE-CITE-CITE-CITE-CITE-CITE-CITE

Your simulation uses code contributions which should be cited:

- Type Label Framework: https://doi.org/10.1021/acs.jpcb.3c08419

@Article{Gissinger24,
 author = {Jacob R. Gissinger, Ilia Nikiforov, Yaser Afshar, Brendon Waters, Moon-ki Choi, Daniel S. Karls, Alexander Stukowski, Wonpil Im, Hendrik Heinz, Axel Kohlmeyer, and Ellad B. Tadmor},
 title = {Type Label Framework for Bonded Force Fields in LAMMPS},
 journal = {J. Phys. Chem. B},
 year =    2024,
 volume =  128,
 number =  13,
 pages =   {3282–-3297}
}

CITE-CITE-CITE-CITE-CITE-CITE-CITE-CITE-CITE-CITE-CITE-CITE-CITE

Neighbor list info ...
  update: every = 1 steps, delay = 0 steps, check = yes
  max neighbors/atom: 2000, page size: 100000
  master list distance cutoff = 7.6
  ghost atom cutoff = 7.6
  binsize = 3.8, bins = 5 5 5
  1 neighbor lists, perpetual/occasional/extra = 1 0 0
  (1) pair eam/alloy, perpetual
      attributes: half, newton on
      pair build: half/bin/atomonly/newton/tri
      stencil: half/bin/3d/tri
      bin: standard
Per MPI rank memory allocation (min/avg/max) = 4.524 | 4.524 | 4.524 Mbytes
   Step           Lx             Ly             Lz           PotEng         Press           Fmax          Volume    
         0   17.6           17.6           17.6          -2118.5263     -2014.627       0.7904811      5451.776     
        10   17.6           17.6           17.6          -2121.354      -2068.7974      0.0068322294   5451.776     
        16   17.6           17.6           17.6          -2121.3548     -2064.5709      0.0013190118   5451.776     
Loop time of 0.0497325 on 4 procs for 16 steps with 500 atoms

68.7% CPU use with 4 MPI tasks x 1 OpenMP threads

Minimization stats:
  Stopping criterion = energy tolerance
  Energy initial, next-to-last, final = 
     -2118.52629611091  -2121.35481673684  -2121.35483366253
  Force two-norm initial, final = 9.0134222 0.012831631
  Force max component initial, final = 0.7904811 0.0013190118
  Final line search alpha, max atom move = 1 0.0013190118
  Iterations, force evaluations = 16 32

MPI task timing breakdown:
Section |  min time  |  avg time  |  max time  |%varavg| %total
---------------------------------------------------------------
Pair    | 0.031185   | 0.037984   | 0.045096   |   3.5 | 76.38
Neigh   | 0          | 0          | 0          |   0.0 |  0.00
Comm    | 0.0021681  | 0.0096932  | 0.017459   |   6.9 | 19.49
Output  | 2.4171e-05 | 3.4458e-05 | 6.3299e-05 |   0.0 |  0.07
Modify  | 0          | 0          | 0          |   0.0 |  0.00
Other   |            | 0.002021   |            |       |  4.06

Nlocal:            125 ave         145 max         105 min
Histogram: 1 0 0 0 0 2 0 0 0 1
Nghost:           1737 ave        1757 max        1717 min
Histogram: 1 0 0 0 0 2 0 0 0 1
Neighs:          11000 ave       12735 max        9216 min
Histogram: 1 0 0 0 1 1 0 0 0 1

Total # of neighbors = 44000
Ave neighs/atom = 88
Neighbor list builds = 0
Dangerous builds = 0

# Релаксация ячейки aniso
fix 1 all box/relax aniso 0.0 vmax 0.0001
min_style cg
minimize 1.0e-10 1.0e-11 1000 5000
WARNING: Energy due to 3 extra global DOFs will be included in minimizer energies
 (src/min.cpp:219)
Per MPI rank memory allocation (min/avg/max) = 4.524 | 4.524 | 4.524 Mbytes
   Step           Lx             Ly             Lz           PotEng         Press           Fmax          Volume    
        16   17.6           17.6           17.6          -2121.3548     -2064.5709      0.0013190118   5451.776     
        20   17.59296       17.59954       17.594732     -2121.3598     -733.98242      0.0031141239   5447.8216    
        30   17.578001      17.614499      17.587872     -2121.3643      1.8903924      0.0088806903   5445.692     
        40   17.571782      17.622217      17.586018     -2121.3651     -0.13103665     0.0028532046   5445.5764    
        50   17.571358      17.62297       17.585955     -2121.3652     -31.568258      0.0016681678   5445.6581    
        55   17.571426      17.62287       17.585579     -2121.3652      9.6370983      0.001217866    5445.5322    
Loop time of 0.0745747 on 4 procs for 39 steps with 500 atoms

81.3% CPU use with 4 MPI tasks x 1 OpenMP threads

Minimization stats:
  Stopping criterion = energy tolerance
  Energy initial, next-to-last, final = 
     -2121.35483366253  -2121.36523332498  -2121.36523343134
  Force two-norm initial, final = 13.555875 0.058540933
  Force max component initial, final = 10.475985 0.036935729
  Final line search alpha, max atom move = 0.030369701 0.0011217271
  Iterations, force evaluations = 39 61

MPI task timing breakdown:
Section |  min time  |  avg time  |  max time  |%varavg| %total
---------------------------------------------------------------
Pair    | 0.048476   | 0.049278   | 0.05103    |   0.5 | 66.08
Neigh   | 0          | 0          | 0          |   0.0 |  0.00
Comm    | 0.0078619  | 0.0092994  | 0.010105   |   0.9 | 12.47
Output  | 0.00013829 | 0.00018857 | 0.00033631 |   0.0 |  0.25
Modify  | 0          | 0          | 0          |   0.0 |  0.00
Other   |            | 0.01581    |            |       | 21.20

Nlocal:            125 ave         138 max         119 min
Histogram: 2 0 1 0 0 0 0 0 0 1
Nghost:           1737 ave        1743 max        1724 min
Histogram: 1 0 0 0 0 0 0 1 0 2
Neighs:          11000 ave       12137 max       10422 min
Histogram: 2 0 1 0 0 0 0 0 0 1

Total # of neighbors = 44000
Ave neighs/atom = 88
Neighbor list builds = 0
Dangerous builds = 0
unfix 1

# Промежуточная минимизация атомов
min_style cg
minimize 1.0e-10 1.0e-11 1000 5000
Per MPI rank memory allocation (min/avg/max) = 4.524 | 4.524 | 4.524 Mbytes
   Step           Lx             Ly             Lz           PotEng         Press           Fmax          Volume    
        55   17.571426      17.62287       17.585579     -2121.3652      9.6370983      0.001217866    5445.5322    
        60   17.571426      17.62287       17.585579     -2121.3652      9.725866       0.00048750243  5445.5322    
        63   17.571426      17.62287       17.585579     -2121.3653      9.4884847      0.00011840106  5445.5322    
Loop time of 0.0192082 on 4 procs for 8 steps with 500 atoms

84.6% CPU use with 4 MPI tasks x 1 OpenMP threads

Minimization stats:
  Stopping criterion = energy tolerance
  Energy initial, next-to-last, final = 
     -2121.36523343134  -2121.36525103761  -2121.36525119452
  Force two-norm initial, final = 0.013073341 0.0011003105
  Force max component initial, final = 0.001217866 0.00011840106
  Final line search alpha, max atom move = 1 0.00011840106
  Iterations, force evaluations = 8 16

MPI task timing breakdown:
Section |  min time  |  avg time  |  max time  |%varavg| %total
---------------------------------------------------------------
Pair    | 0.016496   | 0.016523   | 0.016551   |   0.0 | 86.02
Neigh   | 0          | 0          | 0          |   0.0 |  0.00
Comm    | 0.0010988  | 0.0016988  | 0.001927   |   0.8 |  8.84
Output  | 3.1303e-05 | 4.405e-05  | 8.122e-05  |   0.0 |  0.23
Modify  | 0          | 0          | 0          |   0.0 |  0.00
Other   |            | 0.0009421  |            |       |  4.90

Nlocal:            125 ave         138 max         119 min
Histogram: 2 0 1 0 0 0 0 0 0 1
Nghost:           1737 ave        1743 max        1724 min
Histogram: 1 0 0 0 0 0 0 1 0 2
Neighs:          11000 ave       12137 max       10422 min
Histogram: 2 0 1 0 0 0 0 0 0 1

Total # of neighbors = 44000
Ave neighs/atom = 88
Neighbor list builds = 0
Dangerous builds = 0

# Релаксация ячейки iso
fix 2 all box/relax iso 0.0 vmax 0.0001
min_style cg
minimize 1.0e-10 1.0e-11 1000 5000
WARNING: Energy due to 1 extra global DOFs will be included in minimizer energies
 (src/min.cpp:219)
Per MPI rank memory allocation (min/avg/max) = 4.524 | 4.524 | 4.524 Mbytes
   Step           Lx             Ly             Lz           PotEng         Press           Fmax          Volume    
        63   17.571426      17.62287       17.585579     -2121.3653      9.4884847      0.00011840106  5445.5322    
        64   17.571457      17.6229        17.585609     -2121.3653     -0.0086339906   0.00012548261  5445.5603    
Loop time of 0.00394525 on 4 procs for 1 steps with 500 atoms

74.4% CPU use with 4 MPI tasks x 1 OpenMP threads

Minimization stats:
  Stopping criterion = energy tolerance
  Energy initial, next-to-last, final = 
     -2121.36525119452  -2121.36525119452  -2121.36525127776
  Force two-norm initial, final = 0.096755614 0.0011526784
  Force max component initial, final = 0.096749358 0.00012548261
  Final line search alpha, max atom move = 0.0010335986 1.2969865e-07
  Iterations, force evaluations = 1 2

MPI task timing breakdown:
Section |  min time  |  avg time  |  max time  |%varavg| %total
---------------------------------------------------------------
Pair    | 0.0030159  | 0.0030323  | 0.0030421  |   0.0 | 76.86
Neigh   | 0          | 0          | 0          |   0.0 |  0.00
Comm    | 0.00026252 | 0.0003303  | 0.00036707 |   0.0 |  8.37
Output  | 0          | 0          | 0          |   0.0 |  0.00
Modify  | 0          | 0          | 0          |   0.0 |  0.00
Other   |            | 0.0005827  |            |       | 14.77

Nlocal:            125 ave         138 max         119 min
Histogram: 2 0 1 0 0 0 0 0 0 1
Nghost:           1737 ave        1743 max        1724 min
Histogram: 1 0 0 0 0 0 0 1 0 2
Neighs:          11000 ave       12137 max       10422 min
Histogram: 2 0 1 0 0 0 0 0 0 1

Total # of neighbors = 44000
Ave neighs/atom = 88
Neighbor list builds = 0
Dangerous builds = 0
unfix 2

variable lat_const equal "lx/5"
variable eatom equal "pe/count(all)"
variable teng equal "pe"
variable natoms equal "count(all)"

print "Lattice parameter (lx/5) = ${lat_const} A"
Lattice parameter (lx/5) = 3.51429132155023 A
print "Total Potential Energy (PE) = ${teng} eV"
Total Potential Energy (PE) = -2121.36525127776 eV
print "Number of atoms = ${natoms}"
Number of atoms = 500
print "Cohesive energy (PE/N) = ${eatom} eV"
Cohesive energy (PE/N) = -4.24273050255551 eV
print "Minimization completed."
Minimization completed.

write_data C0_1_minimized.data
System init for write_data ...
Total wall time: 0:00:00
