read_data C0_12.data
Reading data file ...
  triclinic box = (0 0 0) to (17.6 17.6 17.6) with tilt (1.0776892e-15 1.0776892e-15 1.0776892e-15)
  1 by 2 by 2 MPI processor grid
  reading atoms ...
  500 atoms
  read_data CPU = 0.007 seconds

mass 1 58.6934  # Ni
mass 2 55.845   # Fe
mass 3 51.9961  # Cr

pair_style eam/alloy
pair_coeff * * FeNiCr_bonny.eam.alloy Ni Fe Cr

neighbor 2.0 bin
neigh_modify delay 0 check yes
timestep 0.001

thermo 10
thermo_style custom step lx ly lz pe press fmax vol

# --- ЭТАПЫ МИНИМИЗАЦИИ ---
min_style cg
minimize 1.0e-8 1.0e-9 1000 5000

CITE-CITE-CITE-CITE-CITE-CITE-CITE-CITE-CITE-CITE-CITE-CITE-CITE

Your simulation uses code contributions which should be cited:

- Type Label Framework: https://doi.org/10.1021/acs.jpcb.3c08419

@Article{Gissinger24,
 author = {Jacob R. Gissinger, Ilia Nikiforov, Yaser Afshar, Brendon Waters, Moon-ki Choi, Daniel S. Karls, Alexander Stukowski, Wonpil Im, Hendrik Heinz, Axel Kohlmeyer, and Ellad B. Tadmor},
 title = {Type Label Framework for Bonded Force Fields in LAMMPS},
 journal = {J. Phys. Chem. B},
 year =    2024,
 volume =  128,
 number =  13,
 pages =   {3282–-3297}
}

CITE-CITE-CITE-CITE-CITE-CITE-CITE-CITE-CITE-CITE-CITE-CITE-CITE

Neighbor list info ...
  update: every = 1 steps, delay = 0 steps, check = yes
  max neighbors/atom: 2000, page size: 100000
  master list distance cutoff = 7.6
  ghost atom cutoff = 7.6
  binsize = 3.8, bins = 5 5 5
  1 neighbor lists, perpetual/occasional/extra = 1 0 0
  (1) pair eam/alloy, perpetual
      attributes: half, newton on
      pair build: half/bin/atomonly/newton/tri
      stencil: half/bin/3d/tri
      bin: standard
Per MPI rank memory allocation (min/avg/max) = 4.524 | 4.524 | 4.524 Mbytes
   Step           Lx             Ly             Lz           PotEng         Press           Fmax          Volume    
         0   17.6           17.6           17.6          -2118.4128     -1743.5321      0.79117694     5451.776     
        10   17.6           17.6           17.6          -2121.032      -1394.5972      0.0099853288   5451.776     
        16   17.6           17.6           17.6          -2121.0331     -1392.2722      0.0011254538   5451.776     
Loop time of 0.033431 on 4 procs for 16 steps with 500 atoms

71.6% CPU use with 4 MPI tasks x 1 OpenMP threads

Minimization stats:
  Stopping criterion = energy tolerance
  Energy initial, next-to-last, final = 
     -2118.41277087609   -2121.0330336704  -2121.03305127614
  Force two-norm initial, final = 8.6794179 0.013127266
  Force max component initial, final = 0.79117694 0.0011254538
  Final line search alpha, max atom move = 1 0.0011254538
  Iterations, force evaluations = 16 32

MPI task timing breakdown:
Section |  min time  |  avg time  |  max time  |%varavg| %total
---------------------------------------------------------------
Pair    | 0.029137   | 0.029276   | 0.029619   |   0.1 | 87.57
Neigh   | 0          | 0          | 0          |   0.0 |  0.00
Comm    | 0.0019955  | 0.0028168  | 0.0032903  |   1.0 |  8.43
Output  | 2.2499e-05 | 3.3422e-05 | 6.6098e-05 |   0.0 |  0.10
Modify  | 0          | 0          | 0          |   0.0 |  0.00
Other   |            | 0.001305   |            |       |  3.90

Nlocal:            125 ave         145 max         105 min
Histogram: 1 0 0 0 0 2 0 0 0 1
Nghost:           1737 ave        1757 max        1717 min
Histogram: 1 0 0 0 0 2 0 0 0 1
Neighs:          11000 ave       12777 max        9202 min
Histogram: 1 0 0 0 0 2 0 0 0 1

Total # of neighbors = 44000
Ave neighs/atom = 88
Neighbor list builds = 0
Dangerous builds = 0

# Релаксация ячейки aniso
fix 1 all box/relax aniso 0.0 vmax 0.0001
min_style cg
minimize 1.0e-10 1.0e-11 1000 5000
WARNING: Energy due to 3 extra global DOFs will be included in minimizer energies
 (src/min.cpp:219)
Per MPI rank memory allocation (min/avg/max) = 4.524 | 4.524 | 4.524 Mbytes
   Step           Lx             Ly             Lz           PotEng         Press           Fmax          Volume    
        16   17.6           17.6           17.6          -2121.0331     -1392.2722      0.0011254538   5451.776     
        20   17.59296       17.599021      17.59785      -2121.0358     -325.17395      0.0026060443   5448.6264    
        30   17.5757        17.608775      17.602458     -2121.0379     -0.45556579     0.0081109709   5447.7237    
        37   17.574398      17.609463      17.602847     -2121.0381     -10.122138      0.0018423077   5447.6532    
Loop time of 0.0310513 on 4 procs for 21 steps with 500 atoms

62.4% CPU use with 4 MPI tasks x 1 OpenMP threads

Minimization stats:
  Stopping criterion = energy tolerance
  Energy initial, next-to-last, final = 
     -2121.03305127614  -2121.03812374411  -2121.03812387118
  Force two-norm initial, final = 9.2876819 0.064248172
  Force max component initial, final = 8.2304642 0.042987846
  Final line search alpha, max atom move = 0.01545029 0.0006641747
  Iterations, force evaluations = 21 29

MPI task timing breakdown:
Section |  min time  |  avg time  |  max time  |%varavg| %total
---------------------------------------------------------------
Pair    | 0.023694   | 0.02418    | 0.024693   |   0.3 | 77.87
Neigh   | 0          | 0          | 0          |   0.0 |  0.00
Comm    | 0.0018326  | 0.0027618  | 0.0033519  |   1.2 |  8.89
Output  | 3.9428e-05 | 6.2158e-05 | 0.00012799 |   0.0 |  0.20
Modify  | 0          | 0          | 0          |   0.0 |  0.00
Other   |            | 0.004048   |            |       | 13.04

Nlocal:            125 ave         136 max         116 min
Histogram: 1 0 0 1 0 1 0 0 0 1
Nghost:           1737 ave        1746 max        1726 min
Histogram: 1 0 0 0 0 1 0 1 0 1
Neighs:          11000 ave       11948 max       10240 min
Histogram: 1 0 0 1 1 0 0 0 0 1

Total # of neighbors = 44000
Ave neighs/atom = 88
Neighbor list builds = 0
Dangerous builds = 0
unfix 1

# Промежуточная минимизация атомов
min_style cg
minimize 1.0e-10 1.0e-11 1000 5000
Per MPI rank memory allocation (min/avg/max) = 4.524 | 4.524 | 4.524 Mbytes
   Step           Lx             Ly             Lz           PotEng         Press           Fmax          Volume    
        37   17.574398      17.609463      17.602847     -2121.0381     -10.122138      0.0018423077   5447.6532    
        40   17.574398      17.609463      17.602847     -2121.0382     -11.637725      0.0008017572   5447.6532    
        47   17.574398      17.609463      17.602847     -2121.0382     -12.302619      0.0001215006   5447.6532    
Loop time of 0.0121007 on 4 procs for 10 steps with 500 atoms

52.2% CPU use with 4 MPI tasks x 1 OpenMP threads

Minimization stats:
  Stopping criterion = energy tolerance
  Energy initial, next-to-last, final = 
     -2121.03812387118   -2121.0381723607  -2121.03817250091
  Force two-norm initial, final = 0.021123089 0.0012658995
  Force max component initial, final = 0.0018423077 0.0001215006
  Final line search alpha, max atom move = 1 0.0001215006
  Iterations, force evaluations = 10 20

MPI task timing breakdown:
Section |  min time  |  avg time  |  max time  |%varavg| %total
---------------------------------------------------------------
Pair    | 0.010973   | 0.01098    | 0.010986   |   0.0 | 90.74
Neigh   | 0          | 0          | 0          |   0.0 |  0.00
Comm    | 0.00065484 | 0.000661   | 0.00066663 |   0.0 |  5.46
Output  | 1.3291e-05 | 2.1971e-05 | 4.7732e-05 |   0.0 |  0.18
Modify  | 0          | 0          | 0          |   0.0 |  0.00
Other   |            | 0.0004377  |            |       |  3.62

Nlocal:            125 ave         135 max         116 min
Histogram: 1 0 0 1 0 1 0 0 0 1
Nghost:           1737 ave        1746 max        1727 min
Histogram: 1 0 0 0 1 0 1 0 0 1
Neighs:          11000 ave       11858 max       10240 min
Histogram: 1 0 0 1 0 1 0 0 0 1

Total # of neighbors = 44000
Ave neighs/atom = 88
Neighbor list builds = 0
Dangerous builds = 0

# Релаксация ячейки iso
fix 2 all box/relax iso 0.0 vmax 0.0001
min_style cg
minimize 1.0e-10 1.0e-11 1000 5000
WARNING: Energy due to 1 extra global DOFs will be included in minimizer energies
 (src/min.cpp:219)
Per MPI rank memory allocation (min/avg/max) = 4.524 | 4.524 | 4.524 Mbytes
   Step           Lx             Ly             Lz           PotEng         Press           Fmax          Volume    
        47   17.574398      17.609463      17.602847     -2121.0382     -12.302619      0.0001215006   5447.6532    
        48   17.574359      17.609424      17.602807     -2121.0382     -0.008275616    0.00012199155  5447.617     
Loop time of 0.00212738 on 4 procs for 1 steps with 500 atoms

99.4% CPU use with 4 MPI tasks x 1 OpenMP threads

Minimization stats:
  Stopping criterion = energy tolerance
  Energy initial, next-to-last, final = 
     -2121.03817250091  -2121.03817250091  -2121.03817264033
  Force two-norm initial, final = 0.12549893 0.0012571003
  Force max component initial, final = 0.12549255 0.00012199155
  Final line search alpha, max atom move = 0.00079686008 9.7210194e-08
  Iterations, force evaluations = 1 2

MPI task timing breakdown:
Section |  min time  |  avg time  |  max time  |%varavg| %total
---------------------------------------------------------------
Pair    | 0.001785   | 0.0017922  | 0.0017983  |   0.0 | 84.24
Neigh   | 0          | 0          | 0          |   0.0 |  0.00
Comm    | 0.00013186 | 0.00013918 | 0.00014686 |   0.0 |  6.54
Output  | 0          | 0          | 0          |   0.0 |  0.00
Modify  | 0          | 0          | 0          |   0.0 |  0.00
Other   |            | 0.000196   |            |       |  9.21

Nlocal:            125 ave         135 max         116 min
Histogram: 1 0 0 1 0 1 0 0 0 1
Nghost:           1737 ave        1746 max        1727 min
Histogram: 1 0 0 0 1 0 1 0 0 1
Neighs:          11000 ave       11858 max       10240 min
Histogram: 1 0 0 1 0 1 0 0 0 1

Total # of neighbors = 44000
Ave neighs/atom = 88
Neighbor list builds = 0
Dangerous builds = 0
unfix 2

variable lat_const equal "lx/5"
variable eatom equal "pe/count(all)"
variable teng equal "pe"
variable natoms equal "count(all)"

print "Lattice parameter (lx/5) = ${lat_const} A"
Lattice parameter (lx/5) = 3.51487174483212 A
print "Total Potential Energy (PE) = ${teng} eV"
Total Potential Energy (PE) = -2121.03817264033 eV
print "Number of atoms = ${natoms}"
Number of atoms = 500
print "Cohesive energy (PE/N) = ${eatom} eV"
Cohesive energy (PE/N) = -4.24207634528066 eV
print "Minimization completed."
Minimization completed.

write_data C0_12_minimized.data
System init for write_data ...
Total wall time: 0:00:00
