read_data C0_4.data
Reading data file ...
  triclinic box = (0 0 0) to (17.6 17.6 17.6) with tilt (1.0776892e-15 1.0776892e-15 1.0776892e-15)
  1 by 2 by 2 MPI processor grid
  reading atoms ...
  500 atoms
  read_data CPU = 0.010 seconds

mass 1 58.6934  # Ni
mass 2 55.845   # Fe
mass 3 51.9961  # Cr

pair_style eam/alloy
pair_coeff * * FeNiCr_bonny.eam.alloy Ni Fe Cr

neighbor 2.0 bin
neigh_modify delay 0 check yes
timestep 0.001

thermo 10
thermo_style custom step lx ly lz pe press fmax vol

# --- ЭТАПЫ МИНИМИЗАЦИИ ---
min_style cg
minimize 1.0e-8 1.0e-9 1000 5000

CITE-CITE-CITE-CITE-CITE-CITE-CITE-CITE-CITE-CITE-CITE-CITE-CITE

Your simulation uses code contributions which should be cited:

- Type Label Framework: https://doi.org/10.1021/acs.jpcb.3c08419

@Article{Gissinger24,
 author = {Jacob R. Gissinger, Ilia Nikiforov, Yaser Afshar, Brendon Waters, Moon-ki Choi, Daniel S. Karls, Alexander Stukowski, Wonpil Im, Hendrik Heinz, Axel Kohlmeyer, and Ellad B. Tadmor},
 title = {Type Label Framework for Bonded Force Fields in LAMMPS},
 journal = {J. Phys. Chem. B},
 year =    2024,
 volume =  128,
 number =  13,
 pages =   {3282–-3297}
}

CITE-CITE-CITE-CITE-CITE-CITE-CITE-CITE-CITE-CITE-CITE-CITE-CITE

Neighbor list info ...
  update: every = 1 steps, delay = 0 steps, check = yes
  max neighbors/atom: 2000, page size: 100000
  master list distance cutoff = 7.6
  ghost atom cutoff = 7.6
  binsize = 3.8, bins = 5 5 5
  1 neighbor lists, perpetual/occasional/extra = 1 0 0
  (1) pair eam/alloy, perpetual
      attributes: half, newton on
      pair build: half/bin/atomonly/newton/tri
      stencil: half/bin/3d/tri
      bin: standard
Per MPI rank memory allocation (min/avg/max) = 4.524 | 4.524 | 4.524 Mbytes
   Step           Lx             Ly             Lz           PotEng         Press           Fmax          Volume    
         0   17.6           17.6           17.6          -2119.154      -1716.1073      0.73853042     5451.776     
        10   17.6           17.6           17.6          -2121.9264     -1946.3374      0.0087313424   5451.776     
        16   17.6           17.6           17.6          -2121.9273     -1952.5793      0.0011381036   5451.776     
Loop time of 0.0404714 on 4 procs for 16 steps with 500 atoms

58.3% CPU use with 4 MPI tasks x 1 OpenMP threads

Minimization stats:
  Stopping criterion = energy tolerance
  Energy initial, next-to-last, final = 
     -2119.15399432914  -2121.92728650659  -2121.92730321647
  Force two-norm initial, final = 9.0258305 0.013117745
  Force max component initial, final = 0.73853042 0.0011381036
  Final line search alpha, max atom move = 1 0.0011381036
  Iterations, force evaluations = 16 32

MPI task timing breakdown:
Section |  min time  |  avg time  |  max time  |%varavg| %total
---------------------------------------------------------------
Pair    | 0.032651   | 0.032795   | 0.032949   |   0.1 | 81.03
Neigh   | 0          | 0          | 0          |   0.0 |  0.00
Comm    | 0.0038183  | 0.0042047  | 0.0047251  |   0.6 | 10.39
Output  | 2.8402e-05 | 4.2954e-05 | 8.5172e-05 |   0.0 |  0.11
Modify  | 0          | 0          | 0          |   0.0 |  0.00
Other   |            | 0.003429   |            |       |  8.47

Nlocal:            125 ave         145 max         105 min
Histogram: 1 0 0 0 0 2 0 0 0 1
Nghost:           1737 ave        1757 max        1717 min
Histogram: 1 0 0 0 0 2 0 0 0 1
Neighs:          11000 ave       12664 max        9274 min
Histogram: 1 0 0 0 1 1 0 0 0 1

Total # of neighbors = 44000
Ave neighs/atom = 88
Neighbor list builds = 0
Dangerous builds = 0

# Релаксация ячейки aniso
fix 1 all box/relax aniso 0.0 vmax 0.0001
min_style cg
minimize 1.0e-10 1.0e-11 1000 5000
WARNING: Energy due to 3 extra global DOFs will be included in minimizer energies
 (src/min.cpp:219)
Per MPI rank memory allocation (min/avg/max) = 4.524 | 4.524 | 4.524 Mbytes
   Step           Lx             Ly             Lz           PotEng         Press           Fmax          Volume    
        16   17.6           17.6           17.6          -2121.9273     -1952.5793      0.0011381036   5451.776     
        20   17.595696      17.594881      17.59296      -2121.9309     -230.49069      0.0042140333   5446.6782    
        30   17.599057      17.595396      17.586431     -2121.9313      0.088662824    0.0013695671   5445.8559    
        37   17.599084      17.595385      17.586447     -2121.9313     -8.0313888      0.00063843838  5445.866     
Loop time of 0.0411006 on 4 procs for 21 steps with 500 atoms

80.5% CPU use with 4 MPI tasks x 1 OpenMP threads

Minimization stats:
  Stopping criterion = energy tolerance
  Energy initial, next-to-last, final = 
     -2121.92730321647  -2121.93131997621  -2121.93132007631
  Force two-norm initial, final = 11.598876 0.049672642
  Force max component initial, final = 7.7743706 0.037433468
  Final line search alpha, max atom move = 0.073288869 0.0027434565
  Iterations, force evaluations = 21 36

MPI task timing breakdown:
Section |  min time  |  avg time  |  max time  |%varavg| %total
---------------------------------------------------------------
Pair    | 0.031767   | 0.032019   | 0.032286   |   0.1 | 77.90
Neigh   | 0          | 0          | 0          |   0.0 |  0.00
Comm    | 0.0032694  | 0.0039366  | 0.0044209  |   0.7 |  9.58
Output  | 4.8492e-05 | 8.5074e-05 | 0.00019396 |   0.0 |  0.21
Modify  | 0          | 0          | 0          |   0.0 |  0.00
Other   |            | 0.00506    |            |       | 12.31

Nlocal:            125 ave         144 max         114 min
Histogram: 1 0 2 0 0 0 0 0 0 1
Nghost:           1737 ave        1748 max        1718 min
Histogram: 1 0 0 0 0 0 0 2 0 1
Neighs:          11000 ave       12647 max       10098 min
Histogram: 1 1 1 0 0 0 0 0 0 1

Total # of neighbors = 44000
Ave neighs/atom = 88
Neighbor list builds = 0
Dangerous builds = 0
unfix 1

# Промежуточная минимизация атомов
min_style cg
minimize 1.0e-10 1.0e-11 1000 5000
Per MPI rank memory allocation (min/avg/max) = 4.524 | 4.524 | 4.524 Mbytes
   Step           Lx             Ly             Lz           PotEng         Press           Fmax          Volume    
        37   17.599084      17.595385      17.586447     -2121.9313     -8.0313888      0.00063843838  5445.866     
        40   17.599084      17.595385      17.586447     -2121.9313     -8.0442228      0.00028452781  5445.866     
        42   17.599084      17.595385      17.586447     -2121.9313     -9.3349243      0.00013401231  5445.866     
Loop time of 0.0564276 on 4 procs for 5 steps with 500 atoms

65.7% CPU use with 4 MPI tasks x 1 OpenMP threads

Minimization stats:
  Stopping criterion = energy tolerance
  Energy initial, next-to-last, final = 
     -2121.93132007631  -2121.93132639766  -2121.93132658744
  Force two-norm initial, final = 0.0069028187 0.0014392791
  Force max component initial, final = 0.00063843838 0.00013401231
  Final line search alpha, max atom move = 1 0.00013401231
  Iterations, force evaluations = 5 10

MPI task timing breakdown:
Section |  min time  |  avg time  |  max time  |%varavg| %total
---------------------------------------------------------------
Pair    | 0.01695    | 0.017431   | 0.018532   |   0.5 | 30.89
Neigh   | 0          | 0          | 0          |   0.0 |  0.00
Comm    | 0.017462   | 0.025599   | 0.034382   |   5.1 | 45.37
Output  | 4.8343e-05 | 7.0444e-05 | 0.00013566 |   0.0 |  0.12
Modify  | 0          | 0          | 0          |   0.0 |  0.00
Other   |            | 0.01333    |            |       | 23.62

Nlocal:            125 ave         144 max         113 min
Histogram: 1 0 2 0 0 0 0 0 0 1
Nghost:           1737 ave        1749 max        1718 min
Histogram: 1 0 0 0 0 0 0 2 0 1
Neighs:          11000 ave       12647 max       10015 min
Histogram: 1 0 2 0 0 0 0 0 0 1

Total # of neighbors = 44000
Ave neighs/atom = 88
Neighbor list builds = 0
Dangerous builds = 0

# Релаксация ячейки iso
fix 2 all box/relax iso 0.0 vmax 0.0001
min_style cg
minimize 1.0e-10 1.0e-11 1000 5000
WARNING: Energy due to 1 extra global DOFs will be included in minimizer energies
 (src/min.cpp:219)
Per MPI rank memory allocation (min/avg/max) = 4.524 | 4.524 | 4.524 Mbytes
   Step           Lx             Ly             Lz           PotEng         Press           Fmax          Volume    
        42   17.599084      17.595385      17.586447     -2121.9313     -9.3349243      0.00013401231  5445.866     
        43   17.599055      17.595356      17.586417     -2121.9313     -0.0052744928   0.00012878071  5445.8385    
Loop time of 0.00492253 on 4 procs for 1 steps with 500 atoms

66.6% CPU use with 4 MPI tasks x 1 OpenMP threads

Minimization stats:
  Stopping criterion = energy tolerance
  Energy initial, next-to-last, final = 
     -2121.93132658744  -2121.93132658744  -2121.93132666754
  Force two-norm initial, final = 0.095200293 0.001462631
  Force max component initial, final = 0.095189412 0.00012878071
  Final line search alpha, max atom move = 0.001050537 1.352889e-07
  Iterations, force evaluations = 1 2

MPI task timing breakdown:
Section |  min time  |  avg time  |  max time  |%varavg| %total
---------------------------------------------------------------
Pair    | 0.0039785  | 0.004137   | 0.0043042  |   0.2 | 84.04
Neigh   | 0          | 0          | 0          |   0.0 |  0.00
Comm    | 0.00027297 | 0.00045661 | 0.00061988 |   0.0 |  9.28
Output  | 0          | 0          | 0          |   0.0 |  0.00
Modify  | 0          | 0          | 0          |   0.0 |  0.00
Other   |            | 0.0003289  |            |       |  6.68

Nlocal:            125 ave         144 max         113 min
Histogram: 1 0 2 0 0 0 0 0 0 1
Nghost:           1737 ave        1749 max        1718 min
Histogram: 1 0 0 0 0 0 0 2 0 1
Neighs:          11000 ave       12647 max       10015 min
Histogram: 1 0 2 0 0 0 0 0 0 1

Total # of neighbors = 44000
Ave neighs/atom = 88
Neighbor list builds = 0
Dangerous builds = 0
unfix 2

variable lat_const equal "lx/5"
variable eatom equal "pe/count(all)"
variable teng equal "pe"
variable natoms equal "count(all)"

print "Lattice parameter (lx/5) = ${lat_const} A"
Lattice parameter (lx/5) = 3.51981090202098 A
print "Total Potential Energy (PE) = ${teng} eV"
Total Potential Energy (PE) = -2121.93132666754 eV
print "Number of atoms = ${natoms}"
Number of atoms = 500
print "Cohesive energy (PE/N) = ${eatom} eV"
Cohesive energy (PE/N) = -4.24386265333508 eV
print "Minimization completed."
Minimization completed.

write_data C0_4_minimized.data
System init for write_data ...
Total wall time: 0:00:00
