read_data C0_mpack_7.data
Reading data file ...
  triclinic box = (0 0 0) to (17.6 17.6 17.6) with tilt (1.0776892e-15 1.0776892e-15 1.0776892e-15)
  1 by 2 by 2 MPI processor grid
  reading atoms ...
  500 atoms
  read_data CPU = 0.006 seconds

mass 1 58.6934  # Ni
mass 2 55.845   # Fe
mass 3 51.9961  # Cr

pair_style eam/alloy
pair_coeff * * FeNiCr_bonny.eam.alloy Ni Fe Cr

neighbor 2.0 bin
neigh_modify delay 0 check yes
timestep 0.001

thermo 10
thermo_style custom step lx ly lz pe press fmax vol

# --- ЭТАПЫ МИНИМИЗАЦИИ ---
min_style cg
minimize 1.0e-8 1.0e-9 1000 5000

CITE-CITE-CITE-CITE-CITE-CITE-CITE-CITE-CITE-CITE-CITE-CITE-CITE

Your simulation uses code contributions which should be cited:

- Type Label Framework: https://doi.org/10.1021/acs.jpcb.3c08419

@Article{Gissinger24,
 author = {Jacob R. Gissinger, Ilia Nikiforov, Yaser Afshar, Brendon Waters, Moon-ki Choi, Daniel S. Karls, Alexander Stukowski, Wonpil Im, Hendrik Heinz, Axel Kohlmeyer, and Ellad B. Tadmor},
 title = {Type Label Framework for Bonded Force Fields in LAMMPS},
 journal = {J. Phys. Chem. B},
 year =    2024,
 volume =  128,
 number =  13,
 pages =   {3282–-3297}
}

CITE-CITE-CITE-CITE-CITE-CITE-CITE-CITE-CITE-CITE-CITE-CITE-CITE

Neighbor list info ...
  update: every = 1 steps, delay = 0 steps, check = yes
  max neighbors/atom: 2000, page size: 100000
  master list distance cutoff = 7.6
  ghost atom cutoff = 7.6
  binsize = 3.8, bins = 5 5 5
  1 neighbor lists, perpetual/occasional/extra = 1 0 0
  (1) pair eam/alloy, perpetual
      attributes: half, newton on
      pair build: half/bin/atomonly/newton/tri
      stencil: half/bin/3d/tri
      bin: standard
Per MPI rank memory allocation (min/avg/max) = 4.524 | 4.524 | 4.524 Mbytes
   Step           Lx             Ly             Lz           PotEng         Press           Fmax          Volume    
         0   17.6           17.6           17.6          -2118.3405     -1704.3088      0.76553889     5451.776     
        10   17.6           17.6           17.6          -2121.1486     -1900.0495      0.0076861867   5451.776     
        16   17.6           17.6           17.6          -2121.1493     -1895.8879      0.0010547163   5451.776     
Loop time of 0.0183438 on 4 procs for 16 steps with 500 atoms

85.6% CPU use with 4 MPI tasks x 1 OpenMP threads

Minimization stats:
  Stopping criterion = energy tolerance
  Energy initial, next-to-last, final = 
     -2118.34045408211  -2121.14932035001   -2121.1493374497
  Force two-norm initial, final = 9.0316143 0.012731341
  Force max component initial, final = 0.76553889 0.0010547163
  Final line search alpha, max atom move = 1 0.0010547163
  Iterations, force evaluations = 16 32

MPI task timing breakdown:
Section |  min time  |  avg time  |  max time  |%varavg| %total
---------------------------------------------------------------
Pair    | 0.014882   | 0.015259   | 0.015581   |   0.3 | 83.19
Neigh   | 0          | 0          | 0          |   0.0 |  0.00
Comm    | 0.0010775  | 0.0021649  | 0.0028001  |   1.5 | 11.80
Output  | 2.019e-05  | 3.1583e-05 | 6.5467e-05 |   0.0 |  0.17
Modify  | 0          | 0          | 0          |   0.0 |  0.00
Other   |            | 0.0008878  |            |       |  4.84

Nlocal:            125 ave         145 max         105 min
Histogram: 1 0 0 0 0 2 0 0 0 1
Nghost:           1737 ave        1757 max        1717 min
Histogram: 1 0 0 0 0 2 0 0 0 1
Neighs:          11000 ave       12679 max        9217 min
Histogram: 1 0 0 0 0 2 0 0 0 1

Total # of neighbors = 44000
Ave neighs/atom = 88
Neighbor list builds = 0
Dangerous builds = 0

# Релаксация ячейки aniso
fix 1 all box/relax aniso 0.0 vmax 0.0001
min_style cg
minimize 1.0e-10 1.0e-11 1000 5000
WARNING: Energy due to 3 extra global DOFs will be included in minimizer energies
 (src/min.cpp:219)
Per MPI rank memory allocation (min/avg/max) = 4.524 | 4.524 | 4.524 Mbytes
   Step           Lx             Ly             Lz           PotEng         Press           Fmax          Volume    
        16   17.6           17.6           17.6          -2121.1493     -1895.8879      0.0010547163   5451.776     
        20   17.59296       17.598233      17.595361     -2121.1532     -499.63346      0.0029575852   5447.6117    
        30   17.578776      17.61006       17.592884     -2121.155       5.9952725      0.0072211156   5446.1111    
        35   17.577954      17.610687      17.592705     -2121.1553     -4.1219769      0.002105937    5445.9948    
Loop time of 0.0272141 on 4 procs for 19 steps with 500 atoms

77.1% CPU use with 4 MPI tasks x 1 OpenMP threads

Minimization stats:
  Stopping criterion = energy tolerance
  Energy initial, next-to-last, final = 
      -2121.1493374497  -2121.15525906694  -2121.15525920968
  Force two-norm initial, final = 11.792405 0.03971302
  Force max component initial, final = 9.0368981 0.027539364
  Final line search alpha, max atom move = 0.0020419555 5.6234156e-05
  Iterations, force evaluations = 19 26

MPI task timing breakdown:
Section |  min time  |  avg time  |  max time  |%varavg| %total
---------------------------------------------------------------
Pair    | 0.023104   | 0.023132   | 0.023186   |   0.0 | 85.00
Neigh   | 0          | 0          | 0          |   0.0 |  0.00
Comm    | 0.001795   | 0.0018456  | 0.0018847  |   0.1 |  6.78
Output  | 4.143e-05  | 6.6249e-05 | 0.00013925 |   0.0 |  0.24
Modify  | 0          | 0          | 0          |   0.0 |  0.00
Other   |            | 0.002171   |            |       |  7.98

Nlocal:            125 ave         143 max         116 min
Histogram: 1 2 0 0 0 0 0 0 0 1
Nghost:           1737 ave        1746 max        1719 min
Histogram: 1 0 0 0 0 0 0 0 2 1
Neighs:        10999.8 ave       12548 max       10210 min
Histogram: 1 2 0 0 0 0 0 0 0 1

Total # of neighbors = 43999
Ave neighs/atom = 87.998
Neighbor list builds = 0
Dangerous builds = 0
unfix 1

# Промежуточная минимизация атомов
min_style cg
minimize 1.0e-10 1.0e-11 1000 5000
Per MPI rank memory allocation (min/avg/max) = 4.524 | 4.524 | 4.524 Mbytes
   Step           Lx             Ly             Lz           PotEng         Press           Fmax          Volume    
        35   17.577954      17.610687      17.592705     -2121.1553     -4.1219769      0.002105937    5445.9948    
        40   17.577954      17.610687      17.592705     -2121.1553     -2.5036363      0.00046141086  5445.9948    
        45   17.577954      17.610687      17.592705     -2121.1553     -1.2095759      0.0001162583   5445.9948    
Loop time of 0.0180803 on 4 procs for 10 steps with 500 atoms

83.9% CPU use with 4 MPI tasks x 1 OpenMP threads

Minimization stats:
  Stopping criterion = energy tolerance
  Energy initial, next-to-last, final = 
     -2121.15525920968  -2121.15531325533  -2121.15531340008
  Force two-norm initial, final = 0.022598584 0.0012020391
  Force max component initial, final = 0.002105937 0.0001162583
  Final line search alpha, max atom move = 1 0.0001162583
  Iterations, force evaluations = 10 20

MPI task timing breakdown:
Section |  min time  |  avg time  |  max time  |%varavg| %total
---------------------------------------------------------------
Pair    | 0.016009   | 0.016064   | 0.016129   |   0.0 | 88.85
Neigh   | 0          | 0          | 0          |   0.0 |  0.00
Comm    | 0.0011504  | 0.0012262  | 0.0012987  |   0.2 |  6.78
Output  | 2.4675e-05 | 4.0224e-05 | 8.6311e-05 |   0.0 |  0.22
Modify  | 0          | 0          | 0          |   0.0 |  0.00
Other   |            | 0.0007503  |            |       |  4.15

Nlocal:            125 ave         143 max         116 min
Histogram: 1 2 0 0 0 0 0 0 0 1
Nghost:           1737 ave        1746 max        1719 min
Histogram: 1 0 0 0 0 0 0 0 2 1
Neighs:        10999.8 ave       12548 max       10210 min
Histogram: 1 2 0 0 0 0 0 0 0 1

Total # of neighbors = 43999
Ave neighs/atom = 87.998
Neighbor list builds = 0
Dangerous builds = 0

# Релаксация ячейки iso
fix 2 all box/relax iso 0.0 vmax 0.0001
min_style cg
minimize 1.0e-10 1.0e-11 1000 5000
WARNING: Energy due to 1 extra global DOFs will be included in minimizer energies
 (src/min.cpp:219)
Per MPI rank memory allocation (min/avg/max) = 4.524 | 4.524 | 4.524 Mbytes
   Step           Lx             Ly             Lz           PotEng         Press           Fmax          Volume    
        45   17.577954      17.610687      17.592705     -2121.1553     -1.2095759      0.0001162583   5445.9948    
        46   17.57795       17.610683      17.592701     -2121.1553      0.010472244    0.00011579479  5445.9912    
Loop time of 0.00304877 on 4 procs for 1 steps with 500 atoms

88.4% CPU use with 4 MPI tasks x 1 OpenMP threads

Minimization stats:
  Stopping criterion = energy tolerance
  Energy initial, next-to-last, final = 
     -2121.15531340008  -2121.15531340008  -2121.15531340145
  Force two-norm initial, final = 0.012392924 0.0012080819
  Force max component initial, final = 0.012334491 0.00011579479
  Final line search alpha, max atom move = 0.0081073469 9.3878855e-07
  Iterations, force evaluations = 1 2

MPI task timing breakdown:
Section |  min time  |  avg time  |  max time  |%varavg| %total
---------------------------------------------------------------
Pair    | 0.0025245  | 0.0025322  | 0.0025373  |   0.0 | 83.06
Neigh   | 0          | 0          | 0          |   0.0 |  0.00
Comm    | 0.00019658 | 0.00019815 | 0.00020029 |   0.0 |  6.50
Output  | 0          | 0          | 0          |   0.0 |  0.00
Modify  | 0          | 0          | 0          |   0.0 |  0.00
Other   |            | 0.0003184  |            |       | 10.44

Nlocal:            125 ave         143 max         116 min
Histogram: 1 2 0 0 0 0 0 0 0 1
Nghost:           1737 ave        1746 max        1719 min
Histogram: 1 0 0 0 0 0 0 0 2 1
Neighs:        10999.8 ave       12548 max       10210 min
Histogram: 1 2 0 0 0 0 0 0 0 1

Total # of neighbors = 43999
Ave neighs/atom = 87.998
Neighbor list builds = 0
Dangerous builds = 0
unfix 2

variable lat_const equal "lx/5"
variable eatom equal "pe/count(all)"
variable teng equal "pe"
variable natoms equal "count(all)"

print "Lattice parameter (lx/5) = ${lat_const} A"
Lattice parameter (lx/5) = 3.5155899365321 A
print "Total Potential Energy (PE) = ${teng} eV"
Total Potential Energy (PE) = -2121.15531340145 eV
print "Number of atoms = ${natoms}"
Number of atoms = 500
print "Cohesive energy (PE/N) = ${eatom} eV"
Cohesive energy (PE/N) = -4.24231062680291 eV
print "Minimization completed."
Minimization completed.

write_data C0_mpack_7_minimized.data
System init for write_data ...
Total wall time: 0:00:00
