read_data C0_mpack_8.data
Reading data file ...
  triclinic box = (0 0 0) to (17.6 17.6 17.6) with tilt (1.0776892e-15 1.0776892e-15 1.0776892e-15)
  1 by 2 by 2 MPI processor grid
  reading atoms ...
  500 atoms
  read_data CPU = 0.017 seconds

mass 1 58.6934  # Ni
mass 2 55.845   # Fe
mass 3 51.9961  # Cr

pair_style eam/alloy
pair_coeff * * FeNiCr_bonny.eam.alloy Ni Fe Cr

neighbor 2.0 bin
neigh_modify delay 0 check yes
timestep 0.001

thermo 10
thermo_style custom step lx ly lz pe press fmax vol

# --- ЭТАПЫ МИНИМИЗАЦИИ ---
min_style cg
minimize 1.0e-8 1.0e-9 1000 5000

CITE-CITE-CITE-CITE-CITE-CITE-CITE-CITE-CITE-CITE-CITE-CITE-CITE

Your simulation uses code contributions which should be cited:

- Type Label Framework: https://doi.org/10.1021/acs.jpcb.3c08419

@Article{Gissinger24,
 author = {Jacob R. Gissinger, Ilia Nikiforov, Yaser Afshar, Brendon Waters, Moon-ki Choi, Daniel S. Karls, Alexander Stukowski, Wonpil Im, Hendrik Heinz, Axel Kohlmeyer, and Ellad B. Tadmor},
 title = {Type Label Framework for Bonded Force Fields in LAMMPS},
 journal = {J. Phys. Chem. B},
 year =    2024,
 volume =  128,
 number =  13,
 pages =   {3282–-3297}
}

CITE-CITE-CITE-CITE-CITE-CITE-CITE-CITE-CITE-CITE-CITE-CITE-CITE

Neighbor list info ...
  update: every = 1 steps, delay = 0 steps, check = yes
  max neighbors/atom: 2000, page size: 100000
  master list distance cutoff = 7.6
  ghost atom cutoff = 7.6
  binsize = 3.8, bins = 5 5 5
  1 neighbor lists, perpetual/occasional/extra = 1 0 0
  (1) pair eam/alloy, perpetual
      attributes: half, newton on
      pair build: half/bin/atomonly/newton/tri
      stencil: half/bin/3d/tri
      bin: standard
Per MPI rank memory allocation (min/avg/max) = 4.524 | 4.524 | 4.524 Mbytes
   Step           Lx             Ly             Lz           PotEng         Press           Fmax          Volume    
         0   17.6           17.6           17.6          -2118.5898     -2414.1712      0.751476       5451.776     
        10   17.6           17.6           17.6          -2121.2288     -2747.7672      0.0082558267   5451.776     
        16   17.6           17.6           17.6          -2121.2298     -2748.7905      0.0013156324   5451.776     
Loop time of 0.0637112 on 4 procs for 16 steps with 500 atoms

74.1% CPU use with 4 MPI tasks x 1 OpenMP threads

Minimization stats:
  Stopping criterion = energy tolerance
  Energy initial, next-to-last, final = 
     -2118.58981035149  -2121.22979169726   -2121.2298086024
  Force two-norm initial, final = 8.7540272 0.01283305
  Force max component initial, final = 0.751476 0.0013156324
  Final line search alpha, max atom move = 1 0.0013156324
  Iterations, force evaluations = 16 32

MPI task timing breakdown:
Section |  min time  |  avg time  |  max time  |%varavg| %total
---------------------------------------------------------------
Pair    | 0.056838   | 0.057579   | 0.058863   |   0.3 | 90.38
Neigh   | 0          | 0          | 0          |   0.0 |  0.00
Comm    | 0.0027203  | 0.0044497  | 0.0056094  |   1.8 |  6.98
Output  | 2.5512e-05 | 3.9451e-05 | 8.0844e-05 |   0.0 |  0.06
Modify  | 0          | 0          | 0          |   0.0 |  0.00
Other   |            | 0.001643   |            |       |  2.58

Nlocal:            125 ave         145 max         105 min
Histogram: 1 0 0 0 0 2 0 0 0 1
Nghost:           1737 ave        1757 max        1717 min
Histogram: 1 0 0 0 0 2 0 0 0 1
Neighs:          11000 ave       12759 max        9241 min
Histogram: 1 0 0 0 1 1 0 0 0 1

Total # of neighbors = 44000
Ave neighs/atom = 88
Neighbor list builds = 0
Dangerous builds = 0

# Релаксация ячейки aniso
fix 1 all box/relax aniso 0.0 vmax 0.0001
min_style cg
minimize 1.0e-10 1.0e-11 1000 5000
WARNING: Energy due to 3 extra global DOFs will be included in minimizer energies
 (src/min.cpp:219)
Per MPI rank memory allocation (min/avg/max) = 4.524 | 4.524 | 4.524 Mbytes
   Step           Lx             Ly             Lz           PotEng         Press           Fmax          Volume    
        16   17.6           17.6           17.6          -2121.2298     -2748.7905      0.0013156324   5451.776     
        20   17.59296       17.59327       17.596494     -2121.2365     -950.98136      0.0047688537   5446.4263    
        30   17.582682      17.584426      17.60761      -2121.2387     -112.02874      0.0085660931   5443.9452    
        33   17.581835      17.583846      17.607604     -2121.2389     -9.6586409      0.0034830081   5443.5014    
Loop time of 0.0431503 on 4 procs for 17 steps with 500 atoms

76.2% CPU use with 4 MPI tasks x 1 OpenMP threads

Minimization stats:
  Stopping criterion = energy tolerance
  Energy initial, next-to-last, final = 
      -2121.2298086024   -2121.2388950928  -2121.23889529292
  Force two-norm initial, final = 16.545733 0.070288941
  Force max component initial, final = 10.917319 0.040245977
  Final line search alpha, max atom move = 0.0049471788 0.00019910404
  Iterations, force evaluations = 17 22

MPI task timing breakdown:
Section |  min time  |  avg time  |  max time  |%varavg| %total
---------------------------------------------------------------
Pair    | 0.023819   | 0.025256   | 0.027853   |   1.0 | 58.53
Neigh   | 0          | 0          | 0          |   0.0 |  0.00
Comm    | 0.0055861  | 0.0066716  | 0.0073318  |   0.8 | 15.46
Output  | 0.00013038 | 0.00016744 | 0.00027735 |   0.0 |  0.39
Modify  | 0          | 0          | 0          |   0.0 |  0.00
Other   |            | 0.01106    |            |       | 25.62

Nlocal:            125 ave         146 max         108 min
Histogram: 1 1 0 0 0 0 1 0 0 1
Nghost:           1737 ave        1754 max        1716 min
Histogram: 1 0 0 1 0 0 0 0 1 1
Neighs:          11000 ave       12875 max        9518 min
Histogram: 1 1 0 0 0 1 0 0 0 1

Total # of neighbors = 44000
Ave neighs/atom = 88
Neighbor list builds = 0
Dangerous builds = 0
unfix 1

# Промежуточная минимизация атомов
min_style cg
minimize 1.0e-10 1.0e-11 1000 5000
Per MPI rank memory allocation (min/avg/max) = 4.524 | 4.524 | 4.524 Mbytes
   Step           Lx             Ly             Lz           PotEng         Press           Fmax          Volume    
        33   17.581835      17.583846      17.607604     -2121.2389     -9.6586409      0.0034830081   5443.5014    
        40   17.581835      17.583846      17.607604     -2121.239      -27.458003      0.00040653634  5443.5014    
        44   17.581835      17.583846      17.607604     -2121.239      -26.901048      0.00011046857  5443.5014    
Loop time of 0.0399452 on 4 procs for 11 steps with 500 atoms

75.3% CPU use with 4 MPI tasks x 1 OpenMP threads

Minimization stats:
  Stopping criterion = energy tolerance
  Energy initial, next-to-last, final = 
     -2121.23889529292  -2121.23901623982  -2121.23901641344
  Force two-norm initial, final = 0.040061136 0.0012740941
  Force max component initial, final = 0.0034830081 0.00011046857
  Final line search alpha, max atom move = 1 0.00011046857
  Iterations, force evaluations = 11 22

MPI task timing breakdown:
Section |  min time  |  avg time  |  max time  |%varavg| %total
---------------------------------------------------------------
Pair    | 0.029137   | 0.029609   | 0.030109   |   0.3 | 74.12
Neigh   | 0          | 0          | 0          |   0.0 |  0.00
Comm    | 0.0031969  | 0.0036919  | 0.0042318  |   0.8 |  9.24
Output  | 2.2483e-05 | 3.5505e-05 | 7.4371e-05 |   0.0 |  0.09
Modify  | 0          | 0          | 0          |   0.0 |  0.00
Other   |            | 0.006608   |            |       | 16.54

Nlocal:            125 ave         146 max         108 min
Histogram: 1 1 0 0 0 0 1 0 0 1
Nghost:           1737 ave        1754 max        1716 min
Histogram: 1 0 0 1 0 0 0 0 1 1
Neighs:          11000 ave       12875 max        9518 min
Histogram: 1 1 0 0 0 1 0 0 0 1

Total # of neighbors = 44000
Ave neighs/atom = 88
Neighbor list builds = 0
Dangerous builds = 0

# Релаксация ячейки iso
fix 2 all box/relax iso 0.0 vmax 0.0001
min_style cg
minimize 1.0e-10 1.0e-11 1000 5000
WARNING: Energy due to 1 extra global DOFs will be included in minimizer energies
 (src/min.cpp:219)
Per MPI rank memory allocation (min/avg/max) = 4.524 | 4.524 | 4.524 Mbytes
   Step           Lx             Ly             Lz           PotEng         Press           Fmax          Volume    
        44   17.581835      17.583846      17.607604     -2121.239      -26.901048      0.00011046857  5443.5014    
        46   17.581747      17.583758      17.607516     -2121.239       0.87371676     0.00011728767  5443.4194    
Loop time of 0.00452027 on 4 procs for 2 steps with 500 atoms

87.6% CPU use with 4 MPI tasks x 1 OpenMP threads

Minimization stats:
  Stopping criterion = energy tolerance
  Energy initial, next-to-last, final = 
     -2121.23901641344  -2121.23901708052  -2121.23901708127
  Force two-norm initial, final = 0.27419728 0.0090087625
  Force max component initial, final = 0.27419431 0.0089054433
  Final line search alpha, max atom move = 0.47914569 0.0042670048
  Iterations, force evaluations = 2 4

MPI task timing breakdown:
Section |  min time  |  avg time  |  max time  |%varavg| %total
---------------------------------------------------------------
Pair    | 0.0038484  | 0.0038567  | 0.0038638  |   0.0 | 85.32
Neigh   | 0          | 0          | 0          |   0.0 |  0.00
Comm    | 0.00030823 | 0.0003133  | 0.00031682 |   0.0 |  6.93
Output  | 0          | 0          | 0          |   0.0 |  0.00
Modify  | 0          | 0          | 0          |   0.0 |  0.00
Other   |            | 0.0003503  |            |       |  7.75

Nlocal:            125 ave         146 max         108 min
Histogram: 1 1 0 0 0 0 1 0 0 1
Nghost:           1737 ave        1754 max        1716 min
Histogram: 1 0 0 1 0 0 0 0 1 1
Neighs:          11000 ave       12875 max        9518 min
Histogram: 1 1 0 0 0 1 0 0 0 1

Total # of neighbors = 44000
Ave neighs/atom = 88
Neighbor list builds = 0
Dangerous builds = 0
unfix 2

variable lat_const equal "lx/5"
variable eatom equal "pe/count(all)"
variable teng equal "pe"
variable natoms equal "count(all)"

print "Lattice parameter (lx/5) = ${lat_const} A"
Lattice parameter (lx/5) = 3.51634932169518 A
print "Total Potential Energy (PE) = ${teng} eV"
Total Potential Energy (PE) = -2121.23901708127 eV
print "Number of atoms = ${natoms}"
Number of atoms = 500
print "Cohesive energy (PE/N) = ${eatom} eV"
Cohesive energy (PE/N) = -4.24247803416253 eV
print "Minimization completed."
Minimization completed.

write_data C0_mpack_8_minimized.data
System init for write_data ...
Total wall time: 0:00:00
