read_data B1_1.data
Reading data file ...
  triclinic box = (0 0 0) to (17.6 17.6 17.6) with tilt (1.0776892e-15 1.0776892e-15 1.0776892e-15)
  1 by 2 by 2 MPI processor grid
  reading atoms ...
  500 atoms
  read_data CPU = 0.006 seconds

mass 1 58.6934  # Ni
mass 2 55.845   # Fe
mass 3 51.9961  # Cr

pair_style eam/alloy
pair_coeff * * FeNiCr_bonny.eam.alloy Ni Fe Cr

neighbor 2.0 bin
neigh_modify delay 0 check yes
timestep 0.001

thermo 10
thermo_style custom step lx ly lz pe press fmax vol

# --- ЭТАПЫ МИНИМИЗАЦИИ ---
min_style cg
minimize 1.0e-8 1.0e-9 1000 5000

CITE-CITE-CITE-CITE-CITE-CITE-CITE-CITE-CITE-CITE-CITE-CITE-CITE

Your simulation uses code contributions which should be cited:

- Type Label Framework: https://doi.org/10.1021/acs.jpcb.3c08419

@Article{Gissinger24,
 author = {Jacob R. Gissinger, Ilia Nikiforov, Yaser Afshar, Brendon Waters, Moon-ki Choi, Daniel S. Karls, Alexander Stukowski, Wonpil Im, Hendrik Heinz, Axel Kohlmeyer, and Ellad B. Tadmor},
 title = {Type Label Framework for Bonded Force Fields in LAMMPS},
 journal = {J. Phys. Chem. B},
 year =    2024,
 volume =  128,
 number =  13,
 pages =   {3282–-3297}
}

CITE-CITE-CITE-CITE-CITE-CITE-CITE-CITE-CITE-CITE-CITE-CITE-CITE

Neighbor list info ...
  update: every = 1 steps, delay = 0 steps, check = yes
  max neighbors/atom: 2000, page size: 100000
  master list distance cutoff = 7.6
  ghost atom cutoff = 7.6
  binsize = 3.8, bins = 5 5 5
  1 neighbor lists, perpetual/occasional/extra = 1 0 0
  (1) pair eam/alloy, perpetual
      attributes: half, newton on
      pair build: half/bin/atomonly/newton/tri
      stencil: half/bin/3d/tri
      bin: standard
Per MPI rank memory allocation (min/avg/max) = 4.524 | 4.524 | 4.524 Mbytes
   Step           Lx             Ly             Lz           PotEng         Press           Fmax          Volume    
         0   17.6           17.6           17.6          -2103.506      -797.266        0.76232054     5451.776     
        10   17.6           17.6           17.6          -2106.0878     -2141.7817      0.011257916    5451.776     
        16   17.6           17.6           17.6          -2106.0892     -2135.1469      0.0011299304   5451.776     
Loop time of 0.0348659 on 4 procs for 16 steps with 500 atoms

85.7% CPU use with 4 MPI tasks x 1 OpenMP threads

Minimization stats:
  Stopping criterion = energy tolerance
  Energy initial, next-to-last, final = 
     -2103.50601164607  -2106.08918760003  -2106.08920566825
  Force two-norm initial, final = 8.5668964 0.013731823
  Force max component initial, final = 0.76232054 0.0011299304
  Final line search alpha, max atom move = 1 0.0011299304
  Iterations, force evaluations = 16 32

MPI task timing breakdown:
Section |  min time  |  avg time  |  max time  |%varavg| %total
---------------------------------------------------------------
Pair    | 0.028648   | 0.029121   | 0.029847   |   0.3 | 83.52
Neigh   | 0          | 0          | 0          |   0.0 |  0.00
Comm    | 0.0030904  | 0.0036116  | 0.0042823  |   0.7 | 10.36
Output  | 2.9979e-05 | 4.5479e-05 | 9.056e-05  |   0.0 |  0.13
Modify  | 0          | 0          | 0          |   0.0 |  0.00
Other   |            | 0.002088   |            |       |  5.99

Nlocal:            125 ave         145 max         105 min
Histogram: 1 0 0 0 0 2 0 0 0 1
Nghost:           1737 ave        1757 max        1717 min
Histogram: 1 0 0 0 0 2 0 0 0 1
Neighs:          11000 ave       12772 max        9225 min
Histogram: 1 0 0 0 1 1 0 0 0 1

Total # of neighbors = 44000
Ave neighs/atom = 88
Neighbor list builds = 0
Dangerous builds = 0

# Релаксация ячейки aniso
fix 1 all box/relax aniso 0.0 vmax 0.0001
min_style cg
minimize 1.0e-10 1.0e-11 1000 5000
WARNING: Energy due to 3 extra global DOFs will be included in minimizer energies
 (src/min.cpp:219)
Per MPI rank memory allocation (min/avg/max) = 4.524 | 4.524 | 4.524 Mbytes
   Step           Lx             Ly             Lz           PotEng         Press           Fmax          Volume    
        16   17.6           17.6           17.6          -2106.0892     -2135.1469      0.0011299304   5451.776     
        20   17.597742      17.59556       17.59296      -2106.0936     -630.6843       0.0041160731   5447.5215    
        30   17.608044      17.594309      17.578223     -2106.0955      3.4421063      0.0085125166   5445.7575    
        40   17.608709      17.594066      17.577106     -2106.0958      16.847985      0.0012865921   5445.542     
        42   17.608807      17.594096      17.577089     -2106.0958      2.342787       0.0012526382   5445.5765    
Loop time of 0.0348906 on 4 procs for 26 steps with 500 atoms

75.2% CPU use with 4 MPI tasks x 1 OpenMP threads

Minimization stats:
  Stopping criterion = energy tolerance
  Energy initial, next-to-last, final = 
     -2106.08920566824  -2106.09582235467  -2106.09582250752
  Force two-norm initial, final = 13.16967 0.020015947
  Force max component initial, final = 10.088935 0.01194276
  Final line search alpha, max atom move = 0.0055035727 6.5727847e-05
  Iterations, force evaluations = 26 40

MPI task timing breakdown:
Section |  min time  |  avg time  |  max time  |%varavg| %total
---------------------------------------------------------------
Pair    | 0.026865   | 0.027134   | 0.027432   |   0.2 | 77.77
Neigh   | 0          | 0          | 0          |   0.0 |  0.00
Comm    | 0.0027152  | 0.0037611  | 0.0050121  |   1.6 | 10.78
Output  | 5.6896e-05 | 0.00010965 | 0.00026663 |   0.0 |  0.31
Modify  | 0          | 0          | 0          |   0.0 |  0.00
Other   |            | 0.003886   |            |       | 11.14

Nlocal:            125 ave         141 max         114 min
Histogram: 1 1 0 0 0 1 0 0 0 1
Nghost:           1737 ave        1748 max        1721 min
Histogram: 1 0 0 0 1 0 0 0 1 1
Neighs:          11000 ave       12381 max       10047 min
Histogram: 1 1 0 0 0 1 0 0 0 1

Total # of neighbors = 44000
Ave neighs/atom = 88
Neighbor list builds = 0
Dangerous builds = 0
unfix 1

# Промежуточная минимизация атомов
min_style cg
minimize 1.0e-10 1.0e-11 1000 5000
Per MPI rank memory allocation (min/avg/max) = 4.524 | 4.524 | 4.524 Mbytes
   Step           Lx             Ly             Lz           PotEng         Press           Fmax          Volume    
        42   17.608807      17.594096      17.577089     -2106.0958      2.342787       0.0012526382   5445.5765    
        49   17.608807      17.594096      17.577089     -2106.0958      1.5774447      0.00012854277  5445.5765    
Loop time of 0.0139781 on 4 procs for 7 steps with 500 atoms

88.0% CPU use with 4 MPI tasks x 1 OpenMP threads

Minimization stats:
  Stopping criterion = energy tolerance
  Energy initial, next-to-last, final = 
     -2106.09582250752  -2106.09584269727  -2106.09584287062
  Force two-norm initial, final = 0.013318507 0.0014166005
  Force max component initial, final = 0.0012526382 0.00012854277
  Final line search alpha, max atom move = 1 0.00012854277
  Iterations, force evaluations = 7 14

MPI task timing breakdown:
Section |  min time  |  avg time  |  max time  |%varavg| %total
---------------------------------------------------------------
Pair    | 0.01274    | 0.012761   | 0.012783   |   0.0 | 91.29
Neigh   | 0          | 0          | 0          |   0.0 |  0.00
Comm    | 0.00082004 | 0.00084272 | 0.00086197 |   0.0 |  6.03
Output  | 0          | 0          | 0          |   0.0 |  0.00
Modify  | 0          | 0          | 0          |   0.0 |  0.00
Other   |            | 0.0003742  |            |       |  2.68

Nlocal:            125 ave         141 max         113 min
Histogram: 1 1 0 0 0 1 0 0 0 1
Nghost:           1737 ave        1749 max        1721 min
Histogram: 1 0 0 0 1 0 0 0 1 1
Neighs:          11000 ave       12386 max        9955 min
Histogram: 1 1 0 0 0 1 0 0 0 1

Total # of neighbors = 44000
Ave neighs/atom = 88
Neighbor list builds = 0
Dangerous builds = 0

# Релаксация ячейки iso
fix 2 all box/relax iso 0.0 vmax 0.0001
min_style cg
minimize 1.0e-10 1.0e-11 1000 5000
WARNING: Energy due to 1 extra global DOFs will be included in minimizer energies
 (src/min.cpp:219)
Per MPI rank memory allocation (min/avg/max) = 4.524 | 4.524 | 4.524 Mbytes
   Step           Lx             Ly             Lz           PotEng         Press           Fmax          Volume    
        49   17.608807      17.594096      17.577089     -2106.0958      1.5774447      0.00012854277  5445.5765    
        50   17.608812      17.594101      17.577094     -2106.0958     -0.013611098    0.00012772054  5445.581     
Loop time of 0.00169526 on 4 procs for 1 steps with 500 atoms

98.7% CPU use with 4 MPI tasks x 1 OpenMP threads

Minimization stats:
  Stopping criterion = energy tolerance
  Energy initial, next-to-last, final = 
     -2106.09584287062  -2106.09584287062  -2106.09584287284
  Force two-norm initial, final = 0.01614681 0.0014208224
  Force max component initial, final = 0.016084549 0.0001387868
  Final line search alpha, max atom move = 0.0062171465 8.6285789e-07
  Iterations, force evaluations = 1 2

MPI task timing breakdown:
Section |  min time  |  avg time  |  max time  |%varavg| %total
---------------------------------------------------------------
Pair    | 0.0013405  | 0.0013481  | 0.0013563  |   0.0 | 79.52
Neigh   | 0          | 0          | 0          |   0.0 |  0.00
Comm    | 0.00013042 | 0.00013858 | 0.00014664 |   0.0 |  8.17
Output  | 0          | 0          | 0          |   0.0 |  0.00
Modify  | 0          | 0          | 0          |   0.0 |  0.00
Other   |            | 0.0002086  |            |       | 12.30

Nlocal:            125 ave         140 max         114 min
Histogram: 1 1 0 0 0 1 0 0 0 1
Nghost:           1737 ave        1748 max        1722 min
Histogram: 1 0 0 0 1 0 0 0 1 1
Neighs:          11000 ave       12294 max       10047 min
Histogram: 1 1 0 0 0 1 0 0 0 1

Total # of neighbors = 44000
Ave neighs/atom = 88
Neighbor list builds = 0
Dangerous builds = 0
unfix 2

variable lat_const equal "lx/5"
variable eatom equal "pe/count(all)"
variable teng equal "pe"
variable natoms equal "count(all)"

print "Lattice parameter (lx/5) = ${lat_const} A"
Lattice parameter (lx/5) = 3.52176246021057 A
print "Total Potential Energy (PE) = ${teng} eV"
Total Potential Energy (PE) = -2106.09584287284 eV
print "Number of atoms = ${natoms}"
Number of atoms = 500
print "Cohesive energy (PE/N) = ${eatom} eV"
Cohesive energy (PE/N) = -4.21219168574568 eV
print "Minimization completed."
Minimization completed.

write_data B1_1_minimized.data
System init for write_data ...
Total wall time: 0:00:00
