read_data B1_3.data
Reading data file ...
  triclinic box = (0 0 0) to (17.6 17.6 17.6) with tilt (1.0776892e-15 1.0776892e-15 1.0776892e-15)
  1 by 2 by 2 MPI processor grid
  reading atoms ...
  500 atoms
  read_data CPU = 0.013 seconds

mass 1 58.6934  # Ni
mass 2 55.845   # Fe
mass 3 51.9961  # Cr

pair_style eam/alloy
pair_coeff * * FeNiCr_bonny.eam.alloy Ni Fe Cr

neighbor 2.0 bin
neigh_modify delay 0 check yes
timestep 0.001

thermo 10
thermo_style custom step lx ly lz pe press fmax vol

# --- ЭТАПЫ МИНИМИЗАЦИИ ---
min_style cg
minimize 1.0e-8 1.0e-9 1000 5000

CITE-CITE-CITE-CITE-CITE-CITE-CITE-CITE-CITE-CITE-CITE-CITE-CITE

Your simulation uses code contributions which should be cited:

- Type Label Framework: https://doi.org/10.1021/acs.jpcb.3c08419

@Article{Gissinger24,
 author = {Jacob R. Gissinger, Ilia Nikiforov, Yaser Afshar, Brendon Waters, Moon-ki Choi, Daniel S. Karls, Alexander Stukowski, Wonpil Im, Hendrik Heinz, Axel Kohlmeyer, and Ellad B. Tadmor},
 title = {Type Label Framework for Bonded Force Fields in LAMMPS},
 journal = {J. Phys. Chem. B},
 year =    2024,
 volume =  128,
 number =  13,
 pages =   {3282–-3297}
}

CITE-CITE-CITE-CITE-CITE-CITE-CITE-CITE-CITE-CITE-CITE-CITE-CITE

Neighbor list info ...
  update: every = 1 steps, delay = 0 steps, check = yes
  max neighbors/atom: 2000, page size: 100000
  master list distance cutoff = 7.6
  ghost atom cutoff = 7.6
  binsize = 3.8, bins = 5 5 5
  1 neighbor lists, perpetual/occasional/extra = 1 0 0
  (1) pair eam/alloy, perpetual
      attributes: half, newton on
      pair build: half/bin/atomonly/newton/tri
      stencil: half/bin/3d/tri
      bin: standard
Per MPI rank memory allocation (min/avg/max) = 4.524 | 4.524 | 4.524 Mbytes
   Step           Lx             Ly             Lz           PotEng         Press           Fmax          Volume    
         0   17.6           17.6           17.6          -2104.9448     -1143.9851      0.69619547     5451.776     
        10   17.6           17.6           17.6          -2107.6942     -2403.3335      0.0074914349   5451.776     
        16   17.6           17.6           17.6          -2107.6952     -2409.997       0.0010065663   5451.776     
Loop time of 0.0513339 on 4 procs for 16 steps with 500 atoms

69.6% CPU use with 4 MPI tasks x 1 OpenMP threads

Minimization stats:
  Stopping criterion = energy tolerance
  Energy initial, next-to-last, final = 
     -2104.94481593329  -2107.69519783422  -2107.69521101808
  Force two-norm initial, final = 8.7857746 0.011267977
  Force max component initial, final = 0.69619547 0.0010065663
  Final line search alpha, max atom move = 1 0.0010065663
  Iterations, force evaluations = 16 32

MPI task timing breakdown:
Section |  min time  |  avg time  |  max time  |%varavg| %total
---------------------------------------------------------------
Pair    | 0.017355   | 0.019859   | 0.022364   |   1.7 | 38.69
Neigh   | 0          | 0          | 0          |   0.0 |  0.00
Comm    | 0.0061052  | 0.0064244  | 0.0067393  |   0.3 | 12.51
Output  | 2.601e-05  | 3.6687e-05 | 6.8307e-05 |   0.0 |  0.07
Modify  | 0          | 0          | 0          |   0.0 |  0.00
Other   |            | 0.02501    |            |       | 48.73

Nlocal:            125 ave         145 max         105 min
Histogram: 1 0 0 0 0 2 0 0 0 1
Nghost:           1737 ave        1757 max        1717 min
Histogram: 1 0 0 0 0 2 0 0 0 1
Neighs:          11000 ave       12707 max        9205 min
Histogram: 1 0 0 0 0 2 0 0 0 1

Total # of neighbors = 44000
Ave neighs/atom = 88
Neighbor list builds = 0
Dangerous builds = 0

# Релаксация ячейки aniso
fix 1 all box/relax aniso 0.0 vmax 0.0001
min_style cg
minimize 1.0e-10 1.0e-11 1000 5000
WARNING: Energy due to 3 extra global DOFs will be included in minimizer energies
 (src/min.cpp:219)
Per MPI rank memory allocation (min/avg/max) = 4.524 | 4.524 | 4.524 Mbytes
   Step           Lx             Ly             Lz           PotEng         Press           Fmax          Volume    
        16   17.6           17.6           17.6          -2107.6952     -2409.997       0.0010065663   5451.776     
        20   17.59296       17.593671      17.597135     -2107.7005     -623.34672      0.0044244765   5446.7489    
        30   17.583391      17.587042      17.606588     -2107.7022      99.40573       0.0046482928   5444.6582    
        40   17.582576      17.586796      17.608177     -2107.7023     -4.5191701      0.0017724556   5444.8211    
Loop time of 0.0435748 on 4 procs for 24 steps with 500 atoms

82.6% CPU use with 4 MPI tasks x 1 OpenMP threads

Minimization stats:
  Stopping criterion = energy tolerance
  Energy initial, next-to-last, final = 
     -2107.69521101808  -2107.70228519847  -2107.70228535652
  Force two-norm initial, final = 14.597761 0.04871129
  Force max component initial, final = 9.9446967 0.0423793
  Final line search alpha, max atom move = 0.00209712 8.8874476e-05
  Iterations, force evaluations = 24 35

MPI task timing breakdown:
Section |  min time  |  avg time  |  max time  |%varavg| %total
---------------------------------------------------------------
Pair    | 0.029877   | 0.03014    | 0.030405   |   0.1 | 69.17
Neigh   | 0          | 0          | 0          |   0.0 |  0.00
Comm    | 0.0048686  | 0.0049623  | 0.0050432  |   0.1 | 11.39
Output  | 5.9625e-05 | 9.1914e-05 | 0.00018704 |   0.0 |  0.21
Modify  | 0          | 0          | 0          |   0.0 |  0.00
Other   |            | 0.00838    |            |       | 19.23

Nlocal:            125 ave         133 max         116 min
Histogram: 1 0 1 0 0 0 0 0 1 1
Nghost:           1737 ave        1746 max        1729 min
Histogram: 1 1 0 0 0 0 0 1 0 1
Neighs:          11000 ave       11701 max       10162 min
Histogram: 1 0 0 1 0 0 0 0 1 1

Total # of neighbors = 44000
Ave neighs/atom = 88
Neighbor list builds = 0
Dangerous builds = 0
unfix 1

# Промежуточная минимизация атомов
min_style cg
minimize 1.0e-10 1.0e-11 1000 5000
Per MPI rank memory allocation (min/avg/max) = 4.524 | 4.524 | 4.524 Mbytes
   Step           Lx             Ly             Lz           PotEng         Press           Fmax          Volume    
        40   17.582576      17.586796      17.608177     -2107.7023     -4.5191701      0.0017724556   5444.8211    
        49   17.582576      17.586796      17.608177     -2107.7023     -1.6609323      0.00010740302  5444.8211    
Loop time of 0.0222625 on 4 procs for 9 steps with 500 atoms

87.1% CPU use with 4 MPI tasks x 1 OpenMP threads

Minimization stats:
  Stopping criterion = energy tolerance
  Energy initial, next-to-last, final = 
     -2107.70228535651  -2107.70232220734  -2107.70232234849
  Force two-norm initial, final = 0.021899458 0.0012249231
  Force max component initial, final = 0.0017724556 0.00010740302
  Final line search alpha, max atom move = 1 0.00010740302
  Iterations, force evaluations = 9 18

MPI task timing breakdown:
Section |  min time  |  avg time  |  max time  |%varavg| %total
---------------------------------------------------------------
Pair    | 0.018963   | 0.019327   | 0.019974   |   0.3 | 86.82
Neigh   | 0          | 0          | 0          |   0.0 |  0.00
Comm    | 0.0016396  | 0.0023078  | 0.0026933  |   0.9 | 10.37
Output  | 0          | 0          | 0          |   0.0 |  0.00
Modify  | 0          | 0          | 0          |   0.0 |  0.00
Other   |            | 0.0006275  |            |       |  2.82

Nlocal:            125 ave         132 max         117 min
Histogram: 1 0 1 0 0 0 0 0 1 1
Nghost:           1737 ave        1745 max        1730 min
Histogram: 1 1 0 0 0 0 0 1 0 1
Neighs:          11000 ave       11599 max       10264 min
Histogram: 1 0 0 1 0 0 0 0 0 2

Total # of neighbors = 44000
Ave neighs/atom = 88
Neighbor list builds = 0
Dangerous builds = 0

# Релаксация ячейки iso
fix 2 all box/relax iso 0.0 vmax 0.0001
min_style cg
minimize 1.0e-10 1.0e-11 1000 5000
WARNING: Energy due to 1 extra global DOFs will be included in minimizer energies
 (src/min.cpp:219)
Per MPI rank memory allocation (min/avg/max) = 4.524 | 4.524 | 4.524 Mbytes
   Step           Lx             Ly             Lz           PotEng         Press           Fmax          Volume    
        49   17.582576      17.586796      17.608177     -2107.7023     -1.6609323      0.00010740302  5444.8211    
        50   17.582571      17.586791      17.608172     -2107.7023      0.0072369938   0.00010628264  5444.8165    
Loop time of 0.00188917 on 4 procs for 1 steps with 500 atoms

92.6% CPU use with 4 MPI tasks x 1 OpenMP threads

Minimization stats:
  Stopping criterion = energy tolerance
  Energy initial, next-to-last, final = 
     -2107.70232234849  -2107.70232234849  -2107.70232235092
  Force two-norm initial, final = 0.016977735 0.0012263421
  Force max component initial, final = 0.016933489 0.00010628264
  Final line search alpha, max atom move = 0.0059054575 6.2764762e-07
  Iterations, force evaluations = 1 2

MPI task timing breakdown:
Section |  min time  |  avg time  |  max time  |%varavg| %total
---------------------------------------------------------------
Pair    | 0.0014982  | 0.0015004  | 0.0015019  |   0.0 | 79.42
Neigh   | 0          | 0          | 0          |   0.0 |  0.00
Comm    | 0.00017578 | 0.00017854 | 0.00017994 |   0.0 |  9.45
Output  | 0          | 0          | 0          |   0.0 |  0.00
Modify  | 0          | 0          | 0          |   0.0 |  0.00
Other   |            | 0.0002102  |            |       | 11.13

Nlocal:            125 ave         133 max         117 min
Histogram: 1 1 0 0 0 0 0 0 1 1
Nghost:           1737 ave        1745 max        1729 min
Histogram: 1 1 0 0 0 0 0 0 1 1
Neighs:          11000 ave       11692 max       10264 min
Histogram: 1 0 1 0 0 0 0 0 1 1

Total # of neighbors = 44000
Ave neighs/atom = 88
Neighbor list builds = 0
Dangerous builds = 0
unfix 2

variable lat_const equal "lx/5"
variable eatom equal "pe/count(all)"
variable teng equal "pe"
variable natoms equal "count(all)"

print "Lattice parameter (lx/5) = ${lat_const} A"
Lattice parameter (lx/5) = 3.51651413224953 A
print "Total Potential Energy (PE) = ${teng} eV"
Total Potential Energy (PE) = -2107.70232235092 eV
print "Number of atoms = ${natoms}"
Number of atoms = 500
print "Cohesive energy (PE/N) = ${eatom} eV"
Cohesive energy (PE/N) = -4.21540464470185 eV
print "Minimization completed."
Minimization completed.

write_data B1_3_minimized.data
System init for write_data ...
Total wall time: 0:00:00
