read_data B1_7.data
Reading data file ...
  triclinic box = (0 0 0) to (17.6 17.6 17.6) with tilt (1.0776892e-15 1.0776892e-15 1.0776892e-15)
  1 by 2 by 2 MPI processor grid
  reading atoms ...
  500 atoms
  read_data CPU = 0.006 seconds

mass 1 58.6934  # Ni
mass 2 55.845   # Fe
mass 3 51.9961  # Cr

pair_style eam/alloy
pair_coeff * * FeNiCr_bonny.eam.alloy Ni Fe Cr

neighbor 2.0 bin
neigh_modify delay 0 check yes
timestep 0.001

thermo 10
thermo_style custom step lx ly lz pe press fmax vol

# --- ЭТАПЫ МИНИМИЗАЦИИ ---
min_style cg
minimize 1.0e-8 1.0e-9 1000 5000

CITE-CITE-CITE-CITE-CITE-CITE-CITE-CITE-CITE-CITE-CITE-CITE-CITE

Your simulation uses code contributions which should be cited:

- Type Label Framework: https://doi.org/10.1021/acs.jpcb.3c08419

@Article{Gissinger24,
 author = {Jacob R. Gissinger, Ilia Nikiforov, Yaser Afshar, Brendon Waters, Moon-ki Choi, Daniel S. Karls, Alexander Stukowski, Wonpil Im, Hendrik Heinz, Axel Kohlmeyer, and Ellad B. Tadmor},
 title = {Type Label Framework for Bonded Force Fields in LAMMPS},
 journal = {J. Phys. Chem. B},
 year =    2024,
 volume =  128,
 number =  13,
 pages =   {3282–-3297}
}

CITE-CITE-CITE-CITE-CITE-CITE-CITE-CITE-CITE-CITE-CITE-CITE-CITE

Neighbor list info ...
  update: every = 1 steps, delay = 0 steps, check = yes
  max neighbors/atom: 2000, page size: 100000
  master list distance cutoff = 7.6
  ghost atom cutoff = 7.6
  binsize = 3.8, bins = 5 5 5
  1 neighbor lists, perpetual/occasional/extra = 1 0 0
  (1) pair eam/alloy, perpetual
      attributes: half, newton on
      pair build: half/bin/atomonly/newton/tri
      stencil: half/bin/3d/tri
      bin: standard
Per MPI rank memory allocation (min/avg/max) = 4.524 | 4.524 | 4.524 Mbytes
   Step           Lx             Ly             Lz           PotEng         Press           Fmax          Volume    
         0   17.6           17.6           17.6          -2104.499       158.91404      0.83605509     5451.776     
        10   17.6           17.6           17.6          -2107.2988     -392.57852      0.0093417321   5451.776     
        16   17.6           17.6           17.6          -2107.3002     -392.33535      0.0015535749   5451.776     
Loop time of 0.0419783 on 4 procs for 16 steps with 500 atoms

85.1% CPU use with 4 MPI tasks x 1 OpenMP threads

Minimization stats:
  Stopping criterion = energy tolerance
  Energy initial, next-to-last, final = 
     -2104.49901999665  -2107.30016058043  -2107.30018126093
  Force two-norm initial, final = 8.6703034 0.014551153
  Force max component initial, final = 0.83605509 0.0015535749
  Final line search alpha, max atom move = 1 0.0015535749
  Iterations, force evaluations = 16 32

MPI task timing breakdown:
Section |  min time  |  avg time  |  max time  |%varavg| %total
---------------------------------------------------------------
Pair    | 0.029661   | 0.029815   | 0.029933   |   0.1 | 71.03
Neigh   | 0          | 0          | 0          |   0.0 |  0.00
Comm    | 0.0014395  | 0.0015988  | 0.001771   |   0.3 |  3.81
Output  | 2.4735e-05 | 3.8071e-05 | 7.698e-05  |   0.0 |  0.09
Modify  | 0          | 0          | 0          |   0.0 |  0.00
Other   |            | 0.01053    |            |       | 25.08

Nlocal:            125 ave         145 max         105 min
Histogram: 1 0 0 0 0 2 0 0 0 1
Nghost:           1737 ave        1757 max        1717 min
Histogram: 1 0 0 0 0 2 0 0 0 1
Neighs:          11000 ave       12749 max        9259 min
Histogram: 1 0 0 0 1 1 0 0 0 1

Total # of neighbors = 44000
Ave neighs/atom = 88
Neighbor list builds = 0
Dangerous builds = 0

# Релаксация ячейки aniso
fix 1 all box/relax aniso 0.0 vmax 0.0001
min_style cg
minimize 1.0e-10 1.0e-11 1000 5000
WARNING: Energy due to 3 extra global DOFs will be included in minimizer energies
 (src/min.cpp:219)
Per MPI rank memory allocation (min/avg/max) = 4.524 | 4.524 | 4.524 Mbytes
   Step           Lx             Ly             Lz           PotEng         Press           Fmax          Volume    
        16   17.6           17.6           17.6          -2107.3002     -392.33535      0.0015535749   5451.776     
        20   17.603431      17.594116      17.598036     -2107.3007      96.163932      0.0023815869   5450.4079    
        22   17.605031      17.593314      17.598218     -2107.3007     -10.768179      0.0026172181   5450.711     
Loop time of 0.0194598 on 4 procs for 6 steps with 500 atoms

87.2% CPU use with 4 MPI tasks x 1 OpenMP threads

Minimization stats:
  Stopping criterion = energy tolerance
  Energy initial, next-to-last, final = 
     -2107.30018126093  -2107.30069209689  -2107.30069225247
  Force two-norm initial, final = 2.8074972 0.069815642
  Force max component initial, final = 2.3977797 0.036849874
  Final line search alpha, max atom move = 0.0079310572 0.00029225846
  Iterations, force evaluations = 6 9

MPI task timing breakdown:
Section |  min time  |  avg time  |  max time  |%varavg| %total
---------------------------------------------------------------
Pair    | 0.0087243  | 0.0091055  | 0.0094952  |   0.4 | 46.79
Neigh   | 0          | 0          | 0          |   0.0 |  0.00
Comm    | 0.0016788  | 0.0063793  | 0.0083843  |   3.4 | 32.78
Output  | 2.326e-05  | 3.7055e-05 | 7.7222e-05 |   0.0 |  0.19
Modify  | 0          | 0          | 0          |   0.0 |  0.00
Other   |            | 0.003938   |            |       | 20.24

Nlocal:            125 ave         146 max         114 min
Histogram: 1 1 1 0 0 0 0 0 0 1
Nghost:           1737 ave        1748 max        1716 min
Histogram: 1 0 0 0 0 0 0 1 1 1
Neighs:          11000 ave       12888 max       10033 min
Histogram: 1 1 1 0 0 0 0 0 0 1

Total # of neighbors = 44000
Ave neighs/atom = 88
Neighbor list builds = 0
Dangerous builds = 0
unfix 1

# Промежуточная минимизация атомов
min_style cg
minimize 1.0e-10 1.0e-11 1000 5000
Per MPI rank memory allocation (min/avg/max) = 4.524 | 4.524 | 4.524 Mbytes
   Step           Lx             Ly             Lz           PotEng         Press           Fmax          Volume    
        22   17.605031      17.593314      17.598218     -2107.3007     -10.768179      0.0026172181   5450.711     
        30   17.605031      17.593314      17.598218     -2107.3008     -23.097732      0.00018139556  5450.711     
        31   17.605031      17.593314      17.598218     -2107.3008     -23.101991      0.00012614144  5450.711     
Loop time of 0.0219801 on 4 procs for 9 steps with 500 atoms

75.5% CPU use with 4 MPI tasks x 1 OpenMP threads

Minimization stats:
  Stopping criterion = energy tolerance
  Energy initial, next-to-last, final = 
     -2107.30069225247  -2107.30075343046  -2107.30075363094
  Force two-norm initial, final = 0.029108618 0.0013904043
  Force max component initial, final = 0.0026172181 0.00012614144
  Final line search alpha, max atom move = 1 0.00012614144
  Iterations, force evaluations = 9 18

MPI task timing breakdown:
Section |  min time  |  avg time  |  max time  |%varavg| %total
---------------------------------------------------------------
Pair    | 0.019059   | 0.019172   | 0.019337   |   0.1 | 87.22
Neigh   | 0          | 0          | 0          |   0.0 |  0.00
Comm    | 0.0011582  | 0.0018852  | 0.0022985  |   1.1 |  8.58
Output  | 2.6596e-05 | 4.4997e-05 | 9.8941e-05 |   0.0 |  0.20
Modify  | 0          | 0          | 0          |   0.0 |  0.00
Other   |            | 0.0008778  |            |       |  3.99

Nlocal:            125 ave         146 max         114 min
Histogram: 1 1 1 0 0 0 0 0 0 1
Nghost:           1737 ave        1748 max        1716 min
Histogram: 1 0 0 0 0 0 0 1 1 1
Neighs:          11000 ave       12888 max       10033 min
Histogram: 1 1 1 0 0 0 0 0 0 1

Total # of neighbors = 44000
Ave neighs/atom = 88
Neighbor list builds = 0
Dangerous builds = 0

# Релаксация ячейки iso
fix 2 all box/relax iso 0.0 vmax 0.0001
min_style cg
minimize 1.0e-10 1.0e-11 1000 5000
WARNING: Energy due to 1 extra global DOFs will be included in minimizer energies
 (src/min.cpp:219)
Per MPI rank memory allocation (min/avg/max) = 4.524 | 4.524 | 4.524 Mbytes
   Step           Lx             Ly             Lz           PotEng         Press           Fmax          Volume    
        31   17.605031      17.593314      17.598218     -2107.3008     -23.101991      0.00012614144  5450.711     
        33   17.604957      17.593241      17.598145     -2107.3008      1.1908982      0.00012483699  5450.6426    
Loop time of 0.00411677 on 4 procs for 2 steps with 500 atoms

90.9% CPU use with 4 MPI tasks x 1 OpenMP threads

Minimization stats:
  Stopping criterion = energy tolerance
  Energy initial, next-to-last, final = 
     -2107.30075363094  -2107.30075409996  -2107.30075410127
  Force two-norm initial, final = 0.23578763 0.012244943
  Force max component initial, final = 0.23578353 0.012154443
  Final line search alpha, max atom move = 0.54622248 0.0066390301
  Iterations, force evaluations = 2 4

MPI task timing breakdown:
Section |  min time  |  avg time  |  max time  |%varavg| %total
---------------------------------------------------------------
Pair    | 0.0033969  | 0.0034121  | 0.0034213  |   0.0 | 82.88
Neigh   | 0          | 0          | 0          |   0.0 |  0.00
Comm    | 0.00029562 | 0.00033336 | 0.00038027 |   0.0 |  8.10
Output  | 0          | 0          | 0          |   0.0 |  0.00
Modify  | 0          | 0          | 0          |   0.0 |  0.00
Other   |            | 0.0003713  |            |       |  9.02

Nlocal:            125 ave         146 max         114 min
Histogram: 1 1 1 0 0 0 0 0 0 1
Nghost:           1737 ave        1748 max        1716 min
Histogram: 1 0 0 0 0 0 0 1 1 1
Neighs:          11000 ave       12888 max       10033 min
Histogram: 1 1 1 0 0 0 0 0 0 1

Total # of neighbors = 44000
Ave neighs/atom = 88
Neighbor list builds = 0
Dangerous builds = 0
unfix 2

variable lat_const equal "lx/5"
variable eatom equal "pe/count(all)"
variable teng equal "pe"
variable natoms equal "count(all)"

print "Lattice parameter (lx/5) = ${lat_const} A"
Lattice parameter (lx/5) = 3.52099143517497 A
print "Total Potential Energy (PE) = ${teng} eV"
Total Potential Energy (PE) = -2107.30075410127 eV
print "Number of atoms = ${natoms}"
Number of atoms = 500
print "Cohesive energy (PE/N) = ${eatom} eV"
Cohesive energy (PE/N) = -4.21460150820254 eV
print "Minimization completed."
Minimization completed.

write_data B1_7_minimized.data
System init for write_data ...
Total wall time: 0:00:00
