read_data A6_pet_4.data
Reading data file ...
  triclinic box = (0 0 0) to (17.244999 17.244999 17.244999) with tilt (1.0559517e-15 1.0559517e-15 1.0559517e-15)
  1 by 1 by 1 MPI processor grid
  reading atoms ...
  500 atoms
  read_data CPU = 0.017 seconds

mass 1 58.6934  # Ni
mass 2 55.845   # Fe
mass 3 51.9961  # Cr

pair_style metatomic pet-mad-latest.pt device cpu

This is the PET-MAD v1.0.2 model
================================

A universal interatomic potential for advanced materials modeling

Model authors
-------------

- Arslan Mazitov (arslan.mazitov@epfl.ch)
- Filippo Bigi
- Matthias Kellner
- Paolo Pegolo
- Davide Tisi
- Guillaume Fraux
- Sergey Pozdnyakov
- Philip Loche
- Michele Ceriotti (michele.ceriotti@epfl.ch)

Model references
----------------

Please cite the following references when using this model:
- about this specific model:
  * http://arxiv.org/abs/2503.14118
- about the architecture of this model:
  * LLPR (uncertainty method):
    https://iopscience.iop.org/article/10.1088/2632-2153/ad805f
  * LPR (if using per-atom uncertainty):
    https://pubs.acs.org/doi/10.1021/acs.jctc.3c00704
  * https://arxiv.org/abs/2305.19302v3

WARNING: the model declared support for unknown device 'cuda', it will be ignored (src/ML-METATOMIC/pair_metatomic.cpp:216)
Running simulation on cpu device with float32 data
pair_coeff * * 28 26 24

neighbor 2.0 bin
neigh_modify delay 0 check yes
timestep 0.001

thermo 10
thermo_style custom step lx ly lz pe press fmax vol

# --- ЭТАПЫ МИНИМИЗАЦИИ ---
min_style cg
minimize 1.0e-8 1.0e-9 1000 5000

CITE-CITE-CITE-CITE-CITE-CITE-CITE-CITE-CITE-CITE-CITE-CITE-CITE

Your simulation uses code contributions which should be cited:

- LLPR (uncertainty method): https://iopscience.iop.org/article/10.1088/2632-2153/ad805f
- LPR (if using per-atom uncertainty): https://pubs.acs.org/doi/10.1021/acs.jctc.3c00704
- https://arxiv.org/abs/2305.19302v3
- http://arxiv.org/abs/2503.14118
CITE-CITE-CITE-CITE-CITE-CITE-CITE-CITE-CITE-CITE-CITE-CITE-CITE

Neighbor list info ...
  update: every = 1 steps, delay = 0 steps, check = yes
  max neighbors/atom: 2000, page size: 100000
  master list distance cutoff = 11
  ghost atom cutoff = 11
  binsize = 5.5, bins = 4 4 4
  1 neighbor lists, perpetual/occasional/extra = 1 0 0
  (1) pair metatomic, perpetual
      attributes: full, newton on, ghost
      pair build: full/bin/ghost
      stencil: full/ghost/bin/3d
      bin: standard
Per MPI rank memory allocation (min/avg/max) = 16.28 | 16.28 | 16.28 Mbytes
   Step           Lx             Ly             Lz           PotEng         Press           Fmax          Volume    
         0   17.244999      17.244999      17.244999     -4128.1279     -19357.555      1.0317402      5128.4901    
         8   17.244999      17.244999      17.244999     -4132.7905     -16097.275      0.0063988902   5128.4901    
Loop time of 50.8434 on 4 procs for 8 steps with 500 atoms

287.3% CPU use with 1 MPI tasks x 4 OpenMP threads

Minimization stats:
  Stopping criterion = energy tolerance
  Energy initial, next-to-last, final = 
      -4128.1279296875  -4132.79052734375  -4132.79052734375
  Force two-norm initial, final = 10.282464 0.038087373
  Force max component initial, final = 1.0317402 0.0063988902
  Final line search alpha, max atom move = 1 0.0063988902
  Iterations, force evaluations = 8 16

MPI task timing breakdown:
Section |  min time  |  avg time  |  max time  |%varavg| %total
---------------------------------------------------------------
Pair    | 50.838     | 50.838     | 50.838     |   0.0 | 99.99
Neigh   | 0          | 0          | 0          |   0.0 |  0.00
Comm    | 0.0013796  | 0.0013796  | 0.0013796  |   0.0 |  0.00
Output  | 0          | 0          | 0          |   0.0 |  0.00
Modify  | 0          | 0          | 0          |   0.0 |  0.00
Other   |            | 0.003815   |            |       |  0.01

Nlocal:            500 ave         500 max         500 min
Histogram: 1 0 0 0 0 0 0 0 0 0
Nghost:           5584 ave        5584 max        5584 min
Histogram: 1 0 0 0 0 0 0 0 0 0
Neighs:              0 ave           0 max           0 min
Histogram: 1 0 0 0 0 0 0 0 0 0
FullNghs:       277000 ave      277000 max      277000 min
Histogram: 1 0 0 0 0 0 0 0 0 0

Total # of neighbors = 277000
Ave neighs/atom = 554
Neighbor list builds = 0
Dangerous builds = 0

# Релаксация ячейки aniso
fix 1 all box/relax aniso 0.0 vmax 0.0001
min_style cg
minimize 1.0e-10 1.0e-11 1000 5000
WARNING: Energy due to 3 extra global DOFs will be included in minimizer energies
 (src/min.cpp:222)
Per MPI rank memory allocation (min/avg/max) = 16.28 | 16.28 | 16.28 Mbytes
   Step           Lx             Ly             Lz           PotEng         Press           Fmax          Volume    
         8   17.244999      17.244999      17.244999     -4132.7896     -16097.304      0.0064010285   5128.4901    
        10   17.241994      17.241637      17.24155      -4132.8174     -14307.422      0.0057239756   5125.5714    
        20   17.227827      17.225009      17.224305     -4132.9062     -5465.3519      0.014612019    5111.3034    
        27   17.22159       17.214744      17.212985     -4132.9214     -284.51336      0.021213327    5103.0523    
Loop time of 75.5035 on 4 procs for 19 steps with 500 atoms

357.6% CPU use with 1 MPI tasks x 4 OpenMP threads

Minimization stats:
  Stopping criterion = energy tolerance
  Energy initial, next-to-last, final = 
     -4132.78955078125  -4132.92138671875  -4132.92138671875
  Force two-norm initial, final = 89.394472 2.5210901
  Force max component initial, final = 54.253071 1.9650648
  Final line search alpha, max atom move = 7.5786564e-09 1.4892551e-08
  Iterations, force evaluations = 19 32

MPI task timing breakdown:
Section |  min time  |  avg time  |  max time  |%varavg| %total
---------------------------------------------------------------
Pair    | 75.494     | 75.494     | 75.494     |   0.0 | 99.99
Neigh   | 0          | 0          | 0          |   0.0 |  0.00
Comm    | 0.0011131  | 0.0011131  | 0.0011131  |   0.0 |  0.00
Output  | 0.00067815 | 0.00067815 | 0.00067815 |   0.0 |  0.00
Modify  | 0          | 0          | 0          |   0.0 |  0.00
Other   |            | 0.008084   |            |       |  0.01

Nlocal:            500 ave         500 max         500 min
Histogram: 1 0 0 0 0 0 0 0 0 0
Nghost:           5584 ave        5584 max        5584 min
Histogram: 1 0 0 0 0 0 0 0 0 0
Neighs:              0 ave           0 max           0 min
Histogram: 1 0 0 0 0 0 0 0 0 0
FullNghs:       276872 ave      276872 max      276872 min
Histogram: 1 0 0 0 0 0 0 0 0 0

Total # of neighbors = 276872
Ave neighs/atom = 553.744
Neighbor list builds = 0
Dangerous builds = 0
unfix 1

# Промежуточная минимизация атомов
min_style cg
minimize 1.0e-10 1.0e-11 1000 5000
Per MPI rank memory allocation (min/avg/max) = 16.28 | 16.28 | 16.28 Mbytes
   Step           Lx             Ly             Lz           PotEng         Press           Fmax          Volume    
        27   17.22159       17.214744      17.212985     -4132.9214     -284.51304      0.021213319    5103.0523    
        29   17.22159       17.214744      17.212985     -4132.9233     -522.2928       0.0037315711   5103.0523    
Loop time of 10.3263 on 4 procs for 2 steps with 500 atoms

375.3% CPU use with 1 MPI tasks x 4 OpenMP threads

Minimization stats:
  Stopping criterion = energy tolerance
  Energy initial, next-to-last, final = 
     -4132.92138671875  -4132.92333984375  -4132.92333984375
  Force two-norm initial, final = 0.21708545 0.035289744
  Force max component initial, final = 0.021213319 0.0037315711
  Final line search alpha, max atom move = 1 0.0037315711
  Iterations, force evaluations = 2 4

MPI task timing breakdown:
Section |  min time  |  avg time  |  max time  |%varavg| %total
---------------------------------------------------------------
Pair    | 10.325     | 10.325     | 10.325     |   0.0 | 99.99
Neigh   | 0          | 0          | 0          |   0.0 |  0.00
Comm    | 0.0005863  | 0.0005863  | 0.0005863  |   0.0 |  0.01
Output  | 0          | 0          | 0          |   0.0 |  0.00
Modify  | 0          | 0          | 0          |   0.0 |  0.00
Other   |            | 0.0004831  |            |       |  0.00

Nlocal:            500 ave         500 max         500 min
Histogram: 1 0 0 0 0 0 0 0 0 0
Nghost:           5584 ave        5584 max        5584 min
Histogram: 1 0 0 0 0 0 0 0 0 0
Neighs:              0 ave           0 max           0 min
Histogram: 1 0 0 0 0 0 0 0 0 0
FullNghs:       276956 ave      276956 max      276956 min
Histogram: 1 0 0 0 0 0 0 0 0 0

Total # of neighbors = 276956
Ave neighs/atom = 553.912
Neighbor list builds = 0
Dangerous builds = 0

# Релаксация ячейки iso
fix 2 all box/relax iso 0.0 vmax 0.0001
min_style cg
minimize 1.0e-10 1.0e-11 1000 5000
WARNING: Energy due to 1 extra global DOFs will be included in minimizer energies
 (src/min.cpp:222)
Per MPI rank memory allocation (min/avg/max) = 16.28 | 16.28 | 16.28 Mbytes
   Step           Lx             Ly             Lz           PotEng         Press           Fmax          Volume    
        29   17.22159       17.214744      17.212985     -4132.9233     -522.29247      0.0037315711   5103.0523    
        30   17.22066       17.213814      17.212055     -4132.9233      0.091624812    0.003965281    5102.2254    
Loop time of 6.84384 on 4 procs for 1 steps with 500 atoms

358.9% CPU use with 1 MPI tasks x 4 OpenMP threads

Minimization stats:
  Stopping criterion = energy tolerance
  Energy initial, next-to-last, final = 
     -4132.92333984375  -4132.92333984375  -4132.92333984375
  Force two-norm initial, final = 4.9907468 0.034260651
  Force max component initial, final = 4.990622 0.003965281
  Final line search alpha, max atom move = 2.0037582e-05 7.9454643e-08
  Iterations, force evaluations = 1 2

MPI task timing breakdown:
Section |  min time  |  avg time  |  max time  |%varavg| %total
---------------------------------------------------------------
Pair    | 6.8433     | 6.8433     | 6.8433     |   0.0 | 99.99
Neigh   | 0          | 0          | 0          |   0.0 |  0.00
Comm    | 9.8545e-05 | 9.8545e-05 | 9.8545e-05 |   0.0 |  0.00
Output  | 0          | 0          | 0          |   0.0 |  0.00
Modify  | 0          | 0          | 0          |   0.0 |  0.00
Other   |            | 0.0004652  |            |       |  0.01

Nlocal:            500 ave         500 max         500 min
Histogram: 1 0 0 0 0 0 0 0 0 0
Nghost:           5584 ave        5584 max        5584 min
Histogram: 1 0 0 0 0 0 0 0 0 0
Neighs:              0 ave           0 max           0 min
Histogram: 1 0 0 0 0 0 0 0 0 0
FullNghs:       276962 ave      276962 max      276962 min
Histogram: 1 0 0 0 0 0 0 0 0 0

Total # of neighbors = 276962
Ave neighs/atom = 553.924
Neighbor list builds = 0
Dangerous builds = 0
unfix 2

variable lat_const equal "lx/5"
variable eatom equal "pe/count(all)"
variable teng equal "pe"
variable natoms equal "count(all)"

print "Lattice parameter (lx/5) = ${lat_const} A"
Lattice parameter (lx/5) = 3.44413203517418 A
print "Total Potential Energy (PE) = ${teng} eV"
Total Potential Energy (PE) = -4132.92333984375 eV
print "Number of atoms = ${natoms}"
Number of atoms = 500
print "Cohesive energy (PE/N) = ${eatom} eV"
Cohesive energy (PE/N) = -8.2658466796875 eV
print "Minimization completed."
Minimization completed.

write_data A6_pet_4_minimized.data
System init for write_data ...
Total wall time: 0:02:42
