read_data A6_pet_2.data
Reading data file ...
  triclinic box = (0 0 0) to (17.244999 17.244999 17.244999) with tilt (1.0559517e-15 1.0559517e-15 1.0559517e-15)
  1 by 1 by 1 MPI processor grid
  reading atoms ...
  500 atoms
  read_data CPU = 0.052 seconds

mass 1 58.6934  # Ni
mass 2 55.845   # Fe
mass 3 51.9961  # Cr

pair_style metatomic pet-mad-latest.pt device cpu

This is the PET-MAD v1.0.2 model
================================

A universal interatomic potential for advanced materials modeling

Model authors
-------------

- Arslan Mazitov (arslan.mazitov@epfl.ch)
- Filippo Bigi
- Matthias Kellner
- Paolo Pegolo
- Davide Tisi
- Guillaume Fraux
- Sergey Pozdnyakov
- Philip Loche
- Michele Ceriotti (michele.ceriotti@epfl.ch)

Model references
----------------

Please cite the following references when using this model:
- about this specific model:
  * http://arxiv.org/abs/2503.14118
- about the architecture of this model:
  * LLPR (uncertainty method):
    https://iopscience.iop.org/article/10.1088/2632-2153/ad805f
  * LPR (if using per-atom uncertainty):
    https://pubs.acs.org/doi/10.1021/acs.jctc.3c00704
  * https://arxiv.org/abs/2305.19302v3

WARNING: the model declared support for unknown device 'cuda', it will be ignored (src/ML-METATOMIC/pair_metatomic.cpp:216)
Running simulation on cpu device with float32 data
pair_coeff * * 28 26 24

neighbor 2.0 bin
neigh_modify delay 0 check yes
timestep 0.001

thermo 10
thermo_style custom step lx ly lz pe press fmax vol

# --- ЭТАПЫ МИНИМИЗАЦИИ ---
min_style cg
minimize 1.0e-8 1.0e-9 1000 5000

CITE-CITE-CITE-CITE-CITE-CITE-CITE-CITE-CITE-CITE-CITE-CITE-CITE

Your simulation uses code contributions which should be cited:

- LLPR (uncertainty method): https://iopscience.iop.org/article/10.1088/2632-2153/ad805f
- LPR (if using per-atom uncertainty): https://pubs.acs.org/doi/10.1021/acs.jctc.3c00704
- https://arxiv.org/abs/2305.19302v3
- http://arxiv.org/abs/2503.14118
CITE-CITE-CITE-CITE-CITE-CITE-CITE-CITE-CITE-CITE-CITE-CITE-CITE

Neighbor list info ...
  update: every = 1 steps, delay = 0 steps, check = yes
  max neighbors/atom: 2000, page size: 100000
  master list distance cutoff = 11
  ghost atom cutoff = 11
  binsize = 5.5, bins = 4 4 4
  1 neighbor lists, perpetual/occasional/extra = 1 0 0
  (1) pair metatomic, perpetual
      attributes: full, newton on, ghost
      pair build: full/bin/ghost
      stencil: full/ghost/bin/3d
      bin: standard
Per MPI rank memory allocation (min/avg/max) = 16.28 | 16.28 | 16.28 Mbytes
   Step           Lx             Ly             Lz           PotEng         Press           Fmax          Volume    
         0   17.244999      17.244999      17.244999     -4124.0381     -16996.488      0.95995259     5128.4901    
        10   17.244999      17.244999      17.244999     -4129.4771     -14356.141      0.006819658    5128.4901    
        11   17.244999      17.244999      17.244999     -4129.4771     -14355.247      0.0040419325   5128.4901    
Loop time of 78.0149 on 4 procs for 11 steps with 500 atoms

307.2% CPU use with 1 MPI tasks x 4 OpenMP threads

Minimization stats:
  Stopping criterion = energy tolerance
  Energy initial, next-to-last, final = 
      -4124.0380859375  -4129.47705078125  -4129.47705078125
  Force two-norm initial, final = 11.161197 0.021266242
  Force max component initial, final = 0.95995259 0.0040419325
  Final line search alpha, max atom move = 0.5 0.0020209663
  Iterations, force evaluations = 11 24

MPI task timing breakdown:
Section |  min time  |  avg time  |  max time  |%varavg| %total
---------------------------------------------------------------
Pair    | 77.981     | 77.981     | 77.981     |   0.0 | 99.96
Neigh   | 0          | 0          | 0          |   0.0 |  0.00
Comm    | 0.0047732  | 0.0047732  | 0.0047732  |   0.0 |  0.01
Output  | 0.0074153  | 0.0074153  | 0.0074153  |   0.0 |  0.01
Modify  | 0          | 0          | 0          |   0.0 |  0.00
Other   |            | 0.02168    |            |       |  0.03

Nlocal:            500 ave         500 max         500 min
Histogram: 1 0 0 0 0 0 0 0 0 0
Nghost:           5584 ave        5584 max        5584 min
Histogram: 1 0 0 0 0 0 0 0 0 0
Neighs:              0 ave           0 max           0 min
Histogram: 1 0 0 0 0 0 0 0 0 0
FullNghs:       277000 ave      277000 max      277000 min
Histogram: 1 0 0 0 0 0 0 0 0 0

Total # of neighbors = 277000
Ave neighs/atom = 554
Neighbor list builds = 0
Dangerous builds = 0

# Релаксация ячейки aniso
fix 1 all box/relax aniso 0.0 vmax 0.0001
min_style cg
minimize 1.0e-10 1.0e-11 1000 5000
WARNING: Energy due to 3 extra global DOFs will be included in minimizer energies
 (src/min.cpp:222)
Per MPI rank memory allocation (min/avg/max) = 16.28 | 16.28 | 16.28 Mbytes
   Step           Lx             Ly             Lz           PotEng         Press           Fmax          Volume    
        11   17.244999      17.244999      17.244999     -4129.4771     -14355.257      0.0040386394   5128.4901    
        20   17.229479      17.230525      17.233919     -4129.5591     -6793.1438      0.012619719    5116.2847    
        30   17.212234      17.216174      17.229148     -4129.585      -18.253466      0.022033401    5105.4929    
        31   17.211532      17.215854      17.23009      -4129.585      -4.2938908      0.022234134    5105.4694    
Loop time of 108.243 on 4 procs for 20 steps with 500 atoms

354.3% CPU use with 1 MPI tasks x 4 OpenMP threads

Minimization stats:
  Stopping criterion = energy tolerance
  Energy initial, next-to-last, final = 
     -4129.47705078125   -4129.5849609375   -4129.5849609375
  Force two-norm initial, final = 80.073063 2.1542717
  Force max component initial, final = 50.860634 1.691954
  Final line search alpha, max atom move = 5.7346214e-09 9.7027159e-09
  Iterations, force evaluations = 20 34

MPI task timing breakdown:
Section |  min time  |  avg time  |  max time  |%varavg| %total
---------------------------------------------------------------
Pair    | 108.22     | 108.22     | 108.22     |   0.0 | 99.98
Neigh   | 0          | 0          | 0          |   0.0 |  0.00
Comm    | 0.0033639  | 0.0033639  | 0.0033639  |   0.0 |  0.00
Output  | 0.0016455  | 0.0016455  | 0.0016455  |   0.0 |  0.00
Modify  | 0          | 0          | 0          |   0.0 |  0.00
Other   |            | 0.01801    |            |       |  0.02

Nlocal:            500 ave         500 max         500 min
Histogram: 1 0 0 0 0 0 0 0 0 0
Nghost:           5584 ave        5584 max        5584 min
Histogram: 1 0 0 0 0 0 0 0 0 0
Neighs:              0 ave           0 max           0 min
Histogram: 1 0 0 0 0 0 0 0 0 0
FullNghs:       276828 ave      276828 max      276828 min
Histogram: 1 0 0 0 0 0 0 0 0 0

Total # of neighbors = 276828
Ave neighs/atom = 553.656
Neighbor list builds = 0
Dangerous builds = 0
unfix 1

# Промежуточная минимизация атомов
min_style cg
minimize 1.0e-10 1.0e-11 1000 5000
Per MPI rank memory allocation (min/avg/max) = 16.28 | 16.28 | 16.28 Mbytes
   Step           Lx             Ly             Lz           PotEng         Press           Fmax          Volume    
        31   17.211532      17.215854      17.23009      -4129.585      -4.2936664      0.022234134    5105.4694    
        34   17.211532      17.215854      17.23009      -4129.5869     -234.78302      0.0034345165   5105.4694    
Loop time of 14.3143 on 4 procs for 3 steps with 500 atoms

365.8% CPU use with 1 MPI tasks x 4 OpenMP threads

Minimization stats:
  Stopping criterion = energy tolerance
  Energy initial, next-to-last, final = 
      -4129.5849609375   -4129.5869140625   -4129.5869140625
  Force two-norm initial, final = 0.21342165 0.019150427
  Force max component initial, final = 0.022234134 0.0034345165
  Final line search alpha, max atom move = 1 0.0034345165
  Iterations, force evaluations = 3 6

MPI task timing breakdown:
Section |  min time  |  avg time  |  max time  |%varavg| %total
---------------------------------------------------------------
Pair    | 14.314     | 14.314     | 14.314     |   0.0 |100.00
Neigh   | 0          | 0          | 0          |   0.0 |  0.00
Comm    | 0.00026286 | 0.00026286 | 0.00026286 |   0.0 |  0.00
Output  | 0          | 0          | 0          |   0.0 |  0.00
Modify  | 0          | 0          | 0          |   0.0 |  0.00
Other   |            | 0.0003708  |            |       |  0.00

Nlocal:            500 ave         500 max         500 min
Histogram: 1 0 0 0 0 0 0 0 0 0
Nghost:           5584 ave        5584 max        5584 min
Histogram: 1 0 0 0 0 0 0 0 0 0
Neighs:              0 ave           0 max           0 min
Histogram: 1 0 0 0 0 0 0 0 0 0
FullNghs:       276932 ave      276932 max      276932 min
Histogram: 1 0 0 0 0 0 0 0 0 0

Total # of neighbors = 276932
Ave neighs/atom = 553.864
Neighbor list builds = 0
Dangerous builds = 0

# Релаксация ячейки iso
fix 2 all box/relax iso 0.0 vmax 0.0001
min_style cg
minimize 1.0e-10 1.0e-11 1000 5000
WARNING: Energy due to 1 extra global DOFs will be included in minimizer energies
 (src/min.cpp:222)
Per MPI rank memory allocation (min/avg/max) = 16.28 | 16.28 | 16.28 Mbytes
   Step           Lx             Ly             Lz           PotEng         Press           Fmax          Volume    
        34   17.211532      17.215854      17.23009      -4129.5869     -234.78265      0.0034345165   5105.4694    
        35   17.211116      17.215437      17.229673     -4129.5869      0.21177327     0.0035021976   5105.0984    
Loop time of 6.17064 on 4 procs for 1 steps with 500 atoms

364.1% CPU use with 1 MPI tasks x 4 OpenMP threads

Minimization stats:
  Stopping criterion = energy tolerance
  Energy initial, next-to-last, final = 
      -4129.5869140625   -4129.5869140625   -4129.5869140625
  Force two-norm initial, final = 2.2445454 0.02031757
  Force max component initial, final = 2.2444637 0.0035021976
  Final line search alpha, max atom move = 4.4554074e-05 1.5603717e-07
  Iterations, force evaluations = 1 2

MPI task timing breakdown:
Section |  min time  |  avg time  |  max time  |%varavg| %total
---------------------------------------------------------------
Pair    | 6.1654     | 6.1654     | 6.1654     |   0.0 | 99.91
Neigh   | 0          | 0          | 0          |   0.0 |  0.00
Comm    | 9.2568e-05 | 9.2568e-05 | 9.2568e-05 |   0.0 |  0.00
Output  | 0          | 0          | 0          |   0.0 |  0.00
Modify  | 0          | 0          | 0          |   0.0 |  0.00
Other   |            | 0.005164   |            |       |  0.08

Nlocal:            500 ave         500 max         500 min
Histogram: 1 0 0 0 0 0 0 0 0 0
Nghost:           5584 ave        5584 max        5584 min
Histogram: 1 0 0 0 0 0 0 0 0 0
Neighs:              0 ave           0 max           0 min
Histogram: 1 0 0 0 0 0 0 0 0 0
FullNghs:       276938 ave      276938 max      276938 min
Histogram: 1 0 0 0 0 0 0 0 0 0

Total # of neighbors = 276938
Ave neighs/atom = 553.876
Neighbor list builds = 0
Dangerous builds = 0
unfix 2

variable lat_const equal "lx/5"
variable eatom equal "pe/count(all)"
variable teng equal "pe"
variable natoms equal "count(all)"

print "Lattice parameter (lx/5) = ${lat_const} A"
Lattice parameter (lx/5) = 3.44222311408938 A
print "Total Potential Energy (PE) = ${teng} eV"
Total Potential Energy (PE) = -4129.5869140625 eV
print "Number of atoms = ${natoms}"
Number of atoms = 500
print "Cohesive energy (PE/N) = ${eatom} eV"
Cohesive energy (PE/N) = -8.259173828125 eV
print "Minimization completed."
Minimization completed.

write_data A6_pet_2_minimized.data
System init for write_data ...
Total wall time: 0:03:42
