read_data A6_pet_11.data
Reading data file ...
  triclinic box = (0 0 0) to (17.244999 17.244999 17.244999) with tilt (1.0559517e-15 1.0559517e-15 1.0559517e-15)
  1 by 1 by 1 MPI processor grid
  reading atoms ...
  500 atoms
  read_data CPU = 0.028 seconds

mass 1 58.6934  # Ni
mass 2 55.845   # Fe
mass 3 51.9961  # Cr

pair_style metatomic pet-mad-latest.pt device cpu

This is the PET-MAD v1.0.2 model
================================

A universal interatomic potential for advanced materials modeling

Model authors
-------------

- Arslan Mazitov (arslan.mazitov@epfl.ch)
- Filippo Bigi
- Matthias Kellner
- Paolo Pegolo
- Davide Tisi
- Guillaume Fraux
- Sergey Pozdnyakov
- Philip Loche
- Michele Ceriotti (michele.ceriotti@epfl.ch)

Model references
----------------

Please cite the following references when using this model:
- about this specific model:
  * http://arxiv.org/abs/2503.14118
- about the architecture of this model:
  * LLPR (uncertainty method):
    https://iopscience.iop.org/article/10.1088/2632-2153/ad805f
  * LPR (if using per-atom uncertainty):
    https://pubs.acs.org/doi/10.1021/acs.jctc.3c00704
  * https://arxiv.org/abs/2305.19302v3

WARNING: the model declared support for unknown device 'cuda', it will be ignored (src/ML-METATOMIC/pair_metatomic.cpp:216)
Running simulation on cpu device with float32 data
pair_coeff * * 28 26 24

neighbor 2.0 bin
neigh_modify delay 0 check yes
timestep 0.001

thermo 10
thermo_style custom step lx ly lz pe press fmax vol

# --- ЭТАПЫ МИНИМИЗАЦИИ ---
min_style cg
minimize 1.0e-8 1.0e-9 1000 5000

CITE-CITE-CITE-CITE-CITE-CITE-CITE-CITE-CITE-CITE-CITE-CITE-CITE

Your simulation uses code contributions which should be cited:

- LLPR (uncertainty method): https://iopscience.iop.org/article/10.1088/2632-2153/ad805f
- LPR (if using per-atom uncertainty): https://pubs.acs.org/doi/10.1021/acs.jctc.3c00704
- https://arxiv.org/abs/2305.19302v3
- http://arxiv.org/abs/2503.14118
CITE-CITE-CITE-CITE-CITE-CITE-CITE-CITE-CITE-CITE-CITE-CITE-CITE

Neighbor list info ...
  update: every = 1 steps, delay = 0 steps, check = yes
  max neighbors/atom: 2000, page size: 100000
  master list distance cutoff = 11
  ghost atom cutoff = 11
  binsize = 5.5, bins = 4 4 4
  1 neighbor lists, perpetual/occasional/extra = 1 0 0
  (1) pair metatomic, perpetual
      attributes: full, newton on, ghost
      pair build: full/bin/ghost
      stencil: full/ghost/bin/3d
      bin: standard
Per MPI rank memory allocation (min/avg/max) = 16.28 | 16.28 | 16.28 Mbytes
   Step           Lx             Ly             Lz           PotEng         Press           Fmax          Volume    
         0   17.244999      17.244999      17.244999     -4127.8555     -19651.535      0.98466629     5128.4901    
         8   17.244999      17.244999      17.244999     -4132.397      -16869.551      0.0047952384   5128.4901    
Loop time of 53.804 on 4 procs for 8 steps with 500 atoms

306.2% CPU use with 1 MPI tasks x 4 OpenMP threads

Minimization stats:
  Stopping criterion = energy tolerance
  Energy initial, next-to-last, final = 
        -4127.85546875  -4132.39697265625  -4132.39697265625
  Force two-norm initial, final = 10.051951 0.036599408
  Force max component initial, final = 0.98466629 0.0047952384
  Final line search alpha, max atom move = 1 0.0047952384
  Iterations, force evaluations = 8 16

MPI task timing breakdown:
Section |  min time  |  avg time  |  max time  |%varavg| %total
---------------------------------------------------------------
Pair    | 53.751     | 53.751     | 53.751     |   0.0 | 99.90
Neigh   | 0          | 0          | 0          |   0.0 |  0.00
Comm    | 0.0025204  | 0.0025204  | 0.0025204  |   0.0 |  0.00
Output  | 0          | 0          | 0          |   0.0 |  0.00
Modify  | 0          | 0          | 0          |   0.0 |  0.00
Other   |            | 0.05035    |            |       |  0.09

Nlocal:            500 ave         500 max         500 min
Histogram: 1 0 0 0 0 0 0 0 0 0
Nghost:           5584 ave        5584 max        5584 min
Histogram: 1 0 0 0 0 0 0 0 0 0
Neighs:              0 ave           0 max           0 min
Histogram: 1 0 0 0 0 0 0 0 0 0
FullNghs:       277000 ave      277000 max      277000 min
Histogram: 1 0 0 0 0 0 0 0 0 0

Total # of neighbors = 277000
Ave neighs/atom = 554
Neighbor list builds = 0
Dangerous builds = 0

# Релаксация ячейки aniso
fix 1 all box/relax aniso 0.0 vmax 0.0001
min_style cg
minimize 1.0e-10 1.0e-11 1000 5000
WARNING: Energy due to 3 extra global DOFs will be included in minimizer energies
 (src/min.cpp:222)
Per MPI rank memory allocation (min/avg/max) = 16.28 | 16.28 | 16.28 Mbytes
   Step           Lx             Ly             Lz           PotEng         Press           Fmax          Volume    
         8   17.244999      17.244999      17.244999     -4132.397      -16869.549      0.0047950894   5128.4901    
        10   17.24165       17.24155       17.241611     -4132.4268     -15008.33       0.0042271763   5125.4617    
        20   17.225124      17.224305      17.2248       -4132.5244     -5678.2061      0.013973504    5110.4394    
        27   17.215679      17.213293      17.214709     -4132.54        28.192752      0.020658568    5101.3816    
Loop time of 66.3954 on 4 procs for 19 steps with 500 atoms

349.8% CPU use with 1 MPI tasks x 4 OpenMP threads

Minimization stats:
  Stopping criterion = energy tolerance
  Energy initial, next-to-last, final = 
     -4132.39697265625   -4132.5400390625   -4132.5400390625
  Force two-norm initial, final = 93.53496 0.41725459
  Force max component initial, final = 54.836815 0.29822414
  Final line search alpha, max atom move = 9.4282613e-05 2.8117351e-05
  Iterations, force evaluations = 19 20

MPI task timing breakdown:
Section |  min time  |  avg time  |  max time  |%varavg| %total
---------------------------------------------------------------
Pair    | 66.372     | 66.372     | 66.372     |   0.0 | 99.97
Neigh   | 0          | 0          | 0          |   0.0 |  0.00
Comm    | 0.001077   | 0.001077   | 0.001077   |   0.0 |  0.00
Output  | 0.0023153  | 0.0023153  | 0.0023153  |   0.0 |  0.00
Modify  | 0          | 0          | 0          |   0.0 |  0.00
Other   |            | 0.01984    |            |       |  0.03

Nlocal:            500 ave         500 max         500 min
Histogram: 1 0 0 0 0 0 0 0 0 0
Nghost:           5584 ave        5584 max        5584 min
Histogram: 1 0 0 0 0 0 0 0 0 0
Neighs:              0 ave           0 max           0 min
Histogram: 1 0 0 0 0 0 0 0 0 0
FullNghs:       276866 ave      276866 max      276866 min
Histogram: 1 0 0 0 0 0 0 0 0 0

Total # of neighbors = 276866
Ave neighs/atom = 553.732
Neighbor list builds = 0
Dangerous builds = 0
unfix 1

# Промежуточная минимизация атомов
min_style cg
minimize 1.0e-10 1.0e-11 1000 5000
Per MPI rank memory allocation (min/avg/max) = 16.28 | 16.28 | 16.28 Mbytes
   Step           Lx             Ly             Lz           PotEng         Press           Fmax          Volume    
        27   17.215679      17.213293      17.214709     -4132.54        28.193183      0.020658508    5101.3816    
        29   17.215679      17.213293      17.214709     -4132.542      -219.39912      0.0042286068   5101.3816    
Loop time of 16.9058 on 4 procs for 2 steps with 500 atoms

345.3% CPU use with 1 MPI tasks x 4 OpenMP threads

Minimization stats:
  Stopping criterion = energy tolerance
  Energy initial, next-to-last, final = 
      -4132.5400390625   -4132.5419921875   -4132.5419921875
  Force two-norm initial, final = 0.22703662 0.036786321
  Force max component initial, final = 0.020658508 0.0042286068
  Final line search alpha, max atom move = 1 0.0042286068
  Iterations, force evaluations = 2 4

MPI task timing breakdown:
Section |  min time  |  avg time  |  max time  |%varavg| %total
---------------------------------------------------------------
Pair    | 16.903     | 16.903     | 16.903     |   0.0 | 99.99
Neigh   | 0          | 0          | 0          |   0.0 |  0.00
Comm    | 0.00037864 | 0.00037864 | 0.00037864 |   0.0 |  0.00
Output  | 0          | 0          | 0          |   0.0 |  0.00
Modify  | 0          | 0          | 0          |   0.0 |  0.00
Other   |            | 0.002079   |            |       |  0.01

Nlocal:            500 ave         500 max         500 min
Histogram: 1 0 0 0 0 0 0 0 0 0
Nghost:           5584 ave        5584 max        5584 min
Histogram: 1 0 0 0 0 0 0 0 0 0
Neighs:              0 ave           0 max           0 min
Histogram: 1 0 0 0 0 0 0 0 0 0
FullNghs:       276954 ave      276954 max      276954 min
Histogram: 1 0 0 0 0 0 0 0 0 0

Total # of neighbors = 276954
Ave neighs/atom = 553.908
Neighbor list builds = 0
Dangerous builds = 0

# Релаксация ячейки iso
fix 2 all box/relax iso 0.0 vmax 0.0001
min_style cg
minimize 1.0e-10 1.0e-11 1000 5000
WARNING: Energy due to 1 extra global DOFs will be included in minimizer energies
 (src/min.cpp:222)
Per MPI rank memory allocation (min/avg/max) = 16.28 | 16.28 | 16.28 Mbytes
   Step           Lx             Ly             Lz           PotEng         Press           Fmax          Volume    
        29   17.215679      17.213293      17.214709     -4132.542      -219.39952      0.0042286068   5101.3816    
        30   17.215289      17.212904      17.214319     -4132.542      -0.039510953    0.004253976    5101.0351    
Loop time of 18.2463 on 4 procs for 1 steps with 500 atoms

313.7% CPU use with 1 MPI tasks x 4 OpenMP threads

Minimization stats:
  Stopping criterion = energy tolerance
  Energy initial, next-to-last, final = 
      -4132.5419921875   -4132.5419921875   -4132.5419921875
  Force two-norm initial, final = 2.0960482 0.036164053
  Force max component initial, final = 2.0957254 0.004253976
  Final line search alpha, max atom move = 4.7716175e-05 2.0298346e-07
  Iterations, force evaluations = 1 2

MPI task timing breakdown:
Section |  min time  |  avg time  |  max time  |%varavg| %total
---------------------------------------------------------------
Pair    | 18.23      | 18.23      | 18.23      |   0.0 | 99.91
Neigh   | 0          | 0          | 0          |   0.0 |  0.00
Comm    | 0.00060193 | 0.00060193 | 0.00060193 |   0.0 |  0.00
Output  | 0          | 0          | 0          |   0.0 |  0.00
Modify  | 0          | 0          | 0          |   0.0 |  0.00
Other   |            | 0.01556    |            |       |  0.09

Nlocal:            500 ave         500 max         500 min
Histogram: 1 0 0 0 0 0 0 0 0 0
Nghost:           5584 ave        5584 max        5584 min
Histogram: 1 0 0 0 0 0 0 0 0 0
Neighs:              0 ave           0 max           0 min
Histogram: 1 0 0 0 0 0 0 0 0 0
FullNghs:       276956 ave      276956 max      276956 min
Histogram: 1 0 0 0 0 0 0 0 0 0

Total # of neighbors = 276956
Ave neighs/atom = 553.912
Neighbor list builds = 0
Dangerous builds = 0
unfix 2

variable lat_const equal "lx/5"
variable eatom equal "pe/count(all)"
variable teng equal "pe"
variable natoms equal "count(all)"

print "Lattice parameter (lx/5) = ${lat_const} A"
Lattice parameter (lx/5) = 3.44305778409913 A
print "Total Potential Energy (PE) = ${teng} eV"
Total Potential Energy (PE) = -4132.5419921875 eV
print "Number of atoms = ${natoms}"
Number of atoms = 500
print "Cohesive energy (PE/N) = ${eatom} eV"
Cohesive energy (PE/N) = -8.265083984375 eV
print "Minimization completed."
Minimization completed.

write_data A6_pet_11_minimized.data
System init for write_data ...
Total wall time: 0:03:02
